
sh-5.2$ cargo build
warning: profiles for the non root package will be ignored, specify profiles at the workspace root:
package:   /data/data/com.termux.nix/files/home/pick-up-nix2/vendor/rust/platform-tools-agave-rust-solana/vendor/rust-src/vendor/rust/rust-bootstrap-nix/standalonex/src/bootstrap/Cargo.toml
workspace: /data/data/com.termux.nix/files/home/pick-up-nix2/vendor/rust/platform-tools-agave-rust-solana/vendor/rust-src/vendor/rust/rust-bootstrap-nix/Cargo.toml
   Compiling shlex v1.3.0
   Compiling memchr v2.7.6
   Compiling libc v0.2.177
   Compiling serde_core v1.0.228
   Compiling zerofrom v0.1.6
   Compiling clap v4.5.50
   Compiling typenum v1.19.0
   Compiling anyhow v1.0.100
   Compiling yoke v0.8.0
   Compiling cfg-if v1.0.4
   Compiling linux-raw-sys v0.11.0
   Compiling generic-array v0.14.9
   Compiling aho-corasick v1.1.3
   Compiling zerovec v0.11.4
   Compiling jobserver v0.1.34
   Compiling rustix v1.1.2
   Compiling zerotrie v0.2.2
   Compiling crossbeam-utils v0.8.21
   Compiling block-buffer v0.10.4
   Compiling cc v1.1.22
   Compiling serde v1.0.228
   Compiling tinystr v0.8.1
   Compiling regex-automata v0.4.13
   Compiling serde_json v1.0.145
   Compiling potential_utf v0.1.3
   Compiling icu_locale_core v2.0.0
   Compiling stage0_parser_crate v0.1.0 (/data/data/com.termux.nix/files/home/pick-up-nix2/vendor/rust/platform-tools-agave-rust-solana/vendor/rust-src/vendor/rust/rust-bootstrap-nix/standalonex/src/stage0_parser_crate)
   Compiling toml v0.5.11
   Compiling libz-sys v1.1.22
   Compiling openssl-sys v0.9.110
   Compiling lzma-sys v0.1.20
   Compiling icu_provider v2.0.0
   Compiling bstr v1.12.0
   Compiling config_core v0.1.0 (/data/data/com.termux.nix/files/home/pick-up-nix2/vendor/rust/platform-tools-agave-rust-solana/vendor/rust-src/vendor/rust/rust-bootstrap-nix/standalonex/src/bootstrap/src/core/config_crates/config_core)
   Compiling icu_collections v2.0.0
   Compiling crossbeam-epoch v0.9.18
   Compiling crypto-common v0.1.6
   Compiling same-file v1.0.6
   Compiling crossbeam-deque v0.8.6
   Compiling digest v0.10.7
   Compiling walkdir v2.5.0
   Compiling config_macros v0.1.0 (/data/data/com.termux.nix/files/home/pick-up-nix2/vendor/rust/platform-tools-agave-rust-solana/vendor/rust-src/vendor/rust/rust-bootstrap-nix/standalonex/src/bootstrap/src/core/config_crates/config_macros)
   Compiling globset v0.4.16
   Compiling bootstrap-config-utils v0.1.0 (/data/data/com.termux.nix/files/home/pick-up-nix2/vendor/rust/platform-tools-agave-rust-solana/vendor/rust-src/vendor/rust/rust-bootstrap-nix/standalonex/src/bootstrap/src/core/config_utils)
   Compiling libssh2-sys v0.3.1
   Compiling xattr v1.6.1
   Compiling icu_properties_data v2.0.1
   Compiling icu_normalizer_data v2.0.0
   Compiling cpufeatures v0.2.17
   Compiling filetime v0.2.26
   Compiling test_definitions_macro v0.1.0 (/data/data/com.termux.nix/files/home/pick-up-nix2/vendor/rust/platform-tools-agave-rust-solana/vendor/rust-src/vendor/rust/rust-bootstrap-nix/test_definitions_crates/test_definitions_macro)
   Compiling icu_normalizer v2.0.0
   Compiling cmake v0.1.48
   Compiling tar v0.4.44
   Compiling sha2 v0.10.9
   Compiling icu_properties v2.0.1
   Compiling ignore v0.4.23
   Compiling object v0.36.7
   Compiling opener v0.5.2
   Compiling fd-lock v4.0.4
   Compiling build_helper v0.1.0 (/data/data/com.termux.nix/files/home/pick-up-nix2/vendor/rust/platform-tools-agave-rust-solana/vendor/rust-src/vendor/rust/rust-bootstrap-nix/standalonex/src/build_helper)
   Compiling clap_complete v4.5.59
   Compiling bootstrap-test-utils v0.1.0 (/data/data/com.termux.nix/files/home/pick-up-nix2/vendor/rust/platform-tools-agave-rust-solana/vendor/rust-src/vendor/rust/rust-bootstrap-nix/standalonex/src/bootstrap/src/core/build_steps/test_utils)
   Compiling home v0.5.12
   Compiling semver v1.0.27
   Compiling termcolor v1.4.1
   Compiling idna_adapter v1.2.1
   Compiling libgit2-sys v0.16.2+1.7.2
   Compiling serde_spanned v0.6.9
   Compiling toml_datetime v0.6.11
   Compiling idna v1.1.0
   Compiling regex v1.12.2
   Compiling toml_edit v0.22.27
   Compiling url v2.5.7
   Compiling env_filter v0.1.4
   Compiling env_logger v0.11.8
   Compiling test_definitions_test v0.1.0 (/data/data/com.termux.nix/files/home/pick-up-nix2/vendor/rust/platform-tools-agave-rust-solana/vendor/rust-src/vendor/rust/rust-bootstrap-nix/test_definitions_crates/test_definitions_test)
   Compiling config_tests v0.1.0 (/data/data/com.termux.nix/files/home/pick-up-nix2/vendor/rust/platform-tools-agave-rust-solana/vendor/rust-src/vendor/rust/rust-bootstrap-nix/standalonex/src/bootstrap/src/core/config_crates/config_tests)
   Compiling toml v0.8.23
   Compiling bootstrap-config-processor v0.1.0 (/data/data/com.termux.nix/files/home/pick-up-nix2/vendor/rust/platform-tools-agave-rust-solana/vendor/rust-src/vendor/rust/rust-bootstrap-nix/standalonex/src/bootstrap/src/core/config_processor)
   Compiling configuration-nix v0.1.0 (/data/data/com.termux.nix/files/home/pick-up-nix2/vendor/rust/platform-tools-agave-rust-solana/vendor/rust-src/vendor/rust/rust-bootstrap-nix/configuration-nix)
   Compiling flake-template-generator v0.1.0 (/data/data/com.termux.nix/files/home/pick-up-nix2/vendor/rust/platform-tools-agave-rust-solana/vendor/rust-src/vendor/rust/rust-bootstrap-nix/flake-template-generator)
   Compiling xz2 v0.1.7
   Compiling bootstrap v0.0.0 (/data/data/com.termux.nix/files/home/pick-up-nix2/vendor/rust/platform-tools-agave-rust-solana/vendor/rust-src/vendor/rust/rust-bootstrap-nix/standalonex/src/bootstrap)
error[E0583]: file not found for module `test_macros`
  --> standalonex/src/bootstrap/src/core/build_steps/test.rs:34:1
   |
34 | mod test_macros;
   | ^^^^^^^^^^^^^^^^
   |
   = help: to create the module `test_macros`, create file "standalonex/src/bootstrap/src/core/build_steps/test/test_macros.rs" or "standalonex/src/bootstrap/src/core/build_steps/test/test_macros/mod.rs"
   = note: if there is a `mod test_macros` elsewhere in the crate already, import it with `use crate::...` instead

error[E0583]: file not found for module `test_books`
  --> standalonex/src/bootstrap/src/core/build_steps/test.rs:50:1
   |
50 | mod test_books;
   | ^^^^^^^^^^^^^^^
   |
   = help: to create the module `test_books`, create file "standalonex/src/bootstrap/src/core/build_steps/test/test_books.rs" or "standalonex/src/bootstrap/src/core/build_steps/test/test_books/mod.rs"
   = note: if there is a `mod test_books` elsewhere in the crate already, import it with `use crate::...` instead

error: cannot find macro `t` in this scope
  --> standalonex/src/bootstrap/src/core/build_steps/test_split/book_test.rs:93:55
   |
93 |                 stack.extend(t!(p.read_dir()).map(|p| t!(p).path()));
   |                                                       ^
   |
   = help: have you added the `#[macro_use]` on the module/import?
help: consider importing this macro through its public re-export
   |
 1 + use crate::t;
   |

error: cannot find macro `t` in this scope
  --> standalonex/src/bootstrap/src/core/build_steps/test_split/book_test.rs:93:30
   |
93 |                 stack.extend(t!(p.read_dir()).map(|p| t!(p).path()));
   |                              ^
   |
   = help: have you added the `#[macro_use]` on the module/import?
help: consider importing this macro through its public re-export
   |
 1 + use crate::t;
   |

error: cannot find macro `t` in this scope
  --> standalonex/src/bootstrap/src/core/build_steps/compile_modules/stream_cargo.rs:59:18
   |
59 |     let status = t!(child.wait());
   |                  ^
   |
   = help: have you added the `#[macro_use]` on the module/import?
help: consider importing this macro through its public re-export
   |
 4 + use crate::t;
   |

error: cannot find macro `t` in this scope
  --> standalonex/src/bootstrap/src/core/build_steps/compile_modules/stream_cargo.rs:44:20
   |
44 |         let line = t!(line);
   |                    ^
   |
   = help: have you added the `#[macro_use]` on the module/import?
help: consider importing this macro through its public re-export
   |
 4 + use crate::t;
   |

error: cannot find macro `check_ci_llvm` in this scope
   --> standalonex/src/bootstrap/src/core/config/config_part4.rs:795:13
    |
795 |             check_ci_llvm!(build_target.llvm_filecheck);
    |             ^^^^^^^^^^^^^

error: cannot find macro `check_ci_llvm` in this scope
   --> standalonex/src/bootstrap/src/core/config/config_part4.rs:794:13
    |
794 |             check_ci_llvm!(build_target.llvm_config);
    |             ^^^^^^^^^^^^^

error: cannot find macro `t` in this scope
  --> standalonex/src/bootstrap/src/core/build_steps/test_split/test_helpers.rs:46:9
   |
46 |         t!(fs::create_dir_all(&dst));
   |         ^
   |
   = help: have you added the `#[macro_use]` on the module/import?
help: consider importing this macro through its public re-export
   |
 1 + use crate::t;
   |

error: cannot find macro `t` in this scope
  --> standalonex/src/bootstrap/src/core/build_steps/test_split/rustfmt.rs:46:9
   |
46 |         t!(fs::create_dir_all(&dir));
   |         ^
   |
   = help: have you added the `#[macro_use]` on the module/import?
help: consider importing this macro through its public re-export
   |
 1 + use crate::t;
   |

error: cannot find macro `t` in this scope
  --> standalonex/src/bootstrap/src/core/build_steps/test_split/error_index.rs:41:9
   |
41 |         t!(fs::create_dir_all(&dir));
   |         ^
   |
   = help: have you added the `#[macro_use]` on the module/import?
help: consider importing this macro through its public re-export
   |
 1 + use crate::t;
   |

error: cannot find macro `t` in this scope
  --> standalonex/src/bootstrap/src/core/build_steps/test_split/distcheck.rs:46:9
   |
46 |         t!(fs::create_dir_all(&dir));
   |         ^
   |
   = help: have you added the `#[macro_use]` on the module/import?
help: consider importing this macro through its public re-export
   |
 1 + use crate::t;
   |

error: cannot find macro `t` in this scope
  --> standalonex/src/bootstrap/src/core/build_steps/test_split/distcheck.rs:20:9
   |
20 |         t!(fs::create_dir_all(&dir));
   |         ^
   |
   = help: have you added the `#[macro_use]` on the module/import?
help: consider importing this macro through its public re-export
   |
 1 + use crate::t;
   |

error: cannot find macro `t` in this scope
  --> standalonex/src/bootstrap/src/core/build_steps/test_split/cargotest.rs:40:9
   |
40 |         t!(fs::create_dir_all(&out_dir));
   |         ^
   |
   = help: have you added the `#[macro_use]` on the module/import?
help: consider importing this macro through its public re-export
   |
 1 + use crate::t;
   |

error: cannot find macro `host_test` in this scope
   --> standalonex/src/bootstrap/src/core/build_steps/test.rs:116:1
    |
116 | host_test!(CoverageRunRustdoc {
    | ^^^^^^^^^

error: cannot find macro `coverage_test_alias` in this scope
   --> standalonex/src/bootstrap/src/core/build_steps/test.rs:108:1
    |
108 | coverage_test_alias!(CoverageRun {
    | ^^^^^^^^^^^^^^^^^^^

error: cannot find macro `coverage_test_alias` in this scope
   --> standalonex/src/bootstrap/src/core/build_steps/test.rs:101:1
    |
101 | coverage_test_alias!(CoverageMap {
    | ^^^^^^^^^^^^^^^^^^^

error: cannot find macro `default_test` in this scope
  --> standalonex/src/bootstrap/src/core/build_steps/test.rs:83:1
   |
83 | default_test!(Assembly { path: "tests/assembly", mode: "assembly", suite: "assembly" });
   | ^^^^^^^^^^^^

error: cannot find macro `host_test` in this scope
  --> standalonex/src/bootstrap/src/core/build_steps/test.rs:79:1
   |
79 | host_test!(Pretty { path: "tests/pretty", mode: "pretty", suite: "pretty" });
   | ^^^^^^^^^

error: cannot find macro `host_test` in this scope
  --> standalonex/src/bootstrap/src/core/build_steps/test.rs:77:1
   |
77 | host_test!(RustdocJson { path: "tests/rustdoc-json", mode: "rustdoc-json", suite: "rustdoc-json" });
   | ^^^^^^^^^

error: cannot find macro `host_test` in this scope
  --> standalonex/src/bootstrap/src/core/build_steps/test.rs:75:1
   |
75 | host_test!(RustdocUi { path: "tests/rustdoc-ui", mode: "ui", suite: "rustdoc-ui" });
   | ^^^^^^^^^

error: cannot find macro `host_test` in this scope
  --> standalonex/src/bootstrap/src/core/build_steps/test.rs:74:1
   |
74 | host_test!(Rustdoc { path: "tests/rustdoc", mode: "rustdoc", suite: "rustdoc" });
   | ^^^^^^^^^

error: cannot find macro `host_test` in this scope
  --> standalonex/src/bootstrap/src/core/build_steps/test.rs:72:1
   |
72 | host_test!(UiFullDeps { path: "tests/ui-fulldeps", mode: "ui", suite: "ui-fulldeps" });
   | ^^^^^^^^^

error: cannot find macro `default_test_with_compare_mode` in this scope
  --> standalonex/src/bootstrap/src/core/build_steps/test.rs:65:1
   |
65 | default_test_with_compare_mode!(Debuginfo {
   | ^^^^^^^^^^^^^^^^^^^^^^^^^^^^^^

error: cannot find macro `default_test` in this scope
  --> standalonex/src/bootstrap/src/core/build_steps/test.rs:63:1
   |
63 | default_test!(Incremental { path: "tests/incremental", mode: "incremental", suite: "incremental" });
   | ^^^^^^^^^^^^

error: cannot find macro `default_test` in this scope
  --> standalonex/src/bootstrap/src/core/build_steps/test.rs:57:1
   |
57 | default_test!(CodegenUnits {
   | ^^^^^^^^^^^^

error: cannot find macro `default_test` in this scope
  --> standalonex/src/bootstrap/src/core/build_steps/test.rs:55:1
   |
55 | default_test!(Codegen { path: "tests/codegen", mode: "codegen", suite: "codegen" });
   | ^^^^^^^^^^^^

error: cannot find macro `default_test` in this scope
  --> standalonex/src/bootstrap/src/core/build_steps/test.rs:53:1
   |
53 | default_test!(Crashes { path: "tests/crashes", mode: "crashes", suite: "crashes" });
   | ^^^^^^^^^^^^

error: cannot find macro `default_test` in this scope
  --> standalonex/src/bootstrap/src/core/build_steps/test.rs:51:1
   |
51 | default_test!(Ui { path: "tests/ui", mode: "ui", suite: "ui" });
   | ^^^^^^^^^^^^

error: cannot find macro `t` in this scope
   --> standalonex/src/bootstrap/src/core/build_steps/compile_modules/sysroot.rs:150:13
    |
150 |             t!(fs::create_dir_all(&sysroot_lib_rustlib_rustcsrc));
    |             ^
    |
    = help: have you added the `#[macro_use]` on the module/import?
help: consider importing this macro through its public re-export
    |
  4 + use crate::t;
    |

error: cannot find macro `t` in this scope
   --> standalonex/src/bootstrap/src/core/build_steps/compile_modules/sysroot.rs:129:9
    |
129 |         t!(fs::create_dir_all(&sysroot_lib_rustlib_src));
    |         ^
    |
    = help: have you added the `#[macro_use]` on the module/import?
help: consider importing this macro through its public re-export
    |
  4 + use crate::t;
    |

error: cannot find macro `t` in this scope
  --> standalonex/src/bootstrap/src/core/build_steps/compile_modules/sysroot.rs:47:9
   |
47 |         t!(fs::create_dir_all(&sysroot));
   |         ^
   |
   = help: have you added the `#[macro_use]` on the module/import?
help: consider importing this macro through its public re-export
   |
 4 + use crate::t;
   |

error: cannot find macro `t` in this scope
  --> standalonex/src/bootstrap/src/core/build_steps/compile_modules/strip_debug.rs:29:5
   |
29 |     t!(file.set_modified(previous_mtime));
   |     ^
   |
   = help: have you added the `#[macro_use]` on the module/import?
help: consider importing this macro through its public re-export
   |
 4 + use crate::t;
   |

error: cannot find macro `t` in this scope
  --> standalonex/src/bootstrap/src/core/build_steps/compile_modules/strip_debug.rs:15:16
   |
15 |     let file = t!(fs::File::open(path));
   |                ^
   |
   = help: have you added the `#[macro_use]` on the module/import?
help: consider importing this macro through its public re-export
   |
 4 + use crate::t;
   |

error: cannot find macro `t` in this scope
  --> standalonex/src/bootstrap/src/core/build_steps/compile_modules/strip_debug.rs:12:26
   |
12 |     let previous_mtime = t!(t!(path.metadata()).modified());
   |                          ^
   |
   = help: have you added the `#[macro_use]` on the module/import?
help: consider importing this macro through its public re-export
   |
 4 + use crate::t;
   |

error: cannot find macro `t` in this scope
   --> standalonex/src/bootstrap/src/core/build_steps/compile_modules/std.rs:194:17
    |
194 |                 t!(fs::create_dir_all(&target_sysroot_bin));
    |                 ^
    |
    = help: have you added the `#[macro_use]` on the module/import?
help: consider importing this macro through its public re-export
    |
  4 + use crate::t;
    |

error: cannot find macro `t` in this scope
   --> standalonex/src/bootstrap/src/core/build_steps/compile_modules/std_link.rs:100:13
    |
100 |             t!(fs::create_dir_all(&sysroot_codegen_backends));
    |             ^
    |
    = help: have you added the `#[macro_use]` on the module/import?
help: consider importing this macro through its public re-export
    |
  4 + use crate::t;
    |

error: cannot find macro `t` in this scope
  --> standalonex/src/bootstrap/src/core/build_steps/compile_modules/std_link.rs:89:32
   |
89 |                     let file = t!(file);
   |                                ^
   |
   = help: have you added the `#[macro_use]` on the module/import?
help: consider importing this macro through its public re-export
   |
 4 + use crate::t;
   |

error: cannot find macro `t` in this scope
  --> standalonex/src/bootstrap/src/core/build_steps/compile_modules/std_link.rs:82:13
   |
82 |             t!(fs::create_dir_all(&sysroot_bin_dir));
   |             ^
   |
   = help: have you added the `#[macro_use]` on the module/import?
help: consider importing this macro through its public re-export
   |
 4 + use crate::t;
   |

error: cannot find macro `t` in this scope
  --> standalonex/src/bootstrap/src/core/build_steps/compile_modules/startup_objects.rs:42:9
   |
42 |         t!(fs::create_dir_all(dst_dir));
   |         ^
   |
   = help: have you added the `#[macro_use]` on the module/import?
help: consider importing this macro through its public re-export
   |
 4 + use crate::t;
   |

error: cannot find macro `t` in this scope
   --> standalonex/src/bootstrap/src/core/build_steps/compile_modules/run_cargo.rs:164:5
    |
164 |     t!(fs::write(stamp, &new_contents));
    |     ^
    |
    = help: have you added the `#[macro_use]` on the module/import?
help: consider importing this macro through its public re-export
    |
  4 + use crate::t;
    |

error: cannot find macro `t` in this scope
   --> standalonex/src/bootstrap/src/core/build_steps/compile_modules/run_cargo.rs:125:67
    |
125 |         .map(|e| (e.path(), e.file_name().into_string().unwrap(), t!(e.metadata())))
    |                                                                   ^
    |
    = help: have you added the `#[macro_use]` on the module/import?
help: consider importing this macro through its public re-export
    |
  4 + use crate::t;
    |

error: cannot find macro `t` in this scope
   --> standalonex/src/bootstrap/src/core/build_steps/compile_modules/run_cargo.rs:124:18
    |
124 |         .map(|e| t!(e))
    |                  ^
    |
    = help: have you added the `#[macro_use]` on the module/import?
help: consider importing this macro through its public re-export
    |
  4 + use crate::t;
    |

error: cannot find macro `t` in this scope
   --> standalonex/src/bootstrap/src/core/build_steps/compile_modules/run_cargo.rs:123:20
    |
123 |     let contents = t!(target_deps_dir.read_dir())
    |                    ^
    |
    = help: have you added the `#[macro_use]` on the module/import?
help: consider importing this macro through its public re-export
    |
  4 + use crate::t;
    |

error: cannot find macro `t` in this scope
   --> standalonex/src/bootstrap/src/core/build_steps/compile_modules/run_cargo.rs:106:32
    |
106 |             let expected_len = t!(filename.metadata()).len();
    |                                ^
    |
    = help: have you added the `#[macro_use]` on the module/import?
help: consider importing this macro through its public re-export
    |
  4 + use crate::t;
    |

error: cannot find macro `t` in this scope
  --> standalonex/src/bootstrap/src/core/build_steps/compile_modules/cp_rustc_component_to_ci_sysroot.rs:11:13
   |
11 |             t!(fs::create_dir_all(dst));
   |             ^
   |
   = help: have you added the `#[macro_use]` on the module/import?
help: consider importing this macro through its public re-export
   |
 4 + use crate::t;
   |

error: cannot find macro `t` in this scope
  --> standalonex/src/bootstrap/src/core/build_steps/compile_modules/copy_self_contained_objects.rs:12:5
   |
12 |     t!(fs::create_dir_all(&libdir_self_contained));
   |     ^
   |
   = help: have you added the `#[macro_use]` on the module/import?
help: consider importing this macro through its public re-export
   |
 4 + use crate::t;
   |

error: cannot find macro `t` in this scope
   --> standalonex/src/bootstrap/src/core/build_steps/compile_modules/codegen_backend.rs:138:9
    |
138 |         t!(fs::write(stamp, codegen_backend));
    |         ^
    |
    = help: have you added the `#[macro_use]` on the module/import?
help: consider importing this macro through its public re-export
    |
  4 + use crate::t;
    |

error: cannot find derive macro `Deserialize` in this scope
 --> standalonex/src/bootstrap/src/core/build_steps/compile_modules/cargo_target.rs:4:10
  |
4 | #[derive(Deserialize)]
  |          ^^^^^^^^^^^
  |
help: consider importing one of these derive macros
  |
4 + use crate::Deserialize;
  |
4 + use serde::Deserialize;
  |
4 + use serde_derive::Deserialize;
  |

error: cannot find derive macro `Deserialize` in this scope
 --> standalonex/src/bootstrap/src/core/build_steps/compile_modules/cargo_message.rs:4:10
  |
4 | #[derive(Deserialize)]
  |          ^^^^^^^^^^^
  |
help: consider importing one of these derive macros
  |
4 + use crate::Deserialize;
  |
4 + use serde::Deserialize;
  |
4 + use serde_derive::Deserialize;
  |

error: cannot find attribute `serde` in this scope
 --> standalonex/src/bootstrap/src/core/build_steps/compile_modules/cargo_message.rs:5:3
  |
5 | #[serde(tag = "reason", rename_all = "kebab-case")]
  |   ^^^^^
  |
  = note: `serde` is in scope, but it is a crate, not an attribute
help: `serde` is an attribute that can be used by the derive macros `Deserialize` and `Serialize`, you might be missing a `derive` attribute
  |
6 + #[derive(Deserialize, Serialize)]
7 | pub enum CargoMessage<'a> {
  |

error: cannot find macro `t` in this scope
   --> standalonex/src/bootstrap/src/core/build_steps/compile_modules/assemble.rs:293:9
    |
293 |         t!(fs::create_dir_all(bindir));
    |         ^
    |
    = help: have you added the `#[macro_use]` on the module/import?
help: consider importing this macro through its public re-export
    |
  6 + use crate::t;
    |

error: cannot find macro `t` in this scope
   --> standalonex/src/bootstrap/src/core/build_steps/compile_modules/assemble.rs:240:13
    |
240 |             t!(fs::create_dir_all(&self_contained_lld_dir));
    |             ^
    |
    = help: have you added the `#[macro_use]` on the module/import?
help: consider importing this macro through its public re-export
    |
  6 + use crate::t;
    |

error: cannot find macro `t` in this scope
   --> standalonex/src/bootstrap/src/core/build_steps/compile_modules/assemble.rs:207:9
    |
207 |         t!(fs::create_dir_all(&rustc_libdir));
    |         ^
    |
    = help: have you added the `#[macro_use]` on the module/import?
help: consider importing this macro through its public re-export
    |
  6 + use crate::t;
    |

error: cannot find macro `t` in this scope
  --> standalonex/src/bootstrap/src/core/build_steps/compile_modules/assemble.rs:50:9
   |
50 |         t!(fs::create_dir_all(&libdir_bin));
   |         ^
   |
   = help: have you added the `#[macro_use]` on the module/import?
help: consider importing this macro through its public re-export
   |
 6 + use crate::t;
   |

error: cannot find macro `t` in this scope
  --> standalonex/src/bootstrap/src/core/build_steps/compile_modules/add_to_sysroot.rs:17:5
   |
17 |     t!(fs::create_dir_all(self_contained_dst));
   |     ^
   |
   = help: have you added the `#[macro_use]` on the module/import?
help: consider importing this macro through its public re-export
   |
 4 + use crate::t;
   |

error: cannot find macro `t` in this scope
  --> standalonex/src/bootstrap/src/core/build_steps/compile_modules/add_to_sysroot.rs:16:5
   |
16 |     t!(fs::create_dir_all(sysroot_host_dst));
   |     ^
   |
   = help: have you added the `#[macro_use]` on the module/import?
help: consider importing this macro through its public re-export
   |
 4 + use crate::t;
   |

error: cannot find macro `t` in this scope
  --> standalonex/src/bootstrap/src/core/build_steps/compile_modules/add_to_sysroot.rs:15:5
   |
15 |     t!(fs::create_dir_all(sysroot_dst));
   |     ^
   |
   = help: have you added the `#[macro_use]` on the module/import?
help: consider importing this macro through its public re-export
   |
 4 + use crate::t;
   |

error[E0412]: cannot find type `Std` in this scope
  --> standalonex/src/bootstrap/src/core/build_steps/check.rs:21:15
   |
21 | impl Step for Std<CheckStdConfig> {
   |               ^^^ not found in this scope
   |
help: consider importing one of these structs
   |
 3 + use crate::clean::Std;
   |
 3 + use crate::core::build_steps::compile_modules::std::Std;
   |
 3 + use crate::core::types::Std;
   |
 3 + use crate::dist::Std;
   |
   = and 2 other candidates

error[E0412]: cannot find type `CheckStdConfig` in this scope
  --> standalonex/src/bootstrap/src/core/build_steps/check.rs:21:19
   |
21 | impl Step for Std<CheckStdConfig> {
   |                   ^^^^^^^^^^^^^^ not found in this scope
   |
help: consider importing this struct
   |
 3 + use crate::core::types::CheckStdConfig;
   |

error[E0425]: cannot find function `std_crates_for_run_make` in this scope
  --> standalonex/src/bootstrap/src/core/build_steps/check.rs:30:22
   |
30 |         let crates = std_crates_for_run_make(&run);
   |                      ^^^^^^^^^^^^^^^^^^^^^^^ not found in this scope
   |
help: consider importing this function
   |
 3 + use crate::core::build_steps::compile_modules::std_crates_for_run_make::std_crates_for_run_make;
   |

error[E0405]: cannot find trait `StdTaskConfig` in this scope
  --> standalonex/src/bootstrap/src/core/build_steps/check.rs:31:41
   |
31 |         let config = <CheckStdConfig as StdTaskConfig>::default_config(run.builder);
   |                                         ^^^^^^^^^^^^^ not found in this scope
   |
help: consider importing this trait
   |
 3 + use crate::core::types::StdTaskConfig;
   |

error[E0412]: cannot find type `CheckStdConfig` in this scope
  --> standalonex/src/bootstrap/src/core/build_steps/check.rs:31:23
   |
31 |         let config = <CheckStdConfig as StdTaskConfig>::default_config(run.builder);
   |                       ^^^^^^^^^^^^^^ not found in this scope
   |
help: consider importing this struct
   |
 3 + use crate::core::types::CheckStdConfig;
   |

error[E0422]: cannot find struct, variant or union type `Std` in this scope
  --> standalonex/src/bootstrap/src/core/build_steps/check.rs:32:28
   |
32 |         run.builder.ensure(Std { target: run.target, crates, config });
   |                            ^^^ not found in this scope
   |
help: consider importing one of these items
   |
 3 + use crate::Mode::Std;
   |
 3 + use crate::clean::Std;
   |
 3 + use crate::core::build_steps::compile_modules::std::Std;
   |
 3 + use crate::core::types::Std;
   |
   = and 3 other candidates

error[E0425]: cannot find function `std_cargo` in this scope
  --> standalonex/src/bootstrap/src/core/build_steps/check.rs:50:9
   |
50 |         std_cargo(builder, target, compiler.stage, &mut cargo);
   |         ^^^^^^^^^ not found in this scope
   |
help: consider importing this function
   |
 3 + use crate::core::build_steps::compile_modules::std_cargo::std_cargo;
   |

error[E0425]: cannot find function `run_cargo` in this scope
  --> standalonex/src/bootstrap/src/core/build_steps/check.rs:64:9
   |
64 |         run_cargo(
   |         ^^^^^^^^^ not found in this scope
   |
help: consider importing this function
   |
 3 + use crate::core::build_steps::compile_modules::run_cargo::run_cargo;
   |

error[E0425]: cannot find function `add_to_sysroot` in this scope
  --> standalonex/src/bootstrap/src/core/build_steps/check.rs:79:13
   |
79 |             add_to_sysroot(builder, &libdir, &hostdir, &libstd_stamp(builder, compiler, target));
   |             ^^^^^^^^^^^^^^ not found in this scope
   |
help: consider importing this function
   |
 3 + use crate::core::build_steps::compile_modules::add_to_sysroot::add_to_sysroot;
   |

error[E0425]: cannot find function `std_cargo` in this scope
   --> standalonex/src/bootstrap/src/core/build_steps/check.rs:111:9
    |
111 |         std_cargo(builder, target, compiler.stage, &mut cargo);
    |         ^^^^^^^^^ not found in this scope
    |
help: consider importing this function
    |
  3 + use crate::core::build_steps::compile_modules::std_cargo::std_cargo;
    |

error[E0425]: cannot find function `run_cargo` in this scope
   --> standalonex/src/bootstrap/src/core/build_steps/check.rs:121:9
    |
121 |         run_cargo(
    |         ^^^^^^^^^ not found in this scope
    |
help: consider importing this function
    |
  3 + use crate::core::build_steps::compile_modules::run_cargo::run_cargo;
    |

error[E0412]: cannot find type `Rustc` in this scope
   --> standalonex/src/bootstrap/src/core/build_steps/check.rs:135:6
    |
135 | impl Rustc<CheckConfig> {
    |      ^^^^^ not found in this scope
    |
help: consider importing one of these structs
    |
  3 + use crate::clean::Rustc;
    |
  3 + use crate::core::build_steps::compile_modules::rustc::Rustc;
    |
  3 + use crate::core::types::Rustc;
    |
  3 + use crate::dist::Rustc;
    |
    = and 2 other candidates

error[E0412]: cannot find type `CheckConfig` in this scope
   --> standalonex/src/bootstrap/src/core/build_steps/check.rs:135:12
    |
135 | impl Rustc<CheckConfig> {
    |            ^^^^^^^^^^^ not found in this scope
    |
help: you might be missing a type parameter
    |
135 | impl<CheckConfig> Rustc<CheckConfig> {
    |     +++++++++++++

error[E0422]: cannot find struct, variant or union type `Rustc` in this scope
   --> standalonex/src/bootstrap/src/core/build_steps/check.rs:150:9
    |
150 |         Rustc { target, crates, config: CheckConfig::new(override_build_kind) }
    |         ^^^^^ not found in this scope
    |
help: consider importing one of these items
    |
  3 + use crate::GitRepo::Rustc;
    |
  3 + use crate::Mode::Rustc;
    |
  3 + use crate::clean::Rustc;
    |
  3 + use crate::core::build_steps::compile_modules::rustc::Rustc;
    |
    = and 4 other candidates

error[E0412]: cannot find type `Rustc` in this scope
   --> standalonex/src/bootstrap/src/core/build_steps/check.rs:154:15
    |
154 | impl Step for Rustc<CheckConfig> {
    |               ^^^^^ not found in this scope
    |
help: consider importing one of these structs
    |
  3 + use crate::clean::Rustc;
    |
  3 + use crate::core::build_steps::compile_modules::rustc::Rustc;
    |
  3 + use crate::core::types::Rustc;
    |
  3 + use crate::dist::Rustc;
    |
    = and 2 other candidates

error[E0412]: cannot find type `CheckConfig` in this scope
   --> standalonex/src/bootstrap/src/core/build_steps/check.rs:154:21
    |
154 | impl Step for Rustc<CheckConfig> {
    |                     ^^^^^^^^^^^ not found in this scope
    |
help: you might be missing a type parameter
    |
154 | impl<CheckConfig> Step for Rustc<CheckConfig> {
    |     +++++++++++++

error[E0405]: cannot find trait `RustcTaskConfig` in this scope
   --> standalonex/src/bootstrap/src/core/build_steps/check.rs:165:38
    |
165 |         let config = <CheckConfig as RustcTaskConfig>::default_config(run.builder);
    |                                      ^^^^^^^^^^^^^^^ not found in this scope
    |
help: consider importing this trait
    |
  3 + use crate::core::types::RustcTaskConfig;
    |

error[E0412]: cannot find type `CheckConfig` in this scope
   --> standalonex/src/bootstrap/src/core/build_steps/check.rs:165:23
    |
165 |         let config = <CheckConfig as RustcTaskConfig>::default_config(run.builder);
    |                       ^^^^^^^^^^^ not found in this scope

error[E0422]: cannot find struct, variant or union type `Rustc` in this scope
   --> standalonex/src/bootstrap/src/core/build_steps/check.rs:166:28
    |
166 |         run.builder.ensure(Rustc { target: run.target, crates, config });
    |                            ^^^^^ not found in this scope
    |
help: consider importing one of these items
    |
  3 + use crate::GitRepo::Rustc;
    |
  3 + use crate::Mode::Rustc;
    |
  3 + use crate::clean::Rustc;
    |
  3 + use crate::core::build_steps::compile_modules::rustc::Rustc;
    |
    = and 4 other candidates

error[E0433]: failed to resolve: could not find `Std` in `compile`
   --> standalonex/src/bootstrap/src/core/build_steps/check.rs:184:63
    |
184 |             builder.ensure(crate::core::build_steps::compile::Std::new(compiler, compiler.host));
    |                                                               ^^^ could not find `Std` in `compile`
    |
help: consider importing one of these structs
    |
  3 + use crate::clean::Std;
    |
  3 + use crate::core::build_steps::compile_modules::std::Std;
    |
  3 + use crate::core::types::Std;
    |
  3 + use crate::dist::Std;
    |
    = and 2 other candidates
help: if you import `Std`, refer to it directly
    |
184 -             builder.ensure(crate::core::build_steps::compile::Std::new(compiler, compiler.host));
184 +             builder.ensure(Std::new(compiler, compiler.host));
    |

error[E0433]: failed to resolve: could not find `Std` in `compile`
   --> standalonex/src/bootstrap/src/core/build_steps/check.rs:185:63
    |
185 |             builder.ensure(crate::core::build_steps::compile::Std::new(compiler, target));
    |                                                               ^^^ could not find `Std` in `compile`
    |
help: consider importing one of these structs
    |
  3 + use crate::clean::Std;
    |
  3 + use crate::core::build_steps::compile_modules::std::Std;
    |
  3 + use crate::core::types::Std;
    |
  3 + use crate::dist::Std;
    |
    = and 2 other candidates
help: if you import `Std`, refer to it directly
    |
185 -             builder.ensure(crate::core::build_steps::compile::Std::new(compiler, target));
185 +             builder.ensure(Std::new(compiler, target));
    |

error[E0433]: failed to resolve: use of undeclared type `Std`
   --> standalonex/src/bootstrap/src/core/build_steps/check.rs:187:28
    |
187 |             builder.ensure(Std::new_with_build_kind(target, self.config.override_build_kind));
    |                            ^^^ use of undeclared type `Std`
    |
help: consider importing one of these structs
    |
  3 + use crate::clean::Std;
    |
  3 + use crate::core::build_steps::compile_modules::std::Std;
    |
  3 + use crate::core::types::Std;
    |
  3 + use crate::dist::Std;
    |
    = and 2 other candidates

error[E0425]: cannot find function `rustc_cargo` in this scope
   --> standalonex/src/bootstrap/src/core/build_steps/check.rs:199:9
    |
199 |         rustc_cargo(builder, &mut cargo, target, &compiler, &self.crates);
    |         ^^^^^^^^^^^ not found in this scope
    |
help: consider importing this function
    |
  3 + use crate::core::build_steps::compile_modules::rustc_cargo::rustc_cargo;
    |

error[E0425]: cannot find function `run_cargo` in this scope
   --> standalonex/src/bootstrap/src/core/build_steps/check.rs:218:9
    |
218 |         run_cargo(
    |         ^^^^^^^^^ not found in this scope
    |
help: consider importing this function
    |
  3 + use crate::core::build_steps::compile_modules::run_cargo::run_cargo;
    |

error[E0425]: cannot find function `add_to_sysroot` in this scope
   --> standalonex/src/bootstrap/src/core/build_steps/check.rs:230:9
    |
230 |         add_to_sysroot(builder, &libdir, &hostdir, &librustc_stamp(builder, compiler, target));
    |         ^^^^^^^^^^^^^^ not found in this scope
    |
help: consider importing this function
    |
  3 + use crate::core::build_steps::compile_modules::add_to_sysroot::add_to_sysroot;
    |

error[E0433]: failed to resolve: use of undeclared type `Rustc`
   --> standalonex/src/bootstrap/src/core/build_steps/check.rs:264:24
    |
264 |         builder.ensure(Rustc::<CheckConfig>::new(target, builder));
    |                        ^^^^^ use of undeclared type `Rustc`
    |
help: consider importing one of these structs
    |
  3 + use crate::clean::Rustc;
    |
  3 + use crate::core::build_steps::compile_modules::rustc::Rustc;
    |
  3 + use crate::core::types::Rustc;
    |
  3 + use crate::dist::Rustc;
    |
    = and 2 other candidates

error[E0412]: cannot find type `CheckConfig` in this scope
   --> standalonex/src/bootstrap/src/core/build_steps/check.rs:264:32
    |
264 |         builder.ensure(Rustc::<CheckConfig>::new(target, builder));
    |                                ^^^^^^^^^^^ not found in this scope
    |
help: you might be missing a type parameter
    |
240 | impl<CheckConfig> Step for CodegenBackend {
    |     +++++++++++++

error[E0425]: cannot find value `backend` in this scope
   --> standalonex/src/bootstrap/src/core/build_steps/check.rs:277:68
    |
277 |             .arg(builder.src.join(format!("compiler/rustc_codegen_{backend}/Cargo.toml")));
    |                                                                    ^^^^^^^
    |
    = help: you might have meant to use the available field in a format string: `"{}", self.backend`

error[E0425]: cannot find function `rustc_cargo_env` in this scope
   --> standalonex/src/bootstrap/src/core/build_steps/check.rs:278:9
    |
278 |         rustc_cargo_env(builder, &mut cargo, target, compiler.stage);
    |         ^^^^^^^^^^^^^^^ not found in this scope
    |
help: consider importing this function
    |
  3 + use crate::core::build_steps::compile_modules::rustc_cargo_env::rustc_cargo_env;
    |

error[E0425]: cannot find value `backend` in this scope
   --> standalonex/src/bootstrap/src/core/build_steps/check.rs:280:40
    |
280 |         let _guard = builder.msg_check(backend, target);
    |                                        ^^^^^^^
    |
help: you might have meant to use the available field
    |
280 |         let _guard = builder.msg_check(self.backend, target);
    |                                        +++++

error[E0425]: cannot find function `run_cargo` in this scope
   --> standalonex/src/bootstrap/src/core/build_steps/check.rs:282:9
    |
282 |         run_cargo(
    |         ^^^^^^^^^ not found in this scope
    |
help: consider importing this function
    |
  3 + use crate::core::build_steps::compile_modules::run_cargo::run_cargo;
    |

error[E0425]: cannot find value `backend` in this scope
   --> standalonex/src/bootstrap/src/core/build_steps/check.rs:286:63
    |
286 |             &codegen_backend_stamp(builder, compiler, target, backend),
    |                                                               ^^^^^^^
    |
help: you might have meant to use the available field
    |
286 |             &codegen_backend_stamp(builder, compiler, target, self.backend),
    |                                                               +++++

error[E0433]: failed to resolve: use of undeclared type `Rustc`
   --> standalonex/src/bootstrap/src/core/build_steps/check.rs:323:24
    |
323 |         builder.ensure(Rustc::<CheckConfig>::new(target, builder));
    |                        ^^^^^ use of undeclared type `Rustc`
    |
help: consider importing one of these structs
    |
  3 + use crate::clean::Rustc;
    |
  3 + use crate::core::build_steps::compile_modules::rustc::Rustc;
    |
  3 + use crate::core::types::Rustc;
    |
  3 + use crate::dist::Rustc;
    |
    = and 2 other candidates

error[E0412]: cannot find type `CheckConfig` in this scope
   --> standalonex/src/bootstrap/src/core/build_steps/check.rs:323:32
    |
323 |         builder.ensure(Rustc::<CheckConfig>::new(target, builder));
    |                                ^^^^^^^^^^^ not found in this scope
    |
help: you might be missing a type parameter
    |
299 | impl<CheckConfig> Step for RustAnalyzer {
    |     +++++++++++++

error[E0425]: cannot find function `run_cargo` in this scope
   --> standalonex/src/bootstrap/src/core/build_steps/check.rs:348:9
    |
348 |         run_cargo(
    |         ^^^^^^^^^ not found in this scope
    |
help: consider importing this function
    |
  3 + use crate::core::build_steps::compile_modules::run_cargo::run_cargo;
    |

error[E0433]: failed to resolve: use of undeclared type `Rustc`
   --> standalonex/src/bootstrap/src/core/build_steps/check.rs:398:32
    |
398 |                 builder.ensure(Rustc::<CheckConfig>::new(target, builder));
    |                                ^^^^^ use of undeclared type `Rustc`
...
444 | tool_check_step!(Rustdoc, "rustdoc", "src/tools/rustdoc", "src/librustdoc", SourceType::InTree);
    | ----------------------------------------------------------------------------------------------- in this macro invocation
    |
    = note: this error originates in the macro `tool_check_step` (in Nightly builds, run with -Z macro-backtrace for more info)
help: consider importing one of these structs
    |
  3 + use crate::clean::Rustc;
    |
  3 + use crate::core::build_steps::compile_modules::rustc::Rustc;
    |
  3 + use crate::core::types::Rustc;
    |
  3 + use crate::dist::Rustc;
    |
    = and 2 other candidates

error[E0412]: cannot find type `CheckConfig` in this scope
   --> standalonex/src/bootstrap/src/core/build_steps/check.rs:398:40
    |
398 |                 builder.ensure(Rustc::<CheckConfig>::new(target, builder));
    |                                        ^^^^^^^^^^^ not found in this scope
...
444 | tool_check_step!(Rustdoc, "rustdoc", "src/tools/rustdoc", "src/librustdoc", SourceType::InTree);
    | ----------------------------------------------------------------------------------------------- in this macro invocation
    |
    = note: this error originates in the macro `tool_check_step` (in Nightly builds, run with -Z macro-backtrace for more info)

error[E0425]: cannot find function `run_cargo` in this scope
   --> standalonex/src/bootstrap/src/core/build_steps/check.rs:418:17
    |
418 |                 run_cargo(
    |                 ^^^^^^^^^ not found in this scope
...
444 | tool_check_step!(Rustdoc, "rustdoc", "src/tools/rustdoc", "src/librustdoc", SourceType::InTree);
    | ----------------------------------------------------------------------------------------------- in this macro invocation
    |
    = note: this error originates in the macro `tool_check_step` (in Nightly builds, run with -Z macro-backtrace for more info)
help: consider importing this function
    |
  3 + use crate::core::build_steps::compile_modules::run_cargo::run_cargo;
    |

error[E0433]: failed to resolve: use of undeclared type `Rustc`
   --> standalonex/src/bootstrap/src/core/build_steps/check.rs:398:32
    |
398 |                 builder.ensure(Rustc::<CheckConfig>::new(target, builder));
    |                                ^^^^^ use of undeclared type `Rustc`
...
449 | tool_check_step!(Clippy, "clippy", "src/tools/clippy", SourceType::InTree);
    | -------------------------------------------------------------------------- in this macro invocation
    |
    = note: this error originates in the macro `tool_check_step` (in Nightly builds, run with -Z macro-backtrace for more info)
help: consider importing one of these structs
    |
  3 + use crate::clean::Rustc;
    |
  3 + use crate::core::build_steps::compile_modules::rustc::Rustc;
    |
  3 + use crate::core::types::Rustc;
    |
  3 + use crate::dist::Rustc;
    |
    = and 2 other candidates

error[E0412]: cannot find type `CheckConfig` in this scope
   --> standalonex/src/bootstrap/src/core/build_steps/check.rs:398:40
    |
398 |                 builder.ensure(Rustc::<CheckConfig>::new(target, builder));
    |                                        ^^^^^^^^^^^ not found in this scope
...
449 | tool_check_step!(Clippy, "clippy", "src/tools/clippy", SourceType::InTree);
    | -------------------------------------------------------------------------- in this macro invocation
    |
    = note: this error originates in the macro `tool_check_step` (in Nightly builds, run with -Z macro-backtrace for more info)

error[E0425]: cannot find function `run_cargo` in this scope
   --> standalonex/src/bootstrap/src/core/build_steps/check.rs:418:17
    |
418 |                 run_cargo(
    |                 ^^^^^^^^^ not found in this scope
...
449 | tool_check_step!(Clippy, "clippy", "src/tools/clippy", SourceType::InTree);
    | -------------------------------------------------------------------------- in this macro invocation
    |
    = note: this error originates in the macro `tool_check_step` (in Nightly builds, run with -Z macro-backtrace for more info)
help: consider importing this function
    |
  3 + use crate::core::build_steps::compile_modules::run_cargo::run_cargo;
    |

error[E0433]: failed to resolve: use of undeclared type `Rustc`
   --> standalonex/src/bootstrap/src/core/build_steps/check.rs:398:32
    |
398 |                 builder.ensure(Rustc::<CheckConfig>::new(target, builder));
    |                                ^^^^^ use of undeclared type `Rustc`
...
450 | tool_check_step!(Miri, "miri", "src/tools/miri", SourceType::InTree);
    | -------------------------------------------------------------------- in this macro invocation
    |
    = note: this error originates in the macro `tool_check_step` (in Nightly builds, run with -Z macro-backtrace for more info)
help: consider importing one of these structs
    |
  3 + use crate::clean::Rustc;
    |
  3 + use crate::core::build_steps::compile_modules::rustc::Rustc;
    |
  3 + use crate::core::types::Rustc;
    |
  3 + use crate::dist::Rustc;
    |
    = and 2 other candidates

error[E0412]: cannot find type `CheckConfig` in this scope
   --> standalonex/src/bootstrap/src/core/build_steps/check.rs:398:40
    |
398 |                 builder.ensure(Rustc::<CheckConfig>::new(target, builder));
    |                                        ^^^^^^^^^^^ not found in this scope
...
450 | tool_check_step!(Miri, "miri", "src/tools/miri", SourceType::InTree);
    | -------------------------------------------------------------------- in this macro invocation
    |
    = note: this error originates in the macro `tool_check_step` (in Nightly builds, run with -Z macro-backtrace for more info)

error[E0425]: cannot find function `run_cargo` in this scope
   --> standalonex/src/bootstrap/src/core/build_steps/check.rs:418:17
    |
418 |                 run_cargo(
    |                 ^^^^^^^^^ not found in this scope
...
450 | tool_check_step!(Miri, "miri", "src/tools/miri", SourceType::InTree);
    | -------------------------------------------------------------------- in this macro invocation
    |
    = note: this error originates in the macro `tool_check_step` (in Nightly builds, run with -Z macro-backtrace for more info)
help: consider importing this function
    |
  3 + use crate::core::build_steps::compile_modules::run_cargo::run_cargo;
    |

error[E0433]: failed to resolve: use of undeclared type `Rustc`
   --> standalonex/src/bootstrap/src/core/build_steps/check.rs:398:32
    |
398 |                 builder.ensure(Rustc::<CheckConfig>::new(target, builder));
    |                                ^^^^^ use of undeclared type `Rustc`
...
451 | tool_check_step!(CargoMiri, "cargo-miri", "src/tools/miri/cargo-miri", SourceType::InTree);
    | ------------------------------------------------------------------------------------------ in this macro invocation
    |
    = note: this error originates in the macro `tool_check_step` (in Nightly builds, run with -Z macro-backtrace for more info)
help: consider importing one of these structs
    |
  3 + use crate::clean::Rustc;
    |
  3 + use crate::core::build_steps::compile_modules::rustc::Rustc;
    |
  3 + use crate::core::types::Rustc;
    |
  3 + use crate::dist::Rustc;
    |
    = and 2 other candidates

error[E0412]: cannot find type `CheckConfig` in this scope
   --> standalonex/src/bootstrap/src/core/build_steps/check.rs:398:40
    |
398 |                 builder.ensure(Rustc::<CheckConfig>::new(target, builder));
    |                                        ^^^^^^^^^^^ not found in this scope
...
451 | tool_check_step!(CargoMiri, "cargo-miri", "src/tools/miri/cargo-miri", SourceType::InTree);
    | ------------------------------------------------------------------------------------------ in this macro invocation
    |
    = note: this error originates in the macro `tool_check_step` (in Nightly builds, run with -Z macro-backtrace for more info)

error[E0425]: cannot find function `run_cargo` in this scope
   --> standalonex/src/bootstrap/src/core/build_steps/check.rs:418:17
    |
418 |                 run_cargo(
    |                 ^^^^^^^^^ not found in this scope
...
451 | tool_check_step!(CargoMiri, "cargo-miri", "src/tools/miri/cargo-miri", SourceType::InTree);
    | ------------------------------------------------------------------------------------------ in this macro invocation
    |
    = note: this error originates in the macro `tool_check_step` (in Nightly builds, run with -Z macro-backtrace for more info)
help: consider importing this function
    |
  3 + use crate::core::build_steps::compile_modules::run_cargo::run_cargo;
    |

error[E0433]: failed to resolve: use of undeclared type `Rustc`
   --> standalonex/src/bootstrap/src/core/build_steps/check.rs:398:32
    |
398 |                 builder.ensure(Rustc::<CheckConfig>::new(target, builder));
    |                                ^^^^^ use of undeclared type `Rustc`
...
452 | tool_check_step!(Rls, "rls", "src/tools/rls", SourceType::InTree);
    | ----------------------------------------------------------------- in this macro invocation
    |
    = note: this error originates in the macro `tool_check_step` (in Nightly builds, run with -Z macro-backtrace for more info)
help: consider importing one of these structs
    |
  3 + use crate::clean::Rustc;
    |
  3 + use crate::core::build_steps::compile_modules::rustc::Rustc;
    |
  3 + use crate::core::types::Rustc;
    |
  3 + use crate::dist::Rustc;
    |
    = and 2 other candidates

error[E0412]: cannot find type `CheckConfig` in this scope
   --> standalonex/src/bootstrap/src/core/build_steps/check.rs:398:40
    |
398 |                 builder.ensure(Rustc::<CheckConfig>::new(target, builder));
    |                                        ^^^^^^^^^^^ not found in this scope
...
452 | tool_check_step!(Rls, "rls", "src/tools/rls", SourceType::InTree);
    | ----------------------------------------------------------------- in this macro invocation
    |
    = note: this error originates in the macro `tool_check_step` (in Nightly builds, run with -Z macro-backtrace for more info)

error[E0425]: cannot find function `run_cargo` in this scope
   --> standalonex/src/bootstrap/src/core/build_steps/check.rs:418:17
    |
418 |                 run_cargo(
    |                 ^^^^^^^^^ not found in this scope
...
452 | tool_check_step!(Rls, "rls", "src/tools/rls", SourceType::InTree);
    | ----------------------------------------------------------------- in this macro invocation
    |
    = note: this error originates in the macro `tool_check_step` (in Nightly builds, run with -Z macro-backtrace for more info)
help: consider importing this function
    |
  3 + use crate::core::build_steps::compile_modules::run_cargo::run_cargo;
    |

error[E0433]: failed to resolve: use of undeclared type `Rustc`
   --> standalonex/src/bootstrap/src/core/build_steps/check.rs:398:32
    |
398 |                 builder.ensure(Rustc::<CheckConfig>::new(target, builder));
    |                                ^^^^^ use of undeclared type `Rustc`
...
453 | tool_check_step!(Rustfmt, "rustfmt", "src/tools/rustfmt", SourceType::InTree);
    | ----------------------------------------------------------------------------- in this macro invocation
    |
    = note: this error originates in the macro `tool_check_step` (in Nightly builds, run with -Z macro-backtrace for more info)
help: consider importing one of these structs
    |
  3 + use crate::clean::Rustc;
    |
  3 + use crate::core::build_steps::compile_modules::rustc::Rustc;
    |
  3 + use crate::core::types::Rustc;
    |
  3 + use crate::dist::Rustc;
    |
    = and 2 other candidates

error[E0412]: cannot find type `CheckConfig` in this scope
   --> standalonex/src/bootstrap/src/core/build_steps/check.rs:398:40
    |
398 |                 builder.ensure(Rustc::<CheckConfig>::new(target, builder));
    |                                        ^^^^^^^^^^^ not found in this scope
...
453 | tool_check_step!(Rustfmt, "rustfmt", "src/tools/rustfmt", SourceType::InTree);
    | ----------------------------------------------------------------------------- in this macro invocation
    |
    = note: this error originates in the macro `tool_check_step` (in Nightly builds, run with -Z macro-backtrace for more info)

error[E0425]: cannot find function `run_cargo` in this scope
   --> standalonex/src/bootstrap/src/core/build_steps/check.rs:418:17
    |
418 |                 run_cargo(
    |                 ^^^^^^^^^ not found in this scope
...
453 | tool_check_step!(Rustfmt, "rustfmt", "src/tools/rustfmt", SourceType::InTree);
    | ----------------------------------------------------------------------------- in this macro invocation
    |
    = note: this error originates in the macro `tool_check_step` (in Nightly builds, run with -Z macro-backtrace for more info)
help: consider importing this function
    |
  3 + use crate::core::build_steps::compile_modules::run_cargo::run_cargo;
    |

error[E0433]: failed to resolve: use of undeclared type `Rustc`
   --> standalonex/src/bootstrap/src/core/build_steps/check.rs:398:32
    |
398 |                   builder.ensure(Rustc::<CheckConfig>::new(target, builder));
    |                                  ^^^^^ use of undeclared type `Rustc`
...
454 | / tool_check_step!(
455 | |     MiroptTestTools,
456 | |     "miropt-test-tools",
457 | |     "src/tools/miropt-test-tools",
458 | |     SourceType::InTree
459 | | );
    | |_- in this macro invocation
    |
    = note: this error originates in the macro `tool_check_step` (in Nightly builds, run with -Z macro-backtrace for more info)
help: consider importing one of these structs
    |
  3 + use crate::clean::Rustc;
    |
  3 + use crate::core::build_steps::compile_modules::rustc::Rustc;
    |
  3 + use crate::core::types::Rustc;
    |
  3 + use crate::dist::Rustc;
    |
    = and 2 other candidates

error[E0412]: cannot find type `CheckConfig` in this scope
   --> standalonex/src/bootstrap/src/core/build_steps/check.rs:398:40
    |
398 |                   builder.ensure(Rustc::<CheckConfig>::new(target, builder));
    |                                          ^^^^^^^^^^^ not found in this scope
...
454 | / tool_check_step!(
455 | |     MiroptTestTools,
456 | |     "miropt-test-tools",
457 | |     "src/tools/miropt-test-tools",
458 | |     SourceType::InTree
459 | | );
    | |_- in this macro invocation
    |
    = note: this error originates in the macro `tool_check_step` (in Nightly builds, run with -Z macro-backtrace for more info)

error[E0425]: cannot find function `run_cargo` in this scope
   --> standalonex/src/bootstrap/src/core/build_steps/check.rs:418:17
    |
418 |                   run_cargo(
    |                   ^^^^^^^^^ not found in this scope
...
454 | / tool_check_step!(
455 | |     MiroptTestTools,
456 | |     "miropt-test-tools",
457 | |     "src/tools/miropt-test-tools",
458 | |     SourceType::InTree
459 | | );
    | |_- in this macro invocation
    |
    = note: this error originates in the macro `tool_check_step` (in Nightly builds, run with -Z macro-backtrace for more info)
help: consider importing this function
    |
  3 + use crate::core::build_steps::compile_modules::run_cargo::run_cargo;
    |

error[E0433]: failed to resolve: use of undeclared type `Rustc`
   --> standalonex/src/bootstrap/src/core/build_steps/check.rs:398:32
    |
398 |                   builder.ensure(Rustc::<CheckConfig>::new(target, builder));
    |                                  ^^^^^ use of undeclared type `Rustc`
...
460 | / tool_check_step!(
461 | |     TestFloatParse,
462 | |     "test-float-parse",
463 | |     "src/etc/test-float-parse",
464 | |     SourceType::InTree
465 | | );
    | |_- in this macro invocation
    |
    = note: this error originates in the macro `tool_check_step` (in Nightly builds, run with -Z macro-backtrace for more info)
help: consider importing one of these structs
    |
  3 + use crate::clean::Rustc;
    |
  3 + use crate::core::build_steps::compile_modules::rustc::Rustc;
    |
  3 + use crate::core::types::Rustc;
    |
  3 + use crate::dist::Rustc;
    |
    = and 2 other candidates

error[E0412]: cannot find type `CheckConfig` in this scope
   --> standalonex/src/bootstrap/src/core/build_steps/check.rs:398:40
    |
398 |                   builder.ensure(Rustc::<CheckConfig>::new(target, builder));
    |                                          ^^^^^^^^^^^ not found in this scope
...
460 | / tool_check_step!(
461 | |     TestFloatParse,
462 | |     "test-float-parse",
463 | |     "src/etc/test-float-parse",
464 | |     SourceType::InTree
465 | | );
    | |_- in this macro invocation
    |
    = note: this error originates in the macro `tool_check_step` (in Nightly builds, run with -Z macro-backtrace for more info)

error[E0425]: cannot find function `run_cargo` in this scope
   --> standalonex/src/bootstrap/src/core/build_steps/check.rs:418:17
    |
418 |                   run_cargo(
    |                   ^^^^^^^^^ not found in this scope
...
460 | / tool_check_step!(
461 | |     TestFloatParse,
462 | |     "test-float-parse",
463 | |     "src/etc/test-float-parse",
464 | |     SourceType::InTree
465 | | );
    | |_- in this macro invocation
    |
    = note: this error originates in the macro `tool_check_step` (in Nightly builds, run with -Z macro-backtrace for more info)
help: consider importing this function
    |
  3 + use crate::core::build_steps::compile_modules::run_cargo::run_cargo;
    |

error[E0433]: failed to resolve: use of undeclared type `Rustc`
   --> standalonex/src/bootstrap/src/core/build_steps/check.rs:398:32
    |
398 |                 builder.ensure(Rustc::<CheckConfig>::new(target, builder));
    |                                ^^^^^ use of undeclared type `Rustc`
...
467 | tool_check_step!(Bootstrap, "bootstrap", "src/bootstrap", SourceType::InTree, false);
    | ------------------------------------------------------------------------------------ in this macro invocation
    |
    = note: this error originates in the macro `tool_check_step` (in Nightly builds, run with -Z macro-backtrace for more info)
help: consider importing one of these structs
    |
  3 + use crate::clean::Rustc;
    |
  3 + use crate::core::build_steps::compile_modules::rustc::Rustc;
    |
  3 + use crate::core::types::Rustc;
    |
  3 + use crate::dist::Rustc;
    |
    = and 2 other candidates

error[E0412]: cannot find type `CheckConfig` in this scope
   --> standalonex/src/bootstrap/src/core/build_steps/check.rs:398:40
    |
398 |                 builder.ensure(Rustc::<CheckConfig>::new(target, builder));
    |                                        ^^^^^^^^^^^ not found in this scope
...
467 | tool_check_step!(Bootstrap, "bootstrap", "src/bootstrap", SourceType::InTree, false);
    | ------------------------------------------------------------------------------------ in this macro invocation
    |
    = note: this error originates in the macro `tool_check_step` (in Nightly builds, run with -Z macro-backtrace for more info)

error[E0425]: cannot find function `run_cargo` in this scope
   --> standalonex/src/bootstrap/src/core/build_steps/check.rs:418:17
    |
418 |                 run_cargo(
    |                 ^^^^^^^^^ not found in this scope
...
467 | tool_check_step!(Bootstrap, "bootstrap", "src/bootstrap", SourceType::InTree, false);
    | ------------------------------------------------------------------------------------ in this macro invocation
    |
    = note: this error originates in the macro `tool_check_step` (in Nightly builds, run with -Z macro-backtrace for more info)
help: consider importing this function
    |
  3 + use crate::core::build_steps::compile_modules::run_cargo::run_cargo;
    |

error[E0412]: cannot find type `LintConfig` in this scope
   --> standalonex/src/bootstrap/src/core/build_steps/clippy.rs:25:46
    |
 25 | fn lint_args(builder: &Builder<'_>, config: &LintConfig, ignored_rules: &[&str]) -> Vec<String> {
    |                                              ^^^^^^^^^^
    |
   ::: standalonex/src/bootstrap/src/core/builder/mod.rs:116:1
    |
116 | pub struct RunConfig<'a> {
    | ------------------------ similarly named struct `RunConfig` defined here
    |
help: a struct with a similar name exists
    |
 25 - fn lint_args(builder: &Builder<'_>, config: &LintConfig, ignored_rules: &[&str]) -> Vec<String> {
 25 + fn lint_args(builder: &Builder<'_>, config: &RunConfig, ignored_rules: &[&str]) -> Vec<String> {
    |
help: consider importing this struct
    |
  4 + use crate::core::types::LintConfig;
    |

error[E0412]: cannot find type `LintConfig` in this scope
   --> standalonex/src/bootstrap/src/core/build_steps/clippy.rs:71:64
    |
 71 | pub fn get_clippy_rules_in_order(all_args: &[String], config: &LintConfig) -> Vec<String> {
    |                                                                ^^^^^^^^^^
    |
   ::: standalonex/src/bootstrap/src/core/builder/mod.rs:116:1
    |
116 | pub struct RunConfig<'a> {
    | ------------------------ similarly named struct `RunConfig` defined here
    |
help: a struct with a similar name exists
    |
 71 - pub fn get_clippy_rules_in_order(all_args: &[String], config: &LintConfig) -> Vec<String> {
 71 + pub fn get_clippy_rules_in_order(all_args: &[String], config: &RunConfig) -> Vec<String> {
    |
help: consider importing this struct
    |
  4 + use crate::core::types::LintConfig;
    |

error[E0412]: cannot find type `Std` in this scope
  --> standalonex/src/bootstrap/src/core/build_steps/clippy.rs:94:15
   |
94 | impl Step for Std {
   |               ^^^ not found in this scope
   |
help: consider importing one of these structs
   |
 4 + use crate::clean::Std;
   |
 4 + use crate::core::build_steps::compile_modules::std::Std;
   |
 4 + use crate::core::types::Std;
   |
 4 + use crate::dist::Std;
   |
   = and 2 other candidates

error[E0425]: cannot find function `std_crates_for_run_make` in this scope
   --> standalonex/src/bootstrap/src/core/build_steps/clippy.rs:103:22
    |
103 |         let crates = std_crates_for_run_make(&run);
    |                      ^^^^^^^^^^^^^^^^^^^^^^^ not found in this scope
    |
help: consider importing this function
    |
  4 + use crate::core::build_steps::compile_modules::std_crates_for_run_make::std_crates_for_run_make;
    |

error[E0433]: failed to resolve: use of undeclared type `LintConfig`
   --> standalonex/src/bootstrap/src/core/build_steps/clippy.rs:104:22
    |
104 |         let config = LintConfig::new(run.builder);
    |                      ^^^^^^^^^^ use of undeclared type `LintConfig`
    |
help: a struct with a similar name exists
    |
104 -         let config = LintConfig::new(run.builder);
104 +         let config = RunConfig::new(run.builder);
    |
help: consider importing this struct
    |
  4 + use crate::core::types::LintConfig;
    |

error[E0422]: cannot find struct, variant or union type `Std` in this scope
   --> standalonex/src/bootstrap/src/core/build_steps/clippy.rs:105:28
    |
105 |         run.builder.ensure(Std { target: run.target, config, crates });
    |                            ^^^ not found in this scope
    |
help: consider importing one of these items
    |
  4 + use crate::Mode::Std;
    |
  4 + use crate::clean::Std;
    |
  4 + use crate::core::build_steps::compile_modules::std::Std;
    |
  4 + use crate::core::types::Std;
    |
    = and 3 other candidates

error[E0425]: cannot find function `std_cargo` in this scope
   --> standalonex/src/bootstrap/src/core/build_steps/clippy.rs:123:9
    |
123 |         std_cargo(builder, target, compiler.stage, &mut cargo);
    |         ^^^^^^^^^ not found in this scope
    |
help: consider importing this function
    |
  4 + use crate::core::build_steps::compile_modules::std_cargo::std_cargo;
    |

error[E0425]: cannot find function `run_cargo` in this scope
   --> standalonex/src/bootstrap/src/core/build_steps/clippy.rs:132:9
    |
132 |         run_cargo(
    |         ^^^^^^^^^ not found in this scope
    |
help: consider importing this function
    |
  4 + use crate::core::build_steps::compile_modules::run_cargo::run_cargo;
    |

error[E0425]: cannot find function `libstd_stamp` in this scope
   --> standalonex/src/bootstrap/src/core/build_steps/clippy.rs:136:14
    |
136 |             &libstd_stamp(builder, compiler, target),
    |              ^^^^^^^^^^^^ not found in this scope
    |
note: function `crate::check::libstd_stamp` exists but is inaccessible
   --> standalonex/src/bootstrap/src/core/build_steps/check.rs:471:1
    |
471 | fn libstd_stamp(builder: &Builder<'_>, compiler: Compiler, target: TargetSelection) -> PathBuf {
    | ^^^^^^^^^^^^^^^^^^^^^^^^^^^^^^^^^^^^^^^^^^^^^^^^^^^^^^^^^^^^^^^^^^^^^^^^^^^^^^^^^^^^^^^^^^^^^^ not accessible
help: consider importing this function
    |
  4 + use crate::core::build_steps::compile_modules::libstd_stamp::libstd_stamp;
    |

error[E0412]: cannot find type `Rustc` in this scope
   --> standalonex/src/bootstrap/src/core/build_steps/clippy.rs:146:15
    |
146 | impl Step for Rustc<LintConfig> {
    |               ^^^^^ not found in this scope
    |
help: consider importing one of these structs
    |
  4 + use crate::clean::Rustc;
    |
  4 + use crate::core::build_steps::compile_modules::rustc::Rustc;
    |
  4 + use crate::core::types::Rustc;
    |
  4 + use crate::dist::Rustc;
    |
    = and 2 other candidates

error[E0412]: cannot find type `LintConfig` in this scope
   --> standalonex/src/bootstrap/src/core/build_steps/clippy.rs:146:21
    |
146 | impl Step for Rustc<LintConfig> {
    |                     ^^^^^^^^^^
    |
   ::: standalonex/src/bootstrap/src/core/builder/mod.rs:116:1
    |
116 | pub struct RunConfig<'a> {
    | ------------------------ similarly named struct `RunConfig` defined here
    |
help: a struct with a similar name exists
    |
146 - impl Step for Rustc<LintConfig> {
146 + impl Step for Rustc<RunConfig> {
    |
help: consider importing this struct
    |
  4 + use crate::core::types::LintConfig;
    |

error[E0405]: cannot find trait `RustcTaskConfig` in this scope
   --> standalonex/src/bootstrap/src/core/build_steps/clippy.rs:157:37
    |
157 |         let config = <LintConfig as RustcTaskConfig>::default_config(run.builder);
    |                                     ^^^^^^^^^^^^^^^ not found in this scope
    |
help: consider importing this trait
    |
  4 + use crate::core::types::RustcTaskConfig;
    |

error[E0412]: cannot find type `LintConfig` in this scope
   --> standalonex/src/bootstrap/src/core/build_steps/clippy.rs:157:23
    |
157 |         let config = <LintConfig as RustcTaskConfig>::default_config(run.builder);
    |                       ^^^^^^^^^^
    |
   ::: standalonex/src/bootstrap/src/core/builder/mod.rs:116:1
    |
116 | pub struct RunConfig<'a> {
    | ------------------------ similarly named struct `RunConfig` defined here
    |
help: a struct with a similar name exists
    |
157 -         let config = <LintConfig as RustcTaskConfig>::default_config(run.builder);
157 +         let config = <RunConfig as RustcTaskConfig>::default_config(run.builder);
    |
help: consider importing this struct
    |
  4 + use crate::core::types::LintConfig;
    |

error[E0422]: cannot find struct, variant or union type `Rustc` in this scope
   --> standalonex/src/bootstrap/src/core/build_steps/clippy.rs:158:28
    |
158 |         run.builder.ensure(Rustc { target: run.target, crates, config });
    |                            ^^^^^ not found in this scope
    |
help: consider importing one of these items
    |
  4 + use crate::GitRepo::Rustc;
    |
  4 + use crate::Mode::Rustc;
    |
  4 + use crate::clean::Rustc;
    |
  4 + use crate::core::build_steps::compile_modules::rustc::Rustc;
    |
    = and 4 other candidates

error[E0433]: failed to resolve: could not find `Std` in `compile`
   --> standalonex/src/bootstrap/src/core/build_steps/clippy.rs:175:37
    |
175 |             builder.ensure(compile::Std::new(compiler, compiler.host));
    |                                     ^^^ could not find `Std` in `compile`
    |
help: consider importing one of these structs
    |
  4 + use crate::clean::Std;
    |
  4 + use crate::core::build_steps::compile_modules::std::Std;
    |
  4 + use crate::core::types::Std;
    |
  4 + use crate::dist::Std;
    |
    = and 2 other candidates
help: if you import `Std`, refer to it directly
    |
175 -             builder.ensure(compile::Std::new(compiler, compiler.host));
175 +             builder.ensure(Std::new(compiler, compiler.host));
    |

error[E0433]: failed to resolve: could not find `Std` in `compile`
   --> standalonex/src/bootstrap/src/core/build_steps/clippy.rs:176:37
    |
176 |             builder.ensure(compile::Std::new(compiler, target));
    |                                     ^^^ could not find `Std` in `compile`
    |
help: consider importing one of these structs
    |
  4 + use crate::clean::Std;
    |
  4 + use crate::core::build_steps::compile_modules::std::Std;
    |
  4 + use crate::core::types::Std;
    |
  4 + use crate::dist::Std;
    |
    = and 2 other candidates
help: if you import `Std`, refer to it directly
    |
176 -             builder.ensure(compile::Std::new(compiler, target));
176 +             builder.ensure(Std::new(compiler, target));
    |

error[E0433]: failed to resolve: could not find `Std` in `check`
   --> standalonex/src/bootstrap/src/core/build_steps/clippy.rs:178:35
    |
178 |             builder.ensure(check::Std::new_with_build_kind(target, Some(Kind::Check)));
    |                                   ^^^ could not find `Std` in `check`
    |
help: consider importing one of these structs
    |
  4 + use crate::clean::Std;
    |
  4 + use crate::core::build_steps::compile_modules::std::Std;
    |
  4 + use crate::core::types::Std;
    |
  4 + use crate::dist::Std;
    |
    = and 2 other candidates
help: if you import `Std`, refer to it directly
    |
178 -             builder.ensure(check::Std::new_with_build_kind(target, Some(Kind::Check)));
178 +             builder.ensure(Std::new_with_build_kind(target, Some(Kind::Check)));
    |

error[E0425]: cannot find function `rustc_cargo` in this scope
   --> standalonex/src/bootstrap/src/core/build_steps/clippy.rs:190:9
    |
190 |         rustc_cargo(builder, &mut cargo, target, &compiler, &self.crates);
    |         ^^^^^^^^^^^ not found in this scope
    |
help: consider importing this function
    |
  4 + use crate::core::build_steps::compile_modules::rustc_cargo::rustc_cargo;
    |

error[E0425]: cannot find function `run_cargo` in this scope
   --> standalonex/src/bootstrap/src/core/build_steps/clippy.rs:202:9
    |
202 |         run_cargo(
    |         ^^^^^^^^^ not found in this scope
    |
help: consider importing this function
    |
  4 + use crate::core::build_steps::compile_modules::run_cargo::run_cargo;
    |

error[E0425]: cannot find function `librustc_stamp` in this scope
   --> standalonex/src/bootstrap/src/core/build_steps/clippy.rs:206:14
    |
206 |             &librustc_stamp(builder, compiler, target),
    |              ^^^^^^^^^^^^^^ not found in this scope
    |
note: function `crate::check::librustc_stamp` exists but is inaccessible
   --> standalonex/src/bootstrap/src/core/build_steps/check.rs:487:1
    |
487 | fn librustc_stamp(builder: &Builder<'_>, compiler: Compiler, target: TargetSelection) -> PathBuf {
    | ^^^^^^^^^^^^^^^^^^^^^^^^^^^^^^^^^^^^^^^^^^^^^^^^^^^^^^^^^^^^^^^^^^^^^^^^^^^^^^^^^^^^^^^^^^^^^^^^ not accessible
help: consider importing this function
    |
  4 + use crate::core::build_steps::compile_modules::librustc_stamp::librustc_stamp;
    |

error[E0412]: cannot find type `LintConfig` in this scope
   --> standalonex/src/bootstrap/src/core/build_steps/clippy.rs:225:21
    |
225 |               config: LintConfig,
    |                       ^^^^^^^^^^
...
289 | / lint_any!(
290 | |     Bootstrap, "src/bootstrap", "bootstrap";
291 | |     BuildHelper, "src/build_helper", "build_helper";
292 | |     BuildManifest, "src/tools/build-manifest", "build-manifest";
...   |
313 | |     TestFloatParse, "src/etc/test-float-parse", "test-float-parse";
314 | | );
    | |_- in this macro invocation
    |
   ::: standalonex/src/bootstrap/src/core/builder/mod.rs:116:1
    |
116 |   pub struct RunConfig<'a> {
    |   ------------------------ similarly named struct `RunConfig` defined here
    |
    = note: this error originates in the macro `lint_any` (in Nightly builds, run with -Z macro-backtrace for more info)
help: a struct with a similar name exists
    |
225 -             config: LintConfig,
225 +             config: RunConfig,
    |
help: consider importing this struct
    |
  4 + use crate::core::types::LintConfig;
    |

error[E0433]: failed to resolve: use of undeclared type `LintConfig`
   --> standalonex/src/bootstrap/src/core/build_steps/clippy.rs:237:30
    |
237 |                   let config = LintConfig::new(run.builder);
    |                                ^^^^^^^^^^ use of undeclared type `LintConfig`
...
289 | / lint_any!(
290 | |     Bootstrap, "src/bootstrap", "bootstrap";
291 | |     BuildHelper, "src/build_helper", "build_helper";
292 | |     BuildManifest, "src/tools/build-manifest", "build-manifest";
...   |
313 | |     TestFloatParse, "src/etc/test-float-parse", "test-float-parse";
314 | | );
    | |_- in this macro invocation
    |
    = note: this error originates in the macro `lint_any` (in Nightly builds, run with -Z macro-backtrace for more info)
help: a struct with a similar name exists
    |
237 -                 let config = LintConfig::new(run.builder);
237 +                 let config = RunConfig::new(run.builder);
    |
help: consider importing this struct
    |
  4 + use crate::core::types::LintConfig;
    |

error[E0433]: failed to resolve: could not find `Rustc` in `check`
   --> standalonex/src/bootstrap/src/core/build_steps/clippy.rs:248:39
    |
248 |                   builder.ensure(check::Rustc::new_with_build_kind(target, builder, Some(Kind::Check)));
    |                                         ^^^^^ could not find `Rustc` in `check`
...
289 | / lint_any!(
290 | |     Bootstrap, "src/bootstrap", "bootstrap";
291 | |     BuildHelper, "src/build_helper", "build_helper";
292 | |     BuildManifest, "src/tools/build-manifest", "build-manifest";
...   |
313 | |     TestFloatParse, "src/etc/test-float-parse", "test-float-parse";
314 | | );
    | |_- in this macro invocation
    |
    = note: this error originates in the macro `lint_any` (in Nightly builds, run with -Z macro-backtrace for more info)
help: consider importing one of these structs
    |
  4 + use crate::clean::Rustc;
    |
  4 + use crate::core::build_steps::compile_modules::rustc::Rustc;
    |
  4 + use crate::core::types::Rustc;
    |
  4 + use crate::dist::Rustc;
    |
    = and 2 other candidates

error[E0425]: cannot find function `run_cargo` in this scope
   --> standalonex/src/bootstrap/src/core/build_steps/clippy.rs:274:17
    |
274 |                   run_cargo(
    |                   ^^^^^^^^^ not found in this scope
...
289 | / lint_any!(
290 | |     Bootstrap, "src/bootstrap", "bootstrap";
291 | |     BuildHelper, "src/build_helper", "build_helper";
292 | |     BuildManifest, "src/tools/build-manifest", "build-manifest";
...   |
313 | |     TestFloatParse, "src/etc/test-float-parse", "test-float-parse";
314 | | );
    | |_- in this macro invocation
    |
    = note: this error originates in the macro `lint_any` (in Nightly builds, run with -Z macro-backtrace for more info)
help: consider importing this function
    |
  4 + use crate::core::build_steps::compile_modules::run_cargo::run_cargo;
    |

error[E0412]: cannot find type `LintConfig` in this scope
   --> standalonex/src/bootstrap/src/core/build_steps/clippy.rs:319:13
    |
319 |     config: LintConfig,
    |             ^^^^^^^^^^
    |
   ::: standalonex/src/bootstrap/src/core/builder/mod.rs:116:1
    |
116 | pub struct RunConfig<'a> {
    | ------------------------ similarly named struct `RunConfig` defined here
    |
help: a struct with a similar name exists
    |
319 -     config: LintConfig,
319 +     config: RunConfig,
    |
help: consider importing this struct
    |
  4 + use crate::core::types::LintConfig;
    |

error[E0433]: failed to resolve: use of undeclared type `LintConfig`
   --> standalonex/src/bootstrap/src/core/build_steps/clippy.rs:331:22
    |
331 |         let config = LintConfig::new(run.builder);
    |                      ^^^^^^^^^^ use of undeclared type `LintConfig`
    |
help: a struct with a similar name exists
    |
331 -         let config = LintConfig::new(run.builder);
331 +         let config = RunConfig::new(run.builder);
    |
help: consider importing this struct
    |
  4 + use crate::core::types::LintConfig;
    |

error[E0422]: cannot find struct, variant or union type `LintConfig` in this scope
   --> standalonex/src/bootstrap/src/core/build_steps/clippy.rs:338:40
    |
338 |             config: self.config.merge(&LintConfig {
    |                                        ^^^^^^^^^^
    |
   ::: standalonex/src/bootstrap/src/core/builder/mod.rs:116:1
    |
116 | pub struct RunConfig<'a> {
    | ------------------------ similarly named struct `RunConfig` defined here
    |
help: a struct with a similar name exists
    |
338 -             config: self.config.merge(&LintConfig {
338 +             config: self.config.merge(&RunConfig {
    |
help: consider importing this struct
    |
  4 + use crate::core::types::LintConfig;
    |

error[E0422]: cannot find struct, variant or union type `LintConfig` in this scope
   --> standalonex/src/bootstrap/src/core/build_steps/clippy.rs:345:34
    |
345 |         let library_clippy_cfg = LintConfig {
    |                                  ^^^^^^^^^^
    |
   ::: standalonex/src/bootstrap/src/core/builder/mod.rs:116:1
    |
116 | pub struct RunConfig<'a> {
    | ------------------------ similarly named struct `RunConfig` defined here
    |
help: a struct with a similar name exists
    |
345 -         let library_clippy_cfg = LintConfig {
345 +         let library_clippy_cfg = RunConfig {
    |
help: consider importing this struct
    |
  4 + use crate::core::types::LintConfig;
    |

error[E0422]: cannot find struct, variant or union type `LintConfig` in this scope
   --> standalonex/src/bootstrap/src/core/build_steps/clippy.rs:351:35
    |
351 |         let compiler_clippy_cfg = LintConfig {
    |                                   ^^^^^^^^^^
    |
   ::: standalonex/src/bootstrap/src/core/builder/mod.rs:116:1
    |
116 | pub struct RunConfig<'a> {
    | ------------------------ similarly named struct `RunConfig` defined here
    |
help: a struct with a similar name exists
    |
351 -         let compiler_clippy_cfg = LintConfig {
351 +         let compiler_clippy_cfg = RunConfig {
    |
help: consider importing this struct
    |
  4 + use crate::core::types::LintConfig;
    |

error[E0422]: cannot find struct, variant or union type `Std` in this scope
   --> standalonex/src/bootstrap/src/core/build_steps/clippy.rs:358:24
    |
358 |         builder.ensure(Std {
    |                        ^^^ not found in this scope
    |
help: consider importing one of these items
    |
  4 + use crate::Mode::Std;
    |
  4 + use crate::clean::Std;
    |
  4 + use crate::core::build_steps::compile_modules::std::Std;
    |
  4 + use crate::core::types::Std;
    |
    = and 3 other candidates

error[E0422]: cannot find struct, variant or union type `Rustc` in this scope
   --> standalonex/src/bootstrap/src/core/build_steps/clippy.rs:363:24
    |
363 |         builder.ensure(Rustc {
    |                        ^^^^^ not found in this scope
    |
help: consider importing one of these items
    |
  4 + use crate::GitRepo::Rustc;
    |
  4 + use crate::Mode::Rustc;
    |
  4 + use crate::clean::Rustc;
    |
  4 + use crate::core::build_steps::compile_modules::rustc::Rustc;
    |
    = and 4 other candidates

error[E0412]: cannot find type `Builder` in this scope
 --> standalonex/src/bootstrap/src/core/build_steps/compile_modules/add_to_sysroot.rs:9:15
  |
9 |     builder: &Builder<'_>,
  |               ^^^^^^^ not found in this scope
  |
help: consider importing one of these structs
  |
4 + use crate::Builder;
  |
4 + use std::thread::Builder;
  |
4 + use tar::Builder;
  |

error[E0412]: cannot find type `Path` in this scope
  --> standalonex/src/bootstrap/src/core/build_steps/compile_modules/add_to_sysroot.rs:10:19
   |
10 |     sysroot_dst: &Path,
   |                   ^^^^ not found in this scope
   |
help: consider importing one of these structs
   |
 4 + use crate::Path;
   |
 4 + use std::path::Path;
   |

error[E0412]: cannot find type `Path` in this scope
  --> standalonex/src/bootstrap/src/core/build_steps/compile_modules/add_to_sysroot.rs:11:24
   |
11 |     sysroot_host_dst: &Path,
   |                        ^^^^ not found in this scope
   |
help: consider importing one of these structs
   |
 4 + use crate::Path;
   |
 4 + use std::path::Path;
   |

error[E0412]: cannot find type `Path` in this scope
  --> standalonex/src/bootstrap/src/core/build_steps/compile_modules/add_to_sysroot.rs:12:13
   |
12 |     stamp: &Path,
   |             ^^^^ not found in this scope
   |
help: consider importing one of these structs
   |
 4 + use crate::Path;
   |
 4 + use std::path::Path;
   |

error[E0433]: failed to resolve: use of undeclared type `DependencyType`
  --> standalonex/src/bootstrap/src/core/build_steps/compile_modules/add_to_sysroot.rs:20:13
   |
20 |             DependencyType::Host => sysroot_host_dst,
   |             ^^^^^^^^^^^^^^ use of undeclared type `DependencyType`
   |
help: consider importing this enum
   |
 4 + use crate::DependencyType;
   |

error[E0433]: failed to resolve: use of undeclared type `DependencyType`
  --> standalonex/src/bootstrap/src/core/build_steps/compile_modules/add_to_sysroot.rs:21:13
   |
21 |             DependencyType::Target => sysroot_dst,
   |             ^^^^^^^^^^^^^^ use of undeclared type `DependencyType`
   |
help: consider importing this enum
   |
 4 + use crate::DependencyType;
   |

error[E0433]: failed to resolve: use of undeclared type `DependencyType`
  --> standalonex/src/bootstrap/src/core/build_steps/compile_modules/add_to_sysroot.rs:22:13
   |
22 |             DependencyType::TargetSelfContained => self_contained_dst,
   |             ^^^^^^^^^^^^^^ use of undeclared type `DependencyType`
   |
help: consider importing this enum
   |
 4 + use crate::DependencyType;
   |

error[E0412]: cannot find type `Builder` in this scope
 --> standalonex/src/bootstrap/src/core/build_steps/compile_modules/apple_darwin_sign_file.rs:4:37
  |
4 | fn apple_darwin_sign_file(builder: &Builder<'_>, file_path: &Path) {
  |                                     ^^^^^^^ not found in this scope
  |
help: consider importing one of these structs
  |
4 + use crate::Builder;
  |
4 + use std::thread::Builder;
  |
4 + use tar::Builder;
  |

error[E0412]: cannot find type `Path` in this scope
 --> standalonex/src/bootstrap/src/core/build_steps/compile_modules/apple_darwin_sign_file.rs:4:62
  |
4 | fn apple_darwin_sign_file(builder: &Builder<'_>, file_path: &Path) {
  |                                                              ^^^^ not found in this scope
  |
help: consider importing one of these structs
  |
4 + use crate::Path;
  |
4 + use std::path::Path;
  |

error[E0425]: cannot find function `command` in this scope
 --> standalonex/src/bootstrap/src/core/build_steps/compile_modules/apple_darwin_sign_file.rs:5:5
  |
5 |     command("codesign")
  |     ^^^^^^^ not found in this scope
  |
help: consider importing this function through its public re-export
  |
4 + use crate::command;
  |

error[E0412]: cannot find type `Builder` in this scope
 --> standalonex/src/bootstrap/src/core/build_steps/compile_modules/apple_darwin_update_library_name.rs:4:47
  |
4 | fn apple_darwin_update_library_name(builder: &Builder<'_>, library_path: &Path, new_name: &str) {
  |                                               ^^^^^^^ not found in this scope
  |
help: consider importing one of these structs
  |
4 + use crate::Builder;
  |
4 + use std::thread::Builder;
  |
4 + use tar::Builder;
  |

error[E0412]: cannot find type `Path` in this scope
 --> standalonex/src/bootstrap/src/core/build_steps/compile_modules/apple_darwin_update_library_name.rs:4:75
  |
4 | fn apple_darwin_update_library_name(builder: &Builder<'_>, library_path: &Path, new_name: &str) {
  |                                                                           ^^^^ not found in this scope
  |
help: consider importing one of these structs
  |
4 + use crate::Path;
  |
4 + use std::path::Path;
  |

error[E0425]: cannot find function `command` in this scope
 --> standalonex/src/bootstrap/src/core/build_steps/compile_modules/apple_darwin_update_library_name.rs:5:5
  |
5 |     command("install_name_tool").arg("-id").arg(new_name).arg(library_path).run(builder);
  |     ^^^^^^^ not found in this scope
  |
help: consider importing this function through its public re-export
  |
4 + use crate::command;
  |

error[E0412]: cannot find type `Compiler` in this scope
  --> standalonex/src/bootstrap/src/core/build_steps/compile_modules/assemble.rs:12:26
   |
12 |     pub target_compiler: Compiler,
   |                          ^^^^^^^^ not found in this scope
   |
help: consider importing this struct
   |
 6 + use crate::Compiler;
   |

error[E0405]: cannot find trait `Step` in this scope
  --> standalonex/src/bootstrap/src/core/build_steps/compile_modules/assemble.rs:15:6
   |
15 | impl Step for Assemble {
   |      ^^^^ not found in this scope
   |
help: consider importing one of these traits
   |
 6 + use crate::builder::Step;
   |
 6 + use std::range::Step;
   |

error[E0412]: cannot find type `Compiler` in this scope
  --> standalonex/src/bootstrap/src/core/build_steps/compile_modules/assemble.rs:16:19
   |
16 |     type Output = Compiler;
   |                   ^^^^^^^^ not found in this scope
   |
help: consider importing this struct
   |
 6 + use crate::Compiler;
   |

error[E0412]: cannot find type `ShouldRun` in this scope
  --> standalonex/src/bootstrap/src/core/build_steps/compile_modules/assemble.rs:19:24
   |
19 |     fn should_run(run: ShouldRun<'_>) -> ShouldRun<'_> {
   |                        ^^^^^^^^^ not found in this scope
   |
help: consider importing this struct
   |
 6 + use crate::builder::ShouldRun;
   |

error[E0412]: cannot find type `ShouldRun` in this scope
  --> standalonex/src/bootstrap/src/core/build_steps/compile_modules/assemble.rs:19:42
   |
19 |     fn should_run(run: ShouldRun<'_>) -> ShouldRun<'_> {
   |                                          ^^^^^^^^^ not found in this scope
   |
help: consider importing this struct
   |
 6 + use crate::builder::ShouldRun;
   |

error[E0412]: cannot find type `RunConfig` in this scope
  --> standalonex/src/bootstrap/src/core/build_steps/compile_modules/assemble.rs:23:22
   |
23 |     fn make_run(run: RunConfig<'_>) {
   |                      ^^^^^^^^^ not found in this scope
   |
help: consider importing this struct
   |
 6 + use crate::builder::RunConfig;
   |

error[E0412]: cannot find type `Builder` in this scope
  --> standalonex/src/bootstrap/src/core/build_steps/compile_modules/assemble.rs:34:28
   |
34 |     fn run(self, builder: &Builder<'_>) -> Compiler {
   |                            ^^^^^^^ not found in this scope
   |
help: consider importing one of these structs
   |
 6 + use crate::Builder;
   |
 6 + use std::thread::Builder;
   |
 6 + use tar::Builder;
   |

error[E0412]: cannot find type `Compiler` in this scope
  --> standalonex/src/bootstrap/src/core/build_steps/compile_modules/assemble.rs:34:44
   |
34 |     fn run(self, builder: &Builder<'_>) -> Compiler {
   |                                            ^^^^^^^^ not found in this scope
   |
help: consider importing this struct
   |
 6 + use crate::Compiler;
   |

error[E0433]: failed to resolve: use of unresolved module or unlinked crate `llvm`
  --> standalonex/src/bootstrap/src/core/build_steps/compile_modules/assemble.rs:54:32
   |
54 |                 builder.ensure(llvm::Llvm { target: target_compiler.host });
   |                                ^^^^ use of unresolved module or unlinked crate `llvm`
   |
   = help: if you wanted to use a crate named `llvm`, use `cargo add llvm` to add it to your `Cargo.toml`
help: consider importing one of these modules
   |
 6 + use crate::core::config::llvm;
   |
 6 + use crate::llvm;
   |

error[E0433]: failed to resolve: use of unresolved module or unlinked crate `llvm`
  --> standalonex/src/bootstrap/src/core/build_steps/compile_modules/assemble.rs:53:17
   |
53 |             let llvm::LlvmResult { llvm_config, .. } =
   |                 ^^^^ use of unresolved module or unlinked crate `llvm`
   |
   = help: if you wanted to use a crate named `llvm`, use `cargo add llvm` to add it to your `Cargo.toml`
help: consider importing this module through its public re-export
   |
 6 + use crate::llvm;
   |

error[E0425]: cannot find function `command` in this scope
  --> standalonex/src/bootstrap/src/core/build_steps/compile_modules/assemble.rs:57:21
   |
57 |                     command(llvm_config).arg("--bindir").run_capture_stdout(builder).stdout();
   |                     ^^^^^^^ not found in this scope
   |
help: consider importing this function through its public re-export
   |
 6 + use crate::command;
   |

error[E0433]: failed to resolve: use of undeclared type `Path`
  --> standalonex/src/bootstrap/src/core/build_steps/compile_modules/assemble.rs:58:36
   |
58 |                 let llvm_bin_dir = Path::new(llvm_bin_dir.trim());
   |                                    ^^^^ use of undeclared type `Path`
   |
help: consider importing one of these structs
   |
 6 + use crate::Path;
   |
 6 + use std::path::Path;
   |

error[E0425]: cannot find value `LLVM_TOOLS` in this scope
  --> standalonex/src/bootstrap/src/core/build_steps/compile_modules/assemble.rs:65:29
   |
65 |                 for tool in LLVM_TOOLS {
   |                             ^^^^^^^^^^ not found in this scope
   |
help: consider importing this constant
   |
 6 + use crate::LLVM_TOOLS;
   |

error[E0425]: cannot find function `exe` in this scope
  --> standalonex/src/bootstrap/src/core/build_steps/compile_modules/assemble.rs:66:36
   |
66 |                     let tool_exe = exe(tool, target_compiler.host);
   |                                    ^^^ not found in this scope
   |
help: consider importing one of these functions
   |
 6 + use crate::utils::helpers::exe;
   |
 6 + use crate::utils::shared_helpers::exe;
   |

error[E0425]: cannot find function `exe` in this scope
  --> standalonex/src/bootstrap/src/core/build_steps/compile_modules/assemble.rs:90:32
   |
90 |                 let tool_exe = exe("llvm-bitcode-linker", target_compiler.host);
   |                                ^^^ not found in this scope
   |
help: consider importing one of these functions
   |
 6 + use crate::utils::helpers::exe;
   |
 6 + use crate::utils::shared_helpers::exe;
   |

error[E0433]: failed to resolve: use of undeclared type `Std`
  --> standalonex/src/bootstrap/src/core/build_steps/compile_modules/assemble.rs:97:28
   |
97 |             builder.ensure(Std::new(target_compiler, target_compiler.host));
   |                            ^^^ use of undeclared type `Std`
   |
help: consider importing one of these structs
   |
 6 + use crate::clean::Std;
   |
 6 + use crate::core::build_steps::compile_modules::std::Std;
   |
 6 + use crate::core::types::Std;
   |
 6 + use crate::dist::Std;
   |
   = and 2 other candidates

error[E0422]: cannot find struct, variant or union type `Sysroot` in this scope
  --> standalonex/src/bootstrap/src/core/build_steps/compile_modules/assemble.rs:99:32
   |
99 |                 builder.ensure(Sysroot { compiler: target_compiler, force_recompile: false });
   |                                ^^^^^^^ not found in this scope
   |
help: consider importing this struct
   |
 6 + use crate::core::build_steps::compile_modules::sysroot::Sysroot;
   |

error[E0433]: failed to resolve: use of unresolved module or unlinked crate `dist`
   --> standalonex/src/bootstrap/src/core/build_steps/compile_modules/assemble.rs:102:13
    |
102 |             dist::maybe_install_llvm_target(builder, target_compiler.host, &sysroot);
    |             ^^^^ use of unresolved module or unlinked crate `dist`
    |
    = help: if you wanted to use a crate named `dist`, use `cargo add dist` to add it to your `Cargo.toml`
help: consider importing this module through its public re-export
    |
  6 + use crate::dist;
    |

error[E0433]: failed to resolve: use of unresolved module or unlinked crate `llvm`
   --> standalonex/src/bootstrap/src/core/build_steps/compile_modules/assemble.rs:130:33
    |
130 |             Some(builder.ensure(llvm::Enzyme { target: build_compiler.host }))
    |                                 ^^^^ use of unresolved module or unlinked crate `llvm`
    |
    = help: if you wanted to use a crate named `llvm`, use `cargo add llvm` to add it to your `Cargo.toml`
help: consider importing this module through its public re-export
    |
  6 + use crate::llvm;
    |

error[E0433]: failed to resolve: use of undeclared type `Rustc`
   --> standalonex/src/bootstrap/src/core/build_steps/compile_modules/assemble.rs:152:43
    |
152 |         let actual_stage = builder.ensure(Rustc::new(build_compiler, target_compiler.host));
    |                                           ^^^^^ use of undeclared type `Rustc`
    |
help: consider importing one of these structs
    |
  6 + use crate::clean::Rustc;
    |
  6 + use crate::core::build_steps::compile_modules::rustc::Rustc;
    |
  6 + use crate::core::types::Rustc;
    |
  6 + use crate::dist::Rustc;
    |
    = and 2 other candidates

error[E0422]: cannot find struct, variant or union type `CodegenBackend` in this scope
   --> standalonex/src/bootstrap/src/core/build_steps/compile_modules/assemble.rs:162:28
    |
162 |             builder.ensure(CodegenBackend {
    |                            ^^^^^^^^^^^^^^ not found in this scope
    |
help: consider importing one of these structs
    |
  6 + use crate::check::CodegenBackend;
    |
  6 + use crate::core::build_steps::compile_modules::codegen_backend::CodegenBackend;
    |
  6 + use crate::dist::CodegenBackend;
    |

error[E0433]: failed to resolve: use of unresolved module or unlinked crate `llvm`
   --> standalonex/src/bootstrap/src/core/build_steps/compile_modules/assemble.rs:170:33
    |
170 |             Some(builder.ensure(llvm::Lld { target: target_compiler.host }))
    |                                 ^^^^ use of unresolved module or unlinked crate `llvm`
    |
    = help: if you wanted to use a crate named `llvm`, use `cargo add llvm` to add it to your `Cargo.toml`
help: consider importing this module through its public re-export
    |
  6 + use crate::llvm;
    |

error[E0425]: cannot find function `librustc_stamp` in this scope
   --> standalonex/src/bootstrap/src/core/build_steps/compile_modules/assemble.rs:192:21
    |
192 |         let stamp = librustc_stamp(builder, build_compiler, target_compiler.host);
    |                     ^^^^^^^^^^^^^^ not found in this scope
    |
note: function `crate::check::librustc_stamp` exists but is inaccessible
   --> standalonex/src/bootstrap/src/core/build_steps/check.rs:487:1
    |
487 | fn librustc_stamp(builder: &Builder<'_>, compiler: Compiler, target: TargetSelection) -> PathBuf {
    | ^^^^^^^^^^^^^^^^^^^^^^^^^^^^^^^^^^^^^^^^^^^^^^^^^^^^^^^^^^^^^^^^^^^^^^^^^^^^^^^^^^^^^^^^^^^^^^^^ not accessible
help: consider importing this function
    |
  6 + use crate::core::build_steps::compile_modules::librustc_stamp::librustc_stamp;
    |

error[E0433]: failed to resolve: use of undeclared type `DependencyType`
   --> standalonex/src/bootstrap/src/core/build_steps/compile_modules/assemble.rs:197:39
    |
197 |                 if dependency_type == DependencyType::Host {
    |                                       ^^^^^^^^^^^^^^ use of undeclared type `DependencyType`
    |
help: consider importing this enum
    |
  6 + use crate::DependencyType;
    |

error[E0412]: cannot find type `HashSet` in this scope
   --> standalonex/src/bootstrap/src/core/build_steps/compile_modules/assemble.rs:203:24
    |
203 |             .collect::<HashSet<_>>();
    |                        ^^^^^^^ not found in this scope
    |
help: consider importing one of these structs
    |
  6 + use crate::HashSet;
    |
  6 + use std::collections::HashSet;
    |

error[E0425]: cannot find function `is_dylib` in this scope
   --> standalonex/src/bootstrap/src/core/build_steps/compile_modules/assemble.rs:213:37
    |
213 |             let is_dylib_or_debug = is_dylib(&f.path()) || is_debug_info(&filename);
    |                                     ^^^^^^^^ not found in this scope
    |
help: consider importing this function
    |
  6 + use crate::utils::helpers::is_dylib;
    |

error[E0425]: cannot find function `is_debug_info` in this scope
   --> standalonex/src/bootstrap/src/core/build_steps/compile_modules/assemble.rs:213:60
    |
213 |             let is_dylib_or_debug = is_dylib(&f.path()) || is_debug_info(&filename);
    |                                                            ^^^^^^^^^^^^^ not found in this scope
    |
help: consider importing this function
    |
  6 + use crate::utils::helpers::is_debug_info;
    |

error[E0425]: cannot find function `exe` in this scope
   --> standalonex/src/bootstrap/src/core/build_steps/compile_modules/assemble.rs:236:27
    |
236 |             let src_exe = exe("lld", target_compiler.host);
    |                           ^^^ not found in this scope
    |
help: consider importing one of these functions
    |
  6 + use crate::utils::helpers::exe;
    |
  6 + use crate::utils::shared_helpers::exe;
    |

error[E0425]: cannot find function `exe` in this scope
   --> standalonex/src/bootstrap/src/core/build_steps/compile_modules/assemble.rs:237:27
    |
237 |             let dst_exe = exe("rust-lld", target_compiler.host);
    |                           ^^^ not found in this scope
    |
help: consider importing one of these functions
    |
  6 + use crate::utils::helpers::exe;
    |
  6 + use crate::utils::shared_helpers::exe;
    |

error[E0425]: cannot find function `exe` in this scope
   --> standalonex/src/bootstrap/src/core/build_steps/compile_modules/assemble.rs:248:50
    |
248 |                     &self_contained_lld_dir.join(exe(name, target_compiler.host)),
    |                                                  ^^^ not found in this scope
    |
help: consider importing one of these functions
    |
  6 + use crate::utils::helpers::exe;
    |
  6 + use crate::utils::shared_helpers::exe;
    |

error[E0425]: cannot find function `exe` in this scope
   --> standalonex/src/bootstrap/src/core/build_steps/compile_modules/assemble.rs:260:27
    |
260 |             let src_exe = exe("llvm-objcopy", target_compiler.host);
    |                           ^^^ not found in this scope
    |
help: consider importing one of these functions
    |
  6 + use crate::utils::helpers::exe;
    |
  6 + use crate::utils::shared_helpers::exe;
    |

error[E0425]: cannot find function `exe` in this scope
   --> standalonex/src/bootstrap/src/core/build_steps/compile_modules/assemble.rs:261:27
    |
261 |             let dst_exe = exe("rust-objcopy", target_compiler.host);
    |                           ^^^ not found in this scope
    |
help: consider importing one of these functions
    |
  6 + use crate::utils::helpers::exe;
    |
  6 + use crate::utils::shared_helpers::exe;
    |

error[E0433]: failed to resolve: use of unresolved module or unlinked crate `dist`
   --> standalonex/src/bootstrap/src/core/build_steps/compile_modules/assemble.rs:286:9
    |
286 |         dist::maybe_install_llvm_runtime(builder, target_compiler.host, &sysroot);
    |         ^^^^ use of unresolved module or unlinked crate `dist`
    |
    = help: if you wanted to use a crate named `dist`, use `cargo add dist` to add it to your `Cargo.toml`
help: consider importing this module through its public re-export
    |
  6 + use crate::dist;
    |

error[E0433]: failed to resolve: use of unresolved module or unlinked crate `dist`
   --> standalonex/src/bootstrap/src/core/build_steps/compile_modules/assemble.rs:287:9
    |
287 |         dist::maybe_install_llvm_target(builder, target_compiler.host, &sysroot);
    |         ^^^^ use of unresolved module or unlinked crate `dist`
    |
    = help: if you wanted to use a crate named `dist`, use `cargo add dist` to add it to your `Cargo.toml`
help: consider importing this module through its public re-export
    |
  6 + use crate::dist;
    |

error[E0433]: failed to resolve: use of undeclared type `Mode`
   --> standalonex/src/bootstrap/src/core/build_steps/compile_modules/assemble.rs:290:57
    |
290 |         let out_dir = builder.cargo_out(build_compiler, Mode::Rustc, host);
    |                                                         ^^^^ use of undeclared type `Mode`
    |
help: consider importing one of these enums
    |
  6 + use crate::Mode;
    |
  6 + use xz2::stream::Mode;
    |

error[E0425]: cannot find function `exe` in this scope
   --> standalonex/src/bootstrap/src/core/build_steps/compile_modules/assemble.rs:291:34
    |
291 |         let rustc = out_dir.join(exe("rustc-main", host));
    |                                  ^^^ not found in this scope
    |
help: consider importing one of these functions
    |
  6 + use crate::utils::helpers::exe;
    |
  6 + use crate::utils::shared_helpers::exe;
    |

error[E0412]: cannot find type `Cow` in this scope
 --> standalonex/src/bootstrap/src/core/build_steps/compile_modules/cargo_message.rs:7:39
  |
7 |     CompilerArtifact { filenames: Vec<Cow<'a, str>>, target: CargoTarget<'a> },
  |                                       ^^^ not found in this scope
  |
help: consider importing this enum
  |
4 + use std::borrow::Cow;
  |

error[E0412]: cannot find type `CargoTarget` in this scope
 --> standalonex/src/bootstrap/src/core/build_steps/compile_modules/cargo_message.rs:7:62
  |
7 |     CompilerArtifact { filenames: Vec<Cow<'a, str>>, target: CargoTarget<'a> },
  |                                                              ^^^^^^^^^^^ not found in this scope
  |
help: consider importing this struct
  |
4 + use crate::core::build_steps::compile_modules::cargo_target::CargoTarget;
  |

error[E0412]: cannot find type `Cow` in this scope
 --> standalonex/src/bootstrap/src/core/build_steps/compile_modules/cargo_target.rs:6:22
  |
6 |     crate_types: Vec<Cow<'a, str>>,
  |                      ^^^ not found in this scope
  |
help: consider importing this enum
  |
4 + use std::borrow::Cow;
  |

error[E0412]: cannot find type `Builder` in this scope
 --> standalonex/src/bootstrap/src/core/build_steps/compile_modules/codegen_backend_stamp.rs:7:15
  |
7 |     builder: &Builder<'_>,
  |               ^^^^^^^ not found in this scope
  |
help: consider importing one of these structs
  |
4 + use crate::Builder;
  |
4 + use std::thread::Builder;
  |
4 + use tar::Builder;
  |

error[E0412]: cannot find type `Compiler` in this scope
 --> standalonex/src/bootstrap/src/core/build_steps/compile_modules/codegen_backend_stamp.rs:8:15
  |
8 |     compiler: Compiler,
  |               ^^^^^^^^ not found in this scope
  |
help: consider importing this struct
  |
4 + use crate::Compiler;
  |

error[E0412]: cannot find type `TargetSelection` in this scope
 --> standalonex/src/bootstrap/src/core/build_steps/compile_modules/codegen_backend_stamp.rs:9:13
  |
9 |     target: TargetSelection,
  |             ^^^^^^^^^^^^^^^ not found in this scope
  |
help: consider importing one of these structs
  |
4 + use crate::TargetSelection;
  |
4 + use bootstrap_config_utils::target_selection::TargetSelection;
  |

error[E0412]: cannot find type `PathBuf` in this scope
  --> standalonex/src/bootstrap/src/core/build_steps/compile_modules/codegen_backend_stamp.rs:11:6
   |
11 | ) -> PathBuf {
   |      ^^^^^^^ not found in this scope
   |
help: consider importing one of these structs
   |
 4 + use crate::PathBuf;
   |
 4 + use std::path::PathBuf;
   |

error[E0433]: failed to resolve: use of undeclared type `Mode`
  --> standalonex/src/bootstrap/src/core/build_steps/compile_modules/codegen_backend_stamp.rs:13:30
   |
13 |         .cargo_out(compiler, Mode::Codegen, target)
   |                              ^^^^ use of undeclared type `Mode`
   |
help: consider importing one of these enums
   |
 4 + use crate::Mode;
   |
 4 + use xz2::stream::Mode;
   |

error[E0412]: cannot find type `TargetSelection` in this scope
 --> standalonex/src/bootstrap/src/core/build_steps/compile_modules/codegen_backend.rs:6:17
  |
6 |     pub target: TargetSelection,
  |                 ^^^^^^^^^^^^^^^ not found in this scope
  |
help: consider importing one of these structs
  |
4 + use crate::TargetSelection;
  |
4 + use bootstrap_config_utils::target_selection::TargetSelection;
  |

error[E0412]: cannot find type `Compiler` in this scope
 --> standalonex/src/bootstrap/src/core/build_steps/compile_modules/codegen_backend.rs:7:19
  |
7 |     pub compiler: Compiler,
  |                   ^^^^^^^^ not found in this scope
  |
help: consider importing this struct
  |
4 + use crate::Compiler;
  |

error[E0412]: cannot find type `RunConfig` in this scope
  --> standalonex/src/bootstrap/src/core/build_steps/compile_modules/codegen_backend.rs:11:31
   |
11 | fn needs_codegen_config(run: &RunConfig<'_>) -> bool {
   |                               ^^^^^^^^^ not found in this scope
   |
help: consider importing this struct
   |
 4 + use crate::builder::RunConfig;
   |

error[E0433]: failed to resolve: use of undeclared type `PathSet`
  --> standalonex/src/bootstrap/src/core/build_steps/compile_modules/codegen_backend.rs:15:13
   |
15 |             PathSet::Set(set) => set.iter().any(|p| is_codegen_cfg_needed(p, run)),
   |             ^^^^^^^ use of undeclared type `PathSet`
   |
help: consider importing this enum through its public re-export
   |
 4 + use crate::PathSet;
   |

error[E0433]: failed to resolve: use of undeclared type `PathSet`
  --> standalonex/src/bootstrap/src/core/build_steps/compile_modules/codegen_backend.rs:16:13
   |
16 |             PathSet::Suite(suite) => is_codegen_cfg_needed(suite, run),
   |             ^^^^^^^ use of undeclared type `PathSet`
   |
help: consider importing this enum through its public re-export
   |
 4 + use crate::PathSet;
   |

error[E0412]: cannot find type `TaskPath` in this scope
  --> standalonex/src/bootstrap/src/core/build_steps/compile_modules/codegen_backend.rs:24:33
   |
24 | fn is_codegen_cfg_needed(path: &TaskPath, run: &RunConfig<'_>) -> bool {
   |                                 ^^^^^^^^ not found in this scope
   |
help: consider importing this struct
   |
 4 + use crate::builder::TaskPath;
   |

error[E0412]: cannot find type `RunConfig` in this scope
  --> standalonex/src/bootstrap/src/core/build_steps/compile_modules/codegen_backend.rs:24:49
   |
24 | fn is_codegen_cfg_needed(path: &TaskPath, run: &RunConfig<'_>) -> bool {
   |                                                 ^^^^^^^^^ not found in this scope
   |
help: consider importing this struct
   |
 4 + use crate::builder::RunConfig;
   |

error[E0433]: failed to resolve: use of undeclared type `Kind`
  --> standalonex/src/bootstrap/src/core/build_steps/compile_modules/codegen_backend.rs:28:46
   |
28 |     let should_enforce = run.builder.kind == Kind::Dist || run.builder.kind == Kind::Install;
   |                                              ^^^^ use of undeclared type `Kind`
   |
help: consider importing this enum through its public re-export
   |
 4 + use crate::Kind;
   |

error[E0433]: failed to resolve: use of undeclared type `Kind`
  --> standalonex/src/bootstrap/src/core/build_steps/compile_modules/codegen_backend.rs:28:80
   |
28 |     let should_enforce = run.builder.kind == Kind::Dist || run.builder.kind == Kind::Install;
   |                                                                                ^^^^ use of undeclared type `Kind`
   |
help: consider importing this enum through its public re-export
   |
 4 + use crate::Kind;
   |

error[E0433]: failed to resolve: use of undeclared type `PathBuf`
  --> standalonex/src/bootstrap/src/core/build_steps/compile_modules/codegen_backend.rs:37:35
   |
37 |         if (is_explicitly_called(&PathBuf::from(path)) || should_enforce) 
   |                                   ^^^^^^^ use of undeclared type `PathBuf`
   |
help: consider importing one of these structs
   |
 4 + use crate::PathBuf;
   |
 4 + use std::path::PathBuf;
   |

error[E0405]: cannot find trait `Step` in this scope
  --> standalonex/src/bootstrap/src/core/build_steps/compile_modules/codegen_backend.rs:50:6
   |
50 | impl Step for CodegenBackend {
   |      ^^^^ not found in this scope
   |
help: consider importing one of these traits
   |
 4 + use crate::builder::Step;
   |
 4 + use std::range::Step;
   |

error[E0412]: cannot find type `ShouldRun` in this scope
  --> standalonex/src/bootstrap/src/core/build_steps/compile_modules/codegen_backend.rs:56:24
   |
56 |     fn should_run(run: ShouldRun<'_>) -> ShouldRun<'_> {
   |                        ^^^^^^^^^ not found in this scope
   |
help: consider importing this struct
   |
 4 + use crate::builder::ShouldRun;
   |

error[E0412]: cannot find type `ShouldRun` in this scope
  --> standalonex/src/bootstrap/src/core/build_steps/compile_modules/codegen_backend.rs:56:42
   |
56 |     fn should_run(run: ShouldRun<'_>) -> ShouldRun<'_> {
   |                                          ^^^^^^^^^ not found in this scope
   |
help: consider importing this struct
   |
 4 + use crate::builder::ShouldRun;
   |

error[E0412]: cannot find type `RunConfig` in this scope
  --> standalonex/src/bootstrap/src/core/build_steps/compile_modules/codegen_backend.rs:60:22
   |
60 |     fn make_run(run: RunConfig<'_>) {
   |                      ^^^^^^^^^ not found in this scope
   |
help: consider importing this struct
   |
 4 + use crate::builder::RunConfig;
   |

error[E0412]: cannot find type `Builder` in this scope
  --> standalonex/src/bootstrap/src/core/build_steps/compile_modules/codegen_backend.rs:78:28
   |
78 |     fn run(self, builder: &Builder<'_>) {
   |                            ^^^^^^^ not found in this scope
   |
help: consider importing one of these structs
   |
 4 + use crate::Builder;
   |
 4 + use std::thread::Builder;
   |
 4 + use tar::Builder;
   |

error[E0433]: failed to resolve: use of undeclared type `Rustc`
  --> standalonex/src/bootstrap/src/core/build_steps/compile_modules/codegen_backend.rs:83:24
   |
83 |         builder.ensure(Rustc::new(compiler, target));
   |                        ^^^^^ use of undeclared type `Rustc`
   |
help: consider importing one of these structs
   |
 4 + use crate::clean::Rustc;
   |
 4 + use crate::core::build_steps::compile_modules::rustc::Rustc;
   |
 4 + use crate::core::types::Rustc;
   |
 4 + use crate::dist::Rustc;
   |
   = and 2 other candidates

error[E0433]: failed to resolve: use of undeclared type `Mode`
  --> standalonex/src/bootstrap/src/core/build_steps/compile_modules/codegen_backend.rs:98:51
   |
98 |         let out_dir = builder.cargo_out(compiler, Mode::Codegen, target);
   |                                                   ^^^^ use of undeclared type `Mode`
   |
help: consider importing one of these enums
   |
 4 + use crate::Mode;
   |
 4 + use xz2::stream::Mode;
   |

error[E0433]: failed to resolve: use of unresolved module or unlinked crate `builder`
   --> standalonex/src/bootstrap/src/core/build_steps/compile_modules/codegen_backend.rs:100:25
    |
100 |         let mut cargo = builder::Cargo::new(
    |                         ^^^^^^^ use of unresolved module or unlinked crate `builder`
    |
    = help: if you wanted to use a crate named `builder`, use `cargo add builder` to add it to your `Cargo.toml`
help: consider importing one of these structs
    |
  4 + use crate::builder::Cargo;
    |
  4 + use crate::core::build_steps::test_split::cargo::Cargo;
    |
  4 + use crate::dist::Cargo;
    |
  4 + use crate::doc::Cargo;
    |
    = and 2 other candidates
help: if you import `Cargo`, refer to it directly
    |
100 -         let mut cargo = builder::Cargo::new(
100 +         let mut cargo = Cargo::new(
    |

error[E0433]: failed to resolve: use of undeclared type `Mode`
   --> standalonex/src/bootstrap/src/core/build_steps/compile_modules/codegen_backend.rs:103:13
    |
103 |             Mode::Codegen,
    |             ^^^^ use of undeclared type `Mode`
    |
help: consider importing one of these enums
    |
  4 + use crate::Mode;
    |
  4 + use xz2::stream::Mode;
    |

error[E0433]: failed to resolve: use of undeclared type `SourceType`
   --> standalonex/src/bootstrap/src/core/build_steps/compile_modules/codegen_backend.rs:104:13
    |
104 |             SourceType::InTree,
    |             ^^^^^^^^^^ use of undeclared type `SourceType`
    |
help: consider importing this enum
    |
  4 + use crate::tool::SourceType;
    |

error[E0433]: failed to resolve: use of undeclared type `Kind`
   --> standalonex/src/bootstrap/src/core/build_steps/compile_modules/codegen_backend.rs:106:13
    |
106 |             Kind::Build,
    |             ^^^^ use of undeclared type `Kind`
    |
help: consider importing this enum through its public re-export
    |
  4 + use crate::Kind;
    |

error[E0425]: cannot find function `rustc_cargo_env` in this scope
   --> standalonex/src/bootstrap/src/core/build_steps/compile_modules/codegen_backend.rs:111:9
    |
111 |         rustc_cargo_env(builder, &mut cargo, target, compiler.stage);
    |         ^^^^^^^^^^^^^^^ not found in this scope
    |
help: consider importing this function
    |
  4 + use crate::core::build_steps::compile_modules::rustc_cargo_env::rustc_cargo_env;
    |

error[E0425]: cannot find function `run_cargo` in this scope
   --> standalonex/src/bootstrap/src/core/build_steps/compile_modules/codegen_backend.rs:116:21
    |
116 |         let files = run_cargo(builder, cargo, vec![], &tmp_stamp, vec![], false, false);
    |                     ^^^^^^^^^ not found in this scope
    |
help: consider importing this function
    |
  4 + use crate::core::build_steps::compile_modules::run_cargo::run_cargo;
    |

error[E0425]: cannot find function `is_dylib` in this scope
   --> standalonex/src/bootstrap/src/core/build_steps/compile_modules/codegen_backend.rs:122:13
    |
122 |             is_dylib(f) && filename.contains("rustc_codegen_")
    |             ^^^^^^^^ not found in this scope
    |
help: consider importing this function
    |
  4 + use crate::utils::helpers::is_dylib;
    |

error[E0425]: cannot find function `codegen_backend_stamp` in this scope
   --> standalonex/src/bootstrap/src/core/build_steps/compile_modules/codegen_backend.rs:136:21
    |
136 |         let stamp = codegen_backend_stamp(builder, compiler, target, &backend);
    |                     ^^^^^^^^^^^^^^^^^^^^^ help: a local variable with a similar name exists: `codegen_backend`
    |
note: these functions exist but are inaccessible
   --> standalonex/src/bootstrap/src/core/build_steps/check.rs:493:1
    |
493 | / fn codegen_backend_stamp(
494 | |     builder: &Builder<'_>,
495 | |     compiler: Compiler,
496 | |     target: TargetSelection,
...   |
501 | |         .join(format!(".librustc_codegen_{backend}-check.stamp"))
502 | | }
    | |_^ `crate::check::codegen_backend_stamp`: not accessible
    |
   ::: standalonex/src/bootstrap/src/core/build_steps/compile_modules/codegen_backend_stamp.rs:6:1
    |
  6 | / fn codegen_backend_stamp(
  7 | |     builder: &Builder<'_>,
  8 | |     compiler: Compiler,
  9 | |     target: TargetSelection,
...   |
 14 | |         .join(format!(".librustc_codegen_{backend}.stamp"))
 15 | | }
    | |_^ `crate::core::build_steps::compile_modules::codegen_backend_stamp::codegen_backend_stamp`: not accessible

error[E0412]: cannot find type `Builder` in this scope
 --> standalonex/src/bootstrap/src/core/build_steps/compile_modules/compiler_file.rs:5:15
  |
5 |     builder: &Builder<'_>,
  |               ^^^^^^^ not found in this scope
  |
help: consider importing one of these structs
  |
4 + use crate::Builder;
  |
4 + use std::thread::Builder;
  |
4 + use tar::Builder;
  |

error[E0412]: cannot find type `Path` in this scope
 --> standalonex/src/bootstrap/src/core/build_steps/compile_modules/compiler_file.rs:6:16
  |
6 |     compiler: &Path,
  |                ^^^^ not found in this scope
  |
help: consider importing one of these structs
  |
4 + use crate::Path;
  |
4 + use std::path::Path;
  |

error[E0412]: cannot find type `TargetSelection` in this scope
 --> standalonex/src/bootstrap/src/core/build_steps/compile_modules/compiler_file.rs:7:13
  |
7 |     target: TargetSelection,
  |             ^^^^^^^^^^^^^^^ not found in this scope
  |
help: consider importing one of these structs
  |
4 + use crate::TargetSelection;
  |
4 + use bootstrap_config_utils::target_selection::TargetSelection;
  |

error[E0412]: cannot find type `CLang` in this scope
 --> standalonex/src/bootstrap/src/core/build_steps/compile_modules/compiler_file.rs:8:8
  |
8 |     c: CLang,
  |        ^^^^^ not found in this scope
  |
help: consider importing this enum
  |
4 + use crate::CLang;
  |

error[E0412]: cannot find type `PathBuf` in this scope
  --> standalonex/src/bootstrap/src/core/build_steps/compile_modules/compiler_file.rs:10:6
   |
10 | ) -> PathBuf {
   |      ^^^^^^^ not found in this scope
   |
help: consider importing one of these structs
   |
 4 + use crate::PathBuf;
   |
 4 + use std::path::PathBuf;
   |

error[E0433]: failed to resolve: use of undeclared type `PathBuf`
  --> standalonex/src/bootstrap/src/core/build_steps/compile_modules/compiler_file.rs:12:16
   |
12 |         return PathBuf::new();
   |                ^^^^^^^ use of undeclared type `PathBuf`
   |
help: consider importing one of these structs
   |
 4 + use crate::PathBuf;
   |
 4 + use std::path::PathBuf;
   |

error[E0425]: cannot find function `command` in this scope
  --> standalonex/src/bootstrap/src/core/build_steps/compile_modules/compiler_file.rs:14:19
   |
14 |     let mut cmd = command(compiler);
   |                   ^^^^^^^ not found in this scope
   |
help: consider importing this function through its public re-export
   |
 4 + use crate::command;
   |

error[E0433]: failed to resolve: use of undeclared type `GitRepo`
  --> standalonex/src/bootstrap/src/core/build_steps/compile_modules/compiler_file.rs:15:37
   |
15 |     cmd.args(builder.cflags(target, GitRepo::Rustc, c));
   |                                     ^^^^^^^ use of undeclared type `GitRepo`
   |
help: consider importing this enum
   |
 4 + use crate::GitRepo;
   |

error[E0433]: failed to resolve: use of undeclared type `PathBuf`
  --> standalonex/src/bootstrap/src/core/build_steps/compile_modules/compiler_file.rs:18:5
   |
18 |     PathBuf::from(out.trim())
   |     ^^^^^^^ use of undeclared type `PathBuf`
   |
help: consider importing one of these structs
   |
 4 + use crate::PathBuf;
   |
 4 + use std::path::PathBuf;
   |

error[E0412]: cannot find type `Builder` in this scope
 --> standalonex/src/bootstrap/src/core/build_steps/compile_modules/compiler_rt_for_profiler.rs:9:39
  |
9 | fn compiler_rt_for_profiler(builder: &Builder<'_>) -> PathBuf {
  |                                       ^^^^^^^ not found in this scope
  |
help: consider importing one of these structs
  |
4 + use crate::Builder;
  |
4 + use std::thread::Builder;
  |
4 + use tar::Builder;
  |

error[E0412]: cannot find type `PathBuf` in this scope
 --> standalonex/src/bootstrap/src/core/build_steps/compile_modules/compiler_rt_for_profiler.rs:9:55
  |
9 | fn compiler_rt_for_profiler(builder: &Builder<'_>) -> PathBuf {
  |                                                       ^^^^^^^ not found in this scope
  |
help: consider importing one of these structs
  |
4 + use crate::PathBuf;
  |
4 + use std::path::PathBuf;
  |

error[E0412]: cannot find type `Builder` in this scope
 --> standalonex/src/bootstrap/src/core/build_steps/compile_modules/copy_and_stamp.rs:5:15
  |
5 |     builder: &Builder<'_>,
  |               ^^^^^^^ not found in this scope
  |
help: consider importing one of these structs
  |
4 + use crate::Builder;
  |
4 + use std::thread::Builder;
  |
4 + use tar::Builder;
  |

error[E0412]: cannot find type `Path` in this scope
 --> standalonex/src/bootstrap/src/core/build_steps/compile_modules/copy_and_stamp.rs:6:14
  |
6 |     libdir: &Path,
  |              ^^^^ not found in this scope
  |
help: consider importing one of these structs
  |
4 + use crate::Path;
  |
4 + use std::path::Path;
  |

error[E0412]: cannot find type `Path` in this scope
 --> standalonex/src/bootstrap/src/core/build_steps/compile_modules/copy_and_stamp.rs:7:17
  |
7 |     sourcedir: &Path,
  |                 ^^^^ not found in this scope
  |
help: consider importing one of these structs
  |
4 + use crate::Path;
  |
4 + use std::path::Path;
  |

error[E0412]: cannot find type `PathBuf` in this scope
 --> standalonex/src/bootstrap/src/core/build_steps/compile_modules/copy_and_stamp.rs:9:28
  |
9 |     target_deps: &mut Vec<(PathBuf, DependencyType)>,
  |                            ^^^^^^^ not found in this scope
  |
help: consider importing one of these structs
  |
4 + use crate::PathBuf;
  |
4 + use std::path::PathBuf;
  |

error[E0412]: cannot find type `DependencyType` in this scope
 --> standalonex/src/bootstrap/src/core/build_steps/compile_modules/copy_and_stamp.rs:9:37
  |
9 |     target_deps: &mut Vec<(PathBuf, DependencyType)>,
  |                                     ^^^^^^^^^^^^^^ not found in this scope
  |
help: consider importing this enum
  |
4 + use crate::DependencyType;
  |

error[E0412]: cannot find type `DependencyType` in this scope
  --> standalonex/src/bootstrap/src/core/build_steps/compile_modules/copy_and_stamp.rs:10:22
   |
10 |     dependency_type: DependencyType,
   |                      ^^^^^^^^^^^^^^ not found in this scope
   |
help: consider importing this enum
   |
 4 + use crate::DependencyType;
   |

error[E0412]: cannot find type `Builder` in this scope
 --> standalonex/src/bootstrap/src/core/build_steps/compile_modules/copy_llvm_libunwind.rs:4:34
  |
4 | fn copy_llvm_libunwind(builder: &Builder<'_>, target: TargetSelection, libdir: &Path) -> PathBuf {
  |                                  ^^^^^^^ not found in this scope
  |
help: consider importing one of these structs
  |
4 + use crate::Builder;
  |
4 + use std::thread::Builder;
  |
4 + use tar::Builder;
  |

error[E0412]: cannot find type `TargetSelection` in this scope
 --> standalonex/src/bootstrap/src/core/build_steps/compile_modules/copy_llvm_libunwind.rs:4:55
  |
4 | fn copy_llvm_libunwind(builder: &Builder<'_>, target: TargetSelection, libdir: &Path) -> PathBuf {
  |                                                       ^^^^^^^^^^^^^^^ not found in this scope
  |
help: consider importing one of these structs
  |
4 + use crate::TargetSelection;
  |
4 + use bootstrap_config_utils::target_selection::TargetSelection;
  |

error[E0412]: cannot find type `Path` in this scope
 --> standalonex/src/bootstrap/src/core/build_steps/compile_modules/copy_llvm_libunwind.rs:4:81
  |
4 | fn copy_llvm_libunwind(builder: &Builder<'_>, target: TargetSelection, libdir: &Path) -> PathBuf {
  |                                                                                 ^^^^ not found in this scope
  |
help: consider importing one of these structs
  |
4 + use crate::Path;
  |
4 + use std::path::Path;
  |

error[E0412]: cannot find type `PathBuf` in this scope
 --> standalonex/src/bootstrap/src/core/build_steps/compile_modules/copy_llvm_libunwind.rs:4:90
  |
4 | fn copy_llvm_libunwind(builder: &Builder<'_>, target: TargetSelection, libdir: &Path) -> PathBuf {
  |                                                                                          ^^^^^^^ not found in this scope
  |
help: consider importing one of these structs
  |
4 + use crate::PathBuf;
  |
4 + use std::path::PathBuf;
  |

error[E0433]: failed to resolve: use of unresolved module or unlinked crate `llvm`
 --> standalonex/src/bootstrap/src/core/build_steps/compile_modules/copy_llvm_libunwind.rs:5:41
  |
5 |     let libunwind_path = builder.ensure(llvm::Libunwind { target });
  |                                         ^^^^ use of unresolved module or unlinked crate `llvm`
  |
  = help: if you wanted to use a crate named `llvm`, use `cargo add llvm` to add it to your `Cargo.toml`
help: consider importing this module through its public re-export
  |
4 + use crate::llvm;
  |

error[E0412]: cannot find type `Builder` in this scope
 --> standalonex/src/bootstrap/src/core/build_steps/compile_modules/copy_sanitizers.rs:6:15
  |
6 |     builder: &Builder<'_>,
  |               ^^^^^^^ not found in this scope
  |
help: consider importing one of these structs
  |
4 + use crate::Builder;
  |
4 + use std::thread::Builder;
  |
4 + use tar::Builder;
  |

error[E0412]: cannot find type `Compiler` in this scope
 --> standalonex/src/bootstrap/src/core/build_steps/compile_modules/copy_sanitizers.rs:7:16
  |
7 |     compiler: &Compiler,
  |                ^^^^^^^^ not found in this scope
  |
help: consider importing this struct
  |
4 + use crate::Compiler;
  |

error[E0412]: cannot find type `TargetSelection` in this scope
 --> standalonex/src/bootstrap/src/core/build_steps/compile_modules/copy_sanitizers.rs:8:13
  |
8 |     target: TargetSelection,
  |             ^^^^^^^^^^^^^^^ not found in this scope
  |
help: consider importing one of these structs
  |
4 + use crate::TargetSelection;
  |
4 + use bootstrap_config_utils::target_selection::TargetSelection;
  |

error[E0412]: cannot find type `PathBuf` in this scope
 --> standalonex/src/bootstrap/src/core/build_steps/compile_modules/copy_sanitizers.rs:9:10
  |
9 | ) -> Vec<PathBuf> {
  |          ^^^^^^^ not found in this scope
  |
help: consider importing one of these structs
  |
4 + use crate::PathBuf;
  |
4 + use std::path::PathBuf;
  |

error[E0433]: failed to resolve: use of unresolved module or unlinked crate `llvm`
  --> standalonex/src/bootstrap/src/core/build_steps/compile_modules/copy_sanitizers.rs:10:23
   |
10 |     let runtimes: Vec<llvm::SanitizerRuntime> = builder.ensure(llvm::Sanitizers { target });
   |                       ^^^^ use of unresolved module or unlinked crate `llvm`
   |
   = help: if you wanted to use a crate named `llvm`, use `cargo add llvm` to add it to your `Cargo.toml`
help: consider importing this module through its public re-export
   |
 4 + use crate::llvm;
   |

error[E0433]: failed to resolve: use of unresolved module or unlinked crate `llvm`
  --> standalonex/src/bootstrap/src/core/build_steps/compile_modules/copy_sanitizers.rs:10:64
   |
10 |     let runtimes: Vec<llvm::SanitizerRuntime> = builder.ensure(llvm::Sanitizers { target });
   |                                                                ^^^^ use of unresolved module or unlinked crate `llvm`
   |
   = help: if you wanted to use a crate named `llvm`, use `cargo add llvm` to add it to your `Cargo.toml`
help: consider importing this module through its public re-export
   |
 4 + use crate::llvm;
   |

error[E0425]: cannot find function `apple_darwin_update_library_name` in this scope
  --> standalonex/src/bootstrap/src/core/build_steps/compile_modules/copy_sanitizers.rs:33:13
   |
33 |             apple_darwin_update_library_name(builder, &dst, &format!("@rpath/{}", runtime.name));
   |             ^^^^^^^^^^^^^^^^^^^^^^^^^^^^^^^^ not found in this scope
   |
note: function `crate::core::build_steps::compile_modules::apple_darwin_update_library_name::apple_darwin_update_library_name` exists but is inaccessible
  --> standalonex/src/bootstrap/src/core/build_steps/compile_modules/apple_darwin_update_library_name.rs:4:1
   |
 4 | fn apple_darwin_update_library_name(builder: &Builder<'_>, library_path: &Path, new_name: &str) {
   | ^^^^^^^^^^^^^^^^^^^^^^^^^^^^^^^^^^^^^^^^^^^^^^^^^^^^^^^^^^^^^^^^^^^^^^^^^^^^^^^^^^^^^^^^^^^^^^^ not accessible

error[E0425]: cannot find function `apple_darwin_sign_file` in this scope
  --> standalonex/src/bootstrap/src/core/build_steps/compile_modules/copy_sanitizers.rs:36:13
   |
36 |             apple_darwin_sign_file(builder, &dst);
   |             ^^^^^^^^^^^^^^^^^^^^^^ not found in this scope
   |
note: function `crate::core::build_steps::compile_modules::apple_darwin_sign_file::apple_darwin_sign_file` exists but is inaccessible
  --> standalonex/src/bootstrap/src/core/build_steps/compile_modules/apple_darwin_sign_file.rs:4:1
   |
 4 | fn apple_darwin_sign_file(builder: &Builder<'_>, file_path: &Path) {
   | ^^^^^^^^^^^^^^^^^^^^^^^^^^^^^^^^^^^^^^^^^^^^^^^^^^^^^^^^^^^^^^^^^^ not accessible

error[E0412]: cannot find type `Builder` in this scope
 --> standalonex/src/bootstrap/src/core/build_steps/compile_modules/copy_self_contained_objects.rs:6:15
  |
6 |     builder: &Builder<'_>,
  |               ^^^^^^^ not found in this scope
  |
help: consider importing one of these structs
  |
4 + use crate::Builder;
  |
4 + use std::thread::Builder;
  |
4 + use tar::Builder;
  |

error[E0412]: cannot find type `Compiler` in this scope
 --> standalonex/src/bootstrap/src/core/build_steps/compile_modules/copy_self_contained_objects.rs:7:16
  |
7 |     compiler: &Compiler,
  |                ^^^^^^^^ not found in this scope
  |
help: consider importing this struct
  |
4 + use crate::Compiler;
  |

error[E0412]: cannot find type `TargetSelection` in this scope
 --> standalonex/src/bootstrap/src/core/build_steps/compile_modules/copy_self_contained_objects.rs:8:13
  |
8 |     target: TargetSelection,
  |             ^^^^^^^^^^^^^^^ not found in this scope
  |
help: consider importing one of these structs
  |
4 + use crate::TargetSelection;
  |
4 + use bootstrap_config_utils::target_selection::TargetSelection;
  |

error[E0412]: cannot find type `PathBuf` in this scope
 --> standalonex/src/bootstrap/src/core/build_steps/compile_modules/copy_self_contained_objects.rs:9:11
  |
9 | ) -> Vec<(PathBuf, DependencyType)> {
  |           ^^^^^^^ not found in this scope
  |
help: consider importing one of these structs
  |
4 + use crate::PathBuf;
  |
4 + use std::path::PathBuf;
  |

error[E0412]: cannot find type `DependencyType` in this scope
 --> standalonex/src/bootstrap/src/core/build_steps/compile_modules/copy_self_contained_objects.rs:9:20
  |
9 | ) -> Vec<(PathBuf, DependencyType)> {
  |                    ^^^^^^^^^^^^^^ not found in this scope
  |
help: consider importing this enum
  |
4 + use crate::DependencyType;
  |

error[E0425]: cannot find function `copy_and_stamp` in this scope
  --> standalonex/src/bootstrap/src/core/build_steps/compile_modules/copy_self_contained_objects.rs:27:13
   |
27 |             copy_and_stamp(
   |             ^^^^^^^^^^^^^^ not found in this scope
   |
note: function `crate::core::build_steps::compile_modules::copy_and_stamp::copy_and_stamp` exists but is inaccessible
  --> standalonex/src/bootstrap/src/core/build_steps/compile_modules/copy_and_stamp.rs:4:1
   |
 4 | / fn copy_and_stamp(
 5 | |     builder: &Builder<'_>,
 6 | |     libdir: &Path,
 7 | |     sourcedir: &Path,
...  |
15 | |     target_deps.push((target, dependency_type));
16 | | }
   | |_^ not accessible

error[E0433]: failed to resolve: use of undeclared type `DependencyType`
  --> standalonex/src/bootstrap/src/core/build_steps/compile_modules/copy_self_contained_objects.rs:33:17
   |
33 |                 DependencyType::TargetSelfContained,
   |                 ^^^^^^^^^^^^^^ use of undeclared type `DependencyType`
   |
help: consider importing this enum
   |
 4 + use crate::DependencyType;
   |

error[E0433]: failed to resolve: use of unresolved module or unlinked crate `llvm`
  --> standalonex/src/bootstrap/src/core/build_steps/compile_modules/copy_self_contained_objects.rs:36:39
   |
36 |         let crt_path = builder.ensure(llvm::CrtBeginEnd { target });
   |                                       ^^^^ use of unresolved module or unlinked crate `llvm`
   |
   = help: if you wanted to use a crate named `llvm`, use `cargo add llvm` to add it to your `Cargo.toml`
help: consider importing this module through its public re-export
   |
 4 + use crate::llvm;
   |

error[E0433]: failed to resolve: use of undeclared type `DependencyType`
  --> standalonex/src/bootstrap/src/core/build_steps/compile_modules/copy_self_contained_objects.rs:41:39
   |
41 |             target_deps.push((target, DependencyType::TargetSelfContained));
   |                                       ^^^^^^^^^^^^^^ use of undeclared type `DependencyType`
   |
help: consider importing this enum
   |
 4 + use crate::DependencyType;
   |

error[E0425]: cannot find function `copy_llvm_libunwind` in this scope
  --> standalonex/src/bootstrap/src/core/build_steps/compile_modules/copy_self_contained_objects.rs:45:34
   |
45 |             let libunwind_path = copy_llvm_libunwind(builder, target, &libdir_self_contained);
   |                                  ^^^^^^^^^^^^^^^^^^^ not found in this scope
   |
note: function `crate::core::build_steps::compile_modules::copy_llvm_libunwind::copy_llvm_libunwind` exists but is inaccessible
  --> standalonex/src/bootstrap/src/core/build_steps/compile_modules/copy_llvm_libunwind.rs:4:1
   |
 4 | fn copy_llvm_libunwind(builder: &Builder<'_>, target: TargetSelection, libdir: &Path) -> PathBuf {
   | ^^^^^^^^^^^^^^^^^^^^^^^^^^^^^^^^^^^^^^^^^^^^^^^^^^^^^^^^^^^^^^^^^^^^^^^^^^^^^^^^^^^^^^^^^^^^^^^^ not accessible

error[E0433]: failed to resolve: use of undeclared type `DependencyType`
  --> standalonex/src/bootstrap/src/core/build_steps/compile_modules/copy_self_contained_objects.rs:46:47
   |
46 |             target_deps.push((libunwind_path, DependencyType::TargetSelfContained));
   |                                               ^^^^^^^^^^^^^^ use of undeclared type `DependencyType`
   |
help: consider importing this enum
   |
 4 + use crate::DependencyType;
   |

error[E0425]: cannot find function `copy_and_stamp` in this scope
  --> standalonex/src/bootstrap/src/core/build_steps/compile_modules/copy_self_contained_objects.rs:57:13
   |
57 |             copy_and_stamp(
   |             ^^^^^^^^^^^^^^ not found in this scope
   |
note: function `crate::core::build_steps::compile_modules::copy_and_stamp::copy_and_stamp` exists but is inaccessible
  --> standalonex/src/bootstrap/src/core/build_steps/compile_modules/copy_and_stamp.rs:4:1
   |
 4 | / fn copy_and_stamp(
 5 | |     builder: &Builder<'_>,
 6 | |     libdir: &Path,
 7 | |     sourcedir: &Path,
...  |
15 | |     target_deps.push((target, dependency_type));
16 | | }
   | |_^ not accessible

error[E0433]: failed to resolve: use of undeclared type `DependencyType`
  --> standalonex/src/bootstrap/src/core/build_steps/compile_modules/copy_self_contained_objects.rs:63:17
   |
63 |                 DependencyType::TargetSelfContained,
   |                 ^^^^^^^^^^^^^^ use of undeclared type `DependencyType`
   |
help: consider importing this enum
   |
 4 + use crate::DependencyType;
   |

error[E0425]: cannot find function `compiler_file` in this scope
  --> standalonex/src/bootstrap/src/core/build_steps/compile_modules/copy_self_contained_objects.rs:68:23
   |
68 |             let src = compiler_file(builder, &builder.cc(target), target, CLang::C, obj);
   |                       ^^^^^^^^^^^^^ not found in this scope
   |
help: consider importing this function
   |
 4 + use crate::core::build_steps::compile_modules::compiler_file::compiler_file;
   |

error[E0433]: failed to resolve: use of undeclared type `CLang`
  --> standalonex/src/bootstrap/src/core/build_steps/compile_modules/copy_self_contained_objects.rs:68:75
   |
68 |             let src = compiler_file(builder, &builder.cc(target), target, CLang::C, obj);
   |                                                                           ^^^^^ use of undeclared type `CLang`
   |
help: consider importing this enum
   |
 4 + use crate::CLang;
   |

error[E0433]: failed to resolve: use of undeclared type `DependencyType`
  --> standalonex/src/bootstrap/src/core/build_steps/compile_modules/copy_self_contained_objects.rs:71:39
   |
71 |             target_deps.push((target, DependencyType::TargetSelfContained));
   |                                       ^^^^^^^^^^^^^^ use of undeclared type `DependencyType`
   |
help: consider importing this enum
   |
 4 + use crate::DependencyType;
   |

error[E0412]: cannot find type `Builder` in this scope
 --> standalonex/src/bootstrap/src/core/build_steps/compile_modules/copy_third_party_objects.rs:6:15
  |
6 |     builder: &Builder<'_>,
  |               ^^^^^^^ not found in this scope
  |
help: consider importing one of these structs
  |
4 + use crate::Builder;
  |
4 + use std::thread::Builder;
  |
4 + use tar::Builder;
  |

error[E0412]: cannot find type `Compiler` in this scope
 --> standalonex/src/bootstrap/src/core/build_steps/compile_modules/copy_third_party_objects.rs:7:16
  |
7 |     compiler: &Compiler,
  |                ^^^^^^^^ not found in this scope
  |
help: consider importing this struct
  |
4 + use crate::Compiler;
  |

error[E0412]: cannot find type `TargetSelection` in this scope
 --> standalonex/src/bootstrap/src/core/build_steps/compile_modules/copy_third_party_objects.rs:8:13
  |
8 |     target: TargetSelection,
  |             ^^^^^^^^^^^^^^^ not found in this scope
  |
help: consider importing one of these structs
  |
4 + use crate::TargetSelection;
  |
4 + use bootstrap_config_utils::target_selection::TargetSelection;
  |

error[E0412]: cannot find type `PathBuf` in this scope
 --> standalonex/src/bootstrap/src/core/build_steps/compile_modules/copy_third_party_objects.rs:9:11
  |
9 | ) -> Vec<(PathBuf, DependencyType)> {
  |           ^^^^^^^ not found in this scope
  |
help: consider importing one of these structs
  |
4 + use crate::PathBuf;
  |
4 + use std::path::PathBuf;
  |

error[E0412]: cannot find type `DependencyType` in this scope
 --> standalonex/src/bootstrap/src/core/build_steps/compile_modules/copy_third_party_objects.rs:9:20
  |
9 | ) -> Vec<(PathBuf, DependencyType)> {
  |                    ^^^^^^^^^^^^^^ not found in this scope
  |
help: consider importing this enum
  |
4 + use crate::DependencyType;
  |

error[E0425]: cannot find function `copy_sanitizers` in this scope
  --> standalonex/src/bootstrap/src/core/build_steps/compile_modules/copy_third_party_objects.rs:16:13
   |
16 |             copy_sanitizers(builder, compiler, target)
   |             ^^^^^^^^^^^^^^^ not found in this scope
   |
note: function `crate::core::build_steps::compile_modules::copy_sanitizers::copy_sanitizers` exists but is inaccessible
  --> standalonex/src/bootstrap/src/core/build_steps/compile_modules/copy_sanitizers.rs:5:1
   |
 5 | / fn copy_sanitizers(
 6 | |     builder: &Builder<'_>,
 7 | |     compiler: &Compiler,
 8 | |     target: TargetSelection,
...  |
42 | |     target_deps
43 | | }
   | |_^ not accessible

error[E0433]: failed to resolve: use of undeclared type `DependencyType`
  --> standalonex/src/bootstrap/src/core/build_steps/compile_modules/copy_third_party_objects.rs:18:30
   |
18 |                 .map(|d| (d, DependencyType::Target)),
   |                              ^^^^^^^^^^^^^^ use of undeclared type `DependencyType`
   |
help: consider importing this enum
   |
 4 + use crate::DependencyType;
   |

error[E0433]: failed to resolve: use of undeclared type `LlvmLibunwind`
  --> standalonex/src/bootstrap/src/core/build_steps/compile_modules/copy_third_party_objects.rs:23:53
   |
23 |         || builder.config.llvm_libunwind(target) == LlvmLibunwind::InTree
   |                                                     ^^^^^^^^^^^^^ use of undeclared type `LlvmLibunwind`
   |
help: consider importing this enum through its public re-export
   |
 4 + use crate::LlvmLibunwind;
   |

error[E0425]: cannot find function `copy_llvm_libunwind` in this scope
  --> standalonex/src/bootstrap/src/core/build_steps/compile_modules/copy_third_party_objects.rs:27:13
   |
27 |             copy_llvm_libunwind(builder, target, &builder.sysroot_target_libdir(*compiler, target));
   |             ^^^^^^^^^^^^^^^^^^^ not found in this scope
   |
note: function `crate::core::build_steps::compile_modules::copy_llvm_libunwind::copy_llvm_libunwind` exists but is inaccessible
  --> standalonex/src/bootstrap/src/core/build_steps/compile_modules/copy_llvm_libunwind.rs:4:1
   |
 4 | fn copy_llvm_libunwind(builder: &Builder<'_>, target: TargetSelection, libdir: &Path) -> PathBuf {
   | ^^^^^^^^^^^^^^^^^^^^^^^^^^^^^^^^^^^^^^^^^^^^^^^^^^^^^^^^^^^^^^^^^^^^^^^^^^^^^^^^^^^^^^^^^^^^^^^^ not accessible

error[E0433]: failed to resolve: use of undeclared type `DependencyType`
  --> standalonex/src/bootstrap/src/core/build_steps/compile_modules/copy_third_party_objects.rs:28:43
   |
28 |         target_deps.push((libunwind_path, DependencyType::Target));
   |                                           ^^^^^^^^^^^^^^ use of undeclared type `DependencyType`
   |
help: consider importing this enum
   |
 4 + use crate::DependencyType;
   |

error[E0412]: cannot find type `Builder` in this scope
 --> standalonex/src/bootstrap/src/core/build_steps/compile_modules/cp_rustc_component_to_ci_sysroot.rs:4:47
  |
4 | fn cp_rustc_component_to_ci_sysroot(builder: &Builder<'_>, sysroot: &Path, contents: Vec<String>) {
  |                                               ^^^^^^^ not found in this scope
  |
help: consider importing one of these structs
  |
4 + use crate::Builder;
  |
4 + use std::thread::Builder;
  |
4 + use tar::Builder;
  |

error[E0412]: cannot find type `Path` in this scope
 --> standalonex/src/bootstrap/src/core/build_steps/compile_modules/cp_rustc_component_to_ci_sysroot.rs:4:70
  |
4 | fn cp_rustc_component_to_ci_sysroot(builder: &Builder<'_>, sysroot: &Path, contents: Vec<String>) {
  |                                                                      ^^^^ not found in this scope
  |
help: consider importing one of these structs
  |
4 + use crate::Path;
  |
4 + use std::path::Path;
  |

error[E0412]: cannot find type `Builder` in this scope
 --> standalonex/src/bootstrap/src/core/build_steps/compile_modules/librustc_stamp.rs:7:15
  |
7 |     builder: &Builder<'_>,
  |               ^^^^^^^ not found in this scope
  |
help: consider importing one of these structs
  |
4 + use crate::Builder;
  |
4 + use std::thread::Builder;
  |
4 + use tar::Builder;
  |

error[E0412]: cannot find type `Compiler` in this scope
 --> standalonex/src/bootstrap/src/core/build_steps/compile_modules/librustc_stamp.rs:8:15
  |
8 |     compiler: Compiler,
  |               ^^^^^^^^ not found in this scope
  |
help: consider importing this struct
  |
4 + use crate::Compiler;
  |

error[E0412]: cannot find type `TargetSelection` in this scope
 --> standalonex/src/bootstrap/src/core/build_steps/compile_modules/librustc_stamp.rs:9:13
  |
9 |     target: TargetSelection,
  |             ^^^^^^^^^^^^^^^ not found in this scope
  |
help: consider importing one of these structs
  |
4 + use crate::TargetSelection;
  |
4 + use bootstrap_config_utils::target_selection::TargetSelection;
  |

error[E0412]: cannot find type `PathBuf` in this scope
  --> standalonex/src/bootstrap/src/core/build_steps/compile_modules/librustc_stamp.rs:10:6
   |
10 | ) -> PathBuf {
   |      ^^^^^^^ not found in this scope
   |
help: consider importing one of these structs
   |
 4 + use crate::PathBuf;
   |
 4 + use std::path::PathBuf;
   |

error[E0433]: failed to resolve: use of undeclared type `Mode`
  --> standalonex/src/bootstrap/src/core/build_steps/compile_modules/librustc_stamp.rs:11:33
   |
11 |     builder.cargo_out(compiler, Mode::Rustc, target).join(".librustc.stamp")
   |                                 ^^^^ use of undeclared type `Mode`
   |
help: consider importing one of these enums
   |
 4 + use crate::Mode;
   |
 4 + use xz2::stream::Mode;
   |

error[E0412]: cannot find type `Builder` in this scope
 --> standalonex/src/bootstrap/src/core/build_steps/compile_modules/libstd_stamp.rs:6:31
  |
6 | pub fn libstd_stamp(builder: &Builder<'_>, compiler: Compiler, target: TargetSelection) -> PathBuf {
  |                               ^^^^^^^ not found in this scope
  |
help: consider importing one of these structs
  |
4 + use crate::Builder;
  |
4 + use std::thread::Builder;
  |
4 + use tar::Builder;
  |

error[E0412]: cannot find type `Compiler` in this scope
 --> standalonex/src/bootstrap/src/core/build_steps/compile_modules/libstd_stamp.rs:6:54
  |
6 | pub fn libstd_stamp(builder: &Builder<'_>, compiler: Compiler, target: TargetSelection) -> PathBuf {
  |                                                      ^^^^^^^^ not found in this scope
  |
help: consider importing this struct
  |
4 + use crate::Compiler;
  |

error[E0412]: cannot find type `TargetSelection` in this scope
 --> standalonex/src/bootstrap/src/core/build_steps/compile_modules/libstd_stamp.rs:6:72
  |
6 | pub fn libstd_stamp(builder: &Builder<'_>, compiler: Compiler, target: TargetSelection) -> PathBuf {
  |                                                                        ^^^^^^^^^^^^^^^ not found in this scope
  |
help: consider importing one of these structs
  |
4 + use crate::TargetSelection;
  |
4 + use bootstrap_config_utils::target_selection::TargetSelection;
  |

error[E0412]: cannot find type `PathBuf` in this scope
 --> standalonex/src/bootstrap/src/core/build_steps/compile_modules/libstd_stamp.rs:6:92
  |
6 | pub fn libstd_stamp(builder: &Builder<'_>, compiler: Compiler, target: TargetSelection) -> PathBuf {
  |                                                                                            ^^^^^^^ not found in this scope
  |
help: consider importing one of these structs
  |
4 + use crate::PathBuf;
  |
4 + use std::path::PathBuf;
  |

error[E0433]: failed to resolve: use of undeclared type `Mode`
 --> standalonex/src/bootstrap/src/core/build_steps/compile_modules/libstd_stamp.rs:7:33
  |
7 |     builder.cargo_out(compiler, Mode::Std, target).join(".libstd.stamp")
  |                                 ^^^^ use of undeclared type `Mode`
  |
help: consider importing one of these enums
  |
4 + use crate::Mode;
  |
4 + use xz2::stream::Mode;
  |

error[E0412]: cannot find type `Builder` in this scope
 --> standalonex/src/bootstrap/src/core/build_steps/compile_modules/run_cargo.rs:5:15
  |
5 |     builder: &Builder<'_>,
  |               ^^^^^^^ not found in this scope
  |
help: consider importing one of these structs
  |
4 + use crate::Builder;
  |
4 + use std::thread::Builder;
  |
4 + use tar::Builder;
  |

error[E0412]: cannot find type `Cargo` in this scope
 --> standalonex/src/bootstrap/src/core/build_steps/compile_modules/run_cargo.rs:6:12
  |
6 |     cargo: Cargo,
  |            ^^^^^ not found in this scope
  |
help: consider importing one of these structs
  |
4 + use crate::builder::Cargo;
  |
4 + use crate::core::build_steps::test_split::cargo::Cargo;
  |
4 + use crate::dist::Cargo;
  |
4 + use crate::doc::Cargo;
  |
  = and 2 other candidates

error[E0412]: cannot find type `Path` in this scope
 --> standalonex/src/bootstrap/src/core/build_steps/compile_modules/run_cargo.rs:8:13
  |
8 |     stamp: &Path,
  |             ^^^^ not found in this scope
  |
help: consider importing one of these structs
  |
4 + use crate::Path;
  |
4 + use std::path::Path;
  |

error[E0412]: cannot find type `PathBuf` in this scope
 --> standalonex/src/bootstrap/src/core/build_steps/compile_modules/run_cargo.rs:9:34
  |
9 |     additional_target_deps: Vec<(PathBuf, DependencyType)>,
  |                                  ^^^^^^^ not found in this scope
  |
help: consider importing one of these structs
  |
4 + use crate::PathBuf;
  |
4 + use std::path::PathBuf;
  |

error[E0412]: cannot find type `DependencyType` in this scope
 --> standalonex/src/bootstrap/src/core/build_steps/compile_modules/run_cargo.rs:9:43
  |
9 |     additional_target_deps: Vec<(PathBuf, DependencyType)>,
  |                                           ^^^^^^^^^^^^^^ not found in this scope
  |
help: consider importing this enum
  |
4 + use crate::DependencyType;
  |

error[E0412]: cannot find type `PathBuf` in this scope
  --> standalonex/src/bootstrap/src/core/build_steps/compile_modules/run_cargo.rs:12:10
   |
12 | ) -> Vec<PathBuf> {
   |          ^^^^^^^ not found in this scope
   |
help: consider importing one of these structs
   |
 4 + use crate::PathBuf;
   |
 4 + use std::path::PathBuf;
   |

error[E0425]: cannot find function `stream_cargo` in this scope
  --> standalonex/src/bootstrap/src/core/build_steps/compile_modules/run_cargo.rs:30:14
   |
30 |     let ok = stream_cargo(builder, cargo, tail_args, &mut |msg| {
   |              ^^^^^^^^^^^^ not found in this scope
   |
help: consider importing this function
   |
 4 + use crate::core::build_steps::compile_modules::stream_cargo::stream_cargo;
   |

error[E0433]: failed to resolve: use of undeclared type `CargoMessage`
  --> standalonex/src/bootstrap/src/core/build_steps/compile_modules/run_cargo.rs:32:13
   |
32 |             CargoMessage::CompilerArtifact {
   |             ^^^^^^^^^^^^ use of undeclared type `CargoMessage`
   |
help: consider importing this enum
   |
 4 + use crate::core::build_steps::compile_modules::cargo_message::CargoMessage;
   |

error[E0422]: cannot find struct, variant or union type `CargoTarget` in this scope
  --> standalonex/src/bootstrap/src/core/build_steps/compile_modules/run_cargo.rs:34:25
   |
34 |                 target: CargoTarget { crate_types },
   |                         ^^^^^^^^^^^ not found in this scope
   |
help: consider importing this struct
   |
 4 + use crate::core::build_steps::compile_modules::cargo_target::CargoTarget;
   |

error[E0425]: cannot find function `is_debug_info` in this scope
  --> standalonex/src/bootstrap/src/core/build_steps/compile_modules/run_cargo.rs:44:20
   |
44 |                 || is_debug_info(&filename)
   |                    ^^^^^^^^^^^^^ not found in this scope
   |
help: consider importing this function
   |
 4 + use crate::utils::helpers::is_debug_info;
   |

error[E0425]: cannot find function `is_dylib` in this scope
  --> standalonex/src/bootstrap/src/core/build_steps/compile_modules/run_cargo.rs:45:20
   |
45 |                 || is_dylib(Path::new(&*filename))
   |                    ^^^^^^^^ not found in this scope
   |
help: consider importing this function
   |
 4 + use crate::utils::helpers::is_dylib;
   |

error[E0433]: failed to resolve: use of undeclared type `Path`
  --> standalonex/src/bootstrap/src/core/build_steps/compile_modules/run_cargo.rs:45:29
   |
45 |                 || is_dylib(Path::new(&*filename))
   |                             ^^^^ use of undeclared type `Path`
   |
help: consider importing one of these structs
   |
 4 + use crate::Path;
   |
 4 + use std::path::Path;
   |

error[E0433]: failed to resolve: use of undeclared type `Path`
  --> standalonex/src/bootstrap/src/core/build_steps/compile_modules/run_cargo.rs:77:28
   |
77 |             let filename = Path::new(&*filename);
   |                            ^^^^ use of undeclared type `Path`
   |
help: consider importing one of these structs
   |
 4 + use crate::Path;
   |
 4 + use std::path::Path;
   |

error[E0433]: failed to resolve: use of undeclared type `DependencyType`
  --> standalonex/src/bootstrap/src/core/build_steps/compile_modules/run_cargo.rs:84:56
   |
84 |                     deps.push((filename.to_path_buf(), DependencyType::Host));
   |                                                        ^^^^^^^^^^^^^^ use of undeclared type `DependencyType`
   |
help: consider importing this enum
   |
 4 + use crate::DependencyType;
   |

error[E0433]: failed to resolve: use of undeclared type `DependencyType`
  --> standalonex/src/bootstrap/src/core/build_steps/compile_modules/run_cargo.rs:92:52
   |
92 |                 deps.push((filename.to_path_buf(), DependencyType::Target));
   |                                                    ^^^^^^^^^^^^^^ use of undeclared type `DependencyType`
   |
help: consider importing this enum
   |
 4 + use crate::DependencyType;
   |

error[E0425]: cannot find function `is_dylib` in this scope
   --> standalonex/src/bootstrap/src/core/build_steps/compile_modules/run_cargo.rs:142:12
    |
142 |         if is_dylib(Path::new(path_to_add)) {
    |            ^^^^^^^^ not found in this scope
    |
help: consider importing this function
    |
  4 + use crate::utils::helpers::is_dylib;
    |

error[E0433]: failed to resolve: use of undeclared type `Path`
   --> standalonex/src/bootstrap/src/core/build_steps/compile_modules/run_cargo.rs:142:21
    |
142 |         if is_dylib(Path::new(path_to_add)) {
    |                     ^^^^ use of undeclared type `Path`
    |
help: consider importing one of these structs
    |
  4 + use crate::Path;
    |
  4 + use std::path::Path;
    |

error[E0433]: failed to resolve: use of undeclared type `PathBuf`
   --> standalonex/src/bootstrap/src/core/build_steps/compile_modules/run_cargo.rs:144:29
    |
144 |             let candidate = PathBuf::from(candidate);
    |                             ^^^^^^^ use of undeclared type `PathBuf`
    |
help: consider importing one of these structs
    |
  4 + use crate::PathBuf;
    |
  4 + use std::path::PathBuf;
    |

error[E0433]: failed to resolve: use of undeclared type `DependencyType`
   --> standalonex/src/bootstrap/src/core/build_steps/compile_modules/run_cargo.rs:146:39
    |
146 |                 deps.push((candidate, DependencyType::Target));
    |                                       ^^^^^^^^^^^^^^ use of undeclared type `DependencyType`
    |
help: consider importing this enum
    |
  4 + use crate::DependencyType;
    |

error[E0433]: failed to resolve: use of undeclared type `DependencyType`
   --> standalonex/src/bootstrap/src/core/build_steps/compile_modules/run_cargo.rs:149:40
    |
149 |         deps.push((path_to_add.into(), DependencyType::Target));
    |                                        ^^^^^^^^^^^^^^ use of undeclared type `DependencyType`
    |
help: consider importing this enum
    |
  4 + use crate::DependencyType;
    |

error[E0433]: failed to resolve: use of undeclared type `DependencyType`
   --> standalonex/src/bootstrap/src/core/build_steps/compile_modules/run_cargo.rs:157:13
    |
157 |             DependencyType::Host => b"h",
    |             ^^^^^^^^^^^^^^ use of undeclared type `DependencyType`
    |
help: consider importing this enum
    |
  4 + use crate::DependencyType;
    |

error[E0433]: failed to resolve: use of undeclared type `DependencyType`
   --> standalonex/src/bootstrap/src/core/build_steps/compile_modules/run_cargo.rs:158:13
    |
158 |             DependencyType::Target => b"t",
    |             ^^^^^^^^^^^^^^ use of undeclared type `DependencyType`
    |
help: consider importing this enum
    |
  4 + use crate::DependencyType;
    |

error[E0433]: failed to resolve: use of undeclared type `DependencyType`
   --> standalonex/src/bootstrap/src/core/build_steps/compile_modules/run_cargo.rs:159:13
    |
159 |             DependencyType::TargetSelfContained => b"s",
    |             ^^^^^^^^^^^^^^ use of undeclared type `DependencyType`
    |
help: consider importing this enum
    |
  4 + use crate::DependencyType;
    |

error[E0412]: cannot find type `Builder` in this scope
 --> standalonex/src/bootstrap/src/core/build_steps/compile_modules/rustc_cargo_env.rs:5:15
  |
5 |     builder: &Builder<'_>,
  |               ^^^^^^^ not found in this scope
  |
help: consider importing one of these structs
  |
4 + use crate::Builder;
  |
4 + use std::thread::Builder;
  |
4 + use tar::Builder;
  |

error[E0412]: cannot find type `Cargo` in this scope
 --> standalonex/src/bootstrap/src/core/build_steps/compile_modules/rustc_cargo_env.rs:6:17
  |
6 |     cargo: &mut Cargo,
  |                 ^^^^^ not found in this scope
  |
help: consider importing one of these structs
  |
4 + use crate::builder::Cargo;
  |
4 + use crate::core::build_steps::test_split::cargo::Cargo;
  |
4 + use crate::dist::Cargo;
  |
4 + use crate::doc::Cargo;
  |
  = and 2 other candidates

error[E0412]: cannot find type `TargetSelection` in this scope
 --> standalonex/src/bootstrap/src/core/build_steps/compile_modules/rustc_cargo_env.rs:7:13
  |
7 |     target: TargetSelection,
  |             ^^^^^^^^^^^^^^^ not found in this scope
  |
help: consider importing one of these structs
  |
4 + use crate::TargetSelection;
  |
4 + use bootstrap_config_utils::target_selection::TargetSelection;
  |

error[E0433]: failed to resolve: use of undeclared type `Path`
  --> standalonex/src/bootstrap/src/core/build_steps/compile_modules/rustc_cargo_env.rs:28:78
   |
28 |     let libdir_relative = builder.config.libdir_relative().unwrap_or_else(|| Path::new("lib"));
   |                                                                              ^^^^ use of undeclared type `Path`
   |
help: consider importing one of these structs
   |
 4 + use crate::Path;
   |
 4 + use std::path::Path;
   |

error[E0433]: failed to resolve: use of undeclared type `Kind`
  --> standalonex/src/bootstrap/src/core/build_steps/compile_modules/rustc_cargo_env.rs:75:46
   |
75 |         let can_skip_build = builder.kind == Kind::Check && builder.top_stage == stage;
   |                                              ^^^^ use of undeclared type `Kind`
   |
help: consider importing this enum through its public re-export
   |
 4 + use crate::Kind;
   |

error[E0425]: cannot find function `rustc_llvm_env` in this scope
  --> standalonex/src/bootstrap/src/core/build_steps/compile_modules/rustc_cargo_env.rs:78:13
   |
78 |             rustc_llvm_env(builder, cargo, target)
   |             ^^^^^^^^^^^^^^ not found in this scope
   |
note: function `crate::core::build_steps::compile_modules::rustc_llvm_env::rustc_llvm_env` exists but is inaccessible
  --> standalonex/src/bootstrap/src/core/build_steps/compile_modules/rustc_llvm_env.rs:6:1
   |
 6 | fn rustc_llvm_env(builder: &Builder<'_>, cargo: &mut Cargo, target: TargetSelection) {
   | ^^^^^^^^^^^^^^^^^^^^^^^^^^^^^^^^^^^^^^^^^^^^^^^^^^^^^^^^^^^^^^^^^^^^^^^^^^^^^^^^^^^^ not accessible

error[E0412]: cannot find type `Builder` in this scope
 --> standalonex/src/bootstrap/src/core/build_steps/compile_modules/rustc_cargo.rs:5:15
  |
5 |     builder: &Builder<'_>,
  |               ^^^^^^^ not found in this scope
  |
help: consider importing one of these structs
  |
4 + use crate::Builder;
  |
4 + use std::thread::Builder;
  |
4 + use tar::Builder;
  |

error[E0412]: cannot find type `Cargo` in this scope
 --> standalonex/src/bootstrap/src/core/build_steps/compile_modules/rustc_cargo.rs:6:17
  |
6 |     cargo: &mut Cargo,
  |                 ^^^^^ not found in this scope
  |
help: consider importing one of these structs
  |
4 + use crate::builder::Cargo;
  |
4 + use crate::core::build_steps::test_split::cargo::Cargo;
  |
4 + use crate::dist::Cargo;
  |
4 + use crate::doc::Cargo;
  |
  = and 2 other candidates

error[E0412]: cannot find type `TargetSelection` in this scope
 --> standalonex/src/bootstrap/src/core/build_steps/compile_modules/rustc_cargo.rs:7:13
  |
7 |     target: TargetSelection,
  |             ^^^^^^^^^^^^^^^ not found in this scope
  |
help: consider importing one of these structs
  |
4 + use crate::TargetSelection;
  |
4 + use bootstrap_config_utils::target_selection::TargetSelection;
  |

error[E0412]: cannot find type `Compiler` in this scope
 --> standalonex/src/bootstrap/src/core/build_steps/compile_modules/rustc_cargo.rs:8:16
  |
8 |     compiler: &Compiler,
  |                ^^^^^^^^ not found in this scope
  |
help: consider importing this struct
  |
4 + use crate::Compiler;
  |

error[E0433]: failed to resolve: use of undeclared type `RustcLto`
  --> standalonex/src/bootstrap/src/core/build_steps/compile_modules/rustc_cargo.rs:50:13
   |
50 |             RustcLto::Thin | RustcLto::Fat => {
   |             ^^^^^^^^ use of undeclared type `RustcLto`
   |
help: consider importing this enum through its public re-export
   |
 4 + use crate::core::config::RustcLto;
   |

error[E0433]: failed to resolve: use of undeclared type `RustcLto`
  --> standalonex/src/bootstrap/src/core/build_steps/compile_modules/rustc_cargo.rs:50:30
   |
50 |             RustcLto::Thin | RustcLto::Fat => {
   |                              ^^^^^^^^ use of undeclared type `RustcLto`
   |
help: consider importing this enum through its public re-export
   |
 4 + use crate::core::config::RustcLto;
   |

error[E0433]: failed to resolve: use of undeclared type `RustcLto`
  --> standalonex/src/bootstrap/src/core/build_steps/compile_modules/rustc_cargo.rs:58:21
   |
58 |                     RustcLto::Thin => "thin",
   |                     ^^^^^^^^ use of undeclared type `RustcLto`
   |
help: consider importing this enum through its public re-export
   |
 4 + use crate::core::config::RustcLto;
   |

error[E0433]: failed to resolve: use of undeclared type `RustcLto`
  --> standalonex/src/bootstrap/src/core/build_steps/compile_modules/rustc_cargo.rs:59:21
   |
59 |                     RustcLto::Fat => "fat",
   |                     ^^^^^^^^ use of undeclared type `RustcLto`
   |
help: consider importing this enum through its public re-export
   |
 4 + use crate::core::config::RustcLto;
   |

error[E0433]: failed to resolve: use of undeclared type `RustcLto`
  --> standalonex/src/bootstrap/src/core/build_steps/compile_modules/rustc_cargo.rs:65:13
   |
65 |             RustcLto::ThinLocal => { /* Do nothing, this is the default */ }
   |             ^^^^^^^^ use of undeclared type `RustcLto`
   |
help: consider importing this enum through its public re-export
   |
 4 + use crate::core::config::RustcLto;
   |

error[E0433]: failed to resolve: use of undeclared type `RustcLto`
  --> standalonex/src/bootstrap/src/core/build_steps/compile_modules/rustc_cargo.rs:66:13
   |
66 |             RustcLto::Off => {
   |             ^^^^^^^^ use of undeclared type `RustcLto`
   |
help: consider importing this enum through its public re-export
   |
 4 + use crate::core::config::RustcLto;
   |

error[E0433]: failed to resolve: use of undeclared type `RustcLto`
  --> standalonex/src/bootstrap/src/core/build_steps/compile_modules/rustc_cargo.rs:70:42
   |
70 |     } else if builder.config.rust_lto == RustcLto::Off {
   |                                          ^^^^^^^^ use of undeclared type `RustcLto`
   |
help: consider importing this enum through its public re-export
   |
 4 + use crate::core::config::RustcLto;
   |

error[E0425]: cannot find function `rustc_cargo_env` in this scope
   --> standalonex/src/bootstrap/src/core/build_steps/compile_modules/rustc_cargo.rs:119:5
    |
119 |     rustc_cargo_env(builder, cargo, target, compiler.stage);
    |     ^^^^^^^^^^^^^^^ not found in this scope
    |
help: consider importing this function
    |
  4 + use crate::core::build_steps::compile_modules::rustc_cargo_env::rustc_cargo_env;
    |

error[E0412]: cannot find type `Compiler` in this scope
  --> standalonex/src/bootstrap/src/core/build_steps/compile_modules/rustc_link.rs:12:19
   |
12 |     pub compiler: Compiler,
   |                   ^^^^^^^^ not found in this scope
   |
help: consider importing this struct
   |
 4 + use crate::Compiler;
   |

error[E0412]: cannot find type `Compiler` in this scope
  --> standalonex/src/bootstrap/src/core/build_steps/compile_modules/rustc_link.rs:14:34
   |
14 |     pub previous_stage_compiler: Compiler,
   |                                  ^^^^^^^^ not found in this scope
   |
help: consider importing this struct
   |
 4 + use crate::Compiler;
   |

error[E0412]: cannot find type `TargetSelection` in this scope
  --> standalonex/src/bootstrap/src/core/build_steps/compile_modules/rustc_link.rs:15:17
   |
15 |     pub target: TargetSelection,
   |                 ^^^^^^^^^^^^^^^ not found in this scope
   |
help: consider importing one of these structs
   |
 4 + use crate::TargetSelection;
   |
 4 + use bootstrap_config_utils::target_selection::TargetSelection;
   |

error[E0412]: cannot find type `Rustc` in this scope
  --> standalonex/src/bootstrap/src/core/build_steps/compile_modules/rustc_link.rs:21:26
   |
21 |     fn from_rustc(rustc: Rustc, host_compiler: Compiler) -> Self {
   |                          ^^^^^ not found in this scope
   |
help: consider importing one of these structs
   |
 4 + use crate::clean::Rustc;
   |
 4 + use crate::core::build_steps::compile_modules::rustc::Rustc;
   |
 4 + use crate::core::types::Rustc;
   |
 4 + use crate::dist::Rustc;
   |
   = and 2 other candidates

error[E0412]: cannot find type `Compiler` in this scope
  --> standalonex/src/bootstrap/src/core/build_steps/compile_modules/rustc_link.rs:21:48
   |
21 |     fn from_rustc(rustc: Rustc, host_compiler: Compiler) -> Self {
   |                                                ^^^^^^^^ not found in this scope
   |
help: consider importing this struct
   |
 4 + use crate::Compiler;
   |

error[E0405]: cannot find trait `Step` in this scope
  --> standalonex/src/bootstrap/src/core/build_steps/compile_modules/rustc_link.rs:31:6
   |
31 | impl Step for RustcLink {
   |      ^^^^ not found in this scope
   |
help: consider importing one of these traits
   |
 4 + use crate::builder::Step;
   |
 4 + use std::range::Step;
   |

error[E0412]: cannot find type `ShouldRun` in this scope
  --> standalonex/src/bootstrap/src/core/build_steps/compile_modules/rustc_link.rs:34:24
   |
34 |     fn should_run(run: ShouldRun<'_>) -> ShouldRun<'_> {
   |                        ^^^^^^^^^ not found in this scope
   |
help: consider importing this struct
   |
 4 + use crate::builder::ShouldRun;
   |

error[E0412]: cannot find type `ShouldRun` in this scope
  --> standalonex/src/bootstrap/src/core/build_steps/compile_modules/rustc_link.rs:34:42
   |
34 |     fn should_run(run: ShouldRun<'_>) -> ShouldRun<'_> {
   |                                          ^^^^^^^^^ not found in this scope
   |
help: consider importing this struct
   |
 4 + use crate::builder::ShouldRun;
   |

error[E0412]: cannot find type `Builder` in this scope
  --> standalonex/src/bootstrap/src/core/build_steps/compile_modules/rustc_link.rs:39:28
   |
39 |     fn run(self, builder: &Builder<'_>) {
   |                            ^^^^^^^ not found in this scope
   |
help: consider importing one of these structs
   |
 4 + use crate::Builder;
   |
 4 + use std::thread::Builder;
   |
 4 + use tar::Builder;
   |

error[E0425]: cannot find function `add_to_sysroot` in this scope
  --> standalonex/src/bootstrap/src/core/build_steps/compile_modules/rustc_link.rs:43:9
   |
43 |         add_to_sysroot(
   |         ^^^^^^^^^^^^^^ not found in this scope
   |
help: consider importing this function
   |
 4 + use crate::core::build_steps::compile_modules::add_to_sysroot::add_to_sysroot;
   |

error[E0425]: cannot find function `librustc_stamp` in this scope
   --> standalonex/src/bootstrap/src/core/build_steps/compile_modules/rustc_link.rs:47:14
    |
 47 |             &librustc_stamp(builder, compiler, target),
    |              ^^^^^^^^^^^^^^ not found in this scope
    |
note: function `crate::check::librustc_stamp` exists but is inaccessible
   --> standalonex/src/bootstrap/src/core/build_steps/check.rs:487:1
    |
487 | fn librustc_stamp(builder: &Builder<'_>, compiler: Compiler, target: TargetSelection) -> PathBuf {
    | ^^^^^^^^^^^^^^^^^^^^^^^^^^^^^^^^^^^^^^^^^^^^^^^^^^^^^^^^^^^^^^^^^^^^^^^^^^^^^^^^^^^^^^^^^^^^^^^^ not accessible
help: consider importing this function
    |
  4 + use crate::core::build_steps::compile_modules::librustc_stamp::librustc_stamp;
    |

error[E0412]: cannot find type `Builder` in this scope
 --> standalonex/src/bootstrap/src/core/build_steps/compile_modules/rustc_llvm_env.rs:6:29
  |
6 | fn rustc_llvm_env(builder: &Builder<'_>, cargo: &mut Cargo, target: TargetSelection) {
  |                             ^^^^^^^ not found in this scope
  |
help: consider importing one of these structs
  |
4 + use crate::Builder;
  |
4 + use std::thread::Builder;
  |
4 + use tar::Builder;
  |

error[E0412]: cannot find type `Cargo` in this scope
 --> standalonex/src/bootstrap/src/core/build_steps/compile_modules/rustc_llvm_env.rs:6:54
  |
6 | fn rustc_llvm_env(builder: &Builder<'_>, cargo: &mut Cargo, target: TargetSelection) {
  |                                                      ^^^^^ not found in this scope
  |
help: consider importing one of these structs
  |
4 + use crate::builder::Cargo;
  |
4 + use crate::core::build_steps::test_split::cargo::Cargo;
  |
4 + use crate::dist::Cargo;
  |
4 + use crate::doc::Cargo;
  |
  = and 2 other candidates

error[E0412]: cannot find type `TargetSelection` in this scope
 --> standalonex/src/bootstrap/src/core/build_steps/compile_modules/rustc_llvm_env.rs:6:69
  |
6 | fn rustc_llvm_env(builder: &Builder<'_>, cargo: &mut Cargo, target: TargetSelection) {
  |                                                                     ^^^^^^^^^^^^^^^ not found in this scope
  |
help: consider importing one of these structs
  |
4 + use crate::TargetSelection;
  |
4 + use bootstrap_config_utils::target_selection::TargetSelection;
  |

error[E0433]: failed to resolve: use of unresolved module or unlinked crate `llvm`
  --> standalonex/src/bootstrap/src/core/build_steps/compile_modules/rustc_llvm_env.rs:10:63
   |
10 |     let llvm::LlvmResult { llvm_config, .. } = builder.ensure(llvm::Llvm { target });
   |                                                               ^^^^ use of unresolved module or unlinked crate `llvm`
   |
   = help: if you wanted to use a crate named `llvm`, use `cargo add llvm` to add it to your `Cargo.toml`
help: consider importing one of these modules
   |
 4 + use crate::core::config::llvm;
   |
 4 + use crate::llvm;
   |

error[E0433]: failed to resolve: use of unresolved module or unlinked crate `llvm`
  --> standalonex/src/bootstrap/src/core/build_steps/compile_modules/rustc_llvm_env.rs:10:9
   |
10 |     let llvm::LlvmResult { llvm_config, .. } = builder.ensure(llvm::Llvm { target });
   |         ^^^^ use of unresolved module or unlinked crate `llvm`
   |
   = help: if you wanted to use a crate named `llvm`, use `cargo add llvm` to add it to your `Cargo.toml`
help: consider importing this module through its public re-export
   |
 4 + use crate::llvm;
   |

error[E0425]: cannot find function `get_clang_cl_resource_dir` in this scope
  --> standalonex/src/bootstrap/src/core/build_steps/compile_modules/rustc_llvm_env.rs:26:32
   |
26 |             let clang_rt_dir = get_clang_cl_resource_dir(builder, clang_cl_path);
   |                                ^^^^^^^^^^^^^^^^^^^^^^^^^ not found in this scope
   |
help: consider importing this function
   |
 4 + use crate::utils::helpers::get_clang_cl_resource_dir;
   |

error[E0425]: cannot find function `compiler_file` in this scope
  --> standalonex/src/bootstrap/src/core/build_steps/compile_modules/rustc_llvm_env.rs:52:20
   |
52 |         let file = compiler_file(
   |                    ^^^^^^^^^^^^^ not found in this scope
   |
help: consider importing this function
   |
 4 + use crate::core::build_steps::compile_modules::compiler_file::compiler_file;
   |

error[E0433]: failed to resolve: use of undeclared type `CLang`
  --> standalonex/src/bootstrap/src/core/build_steps/compile_modules/rustc_llvm_env.rs:56:13
   |
56 |             CLang::Cxx,
   |             ^^^^^ use of undeclared type `CLang`
   |
help: consider importing this enum
   |
 4 + use crate::CLang;
   |

error[E0412]: cannot find type `TargetSelection` in this scope
 --> standalonex/src/bootstrap/src/core/build_steps/compile_modules/rustc.rs:6:17
  |
6 |     pub target: TargetSelection,
  |                 ^^^^^^^^^^^^^^^ not found in this scope
  |
help: consider importing one of these structs
  |
4 + use crate::TargetSelection;
  |
4 + use bootstrap_config_utils::target_selection::TargetSelection;
  |

error[E0412]: cannot find type `Compiler` in this scope
 --> standalonex/src/bootstrap/src/core/build_steps/compile_modules/rustc.rs:8:19
  |
8 |     pub compiler: Compiler,
  |                   ^^^^^^^^ not found in this scope
  |
help: consider importing this struct
  |
4 + use crate::Compiler;
  |

error[E0412]: cannot find type `Compiler` in this scope
  --> standalonex/src/bootstrap/src/core/build_steps/compile_modules/rustc.rs:18:26
   |
18 |     pub fn new(compiler: Compiler, target: TargetSelection) -> Self {
   |                          ^^^^^^^^ not found in this scope
   |
help: consider importing this struct
   |
 4 + use crate::Compiler;
   |

error[E0412]: cannot find type `TargetSelection` in this scope
  --> standalonex/src/bootstrap/src/core/build_steps/compile_modules/rustc.rs:18:44
   |
18 |     pub fn new(compiler: Compiler, target: TargetSelection) -> Self {
   |                                            ^^^^^^^^^^^^^^^ not found in this scope
   |
help: consider importing one of these structs
   |
 4 + use crate::TargetSelection;
   |
 4 + use bootstrap_config_utils::target_selection::TargetSelection;
   |

error[E0405]: cannot find trait `Step` in this scope
  --> standalonex/src/bootstrap/src/core/build_steps/compile_modules/rustc.rs:23:6
   |
23 | impl Step for Rustc {
   |      ^^^^ not found in this scope
   |
help: consider importing one of these traits
   |
 4 + use crate::builder::Step;
   |
 4 + use std::range::Step;
   |

error[E0412]: cannot find type `ShouldRun` in this scope
  --> standalonex/src/bootstrap/src/core/build_steps/compile_modules/rustc.rs:35:24
   |
35 |     fn should_run(run: ShouldRun<'_>) -> ShouldRun<'_> {
   |                        ^^^^^^^^^ not found in this scope
   |
help: consider importing this struct
   |
 4 + use crate::builder::ShouldRun;
   |

error[E0412]: cannot find type `ShouldRun` in this scope
  --> standalonex/src/bootstrap/src/core/build_steps/compile_modules/rustc.rs:35:42
   |
35 |     fn should_run(run: ShouldRun<'_>) -> ShouldRun<'_> {
   |                                          ^^^^^^^^^ not found in this scope
   |
help: consider importing this struct
   |
 4 + use crate::builder::ShouldRun;
   |

error[E0412]: cannot find type `RunConfig` in this scope
  --> standalonex/src/bootstrap/src/core/build_steps/compile_modules/rustc.rs:48:22
   |
48 |     fn make_run(run: RunConfig<'_>) {
   |                      ^^^^^^^^^ not found in this scope
   |
help: consider importing this struct
   |
 4 + use crate::builder::RunConfig;
   |

error[E0412]: cannot find type `Builder` in this scope
  --> standalonex/src/bootstrap/src/core/build_steps/compile_modules/rustc.rs:62:28
   |
62 |     fn run(self, builder: &Builder<'_>) -> u32 {
   |                            ^^^^^^^ not found in this scope
   |
help: consider importing one of these structs
   |
 4 + use crate::Builder;
   |
 4 + use std::thread::Builder;
   |
 4 + use tar::Builder;
   |

error[E0422]: cannot find struct, variant or union type `Sysroot` in this scope
  --> standalonex/src/bootstrap/src/core/build_steps/compile_modules/rustc.rs:69:42
   |
69 |             let sysroot = builder.ensure(Sysroot { compiler, force_recompile: false });
   |                                          ^^^^^^^ not found in this scope
   |
help: consider importing this struct
   |
 4 + use crate::core::build_steps::compile_modules::sysroot::Sysroot;
   |

error[E0425]: cannot find function `cp_rustc_component_to_ci_sysroot` in this scope
  --> standalonex/src/bootstrap/src/core/build_steps/compile_modules/rustc.rs:70:13
   |
70 |             cp_rustc_component_to_ci_sysroot(
   |             ^^^^^^^^^^^^^^^^^^^^^^^^^^^^^^^^ not found in this scope
   |
note: function `crate::core::build_steps::compile_modules::cp_rustc_component_to_ci_sysroot::cp_rustc_component_to_ci_sysroot` exists but is inaccessible
  --> standalonex/src/bootstrap/src/core/build_steps/compile_modules/cp_rustc_component_to_ci_sysroot.rs:4:1
   |
 4 | fn cp_rustc_component_to_ci_sysroot(builder: &Builder<'_>, sysroot: &Path, contents: Vec<String>) {
   | ^^^^^^^^^^^^^^^^^^^^^^^^^^^^^^^^^^^^^^^^^^^^^^^^^^^^^^^^^^^^^^^^^^^^^^^^^^^^^^^^^^^^^^^^^^^^^^^^^ not accessible

error[E0433]: failed to resolve: use of undeclared type `Std`
  --> standalonex/src/bootstrap/src/core/build_steps/compile_modules/rustc.rs:78:24
   |
78 |         builder.ensure(Std::new(compiler, target));
   |                        ^^^ use of undeclared type `Std`
   |
help: consider importing one of these structs
   |
 4 + use crate::clean::Std;
   |
 4 + use crate::core::build_steps::compile_modules::std::Std;
   |
 4 + use crate::core::types::Std;
   |
 4 + use crate::dist::Std;
   |
   = and 2 other candidates

error[E0433]: failed to resolve: use of undeclared type `RustcLink`
  --> standalonex/src/bootstrap/src/core/build_steps/compile_modules/rustc.rs:83:28
   |
83 |             builder.ensure(RustcLink::from_rustc(self, compiler));
   |                            ^^^^^^^^^ use of undeclared type `RustcLink`
   |
note: struct `crate::core::build_steps::compile_modules::rustc_link::RustcLink` exists but is inaccessible
  --> standalonex/src/bootstrap/src/core/build_steps/compile_modules/rustc_link.rs:10:1
   |
10 | struct RustcLink {
   | ^^^^^^^^^^^^^^^^ not accessible

error[E0433]: failed to resolve: use of undeclared type `RustcLink`
   --> standalonex/src/bootstrap/src/core/build_steps/compile_modules/rustc.rs:107:28
    |
107 |             builder.ensure(RustcLink::from_rustc(self, compiler_to_use));
    |                            ^^^^^^^^^ use of undeclared type `RustcLink`
    |
note: struct `crate::core::build_steps::compile_modules::rustc_link::RustcLink` exists but is inaccessible
   --> standalonex/src/bootstrap/src/core/build_steps/compile_modules/rustc_link.rs:10:1
    |
 10 | struct RustcLink {
    | ^^^^^^^^^^^^^^^^ not accessible

error[E0433]: failed to resolve: use of undeclared type `Std`
   --> standalonex/src/bootstrap/src/core/build_steps/compile_modules/rustc.rs:112:24
    |
112 |         builder.ensure(Std::new(
    |                        ^^^ use of undeclared type `Std`
    |
help: consider importing one of these structs
    |
  4 + use crate::clean::Std;
    |
  4 + use crate::core::build_steps::compile_modules::std::Std;
    |
  4 + use crate::core::types::Std;
    |
  4 + use crate::dist::Std;
    |
    = and 2 other candidates

error[E0433]: failed to resolve: use of unresolved module or unlinked crate `builder`
   --> standalonex/src/bootstrap/src/core/build_steps/compile_modules/rustc.rs:117:25
    |
117 |         let mut cargo = builder::Cargo::new(
    |                         ^^^^^^^ use of unresolved module or unlinked crate `builder`
    |
    = help: if you wanted to use a crate named `builder`, use `cargo add builder` to add it to your `Cargo.toml`
help: consider importing one of these structs
    |
  4 + use crate::builder::Cargo;
    |
  4 + use crate::core::build_steps::test_split::cargo::Cargo;
    |
  4 + use crate::dist::Cargo;
    |
  4 + use crate::doc::Cargo;
    |
    = and 2 other candidates
help: if you import `Cargo`, refer to it directly
    |
117 -         let mut cargo = builder::Cargo::new(
117 +         let mut cargo = Cargo::new(
    |

error[E0433]: failed to resolve: use of undeclared type `Mode`
   --> standalonex/src/bootstrap/src/core/build_steps/compile_modules/rustc.rs:120:13
    |
120 |             Mode::Rustc,
    |             ^^^^ use of undeclared type `Mode`
    |
help: consider importing one of these enums
    |
  4 + use crate::Mode;
    |
  4 + use xz2::stream::Mode;
    |

error[E0433]: failed to resolve: use of undeclared type `SourceType`
   --> standalonex/src/bootstrap/src/core/build_steps/compile_modules/rustc.rs:121:13
    |
121 |             SourceType::InTree,
    |             ^^^^^^^^^^ use of undeclared type `SourceType`
    |
help: consider importing this enum
    |
  4 + use crate::tool::SourceType;
    |

error[E0433]: failed to resolve: use of undeclared type `Kind`
   --> standalonex/src/bootstrap/src/core/build_steps/compile_modules/rustc.rs:123:13
    |
123 |             Kind::Build,
    |             ^^^^ use of undeclared type `Kind`
    |
help: consider importing this enum through its public re-export
    |
  4 + use crate::Kind;
    |

error[E0425]: cannot find function `rustc_cargo` in this scope
   --> standalonex/src/bootstrap/src/core/build_steps/compile_modules/rustc.rs:126:9
    |
126 |         rustc_cargo(builder, &mut cargo, target, &compiler, &self.crates);
    |         ^^^^^^^^^^^ not found in this scope
    |
help: consider importing this function
    |
  4 + use crate::core::build_steps::compile_modules::rustc_cargo::rustc_cargo;
    |

error[E0433]: failed to resolve: use of undeclared type `Kind`
   --> standalonex/src/bootstrap/src/core/build_steps/compile_modules/rustc.rs:141:13
    |
141 |             Kind::Build,
    |             ^^^^ use of undeclared type `Kind`
    |
help: consider importing this enum through its public re-export
    |
  4 + use crate::Kind;
    |

error[E0425]: cannot find function `crate_description` in this scope
   --> standalonex/src/bootstrap/src/core/build_steps/compile_modules/rustc.rs:143:50
    |
143 |             format_args!("compiler artifacts{}", crate_description(&self.crates)),
    |                                                  ^^^^^^^^^^^^^^^^^ not found in this scope
    |
help: consider importing this function
    |
  4 + use crate::builder::crate_description;
    |

error[E0425]: cannot find function `librustc_stamp` in this scope
   --> standalonex/src/bootstrap/src/core/build_steps/compile_modules/rustc.rs:147:21
    |
147 |         let stamp = librustc_stamp(builder, compiler, target);
    |                     ^^^^^^^^^^^^^^ not found in this scope
    |
note: function `crate::check::librustc_stamp` exists but is inaccessible
   --> standalonex/src/bootstrap/src/core/build_steps/check.rs:487:1
    |
487 | fn librustc_stamp(builder: &Builder<'_>, compiler: Compiler, target: TargetSelection) -> PathBuf {
    | ^^^^^^^^^^^^^^^^^^^^^^^^^^^^^^^^^^^^^^^^^^^^^^^^^^^^^^^^^^^^^^^^^^^^^^^^^^^^^^^^^^^^^^^^^^^^^^^^ not accessible
help: consider importing this function
    |
  4 + use crate::core::build_steps::compile_modules::librustc_stamp::librustc_stamp;
    |

error[E0425]: cannot find function `run_cargo` in this scope
   --> standalonex/src/bootstrap/src/core/build_steps/compile_modules/rustc.rs:148:9
    |
148 |         run_cargo(
    |         ^^^^^^^^^ not found in this scope
    |
help: consider importing this function
    |
  4 + use crate::core::build_steps::compile_modules::run_cargo::run_cargo;
    |

error[E0433]: failed to resolve: use of undeclared type `DebuginfoLevel`
   --> standalonex/src/bootstrap/src/core/build_steps/compile_modules/rustc.rs:163:57
    |
163 |         if builder.config.rust_debuginfo_level_rustc == DebuginfoLevel::None
    |                                                         ^^^^^^^^^^^^^^ use of undeclared type `DebuginfoLevel`
    |
help: consider importing this enum through its public re-export
    |
  4 + use crate::core::config::DebuginfoLevel;
    |

error[E0433]: failed to resolve: use of undeclared type `DebuginfoLevel`
   --> standalonex/src/bootstrap/src/core/build_steps/compile_modules/rustc.rs:164:61
    |
164 |             && builder.config.rust_debuginfo_level_tools == DebuginfoLevel::None
    |                                                             ^^^^^^^^^^^^^^ use of undeclared type `DebuginfoLevel`
    |
help: consider importing this enum through its public re-export
    |
  4 + use crate::core::config::DebuginfoLevel;
    |

error[E0425]: cannot find function `strip_debug` in this scope
   --> standalonex/src/bootstrap/src/core/build_steps/compile_modules/rustc.rs:168:13
    |
168 |             strip_debug(builder, target, &rustc_driver);
    |             ^^^^^^^^^^^ not found in this scope
    |
help: consider importing this function
    |
  4 + use crate::core::build_steps::compile_modules::strip_debug::strip_debug;
    |

error[E0433]: failed to resolve: use of undeclared type `RustcLink`
   --> standalonex/src/bootstrap/src/core/build_steps/compile_modules/rustc.rs:171:24
    |
171 |         builder.ensure(RustcLink::from_rustc(
    |                        ^^^^^^^^^ use of undeclared type `RustcLink`
    |
note: struct `crate::core::build_steps::compile_modules::rustc_link::RustcLink` exists but is inaccessible
   --> standalonex/src/bootstrap/src/core/build_steps/compile_modules/rustc_link.rs:10:1
    |
 10 | struct RustcLink {
    | ^^^^^^^^^^^^^^^^ not accessible

error[E0412]: cannot find type `Compiler` in this scope
 --> standalonex/src/bootstrap/src/core/build_steps/compile_modules/startup_objects.rs:6:19
  |
6 |     pub compiler: Compiler,
  |                   ^^^^^^^^ not found in this scope
  |
help: consider importing this struct
  |
4 + use crate::Compiler;
  |

error[E0412]: cannot find type `TargetSelection` in this scope
 --> standalonex/src/bootstrap/src/core/build_steps/compile_modules/startup_objects.rs:7:17
  |
7 |     pub target: TargetSelection,
  |                 ^^^^^^^^^^^^^^^ not found in this scope
  |
help: consider importing one of these structs
  |
4 + use crate::TargetSelection;
  |
4 + use bootstrap_config_utils::target_selection::TargetSelection;
  |

error[E0405]: cannot find trait `Step` in this scope
  --> standalonex/src/bootstrap/src/core/build_steps/compile_modules/startup_objects.rs:10:6
   |
10 | impl Step for StartupObjects {
   |      ^^^^ not found in this scope
   |
help: consider importing one of these traits
   |
 4 + use crate::builder::Step;
   |
 4 + use std::range::Step;
   |

error[E0412]: cannot find type `PathBuf` in this scope
  --> standalonex/src/bootstrap/src/core/build_steps/compile_modules/startup_objects.rs:11:24
   |
11 |     type Output = Vec<(PathBuf, DependencyType)>;
   |                        ^^^^^^^ not found in this scope
   |
help: consider importing one of these structs
   |
 4 + use crate::PathBuf;
   |
 4 + use std::path::PathBuf;
   |

error[E0412]: cannot find type `DependencyType` in this scope
  --> standalonex/src/bootstrap/src/core/build_steps/compile_modules/startup_objects.rs:11:33
   |
11 |     type Output = Vec<(PathBuf, DependencyType)>;
   |                                 ^^^^^^^^^^^^^^ not found in this scope
   |
help: consider importing this enum
   |
 4 + use crate::DependencyType;
   |

error[E0412]: cannot find type `ShouldRun` in this scope
  --> standalonex/src/bootstrap/src/core/build_steps/compile_modules/startup_objects.rs:13:24
   |
13 |     fn should_run(run: ShouldRun<'_>) -> ShouldRun<'_> {
   |                        ^^^^^^^^^ not found in this scope
   |
help: consider importing this struct
   |
 4 + use crate::builder::ShouldRun;
   |

error[E0412]: cannot find type `ShouldRun` in this scope
  --> standalonex/src/bootstrap/src/core/build_steps/compile_modules/startup_objects.rs:13:42
   |
13 |     fn should_run(run: ShouldRun<'_>) -> ShouldRun<'_> {
   |                                          ^^^^^^^^^ not found in this scope
   |
help: consider importing this struct
   |
 4 + use crate::builder::ShouldRun;
   |

error[E0412]: cannot find type `RunConfig` in this scope
  --> standalonex/src/bootstrap/src/core/build_steps/compile_modules/startup_objects.rs:17:22
   |
17 |     fn make_run(run: RunConfig<'_>) {
   |                      ^^^^^^^^^ not found in this scope
   |
help: consider importing this struct
   |
 4 + use crate::builder::RunConfig;
   |

error[E0412]: cannot find type `Builder` in this scope
  --> standalonex/src/bootstrap/src/core/build_steps/compile_modules/startup_objects.rs:30:28
   |
30 |     fn run(self, builder: &Builder<'_>) -> Vec<(PathBuf, DependencyType)> {
   |                            ^^^^^^^ not found in this scope
   |
help: consider importing one of these structs
   |
 4 + use crate::Builder;
   |
 4 + use std::thread::Builder;
   |
 4 + use tar::Builder;
   |

error[E0412]: cannot find type `PathBuf` in this scope
  --> standalonex/src/bootstrap/src/core/build_steps/compile_modules/startup_objects.rs:30:49
   |
30 |     fn run(self, builder: &Builder<'_>) -> Vec<(PathBuf, DependencyType)> {
   |                                                 ^^^^^^^ not found in this scope
   |
help: consider importing one of these structs
   |
 4 + use crate::PathBuf;
   |
 4 + use std::path::PathBuf;
   |

error[E0412]: cannot find type `DependencyType` in this scope
  --> standalonex/src/bootstrap/src/core/build_steps/compile_modules/startup_objects.rs:30:58
   |
30 |     fn run(self, builder: &Builder<'_>) -> Vec<(PathBuf, DependencyType)> {
   |                                                          ^^^^^^^^^^^^^^ not found in this scope
   |
help: consider importing this enum
   |
 4 + use crate::DependencyType;
   |

error[E0425]: cannot find function `up_to_date` in this scope
  --> standalonex/src/bootstrap/src/core/build_steps/compile_modules/startup_objects.rs:47:17
   |
47 |             if !up_to_date(src_file, dst_file) {
   |                 ^^^^^^^^^^ not found in this scope
   |
help: consider importing this function
   |
 4 + use crate::utils::helpers::up_to_date;
   |

error[E0425]: cannot find function `command` in this scope
  --> standalonex/src/bootstrap/src/core/build_steps/compile_modules/startup_objects.rs:48:31
   |
48 |                 let mut cmd = command(&builder.initial_rustc);
   |                               ^^^^^^^ not found in this scope
   |
help: consider importing this function through its public re-export
   |
 4 + use crate::command;
   |

error[E0433]: failed to resolve: use of undeclared type `DependencyType`
  --> standalonex/src/bootstrap/src/core/build_steps/compile_modules/startup_objects.rs:65:39
   |
65 |             target_deps.push((target, DependencyType::Target));
   |                                       ^^^^^^^^^^^^^^ use of undeclared type `DependencyType`
   |
help: consider importing this enum
   |
 4 + use crate::DependencyType;
   |

error[E0412]: cannot find type `Builder` in this scope
 --> standalonex/src/bootstrap/src/core/build_steps/compile_modules/std_cargo.rs:6:28
  |
6 | pub fn std_cargo(builder: &Builder<'_>, target: TargetSelection, stage: u32, cargo: &mut Cargo) {
  |                            ^^^^^^^ not found in this scope
  |
help: consider importing one of these structs
  |
4 + use crate::Builder;
  |
4 + use std::thread::Builder;
  |
4 + use tar::Builder;
  |

error[E0412]: cannot find type `TargetSelection` in this scope
 --> standalonex/src/bootstrap/src/core/build_steps/compile_modules/std_cargo.rs:6:49
  |
6 | pub fn std_cargo(builder: &Builder<'_>, target: TargetSelection, stage: u32, cargo: &mut Cargo) {
  |                                                 ^^^^^^^^^^^^^^^ not found in this scope
  |
help: consider importing one of these structs
  |
4 + use crate::TargetSelection;
  |
4 + use bootstrap_config_utils::target_selection::TargetSelection;
  |

error[E0412]: cannot find type `Cargo` in this scope
 --> standalonex/src/bootstrap/src/core/build_steps/compile_modules/std_cargo.rs:6:90
  |
6 | pub fn std_cargo(builder: &Builder<'_>, target: TargetSelection, stage: u32, cargo: &mut Cargo) {
  |                                                                                          ^^^^^ not found in this scope
  |
help: consider importing one of these structs
  |
4 + use crate::builder::Cargo;
  |
4 + use crate::core::build_steps::test_split::cargo::Cargo;
  |
4 + use crate::dist::Cargo;
  |
4 + use crate::doc::Cargo;
  |
  = and 2 other candidates

error[E0433]: failed to resolve: use of unresolved module or unlinked crate `env`
 --> standalonex/src/bootstrap/src/core/build_steps/compile_modules/std_cargo.rs:7:27
  |
7 |     if let Some(target) = env::var_os("MACOSX_STD_DEPLOYMENT_TARGET") {
  |                           ^^^ use of unresolved module or unlinked crate `env`
  |
  = help: if you wanted to use a crate named `env`, use `cargo add env` to add it to your `Cargo.toml`
help: consider importing one of these modules
  |
4 + use crate::env;
  |
4 + use std::env;
  |

error[E0425]: cannot find function `compiler_rt_for_profiler` in this scope
  --> standalonex/src/bootstrap/src/core/build_steps/compile_modules/std_cargo.rs:15:27
   |
15 |         let compiler_rt = compiler_rt_for_profiler(builder);
   |                           ^^^^^^^^^^^^^^^^^^^^^^^^ not found in this scope
   |
note: function `crate::core::build_steps::compile_modules::compiler_rt_for_profiler::compiler_rt_for_profiler` exists but is inaccessible
  --> standalonex/src/bootstrap/src/core/build_steps/compile_modules/compiler_rt_for_profiler.rs:9:1
   |
 9 | fn compiler_rt_for_profiler(builder: &Builder<'_>) -> PathBuf {
   | ^^^^^^^^^^^^^^^^^^^^^^^^^^^^^^^^^^^^^^^^^^^^^^^^^^^^^^^^^^^^^ not accessible

error[E0433]: failed to resolve: use of undeclared type `RustcLto`
   --> standalonex/src/bootstrap/src/core/build_steps/compile_modules/std_cargo.rs:116:35
    |
116 |     if builder.config.rust_lto == RustcLto::Off {
    |                                   ^^^^^^^^ use of undeclared type `RustcLto`
    |
help: consider importing this enum through its public re-export
    |
  4 + use crate::core::config::RustcLto;
    |

error[E0412]: cannot find type `RunConfig` in this scope
 --> standalonex/src/bootstrap/src/core/build_steps/compile_modules/std_crates_for_run_make.rs:5:38
  |
5 | pub fn std_crates_for_run_make(run: &RunConfig<'_>) -> Vec<String> {
  |                                      ^^^^^^^^^ not found in this scope
  |
help: consider importing this struct
  |
4 + use crate::builder::RunConfig;
  |

error[E0433]: failed to resolve: use of unresolved module or unlinked crate `builder`
  --> standalonex/src/bootstrap/src/core/build_steps/compile_modules/std_crates_for_run_make.rs:20:29
   |
20 |         run.make_run_crates(builder::Alias::Library)
   |                             ^^^^^^^ use of unresolved module or unlinked crate `builder`
   |
   = help: if you wanted to use a crate named `builder`, use `cargo add builder` to add it to your `Cargo.toml`
help: consider importing this enum
   |
 4 + use crate::builder::Alias;
   |
help: if you import `Alias`, refer to it directly
   |
20 -         run.make_run_crates(builder::Alias::Library)
20 +         run.make_run_crates(Alias::Library)
   |

error[E0412]: cannot find type `Compiler` in this scope
 --> standalonex/src/bootstrap/src/core/build_steps/compile_modules/std_link.rs:6:19
  |
6 |     pub compiler: Compiler,
  |                   ^^^^^^^^ not found in this scope
  |
help: consider importing this struct
  |
4 + use crate::Compiler;
  |

error[E0412]: cannot find type `Compiler` in this scope
 --> standalonex/src/bootstrap/src/core/build_steps/compile_modules/std_link.rs:7:26
  |
7 |     pub target_compiler: Compiler,
  |                          ^^^^^^^^ not found in this scope
  |
help: consider importing this struct
  |
4 + use crate::Compiler;
  |

error[E0412]: cannot find type `TargetSelection` in this scope
 --> standalonex/src/bootstrap/src/core/build_steps/compile_modules/std_link.rs:8:17
  |
8 |     pub target: TargetSelection,
  |                 ^^^^^^^^^^^^^^^ not found in this scope
  |
help: consider importing one of these structs
  |
4 + use crate::TargetSelection;
  |
4 + use bootstrap_config_utils::target_selection::TargetSelection;
  |

error[E0412]: cannot find type `Std` in this scope
  --> standalonex/src/bootstrap/src/core/build_steps/compile_modules/std_link.rs:16:22
   |
16 |     fn from_std(std: Std, host_compiler: Compiler) -> Self {
   |                      ^^^ not found in this scope
   |
help: consider importing one of these structs
   |
 4 + use crate::clean::Std;
   |
 4 + use crate::core::build_steps::compile_modules::std::Std;
   |
 4 + use crate::core::types::Std;
   |
 4 + use crate::dist::Std;
   |
   = and 2 other candidates

error[E0412]: cannot find type `Compiler` in this scope
  --> standalonex/src/bootstrap/src/core/build_steps/compile_modules/std_link.rs:16:42
   |
16 |     fn from_std(std: Std, host_compiler: Compiler) -> Self {
   |                                          ^^^^^^^^ not found in this scope
   |
help: consider importing this struct
   |
 4 + use crate::Compiler;
   |

error[E0405]: cannot find trait `Step` in this scope
  --> standalonex/src/bootstrap/src/core/build_steps/compile_modules/std_link.rs:27:6
   |
27 | impl Step for StdLink {
   |      ^^^^ not found in this scope
   |
help: consider importing one of these traits
   |
 4 + use crate::builder::Step;
   |
 4 + use std::range::Step;
   |

error[E0412]: cannot find type `ShouldRun` in this scope
  --> standalonex/src/bootstrap/src/core/build_steps/compile_modules/std_link.rs:30:24
   |
30 |     fn should_run(run: ShouldRun<'_>) -> ShouldRun<'_> {
   |                        ^^^^^^^^^ not found in this scope
   |
help: consider importing this struct
   |
 4 + use crate::builder::ShouldRun;
   |

error[E0412]: cannot find type `ShouldRun` in this scope
  --> standalonex/src/bootstrap/src/core/build_steps/compile_modules/std_link.rs:30:42
   |
30 |     fn should_run(run: ShouldRun<'_>) -> ShouldRun<'_> {
   |                                          ^^^^^^^^^ not found in this scope
   |
help: consider importing this struct
   |
 4 + use crate::builder::ShouldRun;
   |

error[E0412]: cannot find type `Builder` in this scope
  --> standalonex/src/bootstrap/src/core/build_steps/compile_modules/std_link.rs:42:28
   |
42 |     fn run(self, builder: &Builder<'_>) {
   |                            ^^^^^^^ not found in this scope
   |
help: consider importing one of these structs
   |
 4 + use crate::Builder;
   |
 4 + use std::thread::Builder;
   |
 4 + use tar::Builder;
   |

error[E0422]: cannot find struct, variant or union type `Sysroot` in module `crate::core::build_steps::compile`
  --> standalonex/src/bootstrap/src/core/build_steps/compile_modules/std_link.rs:51:77
   |
51 |             let sysroot = builder.ensure(crate::core::build_steps::compile::Sysroot {
   |                                                                             ^^^^^^^ not found in `crate::core::build_steps::compile`
   |
help: consider importing this struct
   |
 4 + use crate::core::build_steps::compile_modules::sysroot::Sysroot;
   |
help: if you import `Sysroot`, refer to it directly
   |
51 -             let sysroot = builder.ensure(crate::core::build_steps::compile::Sysroot {
51 +             let sysroot = builder.ensure(Sysroot {
   |

error[E0425]: cannot find function `add_to_sysroot` in this scope
  --> standalonex/src/bootstrap/src/core/build_steps/compile_modules/std_link.rs:64:9
   |
64 |         add_to_sysroot(builder, &libdir, &hostdir, &libstd_stamp(builder, compiler, target));
   |         ^^^^^^^^^^^^^^ not found in this scope
   |
help: consider importing this function
   |
 4 + use crate::core::build_steps::compile_modules::add_to_sysroot::add_to_sysroot;
   |

error[E0425]: cannot find function `libstd_stamp` in this scope
   --> standalonex/src/bootstrap/src/core/build_steps/compile_modules/std_link.rs:64:53
    |
 64 |         add_to_sysroot(builder, &libdir, &hostdir, &libstd_stamp(builder, compiler, target));
    |                                                     ^^^^^^^^^^^^ not found in this scope
    |
note: function `crate::check::libstd_stamp` exists but is inaccessible
   --> standalonex/src/bootstrap/src/core/build_steps/check.rs:471:1
    |
471 | fn libstd_stamp(builder: &Builder<'_>, compiler: Compiler, target: TargetSelection) -> PathBuf {
    | ^^^^^^^^^^^^^^^^^^^^^^^^^^^^^^^^^^^^^^^^^^^^^^^^^^^^^^^^^^^^^^^^^^^^^^^^^^^^^^^^^^^^^^^^^^^^^^ not accessible
help: consider importing this function
    |
  4 + use crate::core::build_steps::compile_modules::libstd_stamp::libstd_stamp;
    |

error[E0433]: failed to resolve: use of unresolved module or unlinked crate `fs`
  --> standalonex/src/bootstrap/src/core/build_steps/compile_modules/std_link.rs:87:32
   |
87 |             if let Ok(files) = fs::read_dir(stage0_lib_dir) {
   |                                ^^ use of unresolved module or unlinked crate `fs`
   |
   = help: if you wanted to use a crate named `fs`, use `cargo add fs` to add it to your `Cargo.toml`
help: consider importing one of these modules
   |
 4 + use crate::fs;
   |
 4 + use std::fs;
   |

error[E0412]: cannot find type `TargetSelection` in this scope
 --> standalonex/src/bootstrap/src/core/build_steps/compile_modules/std.rs:6:17
  |
6 |     pub target: TargetSelection,
  |                 ^^^^^^^^^^^^^^^ not found in this scope
  |
help: consider importing one of these structs
  |
4 + use crate::TargetSelection;
  |
4 + use bootstrap_config_utils::target_selection::TargetSelection;
  |

error[E0412]: cannot find type `Compiler` in this scope
 --> standalonex/src/bootstrap/src/core/build_steps/compile_modules/std.rs:7:19
  |
7 |     pub compiler: Compiler,
  |                   ^^^^^^^^ not found in this scope
  |
help: consider importing this struct
  |
4 + use crate::Compiler;
  |

error[E0412]: cannot find type `Compiler` in this scope
  --> standalonex/src/bootstrap/src/core/build_steps/compile_modules/std.rs:20:26
   |
20 |     pub fn new(compiler: Compiler, target: TargetSelection) -> Self {
   |                          ^^^^^^^^ not found in this scope
   |
help: consider importing this struct
   |
 4 + use crate::Compiler;
   |

error[E0412]: cannot find type `TargetSelection` in this scope
  --> standalonex/src/bootstrap/src/core/build_steps/compile_modules/std.rs:20:44
   |
20 |     pub fn new(compiler: Compiler, target: TargetSelection) -> Self {
   |                                            ^^^^^^^^^^^^^^^ not found in this scope
   |
help: consider importing one of these structs
   |
 4 + use crate::TargetSelection;
   |
 4 + use bootstrap_config_utils::target_selection::TargetSelection;
   |

error[E0412]: cannot find type `Compiler` in this scope
  --> standalonex/src/bootstrap/src/core/build_steps/compile_modules/std.rs:31:38
   |
31 |     pub fn force_recompile(compiler: Compiler, target: TargetSelection) -> Self {
   |                                      ^^^^^^^^ not found in this scope
   |
help: consider importing this struct
   |
 4 + use crate::Compiler;
   |

error[E0412]: cannot find type `TargetSelection` in this scope
  --> standalonex/src/bootstrap/src/core/build_steps/compile_modules/std.rs:31:56
   |
31 |     pub fn force_recompile(compiler: Compiler, target: TargetSelection) -> Self {
   |                                                        ^^^^^^^^^^^^^^^ not found in this scope
   |
help: consider importing one of these structs
   |
 4 + use crate::TargetSelection;
   |
 4 + use bootstrap_config_utils::target_selection::TargetSelection;
   |

error[E0412]: cannot find type `Compiler` in this scope
  --> standalonex/src/bootstrap/src/core/build_steps/compile_modules/std.rs:42:44
   |
42 |     pub fn new_for_mir_opt_tests(compiler: Compiler, target: TargetSelection) -> Self {
   |                                            ^^^^^^^^ not found in this scope
   |
help: consider importing this struct
   |
 4 + use crate::Compiler;
   |

error[E0412]: cannot find type `TargetSelection` in this scope
  --> standalonex/src/bootstrap/src/core/build_steps/compile_modules/std.rs:42:62
   |
42 |     pub fn new_for_mir_opt_tests(compiler: Compiler, target: TargetSelection) -> Self {
   |                                                              ^^^^^^^^^^^^^^^ not found in this scope
   |
help: consider importing one of these structs
   |
 4 + use crate::TargetSelection;
   |
 4 + use bootstrap_config_utils::target_selection::TargetSelection;
   |

error[E0412]: cannot find type `Compiler` in this scope
  --> standalonex/src/bootstrap/src/core/build_steps/compile_modules/std.rs:54:19
   |
54 |         compiler: Compiler,
   |                   ^^^^^^^^ not found in this scope
   |
help: consider importing this struct
   |
 4 + use crate::Compiler;
   |

error[E0412]: cannot find type `TargetSelection` in this scope
  --> standalonex/src/bootstrap/src/core/build_steps/compile_modules/std.rs:55:17
   |
55 |         target: TargetSelection,
   |                 ^^^^^^^^^^^^^^^ not found in this scope
   |
help: consider importing one of these structs
   |
 4 + use crate::TargetSelection;
   |
 4 + use bootstrap_config_utils::target_selection::TargetSelection;
   |

error[E0412]: cannot find type `Builder` in this scope
  --> standalonex/src/bootstrap/src/core/build_steps/compile_modules/std.rs:70:19
   |
70 |         builder: &Builder<'_>,
   |                   ^^^^^^^ not found in this scope
   |
help: consider importing one of these structs
   |
 4 + use crate::Builder;
   |
 4 + use std::thread::Builder;
   |
 4 + use tar::Builder;
   |

error[E0412]: cannot find type `Compiler` in this scope
  --> standalonex/src/bootstrap/src/core/build_steps/compile_modules/std.rs:71:20
   |
71 |         compiler: &Compiler,
   |                    ^^^^^^^^ not found in this scope
   |
help: consider importing this struct
   |
 4 + use crate::Compiler;
   |

error[E0412]: cannot find type `TargetSelection` in this scope
  --> standalonex/src/bootstrap/src/core/build_steps/compile_modules/std.rs:72:17
   |
72 |         target: TargetSelection,
   |                 ^^^^^^^^^^^^^^^ not found in this scope
   |
help: consider importing one of these structs
   |
 4 + use crate::TargetSelection;
   |
 4 + use bootstrap_config_utils::target_selection::TargetSelection;
   |

error[E0412]: cannot find type `PathBuf` in this scope
  --> standalonex/src/bootstrap/src/core/build_steps/compile_modules/std.rs:73:15
   |
73 |     ) -> Vec<(PathBuf, DependencyType)> {
   |               ^^^^^^^ not found in this scope
   |
help: consider importing one of these structs
   |
 4 + use crate::PathBuf;
   |
 4 + use std::path::PathBuf;
   |

error[E0412]: cannot find type `DependencyType` in this scope
  --> standalonex/src/bootstrap/src/core/build_steps/compile_modules/std.rs:73:24
   |
73 |     ) -> Vec<(PathBuf, DependencyType)> {
   |                        ^^^^^^^^^^^^^^ not found in this scope
   |
help: consider importing this enum
   |
 4 + use crate::DependencyType;
   |

error[E0425]: cannot find function `copy_third_party_objects` in this scope
  --> standalonex/src/bootstrap/src/core/build_steps/compile_modules/std.rs:76:25
   |
76 |             deps.extend(copy_third_party_objects(builder, compiler, target));
   |                         ^^^^^^^^^^^^^^^^^^^^^^^^ not found in this scope
   |
note: function `crate::core::build_steps::compile_modules::copy_third_party_objects::copy_third_party_objects` exists but is inaccessible
  --> standalonex/src/bootstrap/src/core/build_steps/compile_modules/copy_third_party_objects.rs:5:1
   |
 5 | / fn copy_third_party_objects(
 6 | |     builder: &Builder<'_>,
 7 | |     compiler: &Compiler,
 8 | |     target: TargetSelection,
...  |
31 | |     target_deps
32 | | }
   | |_^ not accessible

error[E0425]: cannot find function `copy_self_contained_objects` in this scope
  --> standalonex/src/bootstrap/src/core/build_steps/compile_modules/std.rs:77:25
   |
77 |             deps.extend(copy_self_contained_objects(builder, compiler, target));
   |                         ^^^^^^^^^^^^^^^^^^^^^^^^^^^ not found in this scope
   |
note: function `crate::core::build_steps::compile_modules::copy_self_contained_objects::copy_self_contained_objects` exists but is inaccessible
  --> standalonex/src/bootstrap/src/core/build_steps/compile_modules/copy_self_contained_objects.rs:5:1
   |
 5 | / fn copy_self_contained_objects(
 6 | |     builder: &Builder<'_>,
 7 | |     compiler: &Compiler,
 8 | |     target: TargetSelection,
...  |
75 | |     target_deps
76 | | }
   | |_^ not accessible

error[E0405]: cannot find trait `Step` in this scope
  --> standalonex/src/bootstrap/src/core/build_steps/compile_modules/std.rs:83:6
   |
83 | impl Step for Std {
   |      ^^^^ not found in this scope
   |
help: consider importing one of these traits
   |
 4 + use crate::builder::Step;
   |
 4 + use std::range::Step;
   |

error[E0412]: cannot find type `ShouldRun` in this scope
  --> standalonex/src/bootstrap/src/core/build_steps/compile_modules/std.rs:87:24
   |
87 |     fn should_run(run: ShouldRun<'_>) -> ShouldRun<'_> {
   |                        ^^^^^^^^^ not found in this scope
   |
help: consider importing this struct
   |
 4 + use crate::builder::ShouldRun;
   |

error[E0412]: cannot find type `ShouldRun` in this scope
  --> standalonex/src/bootstrap/src/core/build_steps/compile_modules/std.rs:87:42
   |
87 |     fn should_run(run: ShouldRun<'_>) -> ShouldRun<'_> {
   |                                          ^^^^^^^^^ not found in this scope
   |
help: consider importing this struct
   |
 4 + use crate::builder::ShouldRun;
   |

error[E0412]: cannot find type `RunConfig` in this scope
  --> standalonex/src/bootstrap/src/core/build_steps/compile_modules/std.rs:91:22
   |
91 |     fn make_run(run: RunConfig<'_>) {
   |                      ^^^^^^^^^ not found in this scope
   |
help: consider importing this struct
   |
 4 + use crate::builder::RunConfig;
   |

error[E0425]: cannot find function `std_crates_for_run_make` in this scope
  --> standalonex/src/bootstrap/src/core/build_steps/compile_modules/std.rs:92:22
   |
92 |         let crates = std_crates_for_run_make(&run);
   |                      ^^^^^^^^^^^^^^^^^^^^^^^ not found in this scope
   |
help: consider importing this function
   |
 4 + use crate::core::build_steps::compile_modules::std_crates_for_run_make::std_crates_for_run_make;
   |

error[E0412]: cannot find type `Builder` in this scope
   --> standalonex/src/bootstrap/src/core/build_steps/compile_modules/std.rs:117:28
    |
117 |     fn run(self, builder: &Builder<'_>) {
    |                            ^^^^^^^ not found in this scope
    |
help: consider importing one of these structs
    |
  4 + use crate::Builder;
    |
  4 + use std::thread::Builder;
    |
  4 + use tar::Builder;
    |

error[E0422]: cannot find struct, variant or union type `Sysroot` in this scope
   --> standalonex/src/bootstrap/src/core/build_steps/compile_modules/std.rs:129:42
    |
129 |             let sysroot = builder.ensure(Sysroot { compiler, force_recompile: false });
    |                                          ^^^^^^^ not found in this scope
    |
help: consider importing this struct
    |
  4 + use crate::core::build_steps::compile_modules::sysroot::Sysroot;
    |

error[E0425]: cannot find function `cp_rustc_component_to_ci_sysroot` in this scope
   --> standalonex/src/bootstrap/src/core/build_steps/compile_modules/std.rs:130:13
    |
130 |             cp_rustc_component_to_ci_sysroot(
    |             ^^^^^^^^^^^^^^^^^^^^^^^^^^^^^^^^ not found in this scope
    |
note: function `crate::core::build_steps::compile_modules::cp_rustc_component_to_ci_sysroot::cp_rustc_component_to_ci_sysroot` exists but is inaccessible
   --> standalonex/src/bootstrap/src/core/build_steps/compile_modules/cp_rustc_component_to_ci_sysroot.rs:4:1
    |
  4 | fn cp_rustc_component_to_ci_sysroot(builder: &Builder<'_>, sysroot: &Path, contents: Vec<String>) {
    | ^^^^^^^^^^^^^^^^^^^^^^^^^^^^^^^^^^^^^^^^^^^^^^^^^^^^^^^^^^^^^^^^^^^^^^^^^^^^^^^^^^^^^^^^^^^^^^^^^ not accessible

error[E0422]: cannot find struct, variant or union type `StartupObjects` in this scope
   --> standalonex/src/bootstrap/src/core/build_steps/compile_modules/std.rs:143:28
    |
143 |             builder.ensure(StartupObjects { compiler, target });
    |                            ^^^^^^^^^^^^^^ not found in this scope
    |
help: consider importing this struct
    |
  4 + use crate::core::build_steps::compile_modules::startup_objects::StartupObjects;
    |

error[E0433]: failed to resolve: use of undeclared type `StdLink`
   --> standalonex/src/bootstrap/src/core/build_steps/compile_modules/std.rs:147:28
    |
147 |             builder.ensure(StdLink::from_std(self, compiler));
    |                            ^^^^^^^ use of undeclared type `StdLink`
    |
note: struct `crate::core::build_steps::compile_modules::std_link::StdLink` exists but is inaccessible
   --> standalonex/src/bootstrap/src/core/build_steps/compile_modules/std_link.rs:5:1
    |
  5 | struct StdLink {
    | ^^^^^^^^^^^^^^ not accessible

error[E0422]: cannot find struct, variant or union type `StartupObjects` in this scope
   --> standalonex/src/bootstrap/src/core/build_steps/compile_modules/std.rs:153:46
    |
153 |         let mut target_deps = builder.ensure(StartupObjects { compiler, target });
    |                                              ^^^^^^^^^^^^^^ not found in this scope
    |
help: consider importing this struct
    |
  4 + use crate::core::build_steps::compile_modules::startup_objects::StartupObjects;
    |

error[E0433]: failed to resolve: use of undeclared type `StdLink`
   --> standalonex/src/bootstrap/src/core/build_steps/compile_modules/std.rs:175:28
    |
175 |             builder.ensure(StdLink::from_std(self, compiler_to_use));
    |                            ^^^^^^^ use of undeclared type `StdLink`
    |
note: struct `crate::core::build_steps::compile_modules::std_link::StdLink` exists but is inaccessible
   --> standalonex/src/bootstrap/src/core/build_steps/compile_modules/std_link.rs:5:1
    |
  5 | struct StdLink {
    | ^^^^^^^^^^^^^^ not accessible

error[E0433]: failed to resolve: use of unresolved module or unlinked crate `builder`
   --> standalonex/src/bootstrap/src/core/build_steps/compile_modules/std.rs:203:29
    |
203 |             let mut cargo = builder::Cargo::new_for_mir_opt_tests(
    |                             ^^^^^^^ use of unresolved module or unlinked crate `builder`
    |
    = help: if you wanted to use a crate named `builder`, use `cargo add builder` to add it to your `Cargo.toml`
help: consider importing one of these structs
    |
  4 + use crate::builder::Cargo;
    |
  4 + use crate::core::build_steps::test_split::cargo::Cargo;
    |
  4 + use crate::dist::Cargo;
    |
  4 + use crate::doc::Cargo;
    |
    = and 2 other candidates
help: if you import `Cargo`, refer to it directly
    |
203 -             let mut cargo = builder::Cargo::new_for_mir_opt_tests(
203 +             let mut cargo = Cargo::new_for_mir_opt_tests(
    |

error[E0433]: failed to resolve: use of undeclared type `Mode`
   --> standalonex/src/bootstrap/src/core/build_steps/compile_modules/std.rs:206:17
    |
206 |                 Mode::Std,
    |                 ^^^^ use of undeclared type `Mode`
    |
help: consider importing one of these enums
    |
  4 + use crate::Mode;
    |
  4 + use xz2::stream::Mode;
    |

error[E0433]: failed to resolve: use of undeclared type `SourceType`
   --> standalonex/src/bootstrap/src/core/build_steps/compile_modules/std.rs:207:17
    |
207 |                 SourceType::InTree,
    |                 ^^^^^^^^^^ use of undeclared type `SourceType`
    |
help: consider importing this enum
    |
  4 + use crate::tool::SourceType;
    |

error[E0433]: failed to resolve: use of undeclared type `Kind`
   --> standalonex/src/bootstrap/src/core/build_steps/compile_modules/std.rs:209:17
    |
209 |                 Kind::Check,
    |                 ^^^^ use of undeclared type `Kind`
    |
help: consider importing this enum through its public re-export
    |
  4 + use crate::Kind;
    |

error[E0433]: failed to resolve: use of unresolved module or unlinked crate `builder`
   --> standalonex/src/bootstrap/src/core/build_steps/compile_modules/std.rs:215:29
    |
215 |             let mut cargo = builder::Cargo::new(
    |                             ^^^^^^^ use of unresolved module or unlinked crate `builder`
    |
    = help: if you wanted to use a crate named `builder`, use `cargo add builder` to add it to your `Cargo.toml`
help: consider importing one of these structs
    |
  4 + use crate::builder::Cargo;
    |
  4 + use crate::core::build_steps::test_split::cargo::Cargo;
    |
  4 + use crate::dist::Cargo;
    |
  4 + use crate::doc::Cargo;
    |
    = and 2 other candidates
help: if you import `Cargo`, refer to it directly
    |
215 -             let mut cargo = builder::Cargo::new(
215 +             let mut cargo = Cargo::new(
    |

error[E0433]: failed to resolve: use of undeclared type `Mode`
   --> standalonex/src/bootstrap/src/core/build_steps/compile_modules/std.rs:218:17
    |
218 |                 Mode::Std,
    |                 ^^^^ use of undeclared type `Mode`
    |
help: consider importing one of these enums
    |
  4 + use crate::Mode;
    |
  4 + use xz2::stream::Mode;
    |

error[E0433]: failed to resolve: use of undeclared type `SourceType`
   --> standalonex/src/bootstrap/src/core/build_steps/compile_modules/std.rs:219:17
    |
219 |                 SourceType::InTree,
    |                 ^^^^^^^^^^ use of undeclared type `SourceType`
    |
help: consider importing this enum
    |
  4 + use crate::tool::SourceType;
    |

error[E0433]: failed to resolve: use of undeclared type `Kind`
   --> standalonex/src/bootstrap/src/core/build_steps/compile_modules/std.rs:221:17
    |
221 |                 Kind::Build,
    |                 ^^^^ use of undeclared type `Kind`
    |
help: consider importing this enum through its public re-export
    |
  4 + use crate::Kind;
    |

error[E0425]: cannot find function `std_cargo` in this scope
   --> standalonex/src/bootstrap/src/core/build_steps/compile_modules/std.rs:223:13
    |
223 |             std_cargo(builder, target, compiler.stage, &mut cargo);
    |             ^^^^^^^^^ not found in this scope
    |
help: consider importing this function
    |
  4 + use crate::core::build_steps::compile_modules::std_cargo::std_cargo;
    |

error[E0433]: failed to resolve: use of undeclared type `Kind`
   --> standalonex/src/bootstrap/src/core/build_steps/compile_modules/std.rs:239:13
    |
239 |             Kind::Build,
    |             ^^^^ use of undeclared type `Kind`
    |
help: consider importing this enum through its public re-export
    |
  4 + use crate::Kind;
    |

error[E0425]: cannot find function `crate_description` in this scope
   --> standalonex/src/bootstrap/src/core/build_steps/compile_modules/std.rs:241:49
    |
241 |             format_args!("library artifacts{}", crate_description(&self.crates)),
    |                                                 ^^^^^^^^^^^^^^^^^ not found in this scope
    |
help: consider importing this function
    |
  4 + use crate::builder::crate_description;
    |

error[E0425]: cannot find function `run_cargo` in this scope
   --> standalonex/src/bootstrap/src/core/build_steps/compile_modules/std.rs:245:9
    |
245 |         run_cargo(
    |         ^^^^^^^^^ not found in this scope
    |
help: consider importing this function
    |
  4 + use crate::core::build_steps::compile_modules::run_cargo::run_cargo;
    |

error[E0425]: cannot find function `libstd_stamp` in this scope
   --> standalonex/src/bootstrap/src/core/build_steps/compile_modules/std.rs:249:14
    |
249 |             &libstd_stamp(builder, compiler, target),
    |              ^^^^^^^^^^^^ not found in this scope
    |
note: function `crate::check::libstd_stamp` exists but is inaccessible
   --> standalonex/src/bootstrap/src/core/build_steps/check.rs:471:1
    |
471 | fn libstd_stamp(builder: &Builder<'_>, compiler: Compiler, target: TargetSelection) -> PathBuf {
    | ^^^^^^^^^^^^^^^^^^^^^^^^^^^^^^^^^^^^^^^^^^^^^^^^^^^^^^^^^^^^^^^^^^^^^^^^^^^^^^^^^^^^^^^^^^^^^^ not accessible
help: consider importing this function
    |
  4 + use crate::core::build_steps::compile_modules::libstd_stamp::libstd_stamp;
    |

error[E0433]: failed to resolve: use of undeclared type `StdLink`
   --> standalonex/src/bootstrap/src/core/build_steps/compile_modules/std.rs:255:24
    |
255 |         builder.ensure(StdLink::from_std(
    |                        ^^^^^^^ use of undeclared type `StdLink`
    |
note: struct `crate::core::build_steps::compile_modules::std_link::StdLink` exists but is inaccessible
   --> standalonex/src/bootstrap/src/core/build_steps/compile_modules/std_link.rs:5:1
    |
  5 | struct StdLink {
    | ^^^^^^^^^^^^^^ not accessible

error[E0412]: cannot find type `Builder` in this scope
 --> standalonex/src/bootstrap/src/core/build_steps/compile_modules/stream_cargo.rs:5:15
  |
5 |     builder: &Builder<'_>,
  |               ^^^^^^^ not found in this scope
  |
help: consider importing one of these structs
  |
4 + use crate::Builder;
  |
4 + use std::thread::Builder;
  |
4 + use tar::Builder;
  |

error[E0412]: cannot find type `Cargo` in this scope
 --> standalonex/src/bootstrap/src/core/build_steps/compile_modules/stream_cargo.rs:6:12
  |
6 |     cargo: Cargo,
  |            ^^^^^ not found in this scope
  |
help: consider importing one of these structs
  |
4 + use crate::builder::Cargo;
  |
4 + use crate::core::build_steps::test_split::cargo::Cargo;
  |
4 + use crate::dist::Cargo;
  |
4 + use crate::doc::Cargo;
  |
  = and 2 other candidates

error[E0412]: cannot find type `CargoMessage` in this scope
 --> standalonex/src/bootstrap/src/core/build_steps/compile_modules/stream_cargo.rs:8:24
  |
8 |     cb: &mut dyn FnMut(CargoMessage<'_>),
  |                        ^^^^^^^^^^^^ not found in this scope
  |
help: consider importing this enum
  |
4 + use crate::core::build_steps::compile_modules::cargo_message::CargoMessage;
  |

error[E0433]: failed to resolve: use of undeclared type `Stdio`
  --> standalonex/src/bootstrap/src/core/build_steps/compile_modules/stream_cargo.rs:23:62
   |
23 |     cargo.arg("--message-format").arg(message_format).stdout(Stdio::piped());
   |                                                              ^^^^^ use of undeclared type `Stdio`
   |
help: consider importing this struct
   |
 4 + use std::process::Stdio;
   |

error[E0433]: failed to resolve: use of undeclared type `BufReader`
  --> standalonex/src/bootstrap/src/core/build_steps/compile_modules/stream_cargo.rs:42:18
   |
42 |     let stdout = BufReader::new(child.stdout.take().unwrap());
   |                  ^^^^^^^^^ use of undeclared type `BufReader`
   |
help: consider importing one of these structs
   |
 4 + use crate::io::BufReader;
   |
 4 + use std::io::BufReader;
   |

error[E0412]: cannot find type `CargoMessage` in this scope
  --> standalonex/src/bootstrap/src/core/build_steps/compile_modules/stream_cargo.rs:45:38
   |
45 |         match serde_json::from_str::<CargoMessage<'_>>(&line) {
   |                                      ^^^^^^^^^^^^ not found in this scope
   |
help: consider importing this enum
   |
 4 + use crate::core::build_steps::compile_modules::cargo_message::CargoMessage;
   |

error[E0412]: cannot find type `Builder` in this scope
 --> standalonex/src/bootstrap/src/core/build_steps/compile_modules/strip_debug.rs:4:30
  |
4 | pub fn strip_debug(builder: &Builder<'_>, target: TargetSelection, path: &Path) {
  |                              ^^^^^^^ not found in this scope
  |
help: consider importing one of these structs
  |
4 + use crate::Builder;
  |
4 + use std::thread::Builder;
  |
4 + use tar::Builder;
  |

error[E0412]: cannot find type `TargetSelection` in this scope
 --> standalonex/src/bootstrap/src/core/build_steps/compile_modules/strip_debug.rs:4:51
  |
4 | pub fn strip_debug(builder: &Builder<'_>, target: TargetSelection, path: &Path) {
  |                                                   ^^^^^^^^^^^^^^^ not found in this scope
  |
help: consider importing one of these structs
  |
4 + use crate::TargetSelection;
  |
4 + use bootstrap_config_utils::target_selection::TargetSelection;
  |

error[E0412]: cannot find type `Path` in this scope
 --> standalonex/src/bootstrap/src/core/build_steps/compile_modules/strip_debug.rs:4:75
  |
4 | pub fn strip_debug(builder: &Builder<'_>, target: TargetSelection, path: &Path) {
  |                                                                           ^^^^ not found in this scope
  |
help: consider importing one of these structs
  |
4 + use crate::Path;
  |
4 + use std::path::Path;
  |

error[E0425]: cannot find function `command` in this scope
  --> standalonex/src/bootstrap/src/core/build_steps/compile_modules/strip_debug.rs:13:5
   |
13 |     command("strip").arg("--strip-debug").arg(path).run_capture(builder);
   |     ^^^^^^^ not found in this scope
   |
help: consider importing this function through its public re-export
   |
 4 + use crate::command;
   |

error[E0412]: cannot find type `Compiler` in this scope
 --> standalonex/src/bootstrap/src/core/build_steps/compile_modules/sysroot.rs:6:19
  |
6 |     pub compiler: Compiler,
  |                   ^^^^^^^^ not found in this scope
  |
help: consider importing this struct
  |
4 + use crate::Compiler;
  |

error[E0412]: cannot find type `Compiler` in this scope
  --> standalonex/src/bootstrap/src/core/build_steps/compile_modules/sysroot.rs:12:33
   |
12 |     pub(crate) fn new(compiler: Compiler) -> Self {
   |                                 ^^^^^^^^ not found in this scope
   |
help: consider importing this struct
   |
 4 + use crate::Compiler;
   |

error[E0405]: cannot find trait `Step` in this scope
  --> standalonex/src/bootstrap/src/core/build_steps/compile_modules/sysroot.rs:17:6
   |
17 | impl Step for Sysroot {
   |      ^^^^ not found in this scope
   |
help: consider importing one of these traits
   |
 4 + use crate::builder::Step;
   |
 4 + use std::range::Step;
   |

error[E0412]: cannot find type `PathBuf` in this scope
  --> standalonex/src/bootstrap/src/core/build_steps/compile_modules/sysroot.rs:18:19
   |
18 |     type Output = PathBuf;
   |                   ^^^^^^^ not found in this scope
   |
help: consider importing one of these structs
   |
 4 + use crate::PathBuf;
   |
 4 + use std::path::PathBuf;
   |

error[E0412]: cannot find type `ShouldRun` in this scope
  --> standalonex/src/bootstrap/src/core/build_steps/compile_modules/sysroot.rs:20:24
   |
20 |     fn should_run(run: ShouldRun<'_>) -> ShouldRun<'_> {
   |                        ^^^^^^^^^ not found in this scope
   |
help: consider importing this struct
   |
 4 + use crate::builder::ShouldRun;
   |

error[E0412]: cannot find type `ShouldRun` in this scope
  --> standalonex/src/bootstrap/src/core/build_steps/compile_modules/sysroot.rs:20:42
   |
20 |     fn should_run(run: ShouldRun<'_>) -> ShouldRun<'_> {
   |                                          ^^^^^^^^^ not found in this scope
   |
help: consider importing this struct
   |
 4 + use crate::builder::ShouldRun;
   |

error[E0412]: cannot find type `Builder` in this scope
  --> standalonex/src/bootstrap/src/core/build_steps/compile_modules/sysroot.rs:27:28
   |
27 |     fn run(self, builder: &Builder<'_>) -> PathBuf {
   |                            ^^^^^^^ not found in this scope
   |
help: consider importing one of these structs
   |
 4 + use crate::Builder;
   |
 4 + use std::thread::Builder;
   |
 4 + use tar::Builder;
   |

error[E0412]: cannot find type `PathBuf` in this scope
  --> standalonex/src/bootstrap/src/core/build_steps/compile_modules/sysroot.rs:27:44
   |
27 |     fn run(self, builder: &Builder<'_>) -> PathBuf {
   |                                            ^^^^^^^ not found in this scope
   |
help: consider importing one of these structs
   |
 4 + use crate::PathBuf;
   |
 4 + use std::path::PathBuf;
   |

error[E0433]: failed to resolve: use of unresolved module or unlinked crate `fs`
  --> standalonex/src/bootstrap/src/core/build_steps/compile_modules/sysroot.rs:46:17
   |
46 |         let _ = fs::remove_dir_all(&sysroot);
   |                 ^^ use of unresolved module or unlinked crate `fs`
   |
   = help: if you wanted to use a crate named `fs`, use `cargo add fs` to add it to your `Cargo.toml`
help: consider importing one of these modules
   |
 4 + use crate::fs;
   |
 4 + use std::fs;
   |

error[E0433]: failed to resolve: use of unresolved module or unlinked crate `dist`
  --> standalonex/src/bootstrap/src/core/build_steps/compile_modules/sysroot.rs:56:13
   |
56 |             dist::maybe_install_llvm_target(builder, compiler.host, &sysroot);
   |             ^^^^ use of unresolved module or unlinked crate `dist`
   |
   = help: if you wanted to use a crate named `dist`, use `cargo add dist` to add it to your `Cargo.toml`
help: consider importing this module through its public re-export
   |
 4 + use crate::dist;
   |

error[E0433]: failed to resolve: use of unresolved module or unlinked crate `fs`
  --> standalonex/src/bootstrap/src/core/build_steps/compile_modules/sysroot.rs:71:33
   |
71 |                         let _ = fs::remove_dir_all(dir);
   |                                 ^^ use of unresolved module or unlinked crate `fs`
   |
   = help: if you wanted to use a crate named `fs`, use `cargo add fs` to add it to your `Cargo.toml`
help: consider importing one of these modules
   |
 4 + use crate::fs;
   |
 4 + use std::fs;
   |

error[E0433]: failed to resolve: use of undeclared type `Path`
  --> standalonex/src/bootstrap/src/core/build_steps/compile_modules/sysroot.rs:88:32
   |
88 |                     let path = Path::new(&path);
   |                                ^^^^ use of undeclared type `Path`
   |
help: consider importing one of these structs
   |
 4 + use crate::Path;
   |
 4 + use std::path::Path;
   |

error[E0433]: failed to resolve: use of undeclared type `OsStr`
   --> standalonex/src/bootstrap/src/core/build_steps/compile_modules/sysroot.rs:101:17
    |
101 |                 OsStr::new("rmeta"),
    |                 ^^^^^ use of undeclared type `OsStr`
    |
help: consider importing one of these structs
    |
  4 + use std::ffi::OsStr;
    |
  4 + use clap::builder::OsStr;
    |

error[E0433]: failed to resolve: use of undeclared type `OsStr`
   --> standalonex/src/bootstrap/src/core/build_steps/compile_modules/sysroot.rs:102:17
    |
102 |                 OsStr::new("rlib"),
    |                 ^^^^^ use of undeclared type `OsStr`
    |
help: consider importing one of these structs
    |
  4 + use std::ffi::OsStr;
    |
  4 + use clap::builder::OsStr;
    |

error[E0433]: failed to resolve: use of undeclared type `OsStr`
   --> standalonex/src/bootstrap/src/core/build_steps/compile_modules/sysroot.rs:104:17
    |
104 |                 OsStr::new(std::env::consts::DLL_EXTENSION),
    |                 ^^^^^ use of undeclared type `OsStr`
    |
help: consider importing one of these structs
    |
  4 + use std::ffi::OsStr;
    |
  4 + use clap::builder::OsStr;
    |

error[E0425]: cannot find function `symlink_dir` in this scope
   --> standalonex/src/bootstrap/src/core/build_steps/compile_modules/sysroot.rs:131:25
    |
131 |         if let Err(e) = symlink_dir(&builder.config, &builder.src, &sysroot_lib_rustlib_src_rust) {
    |                         ^^^^^^^^^^^ not found in this scope
    |
help: consider importing this function
    |
  4 + use crate::utils::helpers::symlink_dir;
    |

error[E0425]: cannot find function `symlink_dir` in this scope
   --> standalonex/src/bootstrap/src/core/build_steps/compile_modules/sysroot.rs:153:17
    |
153 |                 symlink_dir(&builder.config, &builder.src, &sysroot_lib_rustlib_rustcsrc_rust)
    |                 ^^^^^^^^^^^ not found in this scope
    |
help: consider importing this function
    |
  4 + use crate::utils::helpers::symlink_dir;
    |

error[E0433]: failed to resolve: could not find `Std` in `compile`
   --> standalonex/src/bootstrap/src/core/build_steps/dist.rs:665:33
    |
665 |         builder.ensure(compile::Std::new(compiler, target));
    |                                 ^^^ could not find `Std` in `compile`
    |
help: consider importing one of these structs
    |
 11 + use crate::clean::Std;
    |
 11 + use crate::core::build_steps::compile_modules::std::Std;
    |
 11 + use crate::core::types::Std;
    |
 11 + use crate::doc::Std;
    |
    = and 1 other candidate
help: if you import `Std`, refer to it directly
    |
665 -         builder.ensure(compile::Std::new(compiler, target));
665 +         builder.ensure(Std::new(compiler, target));
    |

error[E0425]: cannot find function `libstd_stamp` in module `compile`
   --> standalonex/src/bootstrap/src/core/build_steps/dist.rs:671:30
    |
671 |         let stamp = compile::libstd_stamp(builder, compiler_to_use, target);
    |                              ^^^^^^^^^^^^ not found in `compile`
    |
note: function `crate::check::libstd_stamp` exists but is inaccessible
   --> standalonex/src/bootstrap/src/core/build_steps/check.rs:471:1
    |
471 | fn libstd_stamp(builder: &Builder<'_>, compiler: Compiler, target: TargetSelection) -> PathBuf {
    | ^^^^^^^^^^^^^^^^^^^^^^^^^^^^^^^^^^^^^^^^^^^^^^^^^^^^^^^^^^^^^^^^^^^^^^^^^^^^^^^^^^^^^^^^^^^^^^ not accessible
help: consider importing this function
    |
 11 + use crate::core::build_steps::compile_modules::libstd_stamp::libstd_stamp;
    |
help: if you import `libstd_stamp`, refer to it directly
    |
671 -         let stamp = compile::libstd_stamp(builder, compiler_to_use, target);
671 +         let stamp = libstd_stamp(builder, compiler_to_use, target);
    |

error[E0433]: failed to resolve: could not find `Rustc` in `compile`
   --> standalonex/src/bootstrap/src/core/build_steps/dist.rs:716:33
    |
716 |         builder.ensure(compile::Rustc::new(compiler, target));
    |                                 ^^^^^ could not find `Rustc` in `compile`
    |
help: consider importing one of these structs
    |
 11 + use crate::clean::Rustc;
    |
 11 + use crate::core::build_steps::compile_modules::rustc::Rustc;
    |
 11 + use crate::core::types::Rustc;
    |
 11 + use crate::doc::Rustc;
    |
    = and 1 other candidate
help: if you import `Rustc`, refer to it directly
    |
716 -         builder.ensure(compile::Rustc::new(compiler, target));
716 +         builder.ensure(Rustc::new(compiler, target));
    |

error[E0425]: cannot find function `librustc_stamp` in module `compile`
   --> standalonex/src/bootstrap/src/core/build_steps/dist.rs:721:30
    |
721 |         let stamp = compile::librustc_stamp(builder, compiler_to_use, target);
    |                              ^^^^^^^^^^^^^^ not found in `compile`
    |
note: function `crate::check::librustc_stamp` exists but is inaccessible
   --> standalonex/src/bootstrap/src/core/build_steps/check.rs:487:1
    |
487 | fn librustc_stamp(builder: &Builder<'_>, compiler: Compiler, target: TargetSelection) -> PathBuf {
    | ^^^^^^^^^^^^^^^^^^^^^^^^^^^^^^^^^^^^^^^^^^^^^^^^^^^^^^^^^^^^^^^^^^^^^^^^^^^^^^^^^^^^^^^^^^^^^^^^ not accessible
help: consider importing this function
    |
 11 + use crate::core::build_steps::compile_modules::librustc_stamp::librustc_stamp;
    |
help: if you import `librustc_stamp`, refer to it directly
    |
721 -         let stamp = compile::librustc_stamp(builder, compiler_to_use, target);
721 +         let stamp = librustc_stamp(builder, compiler_to_use, target);
    |

error[E0425]: cannot find function `std_crates_for_run_make` in module `compile`
   --> standalonex/src/bootstrap/src/core/build_steps/doc.rs:590:31
    |
590 |         let crates = compile::std_crates_for_run_make(&run);
    |                               ^^^^^^^^^^^^^^^^^^^^^^^ not found in `compile`
    |
help: consider importing this function
    |
 10 + use crate::core::build_steps::compile_modules::std_crates_for_run_make::std_crates_for_run_make;
    |
help: if you import `std_crates_for_run_make`, refer to it directly
    |
590 -         let crates = compile::std_crates_for_run_make(&run);
590 +         let crates = std_crates_for_run_make(&run);
    |

error[E0425]: cannot find function `std_cargo` in module `compile`
   --> standalonex/src/bootstrap/src/core/build_steps/doc.rs:722:14
    |
722 |     compile::std_cargo(builder, target, compiler.stage, &mut cargo);
    |              ^^^^^^^^^ not found in `compile`
    |
help: consider importing this function
    |
 10 + use crate::core::build_steps::compile_modules::std_cargo::std_cargo;
    |
help: if you import `std_cargo`, refer to it directly
    |
722 -     compile::std_cargo(builder, target, compiler.stage, &mut cargo);
722 +     std_cargo(builder, target, compiler.stage, &mut cargo);
    |

error[E0433]: failed to resolve: could not find `Std` in `compile`
   --> standalonex/src/bootstrap/src/core/build_steps/doc.rs:813:33
    |
813 |         builder.ensure(compile::Std::new(compiler, builder.config.build));
    |                                 ^^^ could not find `Std` in `compile`
    |
help: consider importing one of these structs
    |
 10 + use crate::clean::Std;
    |
 10 + use crate::core::build_steps::compile_modules::std::Std;
    |
 10 + use crate::core::types::Std;
    |
 10 + use crate::dist::Std;
    |
    = and 2 other candidates
help: if you import `Std`, refer to it directly
    |
813 -         builder.ensure(compile::Std::new(compiler, builder.config.build));
813 +         builder.ensure(Std::new(compiler, builder.config.build));
    |

error[E0425]: cannot find function `rustc_cargo` in module `compile`
   --> standalonex/src/bootstrap/src/core/build_steps/doc.rs:843:18
    |
843 |         compile::rustc_cargo(builder, &mut cargo, target, &compiler, &self.crates);
    |                  ^^^^^^^^^^^ not found in `compile`
    |
help: consider importing this function
    |
 10 + use crate::core::build_steps::compile_modules::rustc_cargo::rustc_cargo;
    |
help: if you import `rustc_cargo`, refer to it directly
    |
843 -         compile::rustc_cargo(builder, &mut cargo, target, &compiler, &self.crates);
843 +         rustc_cargo(builder, &mut cargo, target, &compiler, &self.crates);
    |

error[E0433]: failed to resolve: could not find `Std` in `compile`
    --> standalonex/src/bootstrap/src/core/build_steps/doc.rs:958:41
     |
 958 |                   builder.ensure(compile::Std::new(compiler, target));
     |                                           ^^^ could not find `Std` in `compile`
...
1031 | / tool_doc!(
1032 | |     BuildHelper,
1033 | |     "src/build_helper",
1034 | |     rustc_tool = false,
1035 | |     is_library = true,
1036 | |     crates = ["build_helper"]
1037 | | );
     | |_- in this macro invocation
     |
     = note: this error originates in the macro `tool_doc` (in Nightly builds, run with -Z macro-backtrace for more info)
help: consider importing one of these structs
     |
  10 + use crate::clean::Std;
     |
  10 + use crate::core::build_steps::compile_modules::std::Std;
     |
  10 + use crate::core::types::Std;
     |
  10 + use crate::dist::Std;
     |
     = and 2 other candidates

error[E0433]: failed to resolve: could not find `Rustc` in `compile`
    --> standalonex/src/bootstrap/src/core/build_steps/doc.rs:967:45
     |
 967 |                       builder.ensure(compile::Rustc::new(compiler, target));
     |                                               ^^^^^ could not find `Rustc` in `compile`
...
1031 | / tool_doc!(
1032 | |     BuildHelper,
1033 | |     "src/build_helper",
1034 | |     rustc_tool = false,
1035 | |     is_library = true,
1036 | |     crates = ["build_helper"]
1037 | | );
     | |_- in this macro invocation
     |
     = note: this error originates in the macro `tool_doc` (in Nightly builds, run with -Z macro-backtrace for more info)
help: consider importing one of these structs
     |
  10 + use crate::clean::Rustc;
     |
  10 + use crate::core::build_steps::compile_modules::rustc::Rustc;
     |
  10 + use crate::core::types::Rustc;
     |
  10 + use crate::dist::Rustc;
     |
     = and 2 other candidates

error[E0433]: failed to resolve: could not find `Std` in `compile`
    --> standalonex/src/bootstrap/src/core/build_steps/doc.rs:958:41
     |
 958 |                 builder.ensure(compile::Std::new(compiler, target));
     |                                         ^^^ could not find `Std` in `compile`
...
1038 | tool_doc!(Rustdoc, "src/tools/rustdoc", crates = ["rustdoc", "rustdoc-json-types"]);
     | ----------------------------------------------------------------------------------- in this macro invocation
     |
     = note: this error originates in the macro `tool_doc` (in Nightly builds, run with -Z macro-backtrace for more info)
help: consider importing one of these structs
     |
  10 + use crate::clean::Std;
     |
  10 + use crate::core::build_steps::compile_modules::std::Std;
     |
  10 + use crate::core::types::Std;
     |
  10 + use crate::dist::Std;
     |
     = and 2 other candidates

error[E0433]: failed to resolve: could not find `Rustc` in `compile`
    --> standalonex/src/bootstrap/src/core/build_steps/doc.rs:967:45
     |
 967 |                     builder.ensure(compile::Rustc::new(compiler, target));
     |                                             ^^^^^ could not find `Rustc` in `compile`
...
1038 | tool_doc!(Rustdoc, "src/tools/rustdoc", crates = ["rustdoc", "rustdoc-json-types"]);
     | ----------------------------------------------------------------------------------- in this macro invocation
     |
     = note: this error originates in the macro `tool_doc` (in Nightly builds, run with -Z macro-backtrace for more info)
help: consider importing one of these structs
     |
  10 + use crate::clean::Rustc;
     |
  10 + use crate::core::build_steps::compile_modules::rustc::Rustc;
     |
  10 + use crate::core::types::Rustc;
     |
  10 + use crate::dist::Rustc;
     |
     = and 2 other candidates

error[E0433]: failed to resolve: could not find `Std` in `compile`
    --> standalonex/src/bootstrap/src/core/build_steps/doc.rs:958:41
     |
 958 |                 builder.ensure(compile::Std::new(compiler, target));
     |                                         ^^^ could not find `Std` in `compile`
...
1039 | tool_doc!(Rustfmt, "src/tools/rustfmt", crates = ["rustfmt-nightly", "rustfmt-config_proc_macro"]);
     | -------------------------------------------------------------------------------------------------- in this macro invocation
     |
     = note: this error originates in the macro `tool_doc` (in Nightly builds, run with -Z macro-backtrace for more info)
help: consider importing one of these structs
     |
  10 + use crate::clean::Std;
     |
  10 + use crate::core::build_steps::compile_modules::std::Std;
     |
  10 + use crate::core::types::Std;
     |
  10 + use crate::dist::Std;
     |
     = and 2 other candidates

error[E0433]: failed to resolve: could not find `Rustc` in `compile`
    --> standalonex/src/bootstrap/src/core/build_steps/doc.rs:967:45
     |
 967 |                     builder.ensure(compile::Rustc::new(compiler, target));
     |                                             ^^^^^ could not find `Rustc` in `compile`
...
1039 | tool_doc!(Rustfmt, "src/tools/rustfmt", crates = ["rustfmt-nightly", "rustfmt-config_proc_macro"]);
     | -------------------------------------------------------------------------------------------------- in this macro invocation
     |
     = note: this error originates in the macro `tool_doc` (in Nightly builds, run with -Z macro-backtrace for more info)
help: consider importing one of these structs
     |
  10 + use crate::clean::Rustc;
     |
  10 + use crate::core::build_steps::compile_modules::rustc::Rustc;
     |
  10 + use crate::core::types::Rustc;
     |
  10 + use crate::dist::Rustc;
     |
     = and 2 other candidates

error[E0433]: failed to resolve: could not find `Std` in `compile`
    --> standalonex/src/bootstrap/src/core/build_steps/doc.rs:958:41
     |
 958 |                 builder.ensure(compile::Std::new(compiler, target));
     |                                         ^^^ could not find `Std` in `compile`
...
1040 | tool_doc!(Clippy, "src/tools/clippy", crates = ["clippy_config", "clippy_utils"]);
     | --------------------------------------------------------------------------------- in this macro invocation
     |
     = note: this error originates in the macro `tool_doc` (in Nightly builds, run with -Z macro-backtrace for more info)
help: consider importing one of these structs
     |
  10 + use crate::clean::Std;
     |
  10 + use crate::core::build_steps::compile_modules::std::Std;
     |
  10 + use crate::core::types::Std;
     |
  10 + use crate::dist::Std;
     |
     = and 2 other candidates

error[E0433]: failed to resolve: could not find `Rustc` in `compile`
    --> standalonex/src/bootstrap/src/core/build_steps/doc.rs:967:45
     |
 967 |                     builder.ensure(compile::Rustc::new(compiler, target));
     |                                             ^^^^^ could not find `Rustc` in `compile`
...
1040 | tool_doc!(Clippy, "src/tools/clippy", crates = ["clippy_config", "clippy_utils"]);
     | --------------------------------------------------------------------------------- in this macro invocation
     |
     = note: this error originates in the macro `tool_doc` (in Nightly builds, run with -Z macro-backtrace for more info)
help: consider importing one of these structs
     |
  10 + use crate::clean::Rustc;
     |
  10 + use crate::core::build_steps::compile_modules::rustc::Rustc;
     |
  10 + use crate::core::types::Rustc;
     |
  10 + use crate::dist::Rustc;
     |
     = and 2 other candidates

error[E0433]: failed to resolve: could not find `Std` in `compile`
    --> standalonex/src/bootstrap/src/core/build_steps/doc.rs:958:41
     |
 958 |                 builder.ensure(compile::Std::new(compiler, target));
     |                                         ^^^ could not find `Std` in `compile`
...
1041 | tool_doc!(Miri, "src/tools/miri", crates = ["miri"]);
     | ---------------------------------------------------- in this macro invocation
     |
     = note: this error originates in the macro `tool_doc` (in Nightly builds, run with -Z macro-backtrace for more info)
help: consider importing one of these structs
     |
  10 + use crate::clean::Std;
     |
  10 + use crate::core::build_steps::compile_modules::std::Std;
     |
  10 + use crate::core::types::Std;
     |
  10 + use crate::dist::Std;
     |
     = and 2 other candidates

error[E0433]: failed to resolve: could not find `Rustc` in `compile`
    --> standalonex/src/bootstrap/src/core/build_steps/doc.rs:967:45
     |
 967 |                     builder.ensure(compile::Rustc::new(compiler, target));
     |                                             ^^^^^ could not find `Rustc` in `compile`
...
1041 | tool_doc!(Miri, "src/tools/miri", crates = ["miri"]);
     | ---------------------------------------------------- in this macro invocation
     |
     = note: this error originates in the macro `tool_doc` (in Nightly builds, run with -Z macro-backtrace for more info)
help: consider importing one of these structs
     |
  10 + use crate::clean::Rustc;
     |
  10 + use crate::core::build_steps::compile_modules::rustc::Rustc;
     |
  10 + use crate::core::types::Rustc;
     |
  10 + use crate::dist::Rustc;
     |
     = and 2 other candidates

error[E0433]: failed to resolve: could not find `Std` in `compile`
    --> standalonex/src/bootstrap/src/core/build_steps/doc.rs:958:41
     |
 958 |                   builder.ensure(compile::Std::new(compiler, target));
     |                                           ^^^ could not find `Std` in `compile`
...
1042 | / tool_doc!(
1043 | |     Cargo,
1044 | |     "src/tools/cargo",
1045 | |     rustc_tool = false,
...    |
1058 | |     submodule = "src/tools/cargo"
1059 | | );
     | |_- in this macro invocation
     |
     = note: this error originates in the macro `tool_doc` (in Nightly builds, run with -Z macro-backtrace for more info)
help: consider importing one of these structs
     |
  10 + use crate::clean::Std;
     |
  10 + use crate::core::build_steps::compile_modules::std::Std;
     |
  10 + use crate::core::types::Std;
     |
  10 + use crate::dist::Std;
     |
     = and 2 other candidates

error[E0433]: failed to resolve: could not find `Rustc` in `compile`
    --> standalonex/src/bootstrap/src/core/build_steps/doc.rs:967:45
     |
 967 |                       builder.ensure(compile::Rustc::new(compiler, target));
     |                                               ^^^^^ could not find `Rustc` in `compile`
...
1042 | / tool_doc!(
1043 | |     Cargo,
1044 | |     "src/tools/cargo",
1045 | |     rustc_tool = false,
...    |
1058 | |     submodule = "src/tools/cargo"
1059 | | );
     | |_- in this macro invocation
     |
     = note: this error originates in the macro `tool_doc` (in Nightly builds, run with -Z macro-backtrace for more info)
help: consider importing one of these structs
     |
  10 + use crate::clean::Rustc;
     |
  10 + use crate::core::build_steps::compile_modules::rustc::Rustc;
     |
  10 + use crate::core::types::Rustc;
     |
  10 + use crate::dist::Rustc;
     |
     = and 2 other candidates

error[E0433]: failed to resolve: could not find `Std` in `compile`
    --> standalonex/src/bootstrap/src/core/build_steps/doc.rs:958:41
     |
 958 |                 builder.ensure(compile::Std::new(compiler, target));
     |                                         ^^^ could not find `Std` in `compile`
...
1060 | tool_doc!(Tidy, "src/tools/tidy", rustc_tool = false, crates = ["tidy"]);
     | ------------------------------------------------------------------------ in this macro invocation
     |
     = note: this error originates in the macro `tool_doc` (in Nightly builds, run with -Z macro-backtrace for more info)
help: consider importing one of these structs
     |
  10 + use crate::clean::Std;
     |
  10 + use crate::core::build_steps::compile_modules::std::Std;
     |
  10 + use crate::core::types::Std;
     |
  10 + use crate::dist::Std;
     |
     = and 2 other candidates

error[E0433]: failed to resolve: could not find `Rustc` in `compile`
    --> standalonex/src/bootstrap/src/core/build_steps/doc.rs:967:45
     |
 967 |                     builder.ensure(compile::Rustc::new(compiler, target));
     |                                             ^^^^^ could not find `Rustc` in `compile`
...
1060 | tool_doc!(Tidy, "src/tools/tidy", rustc_tool = false, crates = ["tidy"]);
     | ------------------------------------------------------------------------ in this macro invocation
     |
     = note: this error originates in the macro `tool_doc` (in Nightly builds, run with -Z macro-backtrace for more info)
help: consider importing one of these structs
     |
  10 + use crate::clean::Rustc;
     |
  10 + use crate::core::build_steps::compile_modules::rustc::Rustc;
     |
  10 + use crate::core::types::Rustc;
     |
  10 + use crate::dist::Rustc;
     |
     = and 2 other candidates

error[E0433]: failed to resolve: could not find `Std` in `compile`
    --> standalonex/src/bootstrap/src/core/build_steps/doc.rs:958:41
     |
 958 |                   builder.ensure(compile::Std::new(compiler, target));
     |                                           ^^^ could not find `Std` in `compile`
...
1061 | / tool_doc!(
1062 | |     Bootstrap,
1063 | |     "src/bootstrap",
1064 | |     rustc_tool = false,
1065 | |     is_library = true,
1066 | |     crates = ["bootstrap"]
1067 | | );
     | |_- in this macro invocation
     |
     = note: this error originates in the macro `tool_doc` (in Nightly builds, run with -Z macro-backtrace for more info)
help: consider importing one of these structs
     |
  10 + use crate::clean::Std;
     |
  10 + use crate::core::build_steps::compile_modules::std::Std;
     |
  10 + use crate::core::types::Std;
     |
  10 + use crate::dist::Std;
     |
     = and 2 other candidates

error[E0433]: failed to resolve: could not find `Rustc` in `compile`
    --> standalonex/src/bootstrap/src/core/build_steps/doc.rs:967:45
     |
 967 |                       builder.ensure(compile::Rustc::new(compiler, target));
     |                                               ^^^^^ could not find `Rustc` in `compile`
...
1061 | / tool_doc!(
1062 | |     Bootstrap,
1063 | |     "src/bootstrap",
1064 | |     rustc_tool = false,
1065 | |     is_library = true,
1066 | |     crates = ["bootstrap"]
1067 | | );
     | |_- in this macro invocation
     |
     = note: this error originates in the macro `tool_doc` (in Nightly builds, run with -Z macro-backtrace for more info)
help: consider importing one of these structs
     |
  10 + use crate::clean::Rustc;
     |
  10 + use crate::core::build_steps::compile_modules::rustc::Rustc;
     |
  10 + use crate::core::types::Rustc;
     |
  10 + use crate::dist::Rustc;
     |
     = and 2 other candidates

error[E0433]: failed to resolve: could not find `Std` in `compile`
    --> standalonex/src/bootstrap/src/core/build_steps/doc.rs:958:41
     |
 958 |                   builder.ensure(compile::Std::new(compiler, target));
     |                                           ^^^ could not find `Std` in `compile`
...
1068 | / tool_doc!(
1069 | |     RunMakeSupport,
1070 | |     "src/tools/run-make-support",
1071 | |     rustc_tool = false,
1072 | |     is_library = true,
1073 | |     crates = ["run_make_support"]
1074 | | );
     | |_- in this macro invocation
     |
     = note: this error originates in the macro `tool_doc` (in Nightly builds, run with -Z macro-backtrace for more info)
help: consider importing one of these structs
     |
  10 + use crate::clean::Std;
     |
  10 + use crate::core::build_steps::compile_modules::std::Std;
     |
  10 + use crate::core::types::Std;
     |
  10 + use crate::dist::Std;
     |
     = and 2 other candidates

error[E0433]: failed to resolve: could not find `Rustc` in `compile`
    --> standalonex/src/bootstrap/src/core/build_steps/doc.rs:967:45
     |
 967 |                       builder.ensure(compile::Rustc::new(compiler, target));
     |                                               ^^^^^ could not find `Rustc` in `compile`
...
1068 | / tool_doc!(
1069 | |     RunMakeSupport,
1070 | |     "src/tools/run-make-support",
1071 | |     rustc_tool = false,
1072 | |     is_library = true,
1073 | |     crates = ["run_make_support"]
1074 | | );
     | |_- in this macro invocation
     |
     = note: this error originates in the macro `tool_doc` (in Nightly builds, run with -Z macro-backtrace for more info)
help: consider importing one of these structs
     |
  10 + use crate::clean::Rustc;
     |
  10 + use crate::core::build_steps::compile_modules::rustc::Rustc;
     |
  10 + use crate::core::types::Rustc;
     |
  10 + use crate::dist::Rustc;
     |
     = and 2 other candidates

error[E0433]: failed to resolve: could not find `Std` in `compile`
    --> standalonex/src/bootstrap/src/core/build_steps/doc.rs:958:41
     |
 958 |                   builder.ensure(compile::Std::new(compiler, target));
     |                                           ^^^ could not find `Std` in `compile`
...
1075 | / tool_doc!(
1076 | |     Compiletest,
1077 | |     "src/tools/compiletest",
1078 | |     rustc_tool = false,
1079 | |     is_library = true,
1080 | |     crates = ["compiletest"]
1081 | | );
     | |_- in this macro invocation
     |
     = note: this error originates in the macro `tool_doc` (in Nightly builds, run with -Z macro-backtrace for more info)
help: consider importing one of these structs
     |
  10 + use crate::clean::Std;
     |
  10 + use crate::core::build_steps::compile_modules::std::Std;
     |
  10 + use crate::core::types::Std;
     |
  10 + use crate::dist::Std;
     |
     = and 2 other candidates

error[E0433]: failed to resolve: could not find `Rustc` in `compile`
    --> standalonex/src/bootstrap/src/core/build_steps/doc.rs:967:45
     |
 967 |                       builder.ensure(compile::Rustc::new(compiler, target));
     |                                               ^^^^^ could not find `Rustc` in `compile`
...
1075 | / tool_doc!(
1076 | |     Compiletest,
1077 | |     "src/tools/compiletest",
1078 | |     rustc_tool = false,
1079 | |     is_library = true,
1080 | |     crates = ["compiletest"]
1081 | | );
     | |_- in this macro invocation
     |
     = note: this error originates in the macro `tool_doc` (in Nightly builds, run with -Z macro-backtrace for more info)
help: consider importing one of these structs
     |
  10 + use crate::clean::Rustc;
     |
  10 + use crate::core::build_steps::compile_modules::rustc::Rustc;
     |
  10 + use crate::core::types::Rustc;
     |
  10 + use crate::dist::Rustc;
     |
     = and 2 other candidates

error[E0433]: failed to resolve: could not find `Std` in `compile`
    --> standalonex/src/bootstrap/src/core/build_steps/doc.rs:1209:33
     |
1209 |         builder.ensure(compile::Std::new(self.compiler, self.target));
     |                                 ^^^ could not find `Std` in `compile`
     |
help: consider importing one of these structs
     |
  10 + use crate::clean::Std;
     |
  10 + use crate::core::build_steps::compile_modules::std::Std;
     |
  10 + use crate::core::types::Std;
     |
  10 + use crate::dist::Std;
     |
     = and 2 other candidates
help: if you import `Std`, refer to it directly
     |
1209 -         builder.ensure(compile::Std::new(self.compiler, self.target));
1209 +         builder.ensure(Std::new(self.compiler, self.target));
     |

error[E0433]: failed to resolve: could not find `Std` in `compile`
    --> standalonex/src/bootstrap/src/core/build_steps/doc.rs:1286:33
     |
1286 |         builder.ensure(compile::Std::new(self.compiler, builder.config.build));
     |                                 ^^^ could not find `Std` in `compile`
     |
help: consider importing one of these structs
     |
  10 + use crate::clean::Std;
     |
  10 + use crate::core::build_steps::compile_modules::std::Std;
     |
  10 + use crate::core::types::Std;
     |
  10 + use crate::dist::Std;
     |
     = and 1 other candidate
help: if you import `Std`, refer to it directly
     |
1286 -         builder.ensure(compile::Std::new(self.compiler, builder.config.build));
1286 +         builder.ensure(Std::new(self.compiler, builder.config.build));
     |

error[E0425]: cannot find function `output` in the crate root
   --> standalonex/src/bootstrap/src/core/build_steps/llvm.rs:262:27
    |
262 |     let head_sha = crate::output(
    |                           ^^^^^^ not found in the crate root
    |
help: consider importing this function
    |
 11 + use crate::utils::helpers::output;
    |
help: if you import `output`, refer to it directly
    |
262 -     let head_sha = crate::output(
262 +     let head_sha = output(
    |

error[E0425]: cannot find function `strip_debug` in module `crate::core::build_steps::compile`
   --> standalonex/src/bootstrap/src/core/build_steps/llvm.rs:599:48
    |
599 |             crate::core::build_steps::compile::strip_debug(
    |                                                ^^^^^^^^^^^ not found in `crate::core::build_steps::compile`
    |
help: consider importing this function
    |
 11 + use crate::core::build_steps::compile_modules::strip_debug::strip_debug;
    |
help: if you import `strip_debug`, refer to it directly
    |
599 -             crate::core::build_steps::compile::strip_debug(
599 +             strip_debug(
    |

error[E0425]: cannot find function `strip_debug` in module `crate::core::build_steps::compile`
   --> standalonex/src/bootstrap/src/core/build_steps/llvm.rs:604:48
    |
604 |             crate::core::build_steps::compile::strip_debug(
    |                                                ^^^^^^^^^^^ not found in `crate::core::build_steps::compile`
    |
help: consider importing this function
    |
 11 + use crate::core::build_steps::compile_modules::strip_debug::strip_debug;
    |
help: if you import `strip_debug`, refer to it directly
    |
604 -             crate::core::build_steps::compile::strip_debug(
604 +             strip_debug(
    |

error[E0433]: failed to resolve: use of undeclared type `Std`
  --> standalonex/src/bootstrap/src/core/build_steps/perf.rs:19:20
   |
19 |     builder.ensure(Std::new(compiler, builder.config.build));
   |                    ^^^ use of undeclared type `Std`
   |
help: consider importing one of these structs
   |
 2 + use crate::clean::Std;
   |
 2 + use crate::core::build_steps::compile_modules::std::Std;
   |
 2 + use crate::core::types::Std;
   |
 2 + use crate::dist::Std;
   |
   = and 2 other candidates

error[E0433]: failed to resolve: use of undeclared type `Sysroot`
  --> standalonex/src/bootstrap/src/core/build_steps/perf.rs:20:34
   |
20 |     let sysroot = builder.ensure(Sysroot::new(compiler));
   |                                  ^^^^^^^ use of undeclared type `Sysroot`
   |
help: consider importing this struct
   |
 2 + use crate::core::build_steps::compile_modules::sysroot::Sysroot;
   |

error[E0433]: failed to resolve: could not find `Miri` in `test`
   --> standalonex/src/bootstrap/src/core/build_steps/run.rs:136:34
    |
136 |         let miri_sysroot = test::Miri::build_miri_sysroot(builder, target_compiler, target);
    |                                  ^^^^ could not find `Miri` in `test`
    |
help: consider importing one of these structs
    |
  1 + use crate::check::Miri;
    |
  1 + use crate::clippy::Miri;
    |
  1 + use crate::core::build_steps::test_split::miri::Miri;
    |
  1 + use crate::dist::Miri;
    |
    = and 3 other candidates
help: if you import `Miri`, refer to it directly
    |
136 -         let miri_sysroot = test::Miri::build_miri_sysroot(builder, target_compiler, target);
136 +         let miri_sysroot = Miri::build_miri_sysroot(builder, target_compiler, target);
    |

error[E0412]: cannot find type `Compiler` in this scope
 --> standalonex/src/bootstrap/src/core/build_steps/test_split/book_test.rs:3:15
  |
3 |     compiler: Compiler,
  |               ^^^^^^^^ not found in this scope
  |
help: consider importing this struct
  |
1 + use crate::Compiler;
  |

error[E0412]: cannot find type `PathBuf` in this scope
 --> standalonex/src/bootstrap/src/core/build_steps/test_split/book_test.rs:4:11
  |
4 |     path: PathBuf,
  |           ^^^^^^^ not found in this scope
  |
help: consider importing one of these structs
  |
1 + use crate::PathBuf;
  |
1 + use std::path::PathBuf;
  |

error[E0405]: cannot find trait `Step` in this scope
 --> standalonex/src/bootstrap/src/core/build_steps/test_split/book_test.rs:9:6
  |
9 | impl Step for BookTest {
  |      ^^^^ not found in this scope
  |
help: consider importing one of these traits
  |
1 + use crate::builder::Step;
  |
1 + use std::range::Step;
  |

error[E0412]: cannot find type `ShouldRun` in this scope
  --> standalonex/src/bootstrap/src/core/build_steps/test_split/book_test.rs:13:24
   |
13 |     fn should_run(run: ShouldRun<'_>) -> ShouldRun<'_> {
   |                        ^^^^^^^^^ not found in this scope
   |
help: consider importing this struct
   |
 1 + use crate::builder::ShouldRun;
   |

error[E0412]: cannot find type `ShouldRun` in this scope
  --> standalonex/src/bootstrap/src/core/build_steps/test_split/book_test.rs:13:42
   |
13 |     fn should_run(run: ShouldRun<'_>) -> ShouldRun<'_> {
   |                                          ^^^^^^^^^ not found in this scope
   |
help: consider importing this struct
   |
 1 + use crate::builder::ShouldRun;
   |

error[E0412]: cannot find type `Builder` in this scope
  --> standalonex/src/bootstrap/src/core/build_steps/test_split/book_test.rs:20:28
   |
20 |     fn run(self, builder: &Builder<'_>) {
   |                            ^^^^^^^ not found in this scope
   |
help: consider importing one of these structs
   |
 1 + use crate::Builder;
   |
 1 + use std::thread::Builder;
   |
 1 + use tar::Builder;
   |

error[E0412]: cannot find type `Builder` in this scope
  --> standalonex/src/bootstrap/src/core/build_steps/test_split/book_test.rs:41:36
   |
41 |     fn run_ext_doc(self, builder: &Builder<'_>) {
   |                                    ^^^^^^^ not found in this scope
   |
help: consider importing one of these structs
   |
 1 + use crate::Builder;
   |
 1 + use std::thread::Builder;
   |
 1 + use tar::Builder;
   |

error[E0433]: failed to resolve: use of unresolved module or unlinked crate `compile`
  --> standalonex/src/bootstrap/src/core/build_steps/test_split/book_test.rs:44:24
   |
44 |         builder.ensure(compile::Std::new(compiler, compiler.host));
   |                        ^^^^^^^ use of unresolved module or unlinked crate `compile`
   |
   = help: if you wanted to use a crate named `compile`, use `cargo add compile` to add it to your `Cargo.toml`
help: consider importing one of these structs
   |
 1 + use crate::clean::Std;
   |
 1 + use crate::core::build_steps::compile_modules::std::Std;
   |
 1 + use crate::core::types::Std;
   |
 1 + use crate::dist::Std;
   |
   = and 2 other candidates
help: if you import `Std`, refer to it directly
   |
44 -         builder.ensure(compile::Std::new(compiler, compiler.host));
44 +         builder.ensure(Std::new(compiler, compiler.host));
   |

error[E0433]: failed to resolve: use of unresolved module or unlinked crate `env`
  --> standalonex/src/bootstrap/src/core/build_steps/test_split/book_test.rs:50:24
   |
50 |         let old_path = env::var_os("PATH").unwrap_or_default();
   |                        ^^^ use of unresolved module or unlinked crate `env`
   |
   = help: if you wanted to use a crate named `env`, use `cargo add env` to add it to your `Cargo.toml`
help: consider importing one of these modules
   |
 1 + use crate::env;
   |
 1 + use std::env;
   |

error[E0433]: failed to resolve: use of unresolved module or unlinked crate `env`
  --> standalonex/src/bootstrap/src/core/build_steps/test_split/book_test.rs:51:24
   |
51 |         let new_path = env::join_paths(iter::once(rustdoc_path).chain(env::split_paths(&old_path)))
   |                        ^^^ use of unresolved module or unlinked crate `env`
   |
   = help: if you wanted to use a crate named `env`, use `cargo add env` to add it to your `Cargo.toml`
help: consider importing one of these modules
   |
 1 + use crate::env;
   |
 1 + use std::env;
   |

error[E0433]: failed to resolve: use of unresolved module or unlinked crate `iter`
  --> standalonex/src/bootstrap/src/core/build_steps/test_split/book_test.rs:51:40
   |
51 |         let new_path = env::join_paths(iter::once(rustdoc_path).chain(env::split_paths(&old_path)))
   |                                        ^^^^ use of unresolved module or unlinked crate `iter`
   |
   = help: if you wanted to use a crate named `iter`, use `cargo add iter` to add it to your `Cargo.toml`
help: consider importing this module
   |
 1 + use std::iter;
   |

error[E0433]: failed to resolve: use of unresolved module or unlinked crate `env`
  --> standalonex/src/bootstrap/src/core/build_steps/test_split/book_test.rs:51:71
   |
51 |         let new_path = env::join_paths(iter::once(rustdoc_path).chain(env::split_paths(&old_path)))
   |                                                                       ^^^ use of unresolved module or unlinked crate `env`
   |
   = help: if you wanted to use a crate named `env`, use `cargo add env` to add it to your `Cargo.toml`
help: consider importing one of these modules
   |
 1 + use crate::env;
   |
 1 + use std::env;
   |

error[E0433]: failed to resolve: use of undeclared type `Tool`
  --> standalonex/src/bootstrap/src/core/build_steps/test_split/book_test.rs:54:49
   |
54 |         let mut rustbook_cmd = builder.tool_cmd(Tool::Rustbook);
   |                                                 ^^^^ use of undeclared type `Tool`
   |
help: a builtin type with a similar name exists
   |
54 -         let mut rustbook_cmd = builder.tool_cmd(Tool::Rustbook);
54 +         let mut rustbook_cmd = builder.tool_cmd(bool::Rustbook);
   |
help: consider importing one of these items
   |
 1 + use crate::tool::Tool;
   |
 1 + use cc::Tool;
   |

error[E0433]: failed to resolve: use of undeclared type `Kind`
  --> standalonex/src/bootstrap/src/core/build_steps/test_split/book_test.rs:61:13
   |
61 |             Kind::Test,
   |             ^^^^ use of undeclared type `Kind`
   |
help: consider importing this enum through its public re-export
   |
 1 + use crate::Kind;
   |

error[E0433]: failed to resolve: use of unresolved module or unlinked crate `helpers`
  --> standalonex/src/bootstrap/src/core/build_steps/test_split/book_test.rs:67:21
   |
67 |         let _time = helpers::timeit(builder);
   |                     ^^^^^^^ use of unresolved module or unlinked crate `helpers`
   |
   = help: if you wanted to use a crate named `helpers`, use `cargo add helpers` to add it to your `Cargo.toml`
help: consider importing this module
   |
 1 + use crate::utils::helpers;
   |

error[E0433]: failed to resolve: use of undeclared type `ToolState`
  --> standalonex/src/bootstrap/src/core/build_steps/test_split/book_test.rs:69:13
   |
69 |             ToolState::TestPass
   |             ^^^^^^^^^ use of undeclared type `ToolState`
   |
help: consider importing this enum
   |
 1 + use crate::toolstate::ToolState;
   |

error[E0433]: failed to resolve: use of undeclared type `ToolState`
  --> standalonex/src/bootstrap/src/core/build_steps/test_split/book_test.rs:71:13
   |
71 |             ToolState::TestFail
   |             ^^^^^^^^^ use of undeclared type `ToolState`
   |
help: consider importing this enum
   |
 1 + use crate::toolstate::ToolState;
   |

error[E0412]: cannot find type `Builder` in this scope
  --> standalonex/src/bootstrap/src/core/build_steps/test_split/book_test.rs:77:38
   |
77 |     fn run_local_doc(self, builder: &Builder<'_>) {
   |                                      ^^^^^^^ not found in this scope
   |
help: consider importing one of these structs
   |
 1 + use crate::Builder;
   |
 1 + use std::thread::Builder;
   |
 1 + use tar::Builder;
   |

error[E0433]: failed to resolve: use of unresolved module or unlinked crate `compile`
  --> standalonex/src/bootstrap/src/core/build_steps/test_split/book_test.rs:81:24
   |
81 |         builder.ensure(compile::Std::new(compiler, host));
   |                        ^^^^^^^ use of unresolved module or unlinked crate `compile`
   |
   = help: if you wanted to use a crate named `compile`, use `cargo add compile` to add it to your `Cargo.toml`
help: consider importing one of these structs
   |
 1 + use crate::clean::Std;
   |
 1 + use crate::core::build_steps::compile_modules::std::Std;
   |
 1 + use crate::core::types::Std;
   |
 1 + use crate::dist::Std;
   |
   = and 2 other candidates
help: if you import `Std`, refer to it directly
   |
81 -         builder.ensure(compile::Std::new(compiler, host));
81 +         builder.ensure(Std::new(compiler, host));
   |

error[E0433]: failed to resolve: use of undeclared type `Kind`
  --> standalonex/src/bootstrap/src/core/build_steps/test_split/book_test.rs:84:25
   |
84 |             builder.msg(Kind::Test, compiler.stage, format!("book {}", self.name), host, host);
   |                         ^^^^ use of undeclared type `Kind`
   |
help: consider importing this enum through its public re-export
   |
 1 + use crate::Kind;
   |

error[E0433]: failed to resolve: use of unresolved module or unlinked crate `helpers`
  --> standalonex/src/bootstrap/src/core/build_steps/test_split/book_test.rs:89:21
   |
89 |         let _time = helpers::timeit(builder);
   |                     ^^^^^^^ use of unresolved module or unlinked crate `helpers`
   |
   = help: if you wanted to use a crate named `helpers`, use `cargo add helpers` to add it to your `Cargo.toml`
help: consider importing this module
   |
 1 + use crate::utils::helpers;
   |

error[E0425]: cannot find function `markdown_test` in this scope
   --> standalonex/src/bootstrap/src/core/build_steps/test_split/book_test.rs:107:13
    |
107 |             markdown_test(builder, compiler, &file);
    |             ^^^^^^^^^^^^^ not found in this scope
    |
note: function `crate::core::build_steps::test_split::markdown_test::markdown_test` exists but is inaccessible
   --> standalonex/src/bootstrap/src/core/build_steps/test_split/markdown_test.rs:1:1
    |
  1 | fn markdown_test(builder: &Builder<'_>, compiler: Compiler, markdown: &Path) -> bool {
    | ^^^^^^^^^^^^^^^^^^^^^^^^^^^^^^^^^^^^^^^^^^^^^^^^^^^^^^^^^^^^^^^^^^^^^^^^^^^^^^^^^^^^ not accessible

error[E0405]: cannot find trait `Step` in this scope
 --> standalonex/src/bootstrap/src/core/build_steps/test_split/bootstrap.rs:4:6
  |
4 | impl Step for Bootstrap {
  |      ^^^^ not found in this scope
  |
help: consider importing one of these traits
  |
1 + use crate::builder::Step;
  |
1 + use std::range::Step;
  |

error[E0412]: cannot find type `Builder` in this scope
  --> standalonex/src/bootstrap/src/core/build_steps/test_split/bootstrap.rs:10:28
   |
10 |     fn run(self, builder: &Builder<'_>) {
   |                            ^^^^^^^ not found in this scope
   |
help: consider importing one of these structs
   |
 1 + use crate::Builder;
   |
 1 + use std::thread::Builder;
   |
 1 + use tar::Builder;
   |

error[E0433]: failed to resolve: use of undeclared type `Kind`
  --> standalonex/src/bootstrap/src/core/build_steps/test_split/bootstrap.rs:13:34
   |
13 |         let _guard = builder.msg(Kind::Test, 0, "bootstrap", host, host);
   |                                  ^^^^ use of undeclared type `Kind`
   |
help: consider importing this enum through its public re-export
   |
 1 + use crate::Kind;
   |

error[E0425]: cannot find function `command` in this scope
  --> standalonex/src/bootstrap/src/core/build_steps/test_split/bootstrap.rs:18:35
   |
18 |         let mut check_bootstrap = command(builder.python());
   |                                   ^^^^^^^ not found in this scope
   |
help: consider importing this function through its public re-export
   |
 1 + use crate::command;
   |

error[E0425]: cannot find function `command` in this scope
  --> standalonex/src/bootstrap/src/core/build_steps/test_split/bootstrap.rs:30:23
   |
30 |         let mut cmd = command(&builder.initial_cargo);
   |                       ^^^^^^^ not found in this scope
   |
help: consider importing this function through its public re-export
   |
 1 + use crate::command;
   |

error[E0425]: cannot find function `run_cargo_test` in this scope
  --> standalonex/src/bootstrap/src/core/build_steps/test_split/bootstrap.rs:47:9
   |
47 |         run_cargo_test(cmd, &["--test-threads=1"], &[], "bootstrap", None, compiler, host, builder);
   |         ^^^^^^^^^^^^^^ not found in this scope
   |
note: function `crate::core::build_steps::test_split::run_cargo_test::run_cargo_test` exists but is inaccessible
  --> standalonex/src/bootstrap/src/core/build_steps/test_split/run_cargo_test.rs:5:1
   |
 5 | / fn run_cargo_test<'a>(
 6 | |     cargo: impl Into<BootstrapCommand>,
 7 | |     libtest_args: &[&str],
 8 | |     crates: &[String],
...  |
32 | |     add_flags_and_try_run_tests(builder, &mut cargo)
33 | | }
   | |_^ not accessible

error[E0412]: cannot find type `ShouldRun` in this scope
  --> standalonex/src/bootstrap/src/core/build_steps/test_split/bootstrap.rs:50:24
   |
50 |     fn should_run(run: ShouldRun<'_>) -> ShouldRun<'_> {
   |                        ^^^^^^^^^ not found in this scope
   |
help: consider importing this struct
   |
 1 + use crate::builder::ShouldRun;
   |

error[E0412]: cannot find type `ShouldRun` in this scope
  --> standalonex/src/bootstrap/src/core/build_steps/test_split/bootstrap.rs:50:42
   |
50 |     fn should_run(run: ShouldRun<'_>) -> ShouldRun<'_> {
   |                                          ^^^^^^^^^ not found in this scope
   |
help: consider importing this struct
   |
 1 + use crate::builder::ShouldRun;
   |

error[E0412]: cannot find type `RunConfig` in this scope
  --> standalonex/src/bootstrap/src/core/build_steps/test_split/bootstrap.rs:54:22
   |
54 |     fn make_run(run: RunConfig<'_>) {
   |                      ^^^^^^^^^ not found in this scope
   |
help: consider importing this struct
   |
 1 + use crate::builder::RunConfig;
   |

error[E0405]: cannot find trait `Step` in this scope
 --> standalonex/src/bootstrap/src/core/build_steps/test_split/cargo_miri.rs:8:6
  |
8 | impl Step for CargoMiri {
  |      ^^^^ not found in this scope
  |
help: consider importing one of these traits
  |
3 + use crate::builder::Step;
  |
3 + use std::range::Step;
  |

error[E0412]: cannot find type `ShouldRun` in this scope
  --> standalonex/src/bootstrap/src/core/build_steps/test_split/cargo_miri.rs:12:24
   |
12 |     fn should_run(run: ShouldRun<'_>) -> ShouldRun<'_> {
   |                        ^^^^^^^^^ not found in this scope
   |
help: consider importing this struct
   |
 3 + use crate::builder::ShouldRun;
   |

error[E0412]: cannot find type `ShouldRun` in this scope
  --> standalonex/src/bootstrap/src/core/build_steps/test_split/cargo_miri.rs:12:42
   |
12 |     fn should_run(run: ShouldRun<'_>) -> ShouldRun<'_> {
   |                                          ^^^^^^^^^ not found in this scope
   |
help: consider importing this struct
   |
 3 + use crate::builder::ShouldRun;
   |

error[E0412]: cannot find type `RunConfig` in this scope
  --> standalonex/src/bootstrap/src/core/build_steps/test_split/cargo_miri.rs:16:22
   |
16 |     fn make_run(run: RunConfig<'_>) {
   |                      ^^^^^^^^^ not found in this scope
   |
help: consider importing this struct
   |
 3 + use crate::builder::RunConfig;
   |

error[E0412]: cannot find type `Builder` in this scope
  --> standalonex/src/bootstrap/src/core/build_steps/test_split/cargo_miri.rs:29:28
   |
29 |     fn run(self, builder: &Builder<'_>) {
   |                            ^^^^^^^ not found in this scope
   |
help: consider importing one of these structs
   |
 3 + use crate::Builder;
   |
 3 + use std::thread::Builder;
   |
 3 + use tar::Builder;
   |

error[E0433]: failed to resolve: use of unresolved module or unlinked crate `tool`
  --> standalonex/src/bootstrap/src/core/build_steps/test_split/cargo_miri.rs:45:25
   |
45 |         let mut cargo = tool::prepare_tool_cargo(
   |                         ^^^^ use of unresolved module or unlinked crate `tool`
   |
help: a builtin type with a similar name exists
   |
45 -         let mut cargo = tool::prepare_tool_cargo(
45 +         let mut cargo = bool::prepare_tool_cargo(
   |
help: there is a crate or module with a similar name
   |
45 -         let mut cargo = tool::prepare_tool_cargo(
45 +         let mut cargo = toml::prepare_tool_cargo(
   |
help: consider importing this module through its public re-export
   |
 3 + use crate::tool;
   |

error[E0433]: failed to resolve: use of undeclared type `Mode`
  --> standalonex/src/bootstrap/src/core/build_steps/test_split/cargo_miri.rs:48:13
   |
48 |             Mode::ToolStd, // it's unclear what to use here, we're not building anything just doing a smoke test!
   |             ^^^^ use of undeclared type `Mode`
   |
help: consider importing one of these enums
   |
 3 + use crate::Mode;
   |
 3 + use xz2::stream::Mode;
   |

error[E0433]: failed to resolve: use of undeclared type `Kind`
  --> standalonex/src/bootstrap/src/core/build_steps/test_split/cargo_miri.rs:50:13
   |
50 |             Kind::MiriTest,
   |             ^^^^ use of undeclared type `Kind`
   |
help: consider importing this enum through its public re-export
   |
 3 + use crate::Kind;
   |

error[E0433]: failed to resolve: use of undeclared type `SourceType`
  --> standalonex/src/bootstrap/src/core/build_steps/test_split/cargo_miri.rs:52:13
   |
52 |             SourceType::Submodule,
   |             ^^^^^^^^^^ use of undeclared type `SourceType`
   |
help: consider importing this enum
   |
 3 + use crate::tool::SourceType;
   |

error[E0433]: failed to resolve: use of undeclared type `DocTests`
  --> standalonex/src/bootstrap/src/core/build_steps/test_split/cargo_miri.rs:59:13
   |
59 |             DocTests::Yes => {}
   |             ^^^^^^^^ use of undeclared type `DocTests`
   |
help: consider importing this enum
   |
 3 + use crate::DocTests;
   |

error[E0433]: failed to resolve: use of undeclared type `DocTests`
  --> standalonex/src/bootstrap/src/core/build_steps/test_split/cargo_miri.rs:60:13
   |
60 |             DocTests::No => {
   |             ^^^^^^^^ use of undeclared type `DocTests`
   |
help: consider importing this enum
   |
 3 + use crate::DocTests;
   |

error[E0433]: failed to resolve: use of undeclared type `DocTests`
  --> standalonex/src/bootstrap/src/core/build_steps/test_split/cargo_miri.rs:63:13
   |
63 |             DocTests::Only => {
   |             ^^^^^^^^ use of undeclared type `DocTests`
   |
help: consider importing this enum
   |
 3 + use crate::DocTests;
   |

error[E0433]: failed to resolve: use of undeclared type `BootstrapCommand`
  --> standalonex/src/bootstrap/src/core/build_steps/test_split/cargo_miri.rs:70:25
   |
70 |         let mut cargo = BootstrapCommand::from(cargo);
   |                         ^^^^^^^^^^^^^^^^ use of undeclared type `BootstrapCommand`
   |
help: consider importing this struct through its public re-export
   |
 3 + use crate::BootstrapCommand;
   |

error[E0433]: failed to resolve: use of undeclared type `Kind`
  --> standalonex/src/bootstrap/src/core/build_steps/test_split/cargo_miri.rs:72:51
   |
72 |             let _guard = builder.msg_sysroot_tool(Kind::Test, stage, "cargo-miri", host, target);
   |                                                   ^^^^ use of undeclared type `Kind`
   |
help: consider importing this enum through its public re-export
   |
 3 + use crate::Kind;
   |

error[E0433]: failed to resolve: use of unresolved module or unlinked crate `helpers`
  --> standalonex/src/bootstrap/src/core/build_steps/test_split/cargo_miri.rs:73:25
   |
73 |             let _time = helpers::timeit(builder);
   |                         ^^^^^^^ use of unresolved module or unlinked crate `helpers`
   |
   = help: if you wanted to use a crate named `helpers`, use `cargo add helpers` to add it to your `Cargo.toml`
help: consider importing this module
   |
 3 + use crate::utils::helpers;
   |

error[E0405]: cannot find trait `Step` in this scope
 --> standalonex/src/bootstrap/src/core/build_steps/test_split/cargo.rs:6:6
  |
6 | impl Step for Cargo {
  |      ^^^^ not found in this scope
  |
help: consider importing one of these traits
  |
1 + use crate::builder::Step;
  |
1 + use std::range::Step;
  |

error[E0412]: cannot find type `ShouldRun` in this scope
  --> standalonex/src/bootstrap/src/core/build_steps/test_split/cargo.rs:10:24
   |
10 |     fn should_run(run: ShouldRun<'_>) -> ShouldRun<'_> {
   |                        ^^^^^^^^^ not found in this scope
   |
help: consider importing this struct
   |
 1 + use crate::builder::ShouldRun;
   |

error[E0412]: cannot find type `ShouldRun` in this scope
  --> standalonex/src/bootstrap/src/core/build_steps/test_split/cargo.rs:10:42
   |
10 |     fn should_run(run: ShouldRun<'_>) -> ShouldRun<'_> {
   |                                          ^^^^^^^^^ not found in this scope
   |
help: consider importing this struct
   |
 1 + use crate::builder::ShouldRun;
   |

error[E0412]: cannot find type `RunConfig` in this scope
  --> standalonex/src/bootstrap/src/core/build_steps/test_split/cargo.rs:14:22
   |
14 |     fn make_run(run: RunConfig<'_>) {
   |                      ^^^^^^^^^ not found in this scope
   |
help: consider importing this struct
   |
 1 + use crate::builder::RunConfig;
   |

error[E0412]: cannot find type `Builder` in this scope
  --> standalonex/src/bootstrap/src/core/build_steps/test_split/cargo.rs:27:28
   |
27 |     fn run(self, builder: &Builder<'_>) {
   |                            ^^^^^^^ not found in this scope
   |
help: consider importing one of these structs
   |
 1 + use crate::Builder;
   |
 1 + use std::thread::Builder;
   |
 1 + use tar::Builder;
   |

error[E0433]: failed to resolve: use of unresolved module or unlinked crate `tool`
  --> standalonex/src/bootstrap/src/core/build_steps/test_split/cargo.rs:31:24
   |
31 |         builder.ensure(tool::Cargo { compiler, target: self.common.host });
   |                        ^^^^ use of unresolved module or unlinked crate `tool`
   |
help: a builtin type with a similar name exists
   |
31 -         builder.ensure(tool::Cargo { compiler, target: self.common.host });
31 +         builder.ensure(bool::Cargo { compiler, target: self.common.host });
   |
help: there is a crate or module with a similar name
   |
31 -         builder.ensure(tool::Cargo { compiler, target: self.common.host });
31 +         builder.ensure(toml::Cargo { compiler, target: self.common.host });
   |
help: consider importing this module through its public re-export
   |
 1 + use crate::tool;
   |

error[E0433]: failed to resolve: use of unresolved module or unlinked crate `tool`
  --> standalonex/src/bootstrap/src/core/build_steps/test_split/cargo.rs:32:21
   |
32 |         let cargo = tool::prepare_tool_cargo(
   |                     ^^^^ use of unresolved module or unlinked crate `tool`
   |
help: a builtin type with a similar name exists
   |
32 -         let cargo = tool::prepare_tool_cargo(
32 +         let cargo = bool::prepare_tool_cargo(
   |
help: there is a crate or module with a similar name
   |
32 -         let cargo = tool::prepare_tool_cargo(
32 +         let cargo = toml::prepare_tool_cargo(
   |
help: consider importing this module through its public re-export
   |
 1 + use crate::tool;
   |

error[E0433]: failed to resolve: use of undeclared type `Mode`
  --> standalonex/src/bootstrap/src/core/build_steps/test_split/cargo.rs:35:13
   |
35 |             Mode::ToolRustc,
   |             ^^^^ use of undeclared type `Mode`
   |
help: consider importing one of these enums
   |
 1 + use crate::Mode;
   |
 1 + use xz2::stream::Mode;
   |

error[E0433]: failed to resolve: use of undeclared type `Kind`
  --> standalonex/src/bootstrap/src/core/build_steps/test_split/cargo.rs:37:13
   |
37 |             Kind::Test,
   |             ^^^^ use of undeclared type `Kind`
   |
help: consider importing this enum through its public re-export
   |
 1 + use crate::Kind;
   |

error[E0433]: failed to resolve: use of undeclared type `SourceType`
  --> standalonex/src/bootstrap/src/core/build_steps/test_split/cargo.rs:39:13
   |
39 |             SourceType::Submodule,
   |             ^^^^^^^^^^ use of undeclared type `SourceType`
   |
help: consider importing this enum
   |
 1 + use crate::tool::SourceType;
   |

error[E0425]: cannot find function `prepare_cargo_test` in this scope
  --> standalonex/src/bootstrap/src/core/build_steps/test_split/cargo.rs:44:25
   |
44 |         let mut cargo = prepare_cargo_test(cargo, &[], &[], "cargo", compiler, self.common.host, builder);
   |                         ^^^^^^^^^^^^^^^^^^ not found in this scope
   |
note: function `crate::core::build_steps::test_split::prepare_cargo_test::prepare_cargo_test` exists but is inaccessible
  --> standalonex/src/bootstrap/src/core/build_steps/test_split/prepare_cargo_test.rs:2:1
   |
 2 | / fn prepare_cargo_test(
 3 | |     cargo: impl Into<BootstrapCommand>,
 4 | |     libtest_args: &[&str],
 5 | |     crates: &[String],
...  |
75 | |     cargo
76 | | }
   | |_^ not accessible

error[E0425]: cannot find function `path_for_cargo` in this scope
  --> standalonex/src/bootstrap/src/core/build_steps/test_split/cargo.rs:52:27
   |
52 |         cargo.env("PATH", path_for_cargo(builder, compiler));
   |                           ^^^^^^^^^^^^^^ not found in this scope
   |
note: function `crate::core::build_steps::test_split::path_for_cargo::path_for_cargo` exists but is inaccessible
  --> standalonex/src/bootstrap/src/core/build_steps/test_split/path_for_cargo.rs:1:1
   |
 1 | fn path_for_cargo(builder: &Builder<'_>, compiler: Compiler) -> OsString {
   | ^^^^^^^^^^^^^^^^^^^^^^^^^^^^^^^^^^^^^^^^^^^^^^^^^^^^^^^^^^^^^^^^^^^^^^^^ not accessible

error[E0433]: failed to resolve: use of unresolved module or unlinked crate `helpers`
  --> standalonex/src/bootstrap/src/core/build_steps/test_split/cargo.rs:65:21
   |
65 |         let _time = helpers::timeit(builder);
   |                     ^^^^^^^ use of unresolved module or unlinked crate `helpers`
   |
   = help: if you wanted to use a crate named `helpers`, use `cargo add helpers` to add it to your `Cargo.toml`
help: consider importing this module
   |
 1 + use crate::utils::helpers;
   |

error[E0425]: cannot find function `add_flags_and_try_run_tests` in this scope
  --> standalonex/src/bootstrap/src/core/build_steps/test_split/cargo.rs:66:9
   |
66 |         add_flags_and_try_run_tests(builder, &mut cargo);
   |         ^^^^^^^^^^^^^^^^^^^^^^^^^^^ not found in this scope
   |
help: consider importing this function
   |
 1 + use crate::utils::render_tests::add_flags_and_try_run_tests;
   |

error[E0405]: cannot find trait `Step` in this scope
 --> standalonex/src/bootstrap/src/core/build_steps/test_split/cargotest.rs:6:6
  |
6 | impl Step for Cargotest {
  |      ^^^^ not found in this scope
  |
help: consider importing one of these traits
  |
1 + use crate::builder::Step;
  |
1 + use std::range::Step;
  |

error[E0412]: cannot find type `ShouldRun` in this scope
  --> standalonex/src/bootstrap/src/core/build_steps/test_split/cargotest.rs:10:24
   |
10 |     fn should_run(run: ShouldRun<'_>) -> ShouldRun<'_> {
   |                        ^^^^^^^^^ not found in this scope
   |
help: consider importing this struct
   |
 1 + use crate::builder::ShouldRun;
   |

error[E0412]: cannot find type `ShouldRun` in this scope
  --> standalonex/src/bootstrap/src/core/build_steps/test_split/cargotest.rs:10:42
   |
10 |     fn should_run(run: ShouldRun<'_>) -> ShouldRun<'_> {
   |                                          ^^^^^^^^^ not found in this scope
   |
help: consider importing this struct
   |
 1 + use crate::builder::ShouldRun;
   |

error[E0412]: cannot find type `RunConfig` in this scope
  --> standalonex/src/bootstrap/src/core/build_steps/test_split/cargotest.rs:14:22
   |
14 |     fn make_run(run: RunConfig<'_>) {
   |                      ^^^^^^^^^ not found in this scope
   |
help: consider importing this struct
   |
 1 + use crate::builder::RunConfig;
   |

error[E0412]: cannot find type `Builder` in this scope
  --> standalonex/src/bootstrap/src/core/build_steps/test_split/cargotest.rs:30:28
   |
30 |     fn run(self, builder: &Builder<'_>) {
   |                            ^^^^^^^ not found in this scope
   |
help: consider importing one of these structs
   |
 1 + use crate::Builder;
   |
 1 + use std::thread::Builder;
   |
 1 + use tar::Builder;
   |

error[E0433]: failed to resolve: use of unresolved module or unlinked crate `compile`
  --> standalonex/src/bootstrap/src/core/build_steps/test_split/cargotest.rs:33:24
   |
33 |         builder.ensure(compile::Rustc::new(compiler, compiler.host));
   |                        ^^^^^^^ use of unresolved module or unlinked crate `compile`
   |
   = help: if you wanted to use a crate named `compile`, use `cargo add compile` to add it to your `Cargo.toml`
help: consider importing one of these structs
   |
 1 + use crate::clean::Rustc;
   |
 1 + use crate::core::build_steps::compile_modules::rustc::Rustc;
   |
 1 + use crate::core::types::Rustc;
   |
 1 + use crate::dist::Rustc;
   |
   = and 2 other candidates
help: if you import `Rustc`, refer to it directly
   |
33 -         builder.ensure(compile::Rustc::new(compiler, compiler.host));
33 +         builder.ensure(Rustc::new(compiler, compiler.host));
   |

error[E0433]: failed to resolve: use of unresolved module or unlinked crate `tool`
  --> standalonex/src/bootstrap/src/core/build_steps/test_split/cargotest.rs:34:36
   |
34 |         let cargo = builder.ensure(tool::Cargo { compiler, target: compiler.host });
   |                                    ^^^^ use of unresolved module or unlinked crate `tool`
   |
help: a builtin type with a similar name exists
   |
34 -         let cargo = builder.ensure(tool::Cargo { compiler, target: compiler.host });
34 +         let cargo = builder.ensure(bool::Cargo { compiler, target: compiler.host });
   |
help: there is a crate or module with a similar name
   |
34 -         let cargo = builder.ensure(tool::Cargo { compiler, target: compiler.host });
34 +         let cargo = builder.ensure(toml::Cargo { compiler, target: compiler.host });
   |
help: consider importing this module through its public re-export
   |
 1 + use crate::tool;
   |

error[E0433]: failed to resolve: use of unresolved module or unlinked crate `helpers`
  --> standalonex/src/bootstrap/src/core/build_steps/test_split/cargotest.rs:42:21
   |
42 |         let _time = helpers::timeit(builder);
   |                     ^^^^^^^ use of unresolved module or unlinked crate `helpers`
   |
   = help: if you wanted to use a crate named `helpers`, use `cargo add helpers` to add it to your `Cargo.toml`
help: consider importing this module
   |
 1 + use crate::utils::helpers;
   |

error[E0433]: failed to resolve: use of undeclared type `Tool`
  --> standalonex/src/bootstrap/src/core/build_steps/test_split/cargotest.rs:43:40
   |
43 |         let mut cmd = builder.tool_cmd(Tool::CargoTest);
   |                                        ^^^^ use of undeclared type `Tool`
   |
help: a builtin type with a similar name exists
   |
43 -         let mut cmd = builder.tool_cmd(Tool::CargoTest);
43 +         let mut cmd = builder.tool_cmd(bool::CargoTest);
   |
help: consider importing one of these items
   |
 1 + use crate::tool::Tool;
   |
 1 + use cc::Tool;
   |

error[E0425]: cannot find function `add_rustdoc_cargo_linker_args` in this scope
  --> standalonex/src/bootstrap/src/core/build_steps/test_split/cargotest.rs:49:9
   |
49 |         add_rustdoc_cargo_linker_args(&mut cmd, builder, compiler.host, LldThreads::No);
   |         ^^^^^^^^^^^^^^^^^^^^^^^^^^^^^ not found in this scope
   |
help: consider importing this function
   |
 1 + use crate::utils::helpers::add_rustdoc_cargo_linker_args;
   |

error[E0433]: failed to resolve: use of undeclared type `LldThreads`
  --> standalonex/src/bootstrap/src/core/build_steps/test_split/cargotest.rs:49:73
   |
49 |         add_rustdoc_cargo_linker_args(&mut cmd, builder, compiler.host, LldThreads::No);
   |                                                                         ^^^^^^^^^^ use of undeclared type `LldThreads`
   |
help: consider importing this enum
   |
 1 + use crate::utils::helpers::LldThreads;
   |

error[E0412]: cannot find type `Builder` in this scope
 --> standalonex/src/bootstrap/src/core/build_steps/test_split/check_if_tidy_is_installed.rs:1:41
  |
1 | fn check_if_tidy_is_installed(builder: &Builder<'_>) -> bool {
  |                                         ^^^^^^^ not found in this scope
  |
help: consider importing one of these structs
  |
1 + use crate::Builder;
  |
1 + use std::thread::Builder;
  |
1 + use tar::Builder;
  |

error[E0425]: cannot find function `command` in this scope
 --> standalonex/src/bootstrap/src/core/build_steps/test_split/check_if_tidy_is_installed.rs:2:5
  |
2 |     command("tidy").allow_failure().arg("--version").run_capture_stdout(builder).is_success()
  |     ^^^^^^^ not found in this scope
  |
help: consider importing this function through its public re-export
  |
1 + use crate::command;
  |

error[E0405]: cannot find trait `Step` in this scope
 --> standalonex/src/bootstrap/src/core/build_steps/test_split/clippy.rs:6:6
  |
6 | impl Step for Clippy {
  |      ^^^^ not found in this scope
  |
help: consider importing one of these traits
  |
1 + use crate::builder::Step;
  |
1 + use std::range::Step;
  |

error[E0412]: cannot find type `ShouldRun` in this scope
  --> standalonex/src/bootstrap/src/core/build_steps/test_split/clippy.rs:11:24
   |
11 |     fn should_run(run: ShouldRun<'_>) -> ShouldRun<'_> {
   |                        ^^^^^^^^^ not found in this scope
   |
help: consider importing this struct
   |
 1 + use crate::builder::ShouldRun;
   |

error[E0412]: cannot find type `ShouldRun` in this scope
  --> standalonex/src/bootstrap/src/core/build_steps/test_split/clippy.rs:11:42
   |
11 |     fn should_run(run: ShouldRun<'_>) -> ShouldRun<'_> {
   |                                          ^^^^^^^^^ not found in this scope
   |
help: consider importing this struct
   |
 1 + use crate::builder::ShouldRun;
   |

error[E0412]: cannot find type `RunConfig` in this scope
  --> standalonex/src/bootstrap/src/core/build_steps/test_split/clippy.rs:15:22
   |
15 |     fn make_run(run: RunConfig<'_>) {
   |                      ^^^^^^^^^ not found in this scope
   |
help: consider importing this struct
   |
 1 + use crate::builder::RunConfig;
   |

error[E0412]: cannot find type `Builder` in this scope
  --> standalonex/src/bootstrap/src/core/build_steps/test_split/clippy.rs:28:28
   |
28 |     fn run(self, builder: &Builder<'_>) {
   |                            ^^^^^^^ not found in this scope
   |
help: consider importing one of these structs
   |
 1 + use crate::Builder;
   |
 1 + use std::thread::Builder;
   |
 1 + use tar::Builder;
   |

error[E0433]: failed to resolve: use of unresolved module or unlinked crate `tool`
  --> standalonex/src/bootstrap/src/core/build_steps/test_split/clippy.rs:33:24
   |
33 |         builder.ensure(tool::Clippy { compiler, target: self.common.host, extra_features: Vec::new() });
   |                        ^^^^ use of unresolved module or unlinked crate `tool`
   |
help: a builtin type with a similar name exists
   |
33 -         builder.ensure(tool::Clippy { compiler, target: self.common.host, extra_features: Vec::new() });
33 +         builder.ensure(bool::Clippy { compiler, target: self.common.host, extra_features: Vec::new() });
   |
help: there is a crate or module with a similar name
   |
33 -         builder.ensure(tool::Clippy { compiler, target: self.common.host, extra_features: Vec::new() });
33 +         builder.ensure(toml::Clippy { compiler, target: self.common.host, extra_features: Vec::new() });
   |
help: consider importing this module through its public re-export
   |
 1 + use crate::tool;
   |

error[E0433]: failed to resolve: use of unresolved module or unlinked crate `tool`
  --> standalonex/src/bootstrap/src/core/build_steps/test_split/clippy.rs:34:25
   |
34 |         let mut cargo = tool::prepare_tool_cargo(
   |                         ^^^^ use of unresolved module or unlinked crate `tool`
   |
help: a builtin type with a similar name exists
   |
34 -         let mut cargo = tool::prepare_tool_cargo(
34 +         let mut cargo = bool::prepare_tool_cargo(
   |
help: there is a crate or module with a similar name
   |
34 -         let mut cargo = tool::prepare_tool_cargo(
34 +         let mut cargo = toml::prepare_tool_cargo(
   |
help: consider importing this module through its public re-export
   |
 1 + use crate::tool;
   |

error[E0433]: failed to resolve: use of undeclared type `Mode`
  --> standalonex/src/bootstrap/src/core/build_steps/test_split/clippy.rs:37:13
   |
37 |             Mode::ToolRustc,
   |             ^^^^ use of undeclared type `Mode`
   |
help: consider importing one of these enums
   |
 1 + use crate::Mode;
   |
 1 + use xz2::stream::Mode;
   |

error[E0433]: failed to resolve: use of undeclared type `Kind`
  --> standalonex/src/bootstrap/src/core/build_steps/test_split/clippy.rs:39:13
   |
39 |             Kind::Test,
   |             ^^^^ use of undeclared type `Kind`
   |
help: consider importing this enum through its public re-export
   |
 1 + use crate::Kind;
   |

error[E0433]: failed to resolve: use of undeclared type `SourceType`
  --> standalonex/src/bootstrap/src/core/build_steps/test_split/clippy.rs:41:13
   |
41 |             SourceType::InTree,
   |             ^^^^^^^^^^ use of undeclared type `SourceType`
   |
help: consider importing this enum
   |
 1 + use crate::tool::SourceType;
   |

error[E0433]: failed to resolve: use of undeclared type `Mode`
  --> standalonex/src/bootstrap/src/core/build_steps/test_split/clippy.rs:47:53
   |
47 |         let host_libs = builder.stage_out(compiler, Mode::ToolRustc).join(builder.cargo_dir());
   |                                                     ^^^^ use of undeclared type `Mode`
   |
help: consider importing one of these enums
   |
 1 + use crate::Mode;
   |
 1 + use xz2::stream::Mode;
   |

error[E0425]: cannot find function `prepare_cargo_test` in this scope
  --> standalonex/src/bootstrap/src/core/build_steps/test_split/clippy.rs:51:21
   |
51 |         let cargo = prepare_cargo_test(cargo, &[], &[], "clippy", compiler, host, builder);
   |                     ^^^^^^^^^^^^^^^^^^ not found in this scope
   |
note: function `crate::core::build_steps::test_split::prepare_cargo_test::prepare_cargo_test` exists but is inaccessible
  --> standalonex/src/bootstrap/src/core/build_steps/test_split/prepare_cargo_test.rs:2:1
   |
 2 | / fn prepare_cargo_test(
 3 | |     cargo: impl Into<BootstrapCommand>,
 4 | |     libtest_args: &[&str],
 5 | |     crates: &[String],
...  |
75 | |     cargo
76 | | }
   | |_^ not accessible

error[E0433]: failed to resolve: use of undeclared type `Kind`
  --> standalonex/src/bootstrap/src/core/build_steps/test_split/clippy.rs:53:47
   |
53 |         let _guard = builder.msg_sysroot_tool(Kind::Test, compiler.stage, "clippy", host, host);
   |                                               ^^^^ use of undeclared type `Kind`
   |
help: consider importing this enum through its public re-export
   |
 1 + use crate::Kind;
   |

error[E0405]: cannot find trait `Step` in this scope
 --> standalonex/src/bootstrap/src/core/build_steps/test_split/codegen_cranelift.rs:6:6
  |
6 | impl Step for CodegenCranelift {
  |      ^^^^ not found in this scope
  |
help: consider importing one of these traits
  |
1 + use crate::builder::Step;
  |
1 + use std::range::Step;
  |

error[E0412]: cannot find type `ShouldRun` in this scope
  --> standalonex/src/bootstrap/src/core/build_steps/test_split/codegen_cranelift.rs:11:24
   |
11 |     fn should_run(run: ShouldRun<'_>) -> ShouldRun<'_> {
   |                        ^^^^^^^^^ not found in this scope
   |
help: consider importing this struct
   |
 1 + use crate::builder::ShouldRun;
   |

error[E0412]: cannot find type `ShouldRun` in this scope
  --> standalonex/src/bootstrap/src/core/build_steps/test_split/codegen_cranelift.rs:11:42
   |
11 |     fn should_run(run: ShouldRun<'_>) -> ShouldRun<'_> {
   |                                          ^^^^^^^^^ not found in this scope
   |
help: consider importing this struct
   |
 1 + use crate::builder::ShouldRun;
   |

error[E0412]: cannot find type `RunConfig` in this scope
  --> standalonex/src/bootstrap/src/core/build_steps/test_split/codegen_cranelift.rs:15:22
   |
15 |     fn make_run(run: RunConfig<'_>) {
   |                      ^^^^^^^^^ not found in this scope
   |
help: consider importing this struct
   |
 1 + use crate::builder::RunConfig;
   |

error[E0433]: failed to resolve: use of undeclared type `DocTests`
  --> standalonex/src/bootstrap/src/core/build_steps/test_split/codegen_cranelift.rs:20:33
   |
20 |         if builder.doc_tests == DocTests::Only {
   |                                 ^^^^^^^^ use of undeclared type `DocTests`
   |
help: consider importing this enum
   |
 1 + use crate::DocTests;
   |

error[E0425]: cannot find function `target_supports_cranelift_backend` in this scope
  --> standalonex/src/bootstrap/src/core/build_steps/test_split/codegen_cranelift.rs:29:13
   |
29 |         if !target_supports_cranelift_backend(run.target) {
   |             ^^^^^^^^^^^^^^^^^^^^^^^^^^^^^^^^^ not found in this scope
   |
help: consider importing this function
   |
 1 + use crate::utils::helpers::target_supports_cranelift_backend;
   |

error[E0412]: cannot find type `Builder` in this scope
  --> standalonex/src/bootstrap/src/core/build_steps/test_split/codegen_cranelift.rs:54:28
   |
54 |     fn run(self, builder: &Builder<'_>) {
   |                            ^^^^^^^ not found in this scope
   |
help: consider importing one of these structs
   |
 1 + use crate::Builder;
   |
 1 + use std::thread::Builder;
   |
 1 + use tar::Builder;
   |

error[E0433]: failed to resolve: use of unresolved module or unlinked crate `compile`
  --> standalonex/src/bootstrap/src/core/build_steps/test_split/codegen_cranelift.rs:58:24
   |
58 |         builder.ensure(compile::Std::new(compiler, target));
   |                        ^^^^^^^ use of unresolved module or unlinked crate `compile`
   |
   = help: if you wanted to use a crate named `compile`, use `cargo add compile` to add it to your `Cargo.toml`
help: consider importing one of these structs
   |
 1 + use crate::clean::Std;
   |
 1 + use crate::core::build_steps::compile_modules::std::Std;
   |
 1 + use crate::core::types::Std;
   |
 1 + use crate::dist::Std;
   |
   = and 2 other candidates
help: if you import `Std`, refer to it directly
   |
58 -         builder.ensure(compile::Std::new(compiler, target));
58 +         builder.ensure(Std::new(compiler, target));
   |

error[E0433]: failed to resolve: use of unresolved module or unlinked crate `builder`
  --> standalonex/src/bootstrap/src/core/build_steps/test_split/codegen_cranelift.rs:67:29
   |
67 |             let mut cargo = builder::Cargo::new(
   |                             ^^^^^^^ use of unresolved module or unlinked crate `builder`
   |
   = help: if you wanted to use a crate named `builder`, use `cargo add builder` to add it to your `Cargo.toml`
help: consider importing one of these structs
   |
 1 + use crate::builder::Cargo;
   |
 1 + use crate::core::build_steps::test_split::cargo::Cargo;
   |
 1 + use crate::dist::Cargo;
   |
 1 + use crate::doc::Cargo;
   |
   = and 2 other candidates
help: if you import `Cargo`, refer to it directly
   |
67 -             let mut cargo = builder::Cargo::new(
67 +             let mut cargo = Cargo::new(
   |

error[E0433]: failed to resolve: use of undeclared type `Mode`
  --> standalonex/src/bootstrap/src/core/build_steps/test_split/codegen_cranelift.rs:70:17
   |
70 |                 Mode::Codegen, // Must be codegen to ensure dlopen on compiled dylibs works
   |                 ^^^^ use of undeclared type `Mode`
   |
help: consider importing one of these enums
   |
 1 + use crate::Mode;
   |
 1 + use xz2::stream::Mode;
   |

error[E0433]: failed to resolve: use of undeclared type `SourceType`
  --> standalonex/src/bootstrap/src/core/build_steps/test_split/codegen_cranelift.rs:71:17
   |
71 |                 SourceType::InTree,
   |                 ^^^^^^^^^^ use of undeclared type `SourceType`
   |
help: consider importing this enum
   |
 1 + use crate::tool::SourceType;
   |

error[E0433]: failed to resolve: use of undeclared type `Kind`
  --> standalonex/src/bootstrap/src/core/build_steps/test_split/codegen_cranelift.rs:73:17
   |
73 |                 Kind::Run,
   |                 ^^^^ use of undeclared type `Kind`
   |
help: consider importing this enum through its public re-export
   |
 1 + use crate::Kind;
   |

error[E0433]: failed to resolve: use of undeclared type `Kind`
  --> standalonex/src/bootstrap/src/core/build_steps/test_split/codegen_cranelift.rs:90:13
   |
90 |             Kind::Test.description(),
   |             ^^^^ use of undeclared type `Kind`
   |
help: consider importing this enum through its public re-export
   |
 1 + use crate::Kind;
   |

error[E0433]: failed to resolve: use of unresolved module or unlinked crate `helpers`
  --> standalonex/src/bootstrap/src/core/build_steps/test_split/codegen_cranelift.rs:95:21
   |
95 |         let _time = helpers::timeit(builder);
   |                     ^^^^^^^ use of unresolved module or unlinked crate `helpers`
   |
   = help: if you wanted to use a crate named `helpers`, use `cargo add helpers` to add it to your `Cargo.toml`
help: consider importing this module
   |
 1 + use crate::utils::helpers;
   |

error[E0433]: failed to resolve: use of undeclared type `Mode`
   --> standalonex/src/bootstrap/src/core/build_steps/test_split/codegen_cranelift.rs:115:46
    |
115 |             .arg(builder.stage_out(compiler, Mode::ToolRustc).join("cg_clif"))
    |                                              ^^^^ use of undeclared type `Mode`
    |
help: consider importing one of these enums
    |
  1 + use crate::Mode;
    |
  1 + use xz2::stream::Mode;
    |

error[E0405]: cannot find trait `Step` in this scope
 --> standalonex/src/bootstrap/src/core/build_steps/test_split/codegen_gcc.rs:6:6
  |
6 | impl Step for CodegenGCC {
  |      ^^^^ not found in this scope
  |
help: consider importing one of these traits
  |
1 + use crate::builder::Step;
  |
1 + use std::range::Step;
  |

error[E0412]: cannot find type `ShouldRun` in this scope
  --> standalonex/src/bootstrap/src/core/build_steps/test_split/codegen_gcc.rs:11:24
   |
11 |     fn should_run(run: ShouldRun<'_>) -> ShouldRun<'_> {
   |                        ^^^^^^^^^ not found in this scope
   |
help: consider importing this struct
   |
 1 + use crate::builder::ShouldRun;
   |

error[E0412]: cannot find type `ShouldRun` in this scope
  --> standalonex/src/bootstrap/src/core/build_steps/test_split/codegen_gcc.rs:11:42
   |
11 |     fn should_run(run: ShouldRun<'_>) -> ShouldRun<'_> {
   |                                          ^^^^^^^^^ not found in this scope
   |
help: consider importing this struct
   |
 1 + use crate::builder::ShouldRun;
   |

error[E0412]: cannot find type `RunConfig` in this scope
  --> standalonex/src/bootstrap/src/core/build_steps/test_split/codegen_gcc.rs:15:22
   |
15 |     fn make_run(run: RunConfig<'_>) {
   |                      ^^^^^^^^^ not found in this scope
   |
help: consider importing this struct
   |
 1 + use crate::builder::RunConfig;
   |

error[E0433]: failed to resolve: use of undeclared type `DocTests`
  --> standalonex/src/bootstrap/src/core/build_steps/test_split/codegen_gcc.rs:20:33
   |
20 |         if builder.doc_tests == DocTests::Only {
   |                                 ^^^^^^^^ use of undeclared type `DocTests`
   |
help: consider importing this enum
   |
 1 + use crate::DocTests;
   |

error[E0412]: cannot find type `Builder` in this scope
  --> standalonex/src/bootstrap/src/core/build_steps/test_split/codegen_gcc.rs:57:28
   |
57 |     fn run(self, builder: &Builder<'_>) {
   |                            ^^^^^^^ not found in this scope
   |
help: consider importing one of these structs
   |
 1 + use crate::Builder;
   |
 1 + use std::thread::Builder;
   |
 1 + use tar::Builder;
   |

error[E0433]: failed to resolve: use of unresolved module or unlinked crate `compile`
  --> standalonex/src/bootstrap/src/core/build_steps/test_split/codegen_gcc.rs:61:24
   |
61 |         builder.ensure(compile::Std::new_with_extra_rust_args(compiler, target, &[
   |                        ^^^^^^^ use of unresolved module or unlinked crate `compile`
   |
   = help: if you wanted to use a crate named `compile`, use `cargo add compile` to add it to your `Cargo.toml`
help: consider importing one of these structs
   |
 1 + use crate::clean::Std;
   |
 1 + use crate::core::build_steps::compile_modules::std::Std;
   |
 1 + use crate::core::types::Std;
   |
 1 + use crate::dist::Std;
   |
   = and 2 other candidates
help: if you import `Std`, refer to it directly
   |
61 -         builder.ensure(compile::Std::new_with_extra_rust_args(compiler, target, &[
61 +         builder.ensure(Std::new_with_extra_rust_args(compiler, target, &[
   |

error[E0433]: failed to resolve: use of unresolved module or unlinked crate `builder`
  --> standalonex/src/bootstrap/src/core/build_steps/test_split/codegen_gcc.rs:73:29
   |
73 |             let mut cargo = builder::Cargo::new(
   |                             ^^^^^^^ use of unresolved module or unlinked crate `builder`
   |
   = help: if you wanted to use a crate named `builder`, use `cargo add builder` to add it to your `Cargo.toml`
help: consider importing one of these structs
   |
 1 + use crate::builder::Cargo;
   |
 1 + use crate::core::build_steps::test_split::cargo::Cargo;
   |
 1 + use crate::dist::Cargo;
   |
 1 + use crate::doc::Cargo;
   |
   = and 2 other candidates
help: if you import `Cargo`, refer to it directly
   |
73 -             let mut cargo = builder::Cargo::new(
73 +             let mut cargo = Cargo::new(
   |

error[E0433]: failed to resolve: use of undeclared type `Mode`
  --> standalonex/src/bootstrap/src/core/build_steps/test_split/codegen_gcc.rs:76:17
   |
76 |                 Mode::Codegen, // Must be codegen to ensure dlopen on compiled dylibs works
   |                 ^^^^ use of undeclared type `Mode`
   |
help: consider importing one of these enums
   |
 1 + use crate::Mode;
   |
 1 + use xz2::stream::Mode;
   |

error[E0433]: failed to resolve: use of undeclared type `SourceType`
  --> standalonex/src/bootstrap/src/core/build_steps/test_split/codegen_gcc.rs:77:17
   |
77 |                 SourceType::InTree,
   |                 ^^^^^^^^^^ use of undeclared type `SourceType`
   |
help: consider importing this enum
   |
 1 + use crate::tool::SourceType;
   |

error[E0433]: failed to resolve: use of undeclared type `Kind`
  --> standalonex/src/bootstrap/src/core/build_steps/test_split/codegen_gcc.rs:79:17
   |
79 |                 Kind::Run,
   |                 ^^^^ use of undeclared type `Kind`
   |
help: consider importing this enum through its public re-export
   |
 1 + use crate::Kind;
   |

error[E0433]: failed to resolve: use of undeclared type `Kind`
  --> standalonex/src/bootstrap/src/core/build_steps/test_split/codegen_gcc.rs:97:13
   |
97 |             Kind::Test.description(),
   |             ^^^^ use of undeclared type `Kind`
   |
help: consider importing this enum through its public re-export
   |
 1 + use crate::Kind;
   |

error[E0433]: failed to resolve: use of unresolved module or unlinked crate `helpers`
   --> standalonex/src/bootstrap/src/core/build_steps/test_split/codegen_gcc.rs:102:21
    |
102 |         let _time = helpers::timeit(builder);
    |                     ^^^^^^^ use of unresolved module or unlinked crate `helpers`
    |
    = help: if you wanted to use a crate named `helpers`, use `cargo add helpers` to add it to your `Cargo.toml`
help: consider importing this module
    |
  1 + use crate::utils::helpers;
    |

error[E0433]: failed to resolve: use of undeclared type `Mode`
   --> standalonex/src/bootstrap/src/core/build_steps/test_split/codegen_gcc.rs:121:46
    |
121 |             .arg(builder.stage_out(compiler, Mode::ToolRustc).join("cg_gcc"))
    |                                              ^^^^ use of undeclared type `Mode`
    |
help: consider importing one of these enums
    |
  1 + use crate::Mode;
    |
  1 + use xz2::stream::Mode;
    |

error[E0405]: cannot find trait `Step` in this scope
 --> standalonex/src/bootstrap/src/core/build_steps/test_split/compiletest_test.rs:6:6
  |
6 | impl Step for CompiletestTest {
  |      ^^^^ not found in this scope
  |
help: consider importing one of these traits
  |
1 + use crate::builder::Step;
  |
1 + use std::range::Step;
  |

error[E0412]: cannot find type `ShouldRun` in this scope
 --> standalonex/src/bootstrap/src/core/build_steps/test_split/compiletest_test.rs:9:24
  |
9 |     fn should_run(run: ShouldRun<'_>) -> ShouldRun<'_> {
  |                        ^^^^^^^^^ not found in this scope
  |
help: consider importing this struct
  |
1 + use crate::builder::ShouldRun;
  |

error[E0412]: cannot find type `ShouldRun` in this scope
 --> standalonex/src/bootstrap/src/core/build_steps/test_split/compiletest_test.rs:9:42
  |
9 |     fn should_run(run: ShouldRun<'_>) -> ShouldRun<'_> {
  |                                          ^^^^^^^^^ not found in this scope
  |
help: consider importing this struct
  |
1 + use crate::builder::ShouldRun;
  |

error[E0412]: cannot find type `RunConfig` in this scope
  --> standalonex/src/bootstrap/src/core/build_steps/test_split/compiletest_test.rs:13:22
   |
13 |     fn make_run(run: RunConfig<'_>) {
   |                      ^^^^^^^^^ not found in this scope
   |
help: consider importing this struct
   |
 1 + use crate::builder::RunConfig;
   |

error[E0412]: cannot find type `Builder` in this scope
  --> standalonex/src/bootstrap/src/core/build_steps/test_split/compiletest_test.rs:26:28
   |
26 |     fn run(self, builder: &Builder<'_>) {
   |                            ^^^^^^^ not found in this scope
   |
help: consider importing one of these structs
   |
 1 + use crate::Builder;
   |
 1 + use std::thread::Builder;
   |
 1 + use tar::Builder;
   |

error[E0433]: failed to resolve: use of unresolved module or unlinked crate `compile`
  --> standalonex/src/bootstrap/src/core/build_steps/test_split/compiletest_test.rs:32:24
   |
32 |         builder.ensure(compile::Std::new(compiler, host));
   |                        ^^^^^^^ use of unresolved module or unlinked crate `compile`
   |
   = help: if you wanted to use a crate named `compile`, use `cargo add compile` to add it to your `Cargo.toml`
help: consider importing one of these structs
   |
 1 + use crate::clean::Std;
   |
 1 + use crate::core::build_steps::compile_modules::std::Std;
   |
 1 + use crate::core::types::Std;
   |
 1 + use crate::dist::Std;
   |
   = and 2 other candidates
help: if you import `Std`, refer to it directly
   |
32 -         builder.ensure(compile::Std::new(compiler, host));
32 +         builder.ensure(Std::new(compiler, host));
   |

error[E0433]: failed to resolve: use of unresolved module or unlinked crate `tool`
  --> standalonex/src/bootstrap/src/core/build_steps/test_split/compiletest_test.rs:33:25
   |
33 |         let mut cargo = tool::prepare_tool_cargo(
   |                         ^^^^ use of unresolved module or unlinked crate `tool`
   |
help: a builtin type with a similar name exists
   |
33 -         let mut cargo = tool::prepare_tool_cargo(
33 +         let mut cargo = bool::prepare_tool_cargo(
   |
help: there is a crate or module with a similar name
   |
33 -         let mut cargo = tool::prepare_tool_cargo(
33 +         let mut cargo = toml::prepare_tool_cargo(
   |
help: consider importing this module through its public re-export
   |
 1 + use crate::tool;
   |

error[E0433]: failed to resolve: use of undeclared type `Mode`
  --> standalonex/src/bootstrap/src/core/build_steps/test_split/compiletest_test.rs:38:13
   |
38 |             Mode::ToolStd,
   |             ^^^^ use of undeclared type `Mode`
   |
help: consider importing one of these enums
   |
 1 + use crate::Mode;
   |
 1 + use xz2::stream::Mode;
   |

error[E0433]: failed to resolve: use of undeclared type `Kind`
  --> standalonex/src/bootstrap/src/core/build_steps/test_split/compiletest_test.rs:40:13
   |
40 |             Kind::Test,
   |             ^^^^ use of undeclared type `Kind`
   |
help: consider importing this enum through its public re-export
   |
 1 + use crate::Kind;
   |

error[E0433]: failed to resolve: use of undeclared type `SourceType`
  --> standalonex/src/bootstrap/src/core/build_steps/test_split/compiletest_test.rs:42:13
   |
42 |             SourceType::InTree,
   |             ^^^^^^^^^^ use of undeclared type `SourceType`
   |
help: consider importing this enum
   |
 1 + use crate::tool::SourceType;
   |

error[E0425]: cannot find function `run_cargo_test` in this scope
  --> standalonex/src/bootstrap/src/core/build_steps/test_split/compiletest_test.rs:46:9
   |
46 |         run_cargo_test(
   |         ^^^^^^^^^^^^^^ not found in this scope
   |
note: function `crate::core::build_steps::test_split::run_cargo_test::run_cargo_test` exists but is inaccessible
  --> standalonex/src/bootstrap/src/core/build_steps/test_split/run_cargo_test.rs:5:1
   |
 5 | / fn run_cargo_test<'a>(
 6 | |     cargo: impl Into<BootstrapCommand>,
 7 | |     libtest_args: &[&str],
 8 | |     crates: &[String],
...  |
32 | |     add_flags_and_try_run_tests(builder, &mut cargo)
33 | | }
   | |_^ not accessible

error[E0412]: cannot find type `Compiler` in this scope
 --> standalonex/src/bootstrap/src/core/build_steps/test_split/compiletest.rs:3:15
  |
3 |     compiler: Compiler,
  |               ^^^^^^^^ not found in this scope
  |
help: consider importing this struct
  |
1 + use crate::Compiler;
  |

error[E0412]: cannot find type `TargetSelection` in this scope
 --> standalonex/src/bootstrap/src/core/build_steps/test_split/compiletest.rs:4:13
  |
4 |     target: TargetSelection,
  |             ^^^^^^^^^^^^^^^ not found in this scope
  |
help: consider importing one of these structs
  |
1 + use crate::TargetSelection;
  |
1 + use bootstrap_config_utils::target_selection::TargetSelection;
  |

error[E0405]: cannot find trait `Step` in this scope
  --> standalonex/src/bootstrap/src/core/build_steps/test_split/compiletest.rs:11:6
   |
11 | impl Step for Compiletest {
   |      ^^^^ not found in this scope
   |
help: consider importing one of these traits
   |
 1 + use crate::builder::Step;
   |
 1 + use std::range::Step;
   |

error[E0412]: cannot find type `ShouldRun` in this scope
  --> standalonex/src/bootstrap/src/core/build_steps/test_split/compiletest.rs:14:24
   |
14 |     fn should_run(run: ShouldRun<'_>) -> ShouldRun<'_> {
   |                        ^^^^^^^^^ not found in this scope
   |
help: consider importing this struct
   |
 1 + use crate::builder::ShouldRun;
   |

error[E0412]: cannot find type `ShouldRun` in this scope
  --> standalonex/src/bootstrap/src/core/build_steps/test_split/compiletest.rs:14:42
   |
14 |     fn should_run(run: ShouldRun<'_>) -> ShouldRun<'_> {
   |                                          ^^^^^^^^^ not found in this scope
   |
help: consider importing this struct
   |
 1 + use crate::builder::ShouldRun;
   |

error[E0412]: cannot find type `Builder` in this scope
  --> standalonex/src/bootstrap/src/core/build_steps/test_split/compiletest.rs:23:28
   |
23 |     fn run(self, builder: &Builder<'_>) {
   |                            ^^^^^^^ not found in this scope
   |
help: consider importing one of these structs
   |
 1 + use crate::Builder;
   |
 1 + use std::thread::Builder;
   |
 1 + use tar::Builder;
   |

error[E0433]: failed to resolve: use of undeclared type `DocTests`
  --> standalonex/src/bootstrap/src/core/build_steps/test_split/compiletest.rs:24:33
   |
24 |         if builder.doc_tests == DocTests::Only {
   |                                 ^^^^^^^^ use of undeclared type `DocTests`
   |
help: consider importing this enum
   |
 1 + use crate::DocTests;
   |

error[E0433]: failed to resolve: use of unresolved module or unlinked crate `env`
  --> standalonex/src/bootstrap/src/core/build_steps/test_split/compiletest.rs:28:38
   |
28 |         if builder.top_stage == 0 && env::var("COMPILETEST_FORCE_STAGE0").is_err() {
   |                                      ^^^ use of unresolved module or unlinked crate `env`
   |
   = help: if you wanted to use a crate named `env`, use `cargo add env` to add it to your `Cargo.toml`
help: consider importing one of these modules
   |
 1 + use crate::env;
   |
 1 + use std::env;
   |

error[E0433]: failed to resolve: use of unresolved module or unlinked crate `compile`
  --> standalonex/src/bootstrap/src/core/build_steps/test_split/compiletest.rs:67:28
   |
67 |             builder.ensure(compile::Rustc::new(compiler, target));
   |                            ^^^^^^^ use of unresolved module or unlinked crate `compile`
   |
   = help: if you wanted to use a crate named `compile`, use `cargo add compile` to add it to your `Cargo.toml`
help: consider importing one of these structs
   |
 1 + use crate::clean::Rustc;
   |
 1 + use crate::core::build_steps::compile_modules::rustc::Rustc;
   |
 1 + use crate::core::types::Rustc;
   |
 1 + use crate::dist::Rustc;
   |
   = and 2 other candidates
help: if you import `Rustc`, refer to it directly
   |
67 -             builder.ensure(compile::Rustc::new(compiler, target));
67 +             builder.ensure(Rustc::new(compiler, target));
   |

error[E0433]: failed to resolve: use of unresolved module or unlinked crate `dist`
  --> standalonex/src/bootstrap/src/core/build_steps/test_split/compiletest.rs:71:28
   |
71 |             builder.ensure(dist::DebuggerScripts {
   |                            ^^^^ use of unresolved module or unlinked crate `dist`
   |
   = help: if you wanted to use a crate named `dist`, use `cargo add dist` to add it to your `Cargo.toml`
help: consider importing this module through its public re-export
   |
 1 + use crate::dist;
   |

error[E0422]: cannot find struct, variant or union type `TestHelpers` in this scope
  --> standalonex/src/bootstrap/src/core/build_steps/test_split/compiletest.rs:78:24
   |
78 |         builder.ensure(TestHelpers { target: compiler.host });
   |                        ^^^^^^^^^^^ not found in this scope
   |
help: consider importing this struct
   |
 1 + use crate::core::build_steps::test_split::test_helpers::TestHelpers;
   |

error[E0433]: failed to resolve: use of unresolved module or unlinked crate `compile`
  --> standalonex/src/bootstrap/src/core/build_steps/test_split/compiletest.rs:82:28
   |
82 |             builder.ensure(compile::Std::new_for_mir_opt_tests(compiler, compiler.host));
   |                            ^^^^^^^ use of unresolved module or unlinked crate `compile`
   |
   = help: if you wanted to use a crate named `compile`, use `cargo add compile` to add it to your `Cargo.toml`
help: consider importing one of these structs
   |
 1 + use crate::clean::Std;
   |
 1 + use crate::core::build_steps::compile_modules::std::Std;
   |
 1 + use crate::core::types::Std;
   |
 1 + use crate::dist::Std;
   |
   = and 2 other candidates
help: if you import `Std`, refer to it directly
   |
82 -             builder.ensure(compile::Std::new_for_mir_opt_tests(compiler, compiler.host));
82 +             builder.ensure(Std::new_for_mir_opt_tests(compiler, compiler.host));
   |

error[E0433]: failed to resolve: use of unresolved module or unlinked crate `compile`
  --> standalonex/src/bootstrap/src/core/build_steps/test_split/compiletest.rs:84:28
   |
84 |             builder.ensure(compile::Std::new(compiler, compiler.host));
   |                            ^^^^^^^ use of unresolved module or unlinked crate `compile`
   |
   = help: if you wanted to use a crate named `compile`, use `cargo add compile` to add it to your `Cargo.toml`
help: consider importing one of these structs
   |
 1 + use crate::clean::Std;
   |
 1 + use crate::core::build_steps::compile_modules::std::Std;
   |
 1 + use crate::core::types::Std;
   |
 1 + use crate::dist::Std;
   |
   = and 2 other candidates
help: if you import `Std`, refer to it directly
   |
84 -             builder.ensure(compile::Std::new(compiler, compiler.host));
84 +             builder.ensure(Std::new(compiler, compiler.host));
   |

error[E0422]: cannot find struct, variant or union type `TestHelpers` in this scope
  --> standalonex/src/bootstrap/src/core/build_steps/test_split/compiletest.rs:89:28
   |
89 |             builder.ensure(TestHelpers { target });
   |                            ^^^^^^^^^^^ not found in this scope
   |
help: consider importing this struct
   |
 1 + use crate::core::build_steps::test_split::test_helpers::TestHelpers;
   |

error[E0433]: failed to resolve: use of undeclared type `Tool`
  --> standalonex/src/bootstrap/src/core/build_steps/test_split/compiletest.rs:92:40
   |
92 |         let mut cmd = builder.tool_cmd(Tool::Compiletest);
   |                                        ^^^^ use of undeclared type `Tool`
   |
help: a builtin type with a similar name exists
   |
92 -         let mut cmd = builder.tool_cmd(Tool::Compiletest);
92 +         let mut cmd = builder.tool_cmd(bool::Compiletest);
   |
help: consider importing one of these items
   |
 1 + use crate::tool::Tool;
   |
 1 + use cc::Tool;
   |

error[E0433]: failed to resolve: use of unresolved module or unlinked crate `compile`
  --> standalonex/src/bootstrap/src/core/build_steps/test_split/compiletest.rs:95:28
   |
95 |             builder.ensure(compile::Std::new_for_mir_opt_tests(compiler, target));
   |                            ^^^^^^^ use of unresolved module or unlinked crate `compile`
   |
   = help: if you wanted to use a crate named `compile`, use `cargo add compile` to add it to your `Cargo.toml`
help: consider importing one of these structs
   |
 1 + use crate::clean::Std;
   |
 1 + use crate::core::build_steps::compile_modules::std::Std;
   |
 1 + use crate::core::types::Std;
   |
 1 + use crate::dist::Std;
   |
   = and 2 other candidates
help: if you import `Std`, refer to it directly
   |
95 -             builder.ensure(compile::Std::new_for_mir_opt_tests(compiler, target));
95 +             builder.ensure(Std::new_for_mir_opt_tests(compiler, target));
   |

error[E0433]: failed to resolve: use of unresolved module or unlinked crate `compile`
  --> standalonex/src/bootstrap/src/core/build_steps/test_split/compiletest.rs:97:28
   |
97 |             builder.ensure(compile::Std::new(compiler, target));
   |                            ^^^^^^^ use of unresolved module or unlinked crate `compile`
   |
   = help: if you wanted to use a crate named `compile`, use `cargo add compile` to add it to your `Cargo.toml`
help: consider importing one of these structs
   |
 1 + use crate::clean::Std;
   |
 1 + use crate::core::build_steps::compile_modules::std::Std;
   |
 1 + use crate::core::types::Std;
   |
 1 + use crate::dist::Std;
   |
   = and 2 other candidates
help: if you import `Std`, refer to it directly
   |
97 -             builder.ensure(compile::Std::new(compiler, target));
97 +             builder.ensure(Std::new(compiler, target));
   |

error[E0422]: cannot find struct, variant or union type `RemoteCopyLibs` in this scope
   --> standalonex/src/bootstrap/src/core/build_steps/test_split/compiletest.rs:100:24
    |
100 |         builder.ensure(RemoteCopyLibs { compiler, target });
    |                        ^^^^^^^^^^^^^^ not found in this scope
    |
help: consider importing this struct
    |
  1 + use crate::core::build_steps::test_split::remote_copy_libs::RemoteCopyLibs;
    |

error[E0433]: failed to resolve: use of unresolved module or unlinked crate `tool`
   --> standalonex/src/bootstrap/src/core/build_steps/test_split/compiletest.rs:132:32
    |
132 |                 builder.ensure(tool::Cargo { compiler, target: compiler.host })
    |                                ^^^^ use of unresolved module or unlinked crate `tool`
    |
help: a builtin type with a similar name exists
    |
132 -                 builder.ensure(tool::Cargo { compiler, target: compiler.host })
132 +                 builder.ensure(bool::Cargo { compiler, target: compiler.host })
    |
help: there is a crate or module with a similar name
    |
132 -                 builder.ensure(tool::Cargo { compiler, target: compiler.host })
132 +                 builder.ensure(toml::Cargo { compiler, target: compiler.host })
    |
help: consider importing this module through its public re-export
    |
  1 + use crate::tool;
    |

error[E0433]: failed to resolve: use of unresolved module or unlinked crate `tool`
   --> standalonex/src/bootstrap/src/core/build_steps/test_split/compiletest.rs:153:37
    |
153 |                 .arg(builder.ensure(tool::JsonDocCk { compiler: json_compiler, target }));
    |                                     ^^^^ use of unresolved module or unlinked crate `tool`
    |
help: a builtin type with a similar name exists
    |
153 -                 .arg(builder.ensure(tool::JsonDocCk { compiler: json_compiler, target }));
153 +                 .arg(builder.ensure(bool::JsonDocCk { compiler: json_compiler, target }));
    |
help: there is a crate or module with a similar name
    |
153 -                 .arg(builder.ensure(tool::JsonDocCk { compiler: json_compiler, target }));
153 +                 .arg(builder.ensure(toml::JsonDocCk { compiler: json_compiler, target }));
    |
help: consider importing this module through its public re-export
    |
  1 + use crate::tool;
    |

error[E0433]: failed to resolve: use of unresolved module or unlinked crate `tool`
   --> standalonex/src/bootstrap/src/core/build_steps/test_split/compiletest.rs:155:37
    |
155 |                 .arg(builder.ensure(tool::JsonDocLint { compiler: json_compiler, target }));
    |                                     ^^^^ use of unresolved module or unlinked crate `tool`
    |
help: a builtin type with a similar name exists
    |
155 -                 .arg(builder.ensure(tool::JsonDocLint { compiler: json_compiler, target }));
155 +                 .arg(builder.ensure(bool::JsonDocLint { compiler: json_compiler, target }));
    |
help: there is a crate or module with a similar name
    |
155 -                 .arg(builder.ensure(tool::JsonDocLint { compiler: json_compiler, target }));
155 +                 .arg(builder.ensure(toml::JsonDocLint { compiler: json_compiler, target }));
    |
help: consider importing this module through its public re-export
    |
  1 + use crate::tool;
    |

error[E0433]: failed to resolve: use of undeclared type `Tool`
   --> standalonex/src/bootstrap/src/core/build_steps/test_split/compiletest.rs:159:50
    |
159 |             let coverage_dump = builder.tool_exe(Tool::CoverageDump);
    |                                                  ^^^^ use of undeclared type `Tool`
    |
help: a builtin type with a similar name exists
    |
159 -             let coverage_dump = builder.tool_exe(Tool::CoverageDump);
159 +             let coverage_dump = builder.tool_exe(bool::CoverageDump);
    |
help: consider importing one of these items
    |
  1 + use crate::tool::Tool;
    |
  1 + use cc::Tool;
    |

error[E0425]: cannot find function `testdir` in this scope
   --> standalonex/src/bootstrap/src/core/build_steps/test_split/compiletest.rs:164:37
    |
164 |         cmd.arg("--build-base").arg(testdir(builder, compiler.host).join(suite));
    |                                     ^^^^^^^ not found in this scope
    |
note: function `crate::core::build_steps::test_split::testdir::testdir` exists but is inaccessible
   --> standalonex/src/bootstrap/src/core/build_steps/test_split/testdir.rs:1:1
    |
  1 | fn testdir(builder: &Builder<'_>, host: TargetSelection) -> PathBuf {
    | ^^^^^^^^^^^^^^^^^^^^^^^^^^^^^^^^^^^^^^^^^^^^^^^^^^^^^^^^^^^^^^^^^^^ not accessible

error[E0412]: cannot find type `Builder` in this scope
  --> standalonex/src/bootstrap/src/core/build_steps/test_split/coverage.rs:17:19
   |
17 |         builder: &Builder<'_>,
   |                   ^^^^^^^ not found in this scope
   |
help: consider importing one of these structs
   |
 1 + use crate::Builder;
   |
 1 + use std::thread::Builder;
   |
 1 + use tar::Builder;
   |

error[E0412]: cannot find type `Compiler` in this scope
  --> standalonex/src/bootstrap/src/core/build_steps/test_split/coverage.rs:18:19
   |
18 |         compiler: Compiler,
   |                   ^^^^^^^^ not found in this scope
   |
help: consider importing this struct
   |
 1 + use crate::Compiler;
   |

error[E0412]: cannot find type `TargetSelection` in this scope
  --> standalonex/src/bootstrap/src/core/build_steps/test_split/coverage.rs:19:17
   |
19 |         target: TargetSelection,
   |                 ^^^^^^^^^^^^^^^ not found in this scope
   |
help: consider importing one of these structs
   |
 1 + use crate::TargetSelection;
   |
 1 + use bootstrap_config_utils::target_selection::TargetSelection;
   |

error[E0422]: cannot find struct, variant or union type `Compiletest` in this scope
  --> standalonex/src/bootstrap/src/core/build_steps/test_split/coverage.rs:24:24
   |
24 |         builder.ensure(Compiletest {
   |                        ^^^^^^^^^^^ not found in this scope
   |
note: struct `crate::core::build_steps::test_split::compiletest::Compiletest` exists but is inaccessible
  --> standalonex/src/bootstrap/src/core/build_steps/test_split/compiletest.rs:2:1
   |
 2 | struct Compiletest {
   | ^^^^^^^^^^^^^^^^^^ not accessible
help: consider importing one of these items
   |
 1 + use crate::clippy::Compiletest;
   |
 1 + use crate::doc::Compiletest;
   |
 1 + use crate::tool::Compiletest;
   |
 1 + use crate::tool::Tool::Compiletest;
   |
   = and 1 other candidate

error[E0405]: cannot find trait `Step` in this scope
  --> standalonex/src/bootstrap/src/core/build_steps/test_split/coverage.rs:35:6
   |
35 | impl Step for Coverage {
   |      ^^^^ not found in this scope
   |
help: consider importing one of these traits
   |
 1 + use crate::builder::Step;
   |
 1 + use std::range::Step;
   |

error[E0412]: cannot find type `ShouldRun` in this scope
  --> standalonex/src/bootstrap/src/core/build_steps/test_split/coverage.rs:43:24
   |
43 |     fn should_run(run: ShouldRun<'_>) -> ShouldRun<'_> {
   |                        ^^^^^^^^^ not found in this scope
   |
help: consider importing this struct
   |
 1 + use crate::builder::ShouldRun;
   |

error[E0412]: cannot find type `ShouldRun` in this scope
  --> standalonex/src/bootstrap/src/core/build_steps/test_split/coverage.rs:43:42
   |
43 |     fn should_run(run: ShouldRun<'_>) -> ShouldRun<'_> {
   |                                          ^^^^^^^^^ not found in this scope
   |
help: consider importing this struct
   |
 1 + use crate::builder::ShouldRun;
   |

error[E0412]: cannot find type `RunConfig` in this scope
  --> standalonex/src/bootstrap/src/core/build_steps/test_split/coverage.rs:48:22
   |
48 |     fn make_run(run: RunConfig<'_>) {
   |                      ^^^^^^^^^ not found in this scope
   |
help: consider importing this struct
   |
 1 + use crate::builder::RunConfig;
   |

error[E0412]: cannot find type `Builder` in this scope
  --> standalonex/src/bootstrap/src/core/build_steps/test_split/coverage.rs:61:28
   |
61 |     fn run(self, builder: &Builder<'_>) {
   |                            ^^^^^^^ not found in this scope
   |
help: consider importing one of these structs
   |
 1 + use crate::Builder;
   |
 1 + use std::thread::Builder;
   |
 1 + use tar::Builder;
   |

error[E0412]: cannot find type `PathBuf` in this scope
 --> standalonex/src/bootstrap/src/core/build_steps/test_split/crate_bootstrap.rs:3:11
  |
3 |     path: PathBuf,
  |           ^^^^^^^ not found in this scope
  |
help: consider importing one of these structs
  |
1 + use crate::PathBuf;
  |
1 + use std::path::PathBuf;
  |

error[E0412]: cannot find type `TargetSelection` in this scope
 --> standalonex/src/bootstrap/src/core/build_steps/test_split/crate_bootstrap.rs:4:11
  |
4 |     host: TargetSelection,
  |           ^^^^^^^^^^^^^^^ not found in this scope
  |
help: consider importing one of these structs
  |
1 + use crate::TargetSelection;
  |
1 + use bootstrap_config_utils::target_selection::TargetSelection;
  |

error[E0405]: cannot find trait `Step` in this scope
 --> standalonex/src/bootstrap/src/core/build_steps/test_split/crate_bootstrap.rs:7:6
  |
7 | impl Step for CrateBootstrap {
  |      ^^^^ not found in this scope
  |
help: consider importing one of these traits
  |
1 + use crate::builder::Step;
  |
1 + use std::range::Step;
  |

error[E0412]: cannot find type `ShouldRun` in this scope
  --> standalonex/src/bootstrap/src/core/build_steps/test_split/crate_bootstrap.rs:12:24
   |
12 |     fn should_run(run: ShouldRun<'_>) -> ShouldRun<'_> {
   |                        ^^^^^^^^^ not found in this scope
   |
help: consider importing this struct
   |
 1 + use crate::builder::ShouldRun;
   |

error[E0412]: cannot find type `ShouldRun` in this scope
  --> standalonex/src/bootstrap/src/core/build_steps/test_split/crate_bootstrap.rs:12:42
   |
12 |     fn should_run(run: ShouldRun<'_>) -> ShouldRun<'_> {
   |                                          ^^^^^^^^^ not found in this scope
   |
help: consider importing this struct
   |
 1 + use crate::builder::ShouldRun;
   |

error[E0412]: cannot find type `RunConfig` in this scope
  --> standalonex/src/bootstrap/src/core/build_steps/test_split/crate_bootstrap.rs:19:22
   |
19 |     fn make_run(run: RunConfig<'_>) {
   |                      ^^^^^^^^^ not found in this scope
   |
help: consider importing this struct
   |
 1 + use crate::builder::RunConfig;
   |

error[E0412]: cannot find type `Builder` in this scope
  --> standalonex/src/bootstrap/src/core/build_steps/test_split/crate_bootstrap.rs:26:28
   |
26 |     fn run(self, builder: &Builder<'_>) {
   |                            ^^^^^^^ not found in this scope
   |
help: consider importing one of these structs
   |
 1 + use crate::Builder;
   |
 1 + use std::thread::Builder;
   |
 1 + use tar::Builder;
   |

error[E0433]: failed to resolve: use of unresolved module or unlinked crate `tool`
  --> standalonex/src/bootstrap/src/core/build_steps/test_split/crate_bootstrap.rs:34:21
   |
34 |         let cargo = tool::prepare_tool_cargo(
   |                     ^^^^ use of unresolved module or unlinked crate `tool`
   |
help: a builtin type with a similar name exists
   |
34 -         let cargo = tool::prepare_tool_cargo(
34 +         let cargo = bool::prepare_tool_cargo(
   |
help: there is a crate or module with a similar name
   |
34 -         let cargo = tool::prepare_tool_cargo(
34 +         let cargo = toml::prepare_tool_cargo(
   |
help: consider importing this module through its public re-export
   |
 1 + use crate::tool;
   |

error[E0433]: failed to resolve: use of undeclared type `Mode`
  --> standalonex/src/bootstrap/src/core/build_steps/test_split/crate_bootstrap.rs:37:13
   |
37 |             Mode::ToolBootstrap,
   |             ^^^^ use of undeclared type `Mode`
   |
help: consider importing one of these enums
   |
 1 + use crate::Mode;
   |
 1 + use xz2::stream::Mode;
   |

error[E0433]: failed to resolve: use of undeclared type `Kind`
  --> standalonex/src/bootstrap/src/core/build_steps/test_split/crate_bootstrap.rs:39:13
   |
39 |             Kind::Test,
   |             ^^^^ use of undeclared type `Kind`
   |
help: consider importing this enum through its public re-export
   |
 1 + use crate::Kind;
   |

error[E0433]: failed to resolve: use of undeclared type `SourceType`
  --> standalonex/src/bootstrap/src/core/build_steps/test_split/crate_bootstrap.rs:41:13
   |
41 |             SourceType::InTree,
   |             ^^^^^^^^^^ use of undeclared type `SourceType`
   |
help: consider importing this enum
   |
 1 + use crate::tool::SourceType;
   |

error[E0425]: cannot find function `run_cargo_test` in this scope
  --> standalonex/src/bootstrap/src/core/build_steps/test_split/crate_bootstrap.rs:45:9
   |
45 |         run_cargo_test(cargo, &[], &[], crate_name, crate_name, compiler, bootstrap_host, builder);
   |         ^^^^^^^^^^^^^^ not found in this scope
   |
note: function `crate::core::build_steps::test_split::run_cargo_test::run_cargo_test` exists but is inaccessible
  --> standalonex/src/bootstrap/src/core/build_steps/test_split/run_cargo_test.rs:5:1
   |
 5 | / fn run_cargo_test<'a>(
 6 | |     cargo: impl Into<BootstrapCommand>,
 7 | |     libtest_args: &[&str],
 8 | |     crates: &[String],
...  |
32 | |     add_flags_and_try_run_tests(builder, &mut cargo)
33 | | }
   | |_^ not accessible

error[E0405]: cannot find trait `Step` in this scope
 --> standalonex/src/bootstrap/src/core/build_steps/test_split/crate_build_helper.rs:6:6
  |
6 | impl Step for CrateBuildHelper {
  |      ^^^^ not found in this scope
  |
help: consider importing one of these traits
  |
1 + use crate::builder::Step;
  |
1 + use std::range::Step;
  |

error[E0412]: cannot find type `ShouldRun` in this scope
  --> standalonex/src/bootstrap/src/core/build_steps/test_split/crate_build_helper.rs:10:24
   |
10 |     fn should_run(run: ShouldRun<'_>) -> ShouldRun<'_> {
   |                        ^^^^^^^^^ not found in this scope
   |
help: consider importing this struct
   |
 1 + use crate::builder::ShouldRun;
   |

error[E0412]: cannot find type `ShouldRun` in this scope
  --> standalonex/src/bootstrap/src/core/build_steps/test_split/crate_build_helper.rs:10:42
   |
10 |     fn should_run(run: ShouldRun<'_>) -> ShouldRun<'_> {
   |                                          ^^^^^^^^^ not found in this scope
   |
help: consider importing this struct
   |
 1 + use crate::builder::ShouldRun;
   |

error[E0412]: cannot find type `RunConfig` in this scope
  --> standalonex/src/bootstrap/src/core/build_steps/test_split/crate_build_helper.rs:14:22
   |
14 |     fn make_run(run: RunConfig<'_>) {
   |                      ^^^^^^^^^ not found in this scope
   |
help: consider importing this struct
   |
 1 + use crate::builder::RunConfig;
   |

error[E0412]: cannot find type `Builder` in this scope
  --> standalonex/src/bootstrap/src/core/build_steps/test_split/crate_build_helper.rs:27:28
   |
27 |     fn run(self, builder: &Builder<'_>) {
   |                            ^^^^^^^ not found in this scope
   |
help: consider importing one of these structs
   |
 1 + use crate::Builder;
   |
 1 + use std::thread::Builder;
   |
 1 + use tar::Builder;
   |

error[E0433]: failed to resolve: use of unresolved module or unlinked crate `tool`
  --> standalonex/src/bootstrap/src/core/build_steps/test_split/crate_build_helper.rs:31:25
   |
31 |         let mut cargo = tool::prepare_tool_cargo(
   |                         ^^^^ use of unresolved module or unlinked crate `tool`
   |
help: a builtin type with a similar name exists
   |
31 -         let mut cargo = tool::prepare_tool_cargo(
31 +         let mut cargo = bool::prepare_tool_cargo(
   |
help: there is a crate or module with a similar name
   |
31 -         let mut cargo = tool::prepare_tool_cargo(
31 +         let mut cargo = toml::prepare_tool_cargo(
   |
help: consider importing this module through its public re-export
   |
 1 + use crate::tool;
   |

error[E0433]: failed to resolve: use of undeclared type `Mode`
  --> standalonex/src/bootstrap/src/core/build_steps/test_split/crate_build_helper.rs:34:13
   |
34 |             Mode::ToolBootstrap,
   |             ^^^^ use of undeclared type `Mode`
   |
help: consider importing one of these enums
   |
 1 + use crate::Mode;
   |
 1 + use xz2::stream::Mode;
   |

error[E0433]: failed to resolve: use of undeclared type `Kind`
  --> standalonex/src/bootstrap/src/core/build_steps/test_split/crate_build_helper.rs:36:13
   |
36 |             Kind::Test,
   |             ^^^^ use of undeclared type `Kind`
   |
help: consider importing this enum through its public re-export
   |
 1 + use crate::Kind;
   |

error[E0433]: failed to resolve: use of undeclared type `SourceType`
  --> standalonex/src/bootstrap/src/core/build_steps/test_split/crate_build_helper.rs:38:13
   |
38 |             SourceType::InTree,
   |             ^^^^^^^^^^ use of undeclared type `SourceType`
   |
help: consider importing this enum
   |
 1 + use crate::tool::SourceType;
   |

error[E0425]: cannot find function `run_cargo_test` in this scope
  --> standalonex/src/bootstrap/src/core/build_steps/test_split/crate_build_helper.rs:42:9
   |
42 |         run_cargo_test(
   |         ^^^^^^^^^^^^^^ not found in this scope
   |
note: function `crate::core::build_steps::test_split::run_cargo_test::run_cargo_test` exists but is inaccessible
  --> standalonex/src/bootstrap/src/core/build_steps/test_split/run_cargo_test.rs:5:1
   |
 5 | / fn run_cargo_test<'a>(
 6 | |     cargo: impl Into<BootstrapCommand>,
 7 | |     libtest_args: &[&str],
 8 | |     crates: &[String],
...  |
32 | |     add_flags_and_try_run_tests(builder, &mut cargo)
33 | | }
   | |_^ not accessible

error[E0412]: cannot find type `Compiler` in this scope
 --> standalonex/src/bootstrap/src/core/build_steps/test_split/crate_librustc.rs:3:15
  |
3 |     compiler: Compiler,
  |               ^^^^^^^^ not found in this scope
  |
help: consider importing this struct
  |
1 + use crate::Compiler;
  |

error[E0412]: cannot find type `TargetSelection` in this scope
 --> standalonex/src/bootstrap/src/core/build_steps/test_split/crate_librustc.rs:4:13
  |
4 |     target: TargetSelection,
  |             ^^^^^^^^^^^^^^^ not found in this scope
  |
help: consider importing one of these structs
  |
1 + use crate::TargetSelection;
  |
1 + use bootstrap_config_utils::target_selection::TargetSelection;
  |

error[E0405]: cannot find trait `Step` in this scope
 --> standalonex/src/bootstrap/src/core/build_steps/test_split/crate_librustc.rs:8:6
  |
8 | impl Step for CrateLibrustc {
  |      ^^^^ not found in this scope
  |
help: consider importing one of these traits
  |
1 + use crate::builder::Step;
  |
1 + use std::range::Step;
  |

error[E0412]: cannot find type `ShouldRun` in this scope
  --> standalonex/src/bootstrap/src/core/build_steps/test_split/crate_librustc.rs:13:24
   |
13 |     fn should_run(run: ShouldRun<'_>) -> ShouldRun<'_> {
   |                        ^^^^^^^^^ not found in this scope
   |
help: consider importing this struct
   |
 1 + use crate::builder::ShouldRun;
   |

error[E0412]: cannot find type `ShouldRun` in this scope
  --> standalonex/src/bootstrap/src/core/build_steps/test_split/crate_librustc.rs:13:42
   |
13 |     fn should_run(run: ShouldRun<'_>) -> ShouldRun<'_> {
   |                                          ^^^^^^^^^ not found in this scope
   |
help: consider importing this struct
   |
 1 + use crate::builder::ShouldRun;
   |

error[E0412]: cannot find type `RunConfig` in this scope
  --> standalonex/src/bootstrap/src/core/build_steps/test_split/crate_librustc.rs:17:22
   |
17 |     fn make_run(run: RunConfig<'_>) {
   |                      ^^^^^^^^^ not found in this scope
   |
help: consider importing this struct
   |
 1 + use crate::builder::RunConfig;
   |

error[E0433]: failed to resolve: use of undeclared type `Alias`
  --> standalonex/src/bootstrap/src/core/build_steps/test_split/crate_librustc.rs:21:42
   |
21 |         let crates = run.make_run_crates(Alias::Compiler);
   |                                          ^^^^^ use of undeclared type `Alias`
   |
help: consider importing this enum
   |
 1 + use crate::builder::Alias;
   |

error[E0412]: cannot find type `Builder` in this scope
  --> standalonex/src/bootstrap/src/core/build_steps/test_split/crate_librustc.rs:26:28
   |
26 |     fn run(self, builder: &Builder<'_>) {
   |                            ^^^^^^^ not found in this scope
   |
help: consider importing one of these structs
   |
 1 + use crate::Builder;
   |
 1 + use std::thread::Builder;
   |
 1 + use tar::Builder;
   |

error[E0433]: failed to resolve: use of unresolved module or unlinked crate `compile`
  --> standalonex/src/bootstrap/src/core/build_steps/test_split/crate_librustc.rs:27:24
   |
27 |         builder.ensure(compile::Std::new(self.compiler, self.target));
   |                        ^^^^^^^ use of unresolved module or unlinked crate `compile`
   |
   = help: if you wanted to use a crate named `compile`, use `cargo add compile` to add it to your `Cargo.toml`
help: consider importing one of these structs
   |
 1 + use crate::clean::Std;
   |
 1 + use crate::core::build_steps::compile_modules::std::Std;
   |
 1 + use crate::core::types::Std;
   |
 1 + use crate::dist::Std;
   |
   = and 2 other candidates
help: if you import `Std`, refer to it directly
   |
27 -         builder.ensure(compile::Std::new(self.compiler, self.target));
27 +         builder.ensure(Std::new(self.compiler, self.target));
   |

error[E0422]: cannot find struct, variant or union type `Crate` in this scope
  --> standalonex/src/bootstrap/src/core/build_steps/test_split/crate_librustc.rs:29:24
   |
29 |         builder.ensure(Crate {
   |                        ^^^^^ not found in this scope
   |
help: consider importing this struct
   |
 1 + use crate::Crate;
   |

error[E0433]: failed to resolve: use of undeclared type `Mode`
  --> standalonex/src/bootstrap/src/core/build_steps/test_split/crate_librustc.rs:32:19
   |
32 |             mode: Mode::Rustc,
   |                   ^^^^ use of undeclared type `Mode`
   |
help: consider importing one of these enums
   |
 1 + use crate::Mode;
   |
 1 + use xz2::stream::Mode;
   |

error[E0405]: cannot find trait `Step` in this scope
 --> standalonex/src/bootstrap/src/core/build_steps/test_split/crate_run_make_support.rs:6:6
  |
6 | impl Step for CrateRunMakeSupport {
  |      ^^^^ not found in this scope
  |
help: consider importing one of these traits
  |
1 + use crate::builder::Step;
  |
1 + use std::range::Step;
  |

error[E0412]: cannot find type `ShouldRun` in this scope
  --> standalonex/src/bootstrap/src/core/build_steps/test_split/crate_run_make_support.rs:10:24
   |
10 |     fn should_run(run: ShouldRun<'_>) -> ShouldRun<'_> {
   |                        ^^^^^^^^^ not found in this scope
   |
help: consider importing this struct
   |
 1 + use crate::builder::ShouldRun;
   |

error[E0412]: cannot find type `ShouldRun` in this scope
  --> standalonex/src/bootstrap/src/core/build_steps/test_split/crate_run_make_support.rs:10:42
   |
10 |     fn should_run(run: ShouldRun<'_>) -> ShouldRun<'_> {
   |                                          ^^^^^^^^^ not found in this scope
   |
help: consider importing this struct
   |
 1 + use crate::builder::ShouldRun;
   |

error[E0412]: cannot find type `RunConfig` in this scope
  --> standalonex/src/bootstrap/src/core/build_steps/test_split/crate_run_make_support.rs:14:22
   |
14 |     fn make_run(run: RunConfig<'_>) {
   |                      ^^^^^^^^^ not found in this scope
   |
help: consider importing this struct
   |
 1 + use crate::builder::RunConfig;
   |

error[E0412]: cannot find type `Builder` in this scope
  --> standalonex/src/bootstrap/src/core/build_steps/test_split/crate_run_make_support.rs:27:28
   |
27 |     fn run(self, builder: &Builder<'_>) {
   |                            ^^^^^^^ not found in this scope
   |
help: consider importing one of these structs
   |
 1 + use crate::Builder;
   |
 1 + use std::thread::Builder;
   |
 1 + use tar::Builder;
   |

error[E0433]: failed to resolve: use of unresolved module or unlinked crate `tool`
  --> standalonex/src/bootstrap/src/core/build_steps/test_split/crate_run_make_support.rs:31:25
   |
31 |         let mut cargo = tool::prepare_tool_cargo(
   |                         ^^^^ use of unresolved module or unlinked crate `tool`
   |
help: a builtin type with a similar name exists
   |
31 -         let mut cargo = tool::prepare_tool_cargo(
31 +         let mut cargo = bool::prepare_tool_cargo(
   |
help: there is a crate or module with a similar name
   |
31 -         let mut cargo = tool::prepare_tool_cargo(
31 +         let mut cargo = toml::prepare_tool_cargo(
   |
help: consider importing this module through its public re-export
   |
 1 + use crate::tool;
   |

error[E0433]: failed to resolve: use of undeclared type `Mode`
  --> standalonex/src/bootstrap/src/core/build_steps/test_split/crate_run_make_support.rs:34:13
   |
34 |             Mode::ToolBootstrap,
   |             ^^^^ use of undeclared type `Mode`
   |
help: consider importing one of these enums
   |
 1 + use crate::Mode;
   |
 1 + use xz2::stream::Mode;
   |

error[E0433]: failed to resolve: use of undeclared type `Kind`
  --> standalonex/src/bootstrap/src/core/build_steps/test_split/crate_run_make_support.rs:36:13
   |
36 |             Kind::Test,
   |             ^^^^ use of undeclared type `Kind`
   |
help: consider importing this enum through its public re-export
   |
 1 + use crate::Kind;
   |

error[E0433]: failed to resolve: use of undeclared type `SourceType`
  --> standalonex/src/bootstrap/src/core/build_steps/test_split/crate_run_make_support.rs:38:13
   |
38 |             SourceType::InTree,
   |             ^^^^^^^^^^ use of undeclared type `SourceType`
   |
help: consider importing this enum
   |
 1 + use crate::tool::SourceType;
   |

error[E0425]: cannot find function `run_cargo_test` in this scope
  --> standalonex/src/bootstrap/src/core/build_steps/test_split/crate_run_make_support.rs:42:9
   |
42 |         run_cargo_test(
   |         ^^^^^^^^^^^^^^ not found in this scope
   |
note: function `crate::core::build_steps::test_split::run_cargo_test::run_cargo_test` exists but is inaccessible
  --> standalonex/src/bootstrap/src/core/build_steps/test_split/run_cargo_test.rs:5:1
   |
 5 | / fn run_cargo_test<'a>(
 6 | |     cargo: impl Into<BootstrapCommand>,
 7 | |     libtest_args: &[&str],
 8 | |     crates: &[String],
...  |
32 | |     add_flags_and_try_run_tests(builder, &mut cargo)
33 | | }
   | |_^ not accessible

error[E0412]: cannot find type `TargetSelection` in this scope
 --> standalonex/src/bootstrap/src/core/build_steps/test_split/crate_rustdoc_json_types.rs:3:11
  |
3 |     host: TargetSelection,
  |           ^^^^^^^^^^^^^^^ not found in this scope
  |
help: consider importing one of these structs
  |
1 + use crate::TargetSelection;
  |
1 + use bootstrap_config_utils::target_selection::TargetSelection;
  |

error[E0405]: cannot find trait `Step` in this scope
 --> standalonex/src/bootstrap/src/core/build_steps/test_split/crate_rustdoc_json_types.rs:6:6
  |
6 | impl Step for CrateRustdocJsonTypes {
  |      ^^^^ not found in this scope
  |
help: consider importing one of these traits
  |
1 + use crate::builder::Step;
  |
1 + use std::range::Step;
  |

error[E0412]: cannot find type `ShouldRun` in this scope
  --> standalonex/src/bootstrap/src/core/build_steps/test_split/crate_rustdoc_json_types.rs:11:24
   |
11 |     fn should_run(run: ShouldRun<'_>) -> ShouldRun<'_> {
   |                        ^^^^^^^^^ not found in this scope
   |
help: consider importing this struct
   |
 1 + use crate::builder::ShouldRun;
   |

error[E0412]: cannot find type `ShouldRun` in this scope
  --> standalonex/src/bootstrap/src/core/build_steps/test_split/crate_rustdoc_json_types.rs:11:42
   |
11 |     fn should_run(run: ShouldRun<'_>) -> ShouldRun<'_> {
   |                                          ^^^^^^^^^ not found in this scope
   |
help: consider importing this struct
   |
 1 + use crate::builder::ShouldRun;
   |

error[E0412]: cannot find type `RunConfig` in this scope
  --> standalonex/src/bootstrap/src/core/build_steps/test_split/crate_rustdoc_json_types.rs:15:22
   |
15 |     fn make_run(run: RunConfig<'_>) {
   |                      ^^^^^^^^^ not found in this scope
   |
help: consider importing this struct
   |
 1 + use crate::builder::RunConfig;
   |

error[E0412]: cannot find type `Builder` in this scope
  --> standalonex/src/bootstrap/src/core/build_steps/test_split/crate_rustdoc_json_types.rs:21:28
   |
21 |     fn run(self, builder: &Builder<'_>) {
   |                            ^^^^^^^ not found in this scope
   |
help: consider importing one of these structs
   |
 1 + use crate::Builder;
   |
 1 + use std::thread::Builder;
   |
 1 + use tar::Builder;
   |

error[E0433]: failed to resolve: use of unresolved module or unlinked crate `compile`
  --> standalonex/src/bootstrap/src/core/build_steps/test_split/crate_rustdoc_json_types.rs:29:24
   |
29 |         builder.ensure(compile::Rustc::new(compiler, target));
   |                        ^^^^^^^ use of unresolved module or unlinked crate `compile`
   |
   = help: if you wanted to use a crate named `compile`, use `cargo add compile` to add it to your `Cargo.toml`
help: consider importing one of these structs
   |
 1 + use crate::clean::Rustc;
   |
 1 + use crate::core::build_steps::compile_modules::rustc::Rustc;
   |
 1 + use crate::core::types::Rustc;
   |
 1 + use crate::dist::Rustc;
   |
   = and 2 other candidates
help: if you import `Rustc`, refer to it directly
   |
29 -         builder.ensure(compile::Rustc::new(compiler, target));
29 +         builder.ensure(Rustc::new(compiler, target));
   |

error[E0433]: failed to resolve: use of unresolved module or unlinked crate `tool`
  --> standalonex/src/bootstrap/src/core/build_steps/test_split/crate_rustdoc_json_types.rs:31:21
   |
31 |         let cargo = tool::prepare_tool_cargo(
   |                     ^^^^ use of unresolved module or unlinked crate `tool`
   |
help: a builtin type with a similar name exists
   |
31 -         let cargo = tool::prepare_tool_cargo(
31 +         let cargo = bool::prepare_tool_cargo(
   |
help: there is a crate or module with a similar name
   |
31 -         let cargo = tool::prepare_tool_cargo(
31 +         let cargo = toml::prepare_tool_cargo(
   |
help: consider importing this module through its public re-export
   |
 1 + use crate::tool;
   |

error[E0433]: failed to resolve: use of undeclared type `Mode`
  --> standalonex/src/bootstrap/src/core/build_steps/test_split/crate_rustdoc_json_types.rs:34:13
   |
34 |             Mode::ToolRustc,
   |             ^^^^ use of undeclared type `Mode`
   |
help: consider importing one of these enums
   |
 1 + use crate::Mode;
   |
 1 + use xz2::stream::Mode;
   |

error[E0433]: failed to resolve: use of undeclared type `SourceType`
  --> standalonex/src/bootstrap/src/core/build_steps/test_split/crate_rustdoc_json_types.rs:38:13
   |
38 |             SourceType::InTree,
   |             ^^^^^^^^^^ use of undeclared type `SourceType`
   |
help: consider importing this enum
   |
 1 + use crate::tool::SourceType;
   |

error[E0425]: cannot find function `run_cargo_test` in this scope
  --> standalonex/src/bootstrap/src/core/build_steps/test_split/crate_rustdoc_json_types.rs:49:9
   |
49 |         run_cargo_test(
   |         ^^^^^^^^^^^^^^ not found in this scope
   |
note: function `crate::core::build_steps::test_split::run_cargo_test::run_cargo_test` exists but is inaccessible
  --> standalonex/src/bootstrap/src/core/build_steps/test_split/run_cargo_test.rs:5:1
   |
 5 | / fn run_cargo_test<'a>(
 6 | |     cargo: impl Into<BootstrapCommand>,
 7 | |     libtest_args: &[&str],
 8 | |     crates: &[String],
...  |
32 | |     add_flags_and_try_run_tests(builder, &mut cargo)
33 | | }
   | |_^ not accessible

error[E0412]: cannot find type `TargetSelection` in this scope
 --> standalonex/src/bootstrap/src/core/build_steps/test_split/crate_rustdoc.rs:3:11
  |
3 |     host: TargetSelection,
  |           ^^^^^^^^^^^^^^^ not found in this scope
  |
help: consider importing one of these structs
  |
1 + use crate::TargetSelection;
  |
1 + use bootstrap_config_utils::target_selection::TargetSelection;
  |

error[E0405]: cannot find trait `Step` in this scope
 --> standalonex/src/bootstrap/src/core/build_steps/test_split/crate_rustdoc.rs:6:6
  |
6 | impl Step for CrateRustdoc {
  |      ^^^^ not found in this scope
  |
help: consider importing one of these traits
  |
1 + use crate::builder::Step;
  |
1 + use std::range::Step;
  |

error[E0412]: cannot find type `ShouldRun` in this scope
  --> standalonex/src/bootstrap/src/core/build_steps/test_split/crate_rustdoc.rs:11:24
   |
11 |     fn should_run(run: ShouldRun<'_>) -> ShouldRun<'_> {
   |                        ^^^^^^^^^ not found in this scope
   |
help: consider importing this struct
   |
 1 + use crate::builder::ShouldRun;
   |

error[E0412]: cannot find type `ShouldRun` in this scope
  --> standalonex/src/bootstrap/src/core/build_steps/test_split/crate_rustdoc.rs:11:42
   |
11 |     fn should_run(run: ShouldRun<'_>) -> ShouldRun<'_> {
   |                                          ^^^^^^^^^ not found in this scope
   |
help: consider importing this struct
   |
 1 + use crate::builder::ShouldRun;
   |

error[E0412]: cannot find type `RunConfig` in this scope
  --> standalonex/src/bootstrap/src/core/build_steps/test_split/crate_rustdoc.rs:15:22
   |
15 |     fn make_run(run: RunConfig<'_>) {
   |                      ^^^^^^^^^ not found in this scope
   |
help: consider importing this struct
   |
 1 + use crate::builder::RunConfig;
   |

error[E0412]: cannot find type `Builder` in this scope
  --> standalonex/src/bootstrap/src/core/build_steps/test_split/crate_rustdoc.rs:21:28
   |
21 |     fn run(self, builder: &Builder<'_>) {
   |                            ^^^^^^^ not found in this scope
   |
help: consider importing one of these structs
   |
 1 + use crate::Builder;
   |
 1 + use std::thread::Builder;
   |
 1 + use tar::Builder;
   |

error[E0433]: failed to resolve: use of unresolved module or unlinked crate `compile`
  --> standalonex/src/bootstrap/src/core/build_steps/test_split/crate_rustdoc.rs:33:24
   |
33 |         builder.ensure(compile::Std::new(compiler, target));
   |                        ^^^^^^^ use of unresolved module or unlinked crate `compile`
   |
   = help: if you wanted to use a crate named `compile`, use `cargo add compile` to add it to your `Cargo.toml`
help: consider importing one of these structs
   |
 1 + use crate::clean::Std;
   |
 1 + use crate::core::build_steps::compile_modules::std::Std;
   |
 1 + use crate::core::types::Std;
   |
 1 + use crate::dist::Std;
   |
   = and 2 other candidates
help: if you import `Std`, refer to it directly
   |
33 -         builder.ensure(compile::Std::new(compiler, target));
33 +         builder.ensure(Std::new(compiler, target));
   |

error[E0433]: failed to resolve: use of unresolved module or unlinked crate `compile`
  --> standalonex/src/bootstrap/src/core/build_steps/test_split/crate_rustdoc.rs:34:24
   |
34 |         builder.ensure(compile::Rustc::new(compiler, target));
   |                        ^^^^^^^ use of unresolved module or unlinked crate `compile`
   |
   = help: if you wanted to use a crate named `compile`, use `cargo add compile` to add it to your `Cargo.toml`
help: consider importing one of these structs
   |
 1 + use crate::clean::Rustc;
   |
 1 + use crate::core::build_steps::compile_modules::rustc::Rustc;
   |
 1 + use crate::core::types::Rustc;
   |
 1 + use crate::dist::Rustc;
   |
   = and 2 other candidates
help: if you import `Rustc`, refer to it directly
   |
34 -         builder.ensure(compile::Rustc::new(compiler, target));
34 +         builder.ensure(Rustc::new(compiler, target));
   |

error[E0433]: failed to resolve: use of unresolved module or unlinked crate `tool`
  --> standalonex/src/bootstrap/src/core/build_steps/test_split/crate_rustdoc.rs:36:25
   |
36 |         let mut cargo = tool::prepare_tool_cargo(
   |                         ^^^^ use of unresolved module or unlinked crate `tool`
   |
help: a builtin type with a similar name exists
   |
36 -         let mut cargo = tool::prepare_tool_cargo(
36 +         let mut cargo = bool::prepare_tool_cargo(
   |
help: there is a crate or module with a similar name
   |
36 -         let mut cargo = tool::prepare_tool_cargo(
36 +         let mut cargo = toml::prepare_tool_cargo(
   |
help: consider importing this module through its public re-export
   |
 1 + use crate::tool;
   |

error[E0433]: failed to resolve: use of undeclared type `Mode`
  --> standalonex/src/bootstrap/src/core/build_steps/test_split/crate_rustdoc.rs:39:13
   |
39 |             Mode::ToolRustc,
   |             ^^^^ use of undeclared type `Mode`
   |
help: consider importing one of these enums
   |
 1 + use crate::Mode;
   |
 1 + use xz2::stream::Mode;
   |

error[E0433]: failed to resolve: use of undeclared type `SourceType`
  --> standalonex/src/bootstrap/src/core/build_steps/test_split/crate_rustdoc.rs:43:13
   |
43 |             SourceType::InTree,
   |             ^^^^^^^^^^ use of undeclared type `SourceType`
   |
help: consider importing this enum
   |
 1 + use crate::tool::SourceType;
   |

error[E0425]: cannot find function `dylib_path` in this scope
  --> standalonex/src/bootstrap/src/core/build_steps/test_split/crate_rustdoc.rs:55:30
   |
55 |         let mut dylib_path = dylib_path();
   |                              ^^^^^^^^^^ not found in this scope
   |
help: consider importing this function
   |
 1 + use crate::utils::shared_helpers::dylib_path;
   |

error[E0433]: failed to resolve: use of undeclared type `PathBuf`
  --> standalonex/src/bootstrap/src/core/build_steps/test_split/crate_rustdoc.rs:56:30
   |
56 |         dylib_path.insert(0, PathBuf::from(&*libdir));
   |                              ^^^^^^^ use of undeclared type `PathBuf`
   |
help: consider importing one of these structs
   |
 1 + use crate::PathBuf;
   |
 1 + use std::path::PathBuf;
   |

error[E0425]: cannot find function `dylib_path_var` in this scope
  --> standalonex/src/bootstrap/src/core/build_steps/test_split/crate_rustdoc.rs:57:19
   |
57 |         cargo.env(dylib_path_var(), env::join_paths(&dylib_path).unwrap());
   |                   ^^^^^^^^^^^^^^
   |
help: a local variable with a similar name exists
   |
57 -         cargo.env(dylib_path_var(), env::join_paths(&dylib_path).unwrap());
57 +         cargo.env(dylib_path(), env::join_paths(&dylib_path).unwrap());
   |
help: consider importing this function
   |
 1 + use crate::utils::shared_helpers::dylib_path_var;
   |

error[E0433]: failed to resolve: use of unresolved module or unlinked crate `env`
  --> standalonex/src/bootstrap/src/core/build_steps/test_split/crate_rustdoc.rs:57:37
   |
57 |         cargo.env(dylib_path_var(), env::join_paths(&dylib_path).unwrap());
   |                                     ^^^ use of unresolved module or unlinked crate `env`
   |
   = help: if you wanted to use a crate named `env`, use `cargo add env` to add it to your `Cargo.toml`
help: consider importing one of these modules
   |
 1 + use crate::env;
   |
 1 + use std::env;
   |

error[E0425]: cannot find function `run_cargo_test` in this scope
  --> standalonex/src/bootstrap/src/core/build_steps/test_split/crate_rustdoc.rs:59:9
   |
59 |         run_cargo_test(
   |         ^^^^^^^^^^^^^^ not found in this scope
   |
note: function `crate::core::build_steps::test_split::run_cargo_test::run_cargo_test` exists but is inaccessible
  --> standalonex/src/bootstrap/src/core/build_steps/test_split/run_cargo_test.rs:5:1
   |
 5 | / fn run_cargo_test<'a>(
 6 | |     cargo: impl Into<BootstrapCommand>,
 7 | |     libtest_args: &[&str],
 8 | |     crates: &[String],
...  |
32 | |     add_flags_and_try_run_tests(builder, &mut cargo)
33 | | }
   | |_^ not accessible

error[E0405]: cannot find trait `Step` in this scope
 --> standalonex/src/bootstrap/src/core/build_steps/test_split/distcheck.rs:4:6
  |
4 | impl Step for Distcheck {
  |      ^^^^ not found in this scope
  |
help: consider importing one of these traits
  |
1 + use crate::builder::Step;
  |
1 + use std::range::Step;
  |

error[E0412]: cannot find type `ShouldRun` in this scope
 --> standalonex/src/bootstrap/src/core/build_steps/test_split/distcheck.rs:7:24
  |
7 |     fn should_run(run: ShouldRun<'_>) -> ShouldRun<'_> {
  |                        ^^^^^^^^^ not found in this scope
  |
help: consider importing this struct
  |
1 + use crate::builder::ShouldRun;
  |

error[E0412]: cannot find type `ShouldRun` in this scope
 --> standalonex/src/bootstrap/src/core/build_steps/test_split/distcheck.rs:7:42
  |
7 |     fn should_run(run: ShouldRun<'_>) -> ShouldRun<'_> {
  |                                          ^^^^^^^^^ not found in this scope
  |
help: consider importing this struct
  |
1 + use crate::builder::ShouldRun;
  |

error[E0412]: cannot find type `RunConfig` in this scope
  --> standalonex/src/bootstrap/src/core/build_steps/test_split/distcheck.rs:11:22
   |
11 |     fn make_run(run: RunConfig<'_>) {
   |                      ^^^^^^^^^ not found in this scope
   |
help: consider importing this struct
   |
 1 + use crate::builder::RunConfig;
   |

error[E0412]: cannot find type `Builder` in this scope
  --> standalonex/src/bootstrap/src/core/build_steps/test_split/distcheck.rs:16:28
   |
16 |     fn run(self, builder: &Builder<'_>) {
   |                            ^^^^^^^ not found in this scope
   |
help: consider importing one of these structs
   |
 1 + use crate::Builder;
   |
 1 + use std::thread::Builder;
   |
 1 + use tar::Builder;
   |

error[E0433]: failed to resolve: use of unresolved module or unlinked crate `fs`
  --> standalonex/src/bootstrap/src/core/build_steps/test_split/distcheck.rs:19:17
   |
19 |         let _ = fs::remove_dir_all(&dir);
   |                 ^^ use of unresolved module or unlinked crate `fs`
   |
   = help: if you wanted to use a crate named `fs`, use `cargo add fs` to add it to your `Cargo.toml`
help: consider importing one of these modules
   |
 1 + use crate::fs;
   |
 1 + use std::fs;
   |

error[E0433]: failed to resolve: use of unresolved module or unlinked crate `dist`
  --> standalonex/src/bootstrap/src/core/build_steps/test_split/distcheck.rs:23:24
   |
23 |         builder.ensure(dist::PlainSourceTarball);
   |                        ^^^^ use of unresolved module or unlinked crate `dist`
   |
   = help: if you wanted to use a crate named `dist`, use `cargo add dist` to add it to your `Cargo.toml`
help: consider importing this module through its public re-export
   |
 1 + use crate::dist;
   |

error[E0433]: failed to resolve: use of unresolved module or unlinked crate `dist`
  --> standalonex/src/bootstrap/src/core/build_steps/test_split/distcheck.rs:24:24
   |
24 |         builder.ensure(dist::Src);
   |                        ^^^^ use of unresolved module or unlinked crate `dist`
   |
   = help: if you wanted to use a crate named `dist`, use `cargo add dist` to add it to your `Cargo.toml`
help: consider importing this module through its public re-export
   |
 1 + use crate::dist;
   |

error[E0425]: cannot find function `command` in this scope
  --> standalonex/src/bootstrap/src/core/build_steps/test_split/distcheck.rs:26:9
   |
26 |         command("tar")
   |         ^^^^^^^ not found in this scope
   |
help: consider importing this function through its public re-export
   |
 1 + use crate::command;
   |

error[E0433]: failed to resolve: use of unresolved module or unlinked crate `dist`
  --> standalonex/src/bootstrap/src/core/build_steps/test_split/distcheck.rs:28:33
   |
28 |             .arg(builder.ensure(dist::PlainSourceTarball).tarball())
   |                                 ^^^^ use of unresolved module or unlinked crate `dist`
   |
   = help: if you wanted to use a crate named `dist`, use `cargo add dist` to add it to your `Cargo.toml`
help: consider importing this module through its public re-export
   |
 1 + use crate::dist;
   |

error[E0425]: cannot find function `command` in this scope
  --> standalonex/src/bootstrap/src/core/build_steps/test_split/distcheck.rs:32:9
   |
32 |         command("./configure")
   |         ^^^^^^^ not found in this scope
   |
help: consider importing this function through its public re-export
   |
 1 + use crate::command;
   |

error[E0425]: cannot find function `command` in this scope
  --> standalonex/src/bootstrap/src/core/build_steps/test_split/distcheck.rs:37:9
   |
37 |         command(helpers::make(&builder.config.build.triple))
   |         ^^^^^^^ not found in this scope
   |
help: consider importing this function through its public re-export
   |
 1 + use crate::command;
   |

error[E0433]: failed to resolve: use of unresolved module or unlinked crate `helpers`
  --> standalonex/src/bootstrap/src/core/build_steps/test_split/distcheck.rs:37:17
   |
37 |         command(helpers::make(&builder.config.build.triple))
   |                 ^^^^^^^ use of unresolved module or unlinked crate `helpers`
   |
   = help: if you wanted to use a crate named `helpers`, use `cargo add helpers` to add it to your `Cargo.toml`
help: consider importing this module
   |
 1 + use crate::utils::helpers;
   |

error[E0433]: failed to resolve: use of unresolved module or unlinked crate `fs`
  --> standalonex/src/bootstrap/src/core/build_steps/test_split/distcheck.rs:45:17
   |
45 |         let _ = fs::remove_dir_all(&dir);
   |                 ^^ use of unresolved module or unlinked crate `fs`
   |
   = help: if you wanted to use a crate named `fs`, use `cargo add fs` to add it to your `Cargo.toml`
help: consider importing one of these modules
   |
 1 + use crate::fs;
   |
 1 + use std::fs;
   |

error[E0425]: cannot find function `command` in this scope
  --> standalonex/src/bootstrap/src/core/build_steps/test_split/distcheck.rs:48:9
   |
48 |         command("tar")
   |         ^^^^^^^ not found in this scope
   |
help: consider importing this function through its public re-export
   |
 1 + use crate::command;
   |

error[E0433]: failed to resolve: use of unresolved module or unlinked crate `dist`
  --> standalonex/src/bootstrap/src/core/build_steps/test_split/distcheck.rs:50:33
   |
50 |             .arg(builder.ensure(dist::Src).tarball())
   |                                 ^^^^ use of unresolved module or unlinked crate `dist`
   |
   = help: if you wanted to use a crate named `dist`, use `cargo add dist` to add it to your `Cargo.toml`
help: consider importing this module through its public re-export
   |
 1 + use crate::dist;
   |

error[E0425]: cannot find function `command` in this scope
  --> standalonex/src/bootstrap/src/core/build_steps/test_split/distcheck.rs:56:9
   |
56 |         command(&builder.initial_cargo)
   |         ^^^^^^^ not found in this scope
   |
help: consider importing this function through its public re-export
   |
 1 + use crate::command;
   |

error[E0405]: cannot find trait `Step` in this scope
 --> standalonex/src/bootstrap/src/core/build_steps/test_split/error_index.rs:6:6
  |
6 | impl Step for ErrorIndex {
  |      ^^^^ not found in this scope
  |
help: consider importing one of these traits
  |
1 + use crate::builder::Step;
  |
1 + use std::range::Step;
  |

error[E0412]: cannot find type `ShouldRun` in this scope
  --> standalonex/src/bootstrap/src/core/build_steps/test_split/error_index.rs:11:24
   |
11 |     fn should_run(run: ShouldRun<'_>) -> ShouldRun<'_> {
   |                        ^^^^^^^^^ not found in this scope
   |
help: consider importing this struct
   |
 1 + use crate::builder::ShouldRun;
   |

error[E0412]: cannot find type `ShouldRun` in this scope
  --> standalonex/src/bootstrap/src/core/build_steps/test_split/error_index.rs:11:42
   |
11 |     fn should_run(run: ShouldRun<'_>) -> ShouldRun<'_> {
   |                                          ^^^^^^^^^ not found in this scope
   |
help: consider importing this struct
   |
 1 + use crate::builder::ShouldRun;
   |

error[E0412]: cannot find type `RunConfig` in this scope
  --> standalonex/src/bootstrap/src/core/build_steps/test_split/error_index.rs:15:22
   |
15 |     fn make_run(run: RunConfig<'_>) {
   |                      ^^^^^^^^^ not found in this scope
   |
help: consider importing this struct
   |
 1 + use crate::builder::RunConfig;
   |

error[E0412]: cannot find type `Builder` in this scope
  --> standalonex/src/bootstrap/src/core/build_steps/test_split/error_index.rs:37:28
   |
37 |     fn run(self, builder: &Builder<'_>) {
   |                            ^^^^^^^ not found in this scope
   |
help: consider importing one of these structs
   |
 1 + use crate::Builder;
   |
 1 + use std::thread::Builder;
   |
 1 + use tar::Builder;
   |

error[E0425]: cannot find function `testdir` in this scope
  --> standalonex/src/bootstrap/src/core/build_steps/test_split/error_index.rs:40:19
   |
40 |         let dir = testdir(builder, compiler.host);
   |                   ^^^^^^^ not found in this scope
   |
note: function `crate::core::build_steps::test_split::testdir::testdir` exists but is inaccessible
  --> standalonex/src/bootstrap/src/core/build_steps/test_split/testdir.rs:1:1
   |
 1 | fn testdir(builder: &Builder<'_>, host: TargetSelection) -> PathBuf {
   | ^^^^^^^^^^^^^^^^^^^^^^^^^^^^^^^^^^^^^^^^^^^^^^^^^^^^^^^^^^^^^^^^^^^ not accessible

error[E0433]: failed to resolve: use of unresolved module or unlinked crate `tool`
  --> standalonex/src/bootstrap/src/core/build_steps/test_split/error_index.rs:44:24
   |
44 |         let mut tool = tool::ErrorIndex::command(builder);
   |                        ^^^^ use of unresolved module or unlinked crate `tool`
   |
help: there is a crate or module with a similar name
   |
44 -         let mut tool = tool::ErrorIndex::command(builder);
44 +         let mut tool = toml::ErrorIndex::command(builder);
   |
help: consider importing one of these structs
   |
 1 + use crate::core::build_steps::test_split::error_index::ErrorIndex;
   |
 1 + use crate::doc::ErrorIndex;
   |
 1 + use crate::tool::ErrorIndex;
   |
help: if you import `ErrorIndex`, refer to it directly
   |
44 -         let mut tool = tool::ErrorIndex::command(builder);
44 +         let mut tool = ErrorIndex::command(builder);
   |

error[E0433]: failed to resolve: use of undeclared type `Kind`
  --> standalonex/src/bootstrap/src/core/build_steps/test_split/error_index.rs:48:25
   |
48 |             builder.msg(Kind::Test, compiler.stage, "error-index", compiler.host, compiler.host);
   |                         ^^^^ use of undeclared type `Kind`
   |
help: consider importing this enum through its public re-export
   |
 1 + use crate::Kind;
   |

error[E0433]: failed to resolve: use of unresolved module or unlinked crate `helpers`
  --> standalonex/src/bootstrap/src/core/build_steps/test_split/error_index.rs:49:21
   |
49 |         let _time = helpers::timeit(builder);
   |                     ^^^^^^^ use of unresolved module or unlinked crate `helpers`
   |
   = help: if you wanted to use a crate named `helpers`, use `cargo add helpers` to add it to your `Cargo.toml`
help: consider importing this module
   |
 1 + use crate::utils::helpers;
   |

error[E0433]: failed to resolve: use of unresolved module or unlinked crate `compile`
  --> standalonex/src/bootstrap/src/core/build_steps/test_split/error_index.rs:54:24
   |
54 |         builder.ensure(compile::Std::new(compiler, compiler.host));
   |                        ^^^^^^^ use of unresolved module or unlinked crate `compile`
   |
   = help: if you wanted to use a crate named `compile`, use `cargo add compile` to add it to your `Cargo.toml`
help: consider importing one of these structs
   |
 1 + use crate::clean::Std;
   |
 1 + use crate::core::build_steps::compile_modules::std::Std;
   |
 1 + use crate::core::types::Std;
   |
 1 + use crate::dist::Std;
   |
   = and 2 other candidates
help: if you import `Std`, refer to it directly
   |
54 -         builder.ensure(compile::Std::new(compiler, compiler.host));
54 +         builder.ensure(Std::new(compiler, compiler.host));
   |

error[E0425]: cannot find function `markdown_test` in this scope
  --> standalonex/src/bootstrap/src/core/build_steps/test_split/error_index.rs:55:9
   |
55 |         markdown_test(builder, compiler, &output);
   |         ^^^^^^^^^^^^^ not found in this scope
   |
note: function `crate::core::build_steps::test_split::markdown_test::markdown_test` exists but is inaccessible
  --> standalonex/src/bootstrap/src/core/build_steps/test_split/markdown_test.rs:1:1
   |
 1 | fn markdown_test(builder: &Builder<'_>, compiler: Compiler, markdown: &Path) -> bool {
   | ^^^^^^^^^^^^^^^^^^^^^^^^^^^^^^^^^^^^^^^^^^^^^^^^^^^^^^^^^^^^^^^^^^^^^^^^^^^^^^^^^^^^ not accessible

error[E0412]: cannot find type `Builder` in this scope
 --> standalonex/src/bootstrap/src/core/build_steps/test_split/get_browser_ui_test_version_inner.rs:2:15
  |
2 |     builder: &Builder<'_>,
  |               ^^^^^^^ not found in this scope
  |
help: consider importing one of these structs
  |
1 + use crate::Builder;
  |
1 + use std::thread::Builder;
  |
1 + use tar::Builder;
  |

error[E0412]: cannot find type `Path` in this scope
 --> standalonex/src/bootstrap/src/core/build_steps/test_split/get_browser_ui_test_version_inner.rs:3:11
  |
3 |     npm: &Path,
  |           ^^^^ not found in this scope
  |
help: consider importing one of these structs
  |
1 + use crate::Path;
  |
1 + use std::path::Path;
  |

error[E0425]: cannot find function `command` in this scope
 --> standalonex/src/bootstrap/src/core/build_steps/test_split/get_browser_ui_test_version_inner.rs:6:23
  |
6 |     let mut command = command(npm);
  |                       ^^^^^^^ not found in this scope
  |
help: consider importing this function through its public re-export
  |
1 + use crate::command;
  |

error[E0412]: cannot find type `Builder` in this scope
 --> standalonex/src/bootstrap/src/core/build_steps/test_split/get_browser_ui_test_version.rs:1:42
  |
1 | fn get_browser_ui_test_version(builder: &Builder<'_>, npm: &Path) -> Option<String> {
  |                                          ^^^^^^^ not found in this scope
  |
help: consider importing one of these structs
  |
1 + use crate::Builder;
  |
1 + use std::thread::Builder;
  |
1 + use tar::Builder;
  |

error[E0412]: cannot find type `Path` in this scope
 --> standalonex/src/bootstrap/src/core/build_steps/test_split/get_browser_ui_test_version.rs:1:61
  |
1 | fn get_browser_ui_test_version(builder: &Builder<'_>, npm: &Path) -> Option<String> {
  |                                                             ^^^^ not found in this scope
  |
help: consider importing one of these structs
  |
1 + use crate::Path;
  |
1 + use std::path::Path;
  |

error[E0425]: cannot find function `get_browser_ui_test_version_inner` in this scope
  --> standalonex/src/bootstrap/src/core/build_steps/test_split/get_browser_ui_test_version.rs:2:5
   |
 2 |     get_browser_ui_test_version_inner(builder, npm, false)
   |     ^^^^^^^^^^^^^^^^^^^^^^^^^^^^^^^^^ not found in this scope
   |
note: function `crate::core::build_steps::test_split::get_browser_ui_test_version_inner::get_browser_ui_test_version_inner` exists but is inaccessible
  --> standalonex/src/bootstrap/src/core/build_steps/test_split/get_browser_ui_test_version_inner.rs:1:1
   |
 1 | / fn get_browser_ui_test_version_inner(
 2 | |     builder: &Builder<'_>,
 3 | |     npm: &Path,
 4 | |     global: bool,
...  |
15 | |         .map(|v| v.to_owned())
16 | | }
   | |_^ not accessible

error[E0425]: cannot find function `get_browser_ui_test_version_inner` in this scope
  --> standalonex/src/bootstrap/src/core/build_steps/test_split/get_browser_ui_test_version.rs:3:21
   |
 3 |         .or_else(|| get_browser_ui_test_version_inner(builder, npm, true))
   |                     ^^^^^^^^^^^^^^^^^^^^^^^^^^^^^^^^^ not found in this scope
   |
note: function `crate::core::build_steps::test_split::get_browser_ui_test_version_inner::get_browser_ui_test_version_inner` exists but is inaccessible
  --> standalonex/src/bootstrap/src/core/build_steps/test_split/get_browser_ui_test_version_inner.rs:1:1
   |
 1 | / fn get_browser_ui_test_version_inner(
 2 | |     builder: &Builder<'_>,
 3 | |     npm: &Path,
 4 | |     global: bool,
...  |
15 | |         .map(|v| v.to_owned())
16 | | }
   | |_^ not accessible

error[E0412]: cannot find type `TargetSelection` in this scope
 --> standalonex/src/bootstrap/src/core/build_steps/test_split/html_check.rs:3:13
  |
3 |     target: TargetSelection,
  |             ^^^^^^^^^^^^^^^ not found in this scope
  |
help: consider importing one of these structs
  |
1 + use crate::TargetSelection;
  |
1 + use bootstrap_config_utils::target_selection::TargetSelection;
  |

error[E0405]: cannot find trait `Step` in this scope
 --> standalonex/src/bootstrap/src/core/build_steps/test_split/html_check.rs:6:6
  |
6 | impl Step for HtmlCheck {
  |      ^^^^ not found in this scope
  |
help: consider importing one of these traits
  |
1 + use crate::builder::Step;
  |
1 + use std::range::Step;
  |

error[E0412]: cannot find type `ShouldRun` in this scope
  --> standalonex/src/bootstrap/src/core/build_steps/test_split/html_check.rs:11:24
   |
11 |     fn should_run(run: ShouldRun<'_>) -> ShouldRun<'_> {
   |                        ^^^^^^^^^ not found in this scope
   |
help: consider importing this struct
   |
 1 + use crate::builder::ShouldRun;
   |

error[E0412]: cannot find type `ShouldRun` in this scope
  --> standalonex/src/bootstrap/src/core/build_steps/test_split/html_check.rs:11:42
   |
11 |     fn should_run(run: ShouldRun<'_>) -> ShouldRun<'_> {
   |                                          ^^^^^^^^^ not found in this scope
   |
help: consider importing this struct
   |
 1 + use crate::builder::ShouldRun;
   |

error[E0425]: cannot find function `check_if_tidy_is_installed` in this scope
  --> standalonex/src/bootstrap/src/core/build_steps/test_split/html_check.rs:14:48
   |
14 |         run.lazy_default_condition(Box::new(|| check_if_tidy_is_installed(builder)))
   |                                                ^^^^^^^^^^^^^^^^^^^^^^^^^^ not found in this scope
   |
note: function `crate::core::build_steps::test_split::check_if_tidy_is_installed::check_if_tidy_is_installed` exists but is inaccessible
  --> standalonex/src/bootstrap/src/core/build_steps/test_split/check_if_tidy_is_installed.rs:1:1
   |
 1 | fn check_if_tidy_is_installed(builder: &Builder<'_>) -> bool {
   | ^^^^^^^^^^^^^^^^^^^^^^^^^^^^^^^^^^^^^^^^^^^^^^^^^^^^^^^^^^^^ not accessible

error[E0412]: cannot find type `RunConfig` in this scope
  --> standalonex/src/bootstrap/src/core/build_steps/test_split/html_check.rs:17:22
   |
17 |     fn make_run(run: RunConfig<'_>) {
   |                      ^^^^^^^^^ not found in this scope
   |
help: consider importing this struct
   |
 1 + use crate::builder::RunConfig;
   |

error[E0412]: cannot find type `Builder` in this scope
  --> standalonex/src/bootstrap/src/core/build_steps/test_split/html_check.rs:21:28
   |
21 |     fn run(self, builder: &Builder<'_>) {
   |                            ^^^^^^^ not found in this scope
   |
help: consider importing one of these structs
   |
 1 + use crate::Builder;
   |
 1 + use std::thread::Builder;
   |
 1 + use tar::Builder;
   |

error[E0425]: cannot find function `check_if_tidy_is_installed` in this scope
  --> standalonex/src/bootstrap/src/core/build_steps/test_split/html_check.rs:22:13
   |
22 |         if !check_if_tidy_is_installed(builder) {
   |             ^^^^^^^^^^^^^^^^^^^^^^^^^^ not found in this scope
   |
note: function `crate::core::build_steps::test_split::check_if_tidy_is_installed::check_if_tidy_is_installed` exists but is inaccessible
  --> standalonex/src/bootstrap/src/core/build_steps/test_split/check_if_tidy_is_installed.rs:1:1
   |
 1 | fn check_if_tidy_is_installed(builder: &Builder<'_>) -> bool {
   | ^^^^^^^^^^^^^^^^^^^^^^^^^^^^^^^^^^^^^^^^^^^^^^^^^^^^^^^^^^^^ not accessible

error[E0433]: failed to resolve: use of undeclared type `Tool`
  --> standalonex/src/bootstrap/src/core/build_steps/test_split/html_check.rs:38:23
   |
38 |             .tool_cmd(Tool::HtmlChecker)
   |                       ^^^^ use of undeclared type `Tool`
   |
help: a builtin type with a similar name exists
   |
38 -             .tool_cmd(Tool::HtmlChecker)
38 +             .tool_cmd(bool::HtmlChecker)
   |
help: consider importing one of these items
   |
 1 + use crate::tool::Tool;
   |
 1 + use cc::Tool;
   |

error[E0412]: cannot find type `TargetSelection` in this scope
 --> standalonex/src/bootstrap/src/core/build_steps/test_split/linkcheck.rs:3:11
  |
3 |     host: TargetSelection,
  |           ^^^^^^^^^^^^^^^ not found in this scope
  |
help: consider importing one of these structs
  |
1 + use crate::TargetSelection;
  |
1 + use bootstrap_config_utils::target_selection::TargetSelection;
  |

error[E0405]: cannot find trait `Step` in this scope
 --> standalonex/src/bootstrap/src/core/build_steps/test_split/linkcheck.rs:6:6
  |
6 | impl Step for Linkcheck {
  |      ^^^^ not found in this scope
  |
help: consider importing one of these traits
  |
1 + use crate::builder::Step;
  |
1 + use std::range::Step;
  |

error[E0412]: cannot find type `Builder` in this scope
  --> standalonex/src/bootstrap/src/core/build_steps/test_split/linkcheck.rs:15:28
   |
15 |     fn run(self, builder: &Builder<'_>) {
   |                            ^^^^^^^ not found in this scope
   |
help: consider importing one of these structs
   |
 1 + use crate::Builder;
   |
 1 + use std::thread::Builder;
   |
 1 + use tar::Builder;
   |

error[E0433]: failed to resolve: use of unresolved module or unlinked crate `tool`
  --> standalonex/src/bootstrap/src/core/build_steps/test_split/linkcheck.rs:36:21
   |
36 |         let cargo = tool::prepare_tool_cargo(
   |                     ^^^^ use of unresolved module or unlinked crate `tool`
   |
help: a builtin type with a similar name exists
   |
36 -         let cargo = tool::prepare_tool_cargo(
36 +         let cargo = bool::prepare_tool_cargo(
   |
help: there is a crate or module with a similar name
   |
36 -         let cargo = tool::prepare_tool_cargo(
36 +         let cargo = toml::prepare_tool_cargo(
   |
help: consider importing this module through its public re-export
   |
 1 + use crate::tool;
   |

error[E0433]: failed to resolve: use of undeclared type `Mode`
  --> standalonex/src/bootstrap/src/core/build_steps/test_split/linkcheck.rs:39:13
   |
39 |             Mode::ToolBootstrap,
   |             ^^^^ use of undeclared type `Mode`
   |
help: consider importing one of these enums
   |
 1 + use crate::Mode;
   |
 1 + use xz2::stream::Mode;
   |

error[E0433]: failed to resolve: use of undeclared type `Kind`
  --> standalonex/src/bootstrap/src/core/build_steps/test_split/linkcheck.rs:41:13
   |
41 |             Kind::Test,
   |             ^^^^ use of undeclared type `Kind`
   |
help: consider importing this enum through its public re-export
   |
 1 + use crate::Kind;
   |

error[E0433]: failed to resolve: use of undeclared type `SourceType`
  --> standalonex/src/bootstrap/src/core/build_steps/test_split/linkcheck.rs:43:13
   |
43 |             SourceType::InTree,
   |             ^^^^^^^^^^ use of undeclared type `SourceType`
   |
help: consider importing this enum
   |
 1 + use crate::tool::SourceType;
   |

error[E0425]: cannot find function `run_cargo_test` in this scope
  --> standalonex/src/bootstrap/src/core/build_steps/test_split/linkcheck.rs:46:9
   |
46 |         run_cargo_test(
   |         ^^^^^^^^^^^^^^ not found in this scope
   |
note: function `crate::core::build_steps::test_split::run_cargo_test::run_cargo_test` exists but is inaccessible
  --> standalonex/src/bootstrap/src/core/build_steps/test_split/run_cargo_test.rs:5:1
   |
 5 | / fn run_cargo_test<'a>(
 6 | |     cargo: impl Into<BootstrapCommand>,
 7 | |     libtest_args: &[&str],
 8 | |     crates: &[String],
...  |
32 | |     add_flags_and_try_run_tests(builder, &mut cargo)
33 | | }
   | |_^ not accessible

error[E0433]: failed to resolve: use of undeclared type `DocTests`
  --> standalonex/src/bootstrap/src/core/build_steps/test_split/linkcheck.rs:57:33
   |
57 |         if builder.doc_tests == DocTests::No {
   |                                 ^^^^^^^^ use of undeclared type `DocTests`
   |
help: consider importing this enum
   |
 1 + use crate::DocTests;
   |

error[E0433]: failed to resolve: use of undeclared type `Tool`
  --> standalonex/src/bootstrap/src/core/build_steps/test_split/linkcheck.rs:65:44
   |
65 |         let linkchecker = builder.tool_cmd(Tool::Linkchecker);
   |                                            ^^^^ use of undeclared type `Tool`
   |
help: a builtin type with a similar name exists
   |
65 -         let linkchecker = builder.tool_cmd(Tool::Linkchecker);
65 +         let linkchecker = builder.tool_cmd(bool::Linkchecker);
   |
help: consider importing one of these items
   |
 1 + use crate::tool::Tool;
   |
 1 + use cc::Tool;
   |

error[E0433]: failed to resolve: use of undeclared type `Kind`
  --> standalonex/src/bootstrap/src/core/build_steps/test_split/linkcheck.rs:69:25
   |
69 |             builder.msg(Kind::Test, compiler.stage, "Linkcheck", bootstrap_host, bootstrap_host);
   |                         ^^^^ use of undeclared type `Kind`
   |
help: consider importing this enum through its public re-export
   |
 1 + use crate::Kind;
   |

error[E0433]: failed to resolve: use of unresolved module or unlinked crate `helpers`
  --> standalonex/src/bootstrap/src/core/build_steps/test_split/linkcheck.rs:70:21
   |
70 |         let _time = helpers::timeit(builder);
   |                     ^^^^^^^ use of unresolved module or unlinked crate `helpers`
   |
   = help: if you wanted to use a crate named `helpers`, use `cargo add helpers` to add it to your `Cargo.toml`
help: consider importing this module
   |
 1 + use crate::utils::helpers;
   |

error[E0412]: cannot find type `ShouldRun` in this scope
  --> standalonex/src/bootstrap/src/core/build_steps/test_split/linkcheck.rs:74:24
   |
74 |     fn should_run(run: ShouldRun<'_>) -> ShouldRun<'_> {
   |                        ^^^^^^^^^ not found in this scope
   |
help: consider importing this struct
   |
 1 + use crate::builder::ShouldRun;
   |

error[E0412]: cannot find type `ShouldRun` in this scope
  --> standalonex/src/bootstrap/src/core/build_steps/test_split/linkcheck.rs:74:42
   |
74 |     fn should_run(run: ShouldRun<'_>) -> ShouldRun<'_> {
   |                                          ^^^^^^^^^ not found in this scope
   |
help: consider importing this struct
   |
 1 + use crate::builder::ShouldRun;
   |

error[E0412]: cannot find type `RunConfig` in this scope
  --> standalonex/src/bootstrap/src/core/build_steps/test_split/linkcheck.rs:80:22
   |
80 |     fn make_run(run: RunConfig<'_>) {
   |                      ^^^^^^^^^ not found in this scope
   |
help: consider importing this struct
   |
 1 + use crate::builder::RunConfig;
   |

error[E0405]: cannot find trait `Step` in this scope
 --> standalonex/src/bootstrap/src/core/build_steps/test_split/lint_docs.rs:6:6
  |
6 | impl Step for LintDocs {
  |      ^^^^ not found in this scope
  |
help: consider importing one of these traits
  |
1 + use crate::builder::Step;
  |
1 + use std::range::Step;
  |

error[E0412]: cannot find type `ShouldRun` in this scope
  --> standalonex/src/bootstrap/src/core/build_steps/test_split/lint_docs.rs:11:24
   |
11 |     fn should_run(run: ShouldRun<'_>) -> ShouldRun<'_> {
   |                        ^^^^^^^^^ not found in this scope
   |
help: consider importing this struct
   |
 1 + use crate::builder::ShouldRun;
   |

error[E0412]: cannot find type `ShouldRun` in this scope
  --> standalonex/src/bootstrap/src/core/build_steps/test_split/lint_docs.rs:11:42
   |
11 |     fn should_run(run: ShouldRun<'_>) -> ShouldRun<'_> {
   |                                          ^^^^^^^^^ not found in this scope
   |
help: consider importing this struct
   |
 1 + use crate::builder::ShouldRun;
   |

error[E0412]: cannot find type `RunConfig` in this scope
  --> standalonex/src/bootstrap/src/core/build_steps/test_split/lint_docs.rs:15:22
   |
15 |     fn make_run(run: RunConfig<'_>) {
   |                      ^^^^^^^^^ not found in this scope
   |
help: consider importing this struct
   |
 1 + use crate::builder::RunConfig;
   |

error[E0412]: cannot find type `Builder` in this scope
  --> standalonex/src/bootstrap/src/core/build_steps/test_split/lint_docs.rs:29:28
   |
29 |     fn run(self, builder: &Builder<'_>) {
   |                            ^^^^^^^ not found in this scope
   |
help: consider importing one of these structs
   |
 1 + use crate::Builder;
   |
 1 + use std::thread::Builder;
   |
 1 + use tar::Builder;
   |

error[E0412]: cannot find type `Builder` in this scope
 --> standalonex/src/bootstrap/src/core/build_steps/test_split/markdown_test.rs:1:28
  |
1 | fn markdown_test(builder: &Builder<'_>, compiler: Compiler, markdown: &Path) -> bool {
  |                            ^^^^^^^ not found in this scope
  |
help: consider importing one of these structs
  |
1 + use crate::Builder;
  |
1 + use std::thread::Builder;
  |
1 + use tar::Builder;
  |

error[E0412]: cannot find type `Compiler` in this scope
 --> standalonex/src/bootstrap/src/core/build_steps/test_split/markdown_test.rs:1:51
  |
1 | fn markdown_test(builder: &Builder<'_>, compiler: Compiler, markdown: &Path) -> bool {
  |                                                   ^^^^^^^^ not found in this scope
  |
help: consider importing this struct
  |
1 + use crate::Compiler;
  |

error[E0412]: cannot find type `Path` in this scope
 --> standalonex/src/bootstrap/src/core/build_steps/test_split/markdown_test.rs:1:72
  |
1 | fn markdown_test(builder: &Builder<'_>, compiler: Compiler, markdown: &Path) -> bool {
  |                                                                        ^^^^ not found in this scope
  |
help: consider importing one of these structs
  |
1 + use crate::Path;
  |
1 + use std::path::Path;
  |

error[E0433]: failed to resolve: use of unresolved module or unlinked crate `fs`
 --> standalonex/src/bootstrap/src/core/build_steps/test_split/markdown_test.rs:2:27
  |
2 |     if let Ok(contents) = fs::read_to_string(markdown) {
  |                           ^^ use of unresolved module or unlinked crate `fs`
  |
  = help: if you wanted to use a crate named `fs`, use `cargo add fs` to add it to your `Cargo.toml`
help: consider importing one of these modules
  |
1 + use crate::fs;
  |
1 + use std::fs;
  |

error[E0405]: cannot find trait `Step` in this scope
 --> standalonex/src/bootstrap/src/core/build_steps/test_split/mir_opt.rs:6:6
  |
6 | impl Step for MirOpt {
  |      ^^^^ not found in this scope
  |
help: consider importing one of these traits
  |
1 + use crate::builder::Step;
  |
1 + use std::range::Step;
  |

error[E0412]: cannot find type `ShouldRun` in this scope
  --> standalonex/src/bootstrap/src/core/build_steps/test_split/mir_opt.rs:11:24
   |
11 |     fn should_run(run: ShouldRun<'_>) -> ShouldRun<'_> {
   |                        ^^^^^^^^^ not found in this scope
   |
help: consider importing this struct
   |
 1 + use crate::builder::ShouldRun;
   |

error[E0412]: cannot find type `ShouldRun` in this scope
  --> standalonex/src/bootstrap/src/core/build_steps/test_split/mir_opt.rs:11:42
   |
11 |     fn should_run(run: ShouldRun<'_>) -> ShouldRun<'_> {
   |                                          ^^^^^^^^^ not found in this scope
   |
help: consider importing this struct
   |
 1 + use crate::builder::ShouldRun;
   |

error[E0412]: cannot find type `RunConfig` in this scope
  --> standalonex/src/bootstrap/src/core/build_steps/test_split/mir_opt.rs:15:22
   |
15 |     fn make_run(run: RunConfig<'_>) {
   |                      ^^^^^^^^^ not found in this scope
   |
help: consider importing this struct
   |
 1 + use crate::builder::RunConfig;
   |

error[E0412]: cannot find type `Builder` in this scope
  --> standalonex/src/bootstrap/src/core/build_steps/test_split/mir_opt.rs:27:28
   |
27 |     fn run(self, builder: &Builder<'_>) {
   |                            ^^^^^^^ not found in this scope
   |
help: consider importing one of these structs
   |
 1 + use crate::Builder;
   |
 1 + use std::thread::Builder;
   |
 1 + use tar::Builder;
   |

error[E0422]: cannot find struct, variant or union type `Compiletest` in this scope
  --> standalonex/src/bootstrap/src/core/build_steps/test_split/mir_opt.rs:29:28
   |
29 |             builder.ensure(Compiletest {
   |                            ^^^^^^^^^^^ not found in this scope
   |
note: struct `crate::core::build_steps::test_split::compiletest::Compiletest` exists but is inaccessible
  --> standalonex/src/bootstrap/src/core/build_steps/test_split/compiletest.rs:2:1
   |
 2 | struct Compiletest {
   | ^^^^^^^^^^^^^^^^^^ not accessible
help: consider importing one of these items
   |
 1 + use crate::clippy::Compiletest;
   |
 1 + use crate::doc::Compiletest;
   |
 1 + use crate::tool::Compiletest;
   |
 1 + use crate::tool::Tool::Compiletest;
   |
   = and 1 other candidate

error[E0433]: failed to resolve: use of undeclared type `TargetSelection`
  --> standalonex/src/bootstrap/src/core/build_steps/test_split/mir_opt.rs:50:21
   |
50 |                 run(TargetSelection::from_user(target));
   |                     ^^^^^^^^^^^^^^^ use of undeclared type `TargetSelection`
   |
help: consider importing one of these structs
   |
 1 + use crate::TargetSelection;
   |
 1 + use bootstrap_config_utils::target_selection::TargetSelection;
   |

error[E0433]: failed to resolve: use of undeclared type `TargetSelection`
  --> standalonex/src/bootstrap/src/core/build_steps/test_split/mir_opt.rs:54:30
   |
54 |                 let target = TargetSelection::from_user(target);
   |                              ^^^^^^^^^^^^^^^ use of undeclared type `TargetSelection`
   |
help: consider importing one of these structs
   |
 1 + use crate::TargetSelection;
   |
 1 + use bootstrap_config_utils::target_selection::TargetSelection;
   |

error[E0422]: cannot find struct, variant or union type `MirOptPanicAbortSyntheticTarget` in this scope
  --> standalonex/src/bootstrap/src/core/build_steps/test_split/mir_opt.rs:55:57
   |
55 |                 let panic_abort_target = builder.ensure(MirOptPanicAbortSyntheticTarget {
   |                                                         ^^^^^^^^^^^^^^^^^^^^^^^^^^^^^^^ not found in this scope
   |
help: consider importing this struct
   |
 1 + use crate::synthetic_targets::MirOptPanicAbortSyntheticTarget;
   |

error[E0412]: cannot find type `Builder` in this scope
 --> standalonex/src/bootstrap/src/core/build_steps/test_split/miri.rs:9:19
  |
9 |         builder: &Builder<'_>,
  |                   ^^^^^^^ not found in this scope
  |
help: consider importing one of these structs
  |
1 + use crate::Builder;
  |
1 + use std::thread::Builder;
  |
1 + use tar::Builder;
  |

error[E0412]: cannot find type `Compiler` in this scope
  --> standalonex/src/bootstrap/src/core/build_steps/test_split/miri.rs:10:19
   |
10 |         compiler: Compiler,
   |                   ^^^^^^^^ not found in this scope
   |
help: consider importing this struct
   |
 1 + use crate::Compiler;
   |

error[E0412]: cannot find type `TargetSelection` in this scope
  --> standalonex/src/bootstrap/src/core/build_steps/test_split/miri.rs:11:17
   |
11 |         target: TargetSelection,
   |                 ^^^^^^^^^^^^^^^ not found in this scope
   |
help: consider importing one of these structs
   |
 1 + use crate::TargetSelection;
   |
 1 + use bootstrap_config_utils::target_selection::TargetSelection;
   |

error[E0412]: cannot find type `PathBuf` in this scope
  --> standalonex/src/bootstrap/src/core/build_steps/test_split/miri.rs:12:10
   |
12 |     ) -> PathBuf {
   |          ^^^^^^^ not found in this scope
   |
help: consider importing one of these structs
   |
 1 + use crate::PathBuf;
   |
 1 + use std::path::PathBuf;
   |

error[E0433]: failed to resolve: use of unresolved module or unlinked crate `builder`
  --> standalonex/src/bootstrap/src/core/build_steps/test_split/miri.rs:14:25
   |
14 |         let mut cargo = builder::Cargo::new(
   |                         ^^^^^^^ use of unresolved module or unlinked crate `builder`
   |
   = help: if you wanted to use a crate named `builder`, use `cargo add builder` to add it to your `Cargo.toml`
help: consider importing one of these structs
   |
 1 + use crate::builder::Cargo;
   |
 1 + use crate::core::build_steps::test_split::cargo::Cargo;
   |
 1 + use crate::dist::Cargo;
   |
 1 + use crate::doc::Cargo;
   |
   = and 2 other candidates
help: if you import `Cargo`, refer to it directly
   |
14 -         let mut cargo = builder::Cargo::new(
14 +         let mut cargo = Cargo::new(
   |

error[E0433]: failed to resolve: use of undeclared type `Mode`
  --> standalonex/src/bootstrap/src/core/build_steps/test_split/miri.rs:17:13
   |
17 |             Mode::Std,
   |             ^^^^ use of undeclared type `Mode`
   |
help: consider importing one of these enums
   |
 1 + use crate::Mode;
   |
 1 + use xz2::stream::Mode;
   |

error[E0433]: failed to resolve: use of undeclared type `SourceType`
  --> standalonex/src/bootstrap/src/core/build_steps/test_split/miri.rs:18:13
   |
18 |             SourceType::Submodule,
   |             ^^^^^^^^^^ use of undeclared type `SourceType`
   |
help: consider importing this enum
   |
 1 + use crate::tool::SourceType;
   |

error[E0433]: failed to resolve: use of undeclared type `Kind`
  --> standalonex/src/bootstrap/src/core/build_steps/test_split/miri.rs:20:13
   |
20 |             Kind::MiriSetup,
   |             ^^^^ use of undeclared type `Kind`
   |
help: consider importing this enum through its public re-export
   |
 1 + use crate::Kind;
   |

error[E0433]: failed to resolve: use of undeclared type `BootstrapCommand`
  --> standalonex/src/bootstrap/src/core/build_steps/test_split/miri.rs:28:25
   |
28 |         let mut cargo = BootstrapCommand::from(cargo);
   |                         ^^^^^^^^^^^^^^^^ use of undeclared type `BootstrapCommand`
   |
help: consider importing this struct through its public re-export
   |
 1 + use crate::BootstrapCommand;
   |

error[E0433]: failed to resolve: use of undeclared type `Kind`
  --> standalonex/src/bootstrap/src/core/build_steps/test_split/miri.rs:30:25
   |
30 |             builder.msg(Kind::Build, compiler.stage, "miri sysroot", compiler.host, target);
   |                         ^^^^ use of undeclared type `Kind`
   |
help: consider importing this enum through its public re-export
   |
 1 + use crate::Kind;
   |

error[E0433]: failed to resolve: use of undeclared type `PathBuf`
  --> standalonex/src/bootstrap/src/core/build_steps/test_split/miri.rs:45:9
   |
45 |         PathBuf::from(sysroot)
   |         ^^^^^^^ use of undeclared type `PathBuf`
   |
help: consider importing one of these structs
   |
 1 + use crate::PathBuf;
   |
 1 + use std::path::PathBuf;
   |

error[E0405]: cannot find trait `Step` in this scope
  --> standalonex/src/bootstrap/src/core/build_steps/test_split/miri.rs:49:6
   |
49 | impl Step for Miri {
   |      ^^^^ not found in this scope
   |
help: consider importing one of these traits
   |
 1 + use crate::builder::Step;
   |
 1 + use std::range::Step;
   |

error[E0412]: cannot find type `ShouldRun` in this scope
  --> standalonex/src/bootstrap/src/core/build_steps/test_split/miri.rs:53:24
   |
53 |     fn should_run(run: ShouldRun<'_>) -> ShouldRun<'_> {
   |                        ^^^^^^^^^ not found in this scope
   |
help: consider importing this struct
   |
 1 + use crate::builder::ShouldRun;
   |

error[E0412]: cannot find type `ShouldRun` in this scope
  --> standalonex/src/bootstrap/src/core/build_steps/test_split/miri.rs:53:42
   |
53 |     fn should_run(run: ShouldRun<'_>) -> ShouldRun<'_> {
   |                                          ^^^^^^^^^ not found in this scope
   |
help: consider importing this struct
   |
 1 + use crate::builder::ShouldRun;
   |

error[E0412]: cannot find type `RunConfig` in this scope
  --> standalonex/src/bootstrap/src/core/build_steps/test_split/miri.rs:57:22
   |
57 |     fn make_run(run: RunConfig<'_>) {
   |                      ^^^^^^^^^ not found in this scope
   |
help: consider importing this struct
   |
 1 + use crate::builder::RunConfig;
   |

error[E0412]: cannot find type `Builder` in this scope
  --> standalonex/src/bootstrap/src/core/build_steps/test_split/miri.rs:70:28
   |
70 |     fn run(self, builder: &Builder<'_>) {
   |                            ^^^^^^^ not found in this scope
   |
help: consider importing one of these structs
   |
 1 + use crate::Builder;
   |
 1 + use std::thread::Builder;
   |
 1 + use tar::Builder;
   |

error[E0433]: failed to resolve: use of unresolved module or unlinked crate `tool`
  --> standalonex/src/bootstrap/src/core/build_steps/test_split/miri.rs:88:35
   |
88 |         let miri = builder.ensure(tool::Miri {
   |                                   ^^^^ use of unresolved module or unlinked crate `tool`
   |
help: a builtin type with a similar name exists
   |
88 -         let miri = builder.ensure(tool::Miri {
88 +         let miri = builder.ensure(bool::Miri {
   |
help: there is a crate or module with a similar name
   |
88 -         let miri = builder.ensure(tool::Miri {
88 +         let miri = builder.ensure(toml::Miri {
   |
help: consider importing this module through its public re-export
   |
 1 + use crate::tool;
   |

error[E0433]: failed to resolve: use of unresolved module or unlinked crate `tool`
  --> standalonex/src/bootstrap/src/core/build_steps/test_split/miri.rs:94:24
   |
94 |         builder.ensure(tool::CargoMiri {
   |                        ^^^^ use of unresolved module or unlinked crate `tool`
   |
help: a builtin type with a similar name exists
   |
94 -         builder.ensure(tool::CargoMiri {
94 +         builder.ensure(bool::CargoMiri {
   |
help: there is a crate or module with a similar name
   |
94 -         builder.ensure(tool::CargoMiri {
94 +         builder.ensure(toml::CargoMiri {
   |
help: consider importing this module through its public re-export
   |
 1 + use crate::tool;
   |

error[E0433]: failed to resolve: use of unresolved module or unlinked crate `compile`
   --> standalonex/src/bootstrap/src/core/build_steps/test_split/miri.rs:103:24
    |
103 |         builder.ensure(compile::Std::new(target_compiler, host));
    |                        ^^^^^^^ use of unresolved module or unlinked crate `compile`
    |
    = help: if you wanted to use a crate named `compile`, use `cargo add compile` to add it to your `Cargo.toml`
help: consider importing one of these structs
    |
  1 + use crate::clean::Std;
    |
  1 + use crate::core::build_steps::compile_modules::std::Std;
    |
  1 + use crate::core::types::Std;
    |
  1 + use crate::dist::Std;
    |
    = and 2 other candidates
help: if you import `Std`, refer to it directly
    |
103 -         builder.ensure(compile::Std::new(target_compiler, host));
103 +         builder.ensure(Std::new(target_compiler, host));
    |

error[E0433]: failed to resolve: use of undeclared type `Mode`
   --> standalonex/src/bootstrap/src/core/build_steps/test_split/miri.rs:109:68
    |
109 |             let ui_test_dep_dir = builder.stage_out(host_compiler, Mode::ToolStd).join("miri_ui");
    |                                                                    ^^^^ use of undeclared type `Mode`
    |
help: consider importing one of these enums
    |
  1 + use crate::Mode;
    |
  1 + use xz2::stream::Mode;
    |

error[E0433]: failed to resolve: use of unresolved module or unlinked crate `tool`
   --> standalonex/src/bootstrap/src/core/build_steps/test_split/miri.rs:118:25
    |
118 |         let mut cargo = tool::prepare_tool_cargo(
    |                         ^^^^ use of unresolved module or unlinked crate `tool`
    |
help: a builtin type with a similar name exists
    |
118 -         let mut cargo = tool::prepare_tool_cargo(
118 +         let mut cargo = bool::prepare_tool_cargo(
    |
help: there is a crate or module with a similar name
    |
118 -         let mut cargo = tool::prepare_tool_cargo(
118 +         let mut cargo = toml::prepare_tool_cargo(
    |
help: consider importing this module through its public re-export
    |
  1 + use crate::tool;
    |

error[E0433]: failed to resolve: use of undeclared type `Mode`
   --> standalonex/src/bootstrap/src/core/build_steps/test_split/miri.rs:121:13
    |
121 |             Mode::ToolRustc,
    |             ^^^^ use of undeclared type `Mode`
    |
help: consider importing one of these enums
    |
  1 + use crate::Mode;
    |
  1 + use xz2::stream::Mode;
    |

error[E0433]: failed to resolve: use of undeclared type `Kind`
   --> standalonex/src/bootstrap/src/core/build_steps/test_split/miri.rs:123:13
    |
123 |             Kind::Test,
    |             ^^^^ use of undeclared type `Kind`
    |
help: consider importing this enum through its public re-export
    |
  1 + use crate::Kind;
    |

error[E0433]: failed to resolve: use of undeclared type `SourceType`
   --> standalonex/src/bootstrap/src/core/build_steps/test_split/miri.rs:125:13
    |
125 |             SourceType::InTree,
    |             ^^^^^^^^^^ use of undeclared type `SourceType`
    |
help: consider importing this enum
    |
  1 + use crate::tool::SourceType;
    |

error[E0425]: cannot find function `prepare_cargo_test` in this scope
   --> standalonex/src/bootstrap/src/core/build_steps/test_split/miri.rs:133:25
    |
133 |         let mut cargo = prepare_cargo_test(cargo, &[], &[], "miri", host_compiler, host, builder);
    |                         ^^^^^^^^^^^^^^^^^^ not found in this scope
    |
note: function `crate::core::build_steps::test_split::prepare_cargo_test::prepare_cargo_test` exists but is inaccessible
   --> standalonex/src/bootstrap/src/core/build_steps/test_split/prepare_cargo_test.rs:2:1
    |
  2 | / fn prepare_cargo_test(
  3 | |     cargo: impl Into<BootstrapCommand>,
  4 | |     libtest_args: &[&str],
  5 | |     crates: &[String],
...   |
 75 | |     cargo
 76 | | }
    | |_^ not accessible

error[E0433]: failed to resolve: use of undeclared type `Kind`
   --> standalonex/src/bootstrap/src/core/build_steps/test_split/miri.rs:144:51
    |
144 |             let _guard = builder.msg_sysroot_tool(Kind::Test, stage, "miri", host, target);
    |                                                   ^^^^ use of undeclared type `Kind`
    |
help: consider importing this enum through its public re-export
    |
  1 + use crate::Kind;
    |

error[E0433]: failed to resolve: use of unresolved module or unlinked crate `helpers`
   --> standalonex/src/bootstrap/src/core/build_steps/test_split/miri.rs:145:25
    |
145 |             let _time = helpers::timeit(builder);
    |                         ^^^^^^^ use of unresolved module or unlinked crate `helpers`
    |
    = help: if you wanted to use a crate named `helpers`, use `cargo add helpers` to add it to your `Cargo.toml`
help: consider importing this module
    |
  1 + use crate::utils::helpers;
    |

error[E0433]: failed to resolve: use of undeclared type `Kind`
   --> standalonex/src/bootstrap/src/core/build_steps/test_split/miri.rs:161:21
    |
161 |                     Kind::Test,
    |                     ^^^^ use of undeclared type `Kind`
    |
help: consider importing this enum through its public re-export
    |
  1 + use crate::Kind;
    |

error[E0433]: failed to resolve: use of unresolved module or unlinked crate `helpers`
   --> standalonex/src/bootstrap/src/core/build_steps/test_split/miri.rs:167:29
    |
167 |                 let _time = helpers::timeit(builder);
    |                             ^^^^^^^ use of unresolved module or unlinked crate `helpers`
    |
    = help: if you wanted to use a crate named `helpers`, use `cargo add helpers` to add it to your `Cargo.toml`
help: consider importing this module
    |
  1 + use crate::utils::helpers;
    |

error[E0412]: cannot find type `Builder` in this scope
 --> standalonex/src/bootstrap/src/core/build_steps/test_split/path_for_cargo.rs:1:29
  |
1 | fn path_for_cargo(builder: &Builder<'_>, compiler: Compiler) -> OsString {
  |                             ^^^^^^^ not found in this scope
  |
help: consider importing one of these structs
  |
1 + use crate::Builder;
  |
1 + use std::thread::Builder;
  |
1 + use tar::Builder;
  |

error[E0412]: cannot find type `Compiler` in this scope
 --> standalonex/src/bootstrap/src/core/build_steps/test_split/path_for_cargo.rs:1:52
  |
1 | fn path_for_cargo(builder: &Builder<'_>, compiler: Compiler) -> OsString {
  |                                                    ^^^^^^^^ not found in this scope
  |
help: consider importing this struct
  |
1 + use crate::Compiler;
  |

error[E0412]: cannot find type `OsString` in this scope
 --> standalonex/src/bootstrap/src/core/build_steps/test_split/path_for_cargo.rs:1:65
  |
1 | fn path_for_cargo(builder: &Builder<'_>, compiler: Compiler) -> OsString {
  |                                                                 ^^^^^^^^
  |
 --> /rustc/57ef8d642d21965304bde849bab4f389b4353e27/library/alloc/src/string.rs:360:1
  |
  = note: similarly named struct `String` defined here
help: a struct with a similar name exists
  |
1 - fn path_for_cargo(builder: &Builder<'_>, compiler: Compiler) -> OsString {
1 + fn path_for_cargo(builder: &Builder<'_>, compiler: Compiler) -> String {
  |
help: consider importing this struct
  |
1 + use std::ffi::OsString;
  |

error[E0433]: failed to resolve: use of unresolved module or unlinked crate `env`
 --> standalonex/src/bootstrap/src/core/build_steps/test_split/path_for_cargo.rs:6:20
  |
6 |     let old_path = env::var_os("PATH").unwrap_or_default();
  |                    ^^^ use of unresolved module or unlinked crate `env`
  |
  = help: if you wanted to use a crate named `env`, use `cargo add env` to add it to your `Cargo.toml`
help: consider importing one of these modules
  |
1 + use crate::env;
  |
1 + use std::env;
  |

error[E0433]: failed to resolve: use of unresolved module or unlinked crate `env`
 --> standalonex/src/bootstrap/src/core/build_steps/test_split/path_for_cargo.rs:7:5
  |
7 |     env::join_paths(iter::once(path).chain(env::split_paths(&old_path))).expect("")
  |     ^^^ use of unresolved module or unlinked crate `env`
  |
  = help: if you wanted to use a crate named `env`, use `cargo add env` to add it to your `Cargo.toml`
help: consider importing one of these modules
  |
1 + use crate::env;
  |
1 + use std::env;
  |

error[E0433]: failed to resolve: use of unresolved module or unlinked crate `iter`
 --> standalonex/src/bootstrap/src/core/build_steps/test_split/path_for_cargo.rs:7:21
  |
7 |     env::join_paths(iter::once(path).chain(env::split_paths(&old_path))).expect("")
  |                     ^^^^ use of unresolved module or unlinked crate `iter`
  |
  = help: if you wanted to use a crate named `iter`, use `cargo add iter` to add it to your `Cargo.toml`
help: consider importing this module
  |
1 + use std::iter;
  |

error[E0433]: failed to resolve: use of unresolved module or unlinked crate `env`
 --> standalonex/src/bootstrap/src/core/build_steps/test_split/path_for_cargo.rs:7:44
  |
7 |     env::join_paths(iter::once(path).chain(env::split_paths(&old_path))).expect("")
  |                                            ^^^ use of unresolved module or unlinked crate `env`
  |
  = help: if you wanted to use a crate named `env`, use `cargo add env` to add it to your `Cargo.toml`
help: consider importing one of these modules
  |
1 + use crate::env;
  |
1 + use std::env;
  |

error[E0412]: cannot find type `BootstrapCommand` in this scope
 --> standalonex/src/bootstrap/src/core/build_steps/test_split/prepare_cargo_test.rs:3:22
  |
3 |     cargo: impl Into<BootstrapCommand>,
  |                      ^^^^^^^^^^^^^^^^ not found in this scope
  |
help: consider importing this struct through its public re-export
  |
1 + use crate::BootstrapCommand;
  |

error[E0412]: cannot find type `Compiler` in this scope
 --> standalonex/src/bootstrap/src/core/build_steps/test_split/prepare_cargo_test.rs:7:15
  |
7 |     compiler: Compiler,
  |               ^^^^^^^^ not found in this scope
  |
help: consider importing this struct
  |
1 + use crate::Compiler;
  |

error[E0412]: cannot find type `TargetSelection` in this scope
 --> standalonex/src/bootstrap/src/core/build_steps/test_split/prepare_cargo_test.rs:8:13
  |
8 |     target: TargetSelection,
  |             ^^^^^^^^^^^^^^^ not found in this scope
  |
help: consider importing one of these structs
  |
1 + use crate::TargetSelection;
  |
1 + use bootstrap_config_utils::target_selection::TargetSelection;
  |

error[E0412]: cannot find type `Builder` in this scope
 --> standalonex/src/bootstrap/src/core/build_steps/test_split/prepare_cargo_test.rs:9:15
  |
9 |     builder: &Builder<'_>,
  |               ^^^^^^^ not found in this scope
  |
help: consider importing one of these structs
  |
1 + use crate::Builder;
  |
1 + use std::thread::Builder;
  |
1 + use tar::Builder;
  |

error[E0412]: cannot find type `BootstrapCommand` in this scope
  --> standalonex/src/bootstrap/src/core/build_steps/test_split/prepare_cargo_test.rs:10:6
   |
10 | ) -> BootstrapCommand {
   |      ^^^^^^^^^^^^^^^^ not found in this scope
   |
help: consider importing this struct through its public re-export
   |
 1 + use crate::BootstrapCommand;
   |

error[E0433]: failed to resolve: use of undeclared type `Kind`
  --> standalonex/src/bootstrap/src/core/build_steps/test_split/prepare_cargo_test.rs:23:24
   |
23 |     if builder.kind == Kind::Test && !builder.fail_fast {
   |                        ^^^^ use of undeclared type `Kind`
   |
help: consider importing this enum through its public re-export
   |
 1 + use crate::Kind;
   |

error[E0433]: failed to resolve: use of undeclared type `DocTests`
  --> standalonex/src/bootstrap/src/core/build_steps/test_split/prepare_cargo_test.rs:27:9
   |
27 |         DocTests::Only => {
   |         ^^^^^^^^ use of undeclared type `DocTests`
   |
help: consider importing this enum
   |
 1 + use crate::DocTests;
   |

error[E0433]: failed to resolve: use of undeclared type `DocTests`
  --> standalonex/src/bootstrap/src/core/build_steps/test_split/prepare_cargo_test.rs:30:9
   |
30 |         DocTests::No => {
   |         ^^^^^^^^ use of undeclared type `DocTests`
   |
help: consider importing this enum
   |
 1 + use crate::DocTests;
   |

error[E0433]: failed to resolve: use of undeclared type `DocTests`
  --> standalonex/src/bootstrap/src/core/build_steps/test_split/prepare_cargo_test.rs:40:9
   |
40 |         DocTests::Yes => {}
   |         ^^^^^^^^ use of undeclared type `DocTests`
   |
help: consider importing this enum
   |
 1 + use crate::DocTests;
   |

error[E0433]: failed to resolve: use of undeclared type `Kind`
  --> standalonex/src/bootstrap/src/core/build_steps/test_split/prepare_cargo_test.rs:60:24
   |
60 |     if builder.kind != Kind::Miri {
   |                        ^^^^ use of undeclared type `Kind`
   |
help: consider importing this enum through its public re-export
   |
 1 + use crate::Kind;
   |

error[E0425]: cannot find function `dylib_path` in this scope
  --> standalonex/src/bootstrap/src/core/build_steps/test_split/prepare_cargo_test.rs:61:30
   |
61 |         let mut dylib_path = dylib_path();
   |                              ^^^^^^^^^^ not found in this scope
   |
help: consider importing this function
   |
 1 + use crate::utils::shared_helpers::dylib_path;
   |

error[E0433]: failed to resolve: use of undeclared type `PathBuf`
  --> standalonex/src/bootstrap/src/core/build_steps/test_split/prepare_cargo_test.rs:62:30
   |
62 |         dylib_path.insert(0, PathBuf::from(&*builder.sysroot_target_libdir(compiler, target)));
   |                              ^^^^^^^ use of undeclared type `PathBuf`
   |
help: consider importing one of these structs
   |
 1 + use crate::PathBuf;
   |
 1 + use std::path::PathBuf;
   |

error[E0425]: cannot find function `dylib_path_var` in this scope
  --> standalonex/src/bootstrap/src/core/build_steps/test_split/prepare_cargo_test.rs:63:19
   |
63 |         cargo.env(dylib_path_var(), env::join_paths(&dylib_path).unwrap());
   |                   ^^^^^^^^^^^^^^
   |
help: a local variable with a similar name exists
   |
63 -         cargo.env(dylib_path_var(), env::join_paths(&dylib_path).unwrap());
63 +         cargo.env(dylib_path(), env::join_paths(&dylib_path).unwrap());
   |
help: consider importing this function
   |
 1 + use crate::utils::shared_helpers::dylib_path_var;
   |

error[E0433]: failed to resolve: use of unresolved module or unlinked crate `env`
  --> standalonex/src/bootstrap/src/core/build_steps/test_split/prepare_cargo_test.rs:63:37
   |
63 |         cargo.env(dylib_path_var(), env::join_paths(&dylib_path).unwrap());
   |                                     ^^^ use of unresolved module or unlinked crate `env`
   |
   = help: if you wanted to use a crate named `env`, use `cargo add env` to add it to your `Cargo.toml`
help: consider importing one of these modules
   |
 1 + use crate::env;
   |
 1 + use std::env;
   |

error[E0425]: cannot find function `envify` in this scope
  --> standalonex/src/bootstrap/src/core/build_steps/test_split/prepare_cargo_test.rs:68:47
   |
68 |             format!("CARGO_TARGET_{}_RUNNER", envify(&target.triple)),
   |                                               ^^^^^^ not found in this scope
   |
help: consider importing this function
   |
 1 + use crate::envify;
   |

error[E0433]: failed to resolve: use of undeclared type `Tool`
  --> standalonex/src/bootstrap/src/core/build_steps/test_split/prepare_cargo_test.rs:69:50
   |
69 |             format!("{} run 0", builder.tool_exe(Tool::RemoteTestClient).display()),
   |                                                  ^^^^ use of undeclared type `Tool`
   |
help: a builtin type with a similar name exists
   |
69 -             format!("{} run 0", builder.tool_exe(Tool::RemoteTestClient).display()),
69 +             format!("{} run 0", builder.tool_exe(bool::RemoteTestClient).display()),
   |
help: consider importing one of these items
   |
 1 + use crate::tool::Tool;
   |
 1 + use cc::Tool;
   |

error[E0425]: cannot find function `envify` in this scope
  --> standalonex/src/bootstrap/src/core/build_steps/test_split/prepare_cargo_test.rs:72:53
   |
72 |         cargo.env(format!("CARGO_TARGET_{}_RUNNER", envify(&target.triple)), tool);
   |                                                     ^^^^^^ not found in this scope
   |
help: consider importing this function
   |
 1 + use crate::envify;
   |

error[E0412]: cannot find type `Compiler` in this scope
 --> standalonex/src/bootstrap/src/core/build_steps/test_split/remote_copy_libs.rs:4:15
  |
4 |     compiler: Compiler,
  |               ^^^^^^^^ not found in this scope
  |
help: consider importing this struct
  |
1 + use crate::Compiler;
  |

error[E0412]: cannot find type `TargetSelection` in this scope
 --> standalonex/src/bootstrap/src/core/build_steps/test_split/remote_copy_libs.rs:5:13
  |
5 |     target: TargetSelection,
  |             ^^^^^^^^^^^^^^^ not found in this scope
  |
help: consider importing one of these structs
  |
1 + use crate::TargetSelection;
  |
1 + use bootstrap_config_utils::target_selection::TargetSelection;
  |

error[E0405]: cannot find trait `Step` in this scope
 --> standalonex/src/bootstrap/src/core/build_steps/test_split/remote_copy_libs.rs:8:6
  |
8 | impl Step for RemoteCopyLibs {
  |      ^^^^ not found in this scope
  |
help: consider importing one of these traits
  |
1 + use crate::builder::Step;
  |
1 + use std::range::Step;
  |

error[E0412]: cannot find type `ShouldRun` in this scope
  --> standalonex/src/bootstrap/src/core/build_steps/test_split/remote_copy_libs.rs:11:24
   |
11 |     fn should_run(run: ShouldRun<'_>) -> ShouldRun<'_> {
   |                        ^^^^^^^^^ not found in this scope
   |
help: consider importing this struct
   |
 1 + use crate::builder::ShouldRun;
   |

error[E0412]: cannot find type `ShouldRun` in this scope
  --> standalonex/src/bootstrap/src/core/build_steps/test_split/remote_copy_libs.rs:11:42
   |
11 |     fn should_run(run: ShouldRun<'_>) -> ShouldRun<'_> {
   |                                          ^^^^^^^^^ not found in this scope
   |
help: consider importing this struct
   |
 1 + use crate::builder::ShouldRun;
   |

error[E0412]: cannot find type `Builder` in this scope
  --> standalonex/src/bootstrap/src/core/build_steps/test_split/remote_copy_libs.rs:15:28
   |
15 |     fn run(self, builder: &Builder<'_>) {
   |                            ^^^^^^^ not found in this scope
   |
help: consider importing one of these structs
   |
 1 + use crate::Builder;
   |
 1 + use std::thread::Builder;
   |
 1 + use tar::Builder;
   |

error[E0433]: failed to resolve: use of unresolved module or unlinked crate `compile`
  --> standalonex/src/bootstrap/src/core/build_steps/test_split/remote_copy_libs.rs:22:24
   |
22 |         builder.ensure(compile::Std::new(compiler, target));
   |                        ^^^^^^^ use of unresolved module or unlinked crate `compile`
   |
   = help: if you wanted to use a crate named `compile`, use `cargo add compile` to add it to your `Cargo.toml`
help: consider importing one of these structs
   |
 1 + use crate::clean::Std;
   |
 1 + use crate::core::build_steps::compile_modules::std::Std;
   |
 1 + use crate::core::types::Std;
   |
 1 + use crate::dist::Std;
   |
   = and 2 other candidates
help: if you import `Std`, refer to it directly
   |
22 -         builder.ensure(compile::Std::new(compiler, target));
22 +         builder.ensure(Std::new(compiler, target));
   |

error[E0433]: failed to resolve: use of unresolved module or unlinked crate `tool`
  --> standalonex/src/bootstrap/src/core/build_steps/test_split/remote_copy_libs.rs:26:37
   |
26 |         let server = builder.ensure(tool::RemoteTestServer { compiler, target });
   |                                     ^^^^ use of unresolved module or unlinked crate `tool`
   |
help: a builtin type with a similar name exists
   |
26 -         let server = builder.ensure(tool::RemoteTestServer { compiler, target });
26 +         let server = builder.ensure(bool::RemoteTestServer { compiler, target });
   |
help: there is a crate or module with a similar name
   |
26 -         let server = builder.ensure(tool::RemoteTestServer { compiler, target });
26 +         let server = builder.ensure(toml::RemoteTestServer { compiler, target });
   |
help: consider importing this module through its public re-export
   |
 1 + use crate::tool;
   |

error[E0433]: failed to resolve: use of undeclared type `Tool`
  --> standalonex/src/bootstrap/src/core/build_steps/test_split/remote_copy_libs.rs:29:37
   |
29 |         let tool = builder.tool_exe(Tool::RemoteTestClient);
   |                                     ^^^^ use of undeclared type `Tool`
   |
help: a builtin type with a similar name exists
   |
29 -         let tool = builder.tool_exe(Tool::RemoteTestClient);
29 +         let tool = builder.tool_exe(bool::RemoteTestClient);
   |
help: consider importing one of these items
   |
 1 + use crate::tool::Tool;
   |
 1 + use cc::Tool;
   |

error[E0425]: cannot find function `command` in this scope
  --> standalonex/src/bootstrap/src/core/build_steps/test_split/remote_copy_libs.rs:30:23
   |
30 |         let mut cmd = command(&tool);
   |                       ^^^^^^^ not found in this scope
   |
help: consider importing this function through its public re-export
   |
 1 + use crate::command;
   |

error[E0433]: failed to resolve: use of unresolved module or unlinked crate `helpers`
  --> standalonex/src/bootstrap/src/core/build_steps/test_split/remote_copy_libs.rs:40:16
   |
40 |             if helpers::is_dylib(&f.path()) {
   |                ^^^^^^^ use of unresolved module or unlinked crate `helpers`
   |
   = help: if you wanted to use a crate named `helpers`, use `cargo add helpers` to add it to your `Cargo.toml`
help: consider importing this module
   |
 1 + use crate::utils::helpers;
   |

error[E0425]: cannot find function `command` in this scope
  --> standalonex/src/bootstrap/src/core/build_steps/test_split/remote_copy_libs.rs:41:17
   |
41 |                 command(&tool).arg("push").arg(f.path()).run(builder);
   |                 ^^^^^^^ not found in this scope
   |
help: consider importing this function through its public re-export
   |
 1 + use crate::command;
   |

error[E0412]: cannot find type `BootstrapCommand` in this scope
 --> standalonex/src/bootstrap/src/core/build_steps/test_split/run_cargo_test.rs:6:22
  |
6 |     cargo: impl Into<BootstrapCommand>,
  |                      ^^^^^^^^^^^^^^^^ not found in this scope
  |
help: consider importing this struct through its public re-export
  |
1 + use crate::BootstrapCommand;
  |

error[E0412]: cannot find type `Compiler` in this scope
  --> standalonex/src/bootstrap/src/core/build_steps/test_split/run_cargo_test.rs:11:15
   |
11 |     compiler: Compiler,
   |               ^^^^^^^^ not found in this scope
   |
help: consider importing this struct
   |
 1 + use crate::Compiler;
   |

error[E0412]: cannot find type `TargetSelection` in this scope
  --> standalonex/src/bootstrap/src/core/build_steps/test_split/run_cargo_test.rs:12:13
   |
12 |     target: TargetSelection,
   |             ^^^^^^^^^^^^^^^ not found in this scope
   |
help: consider importing one of these structs
   |
 1 + use crate::TargetSelection;
   |
 1 + use bootstrap_config_utils::target_selection::TargetSelection;
   |

error[E0412]: cannot find type `Builder` in this scope
  --> standalonex/src/bootstrap/src/core/build_steps/test_split/run_cargo_test.rs:13:15
   |
13 |     builder: &Builder<'_>,
   |               ^^^^^^^ not found in this scope
   |
help: consider importing one of these structs
   |
 1 + use crate::Builder;
   |
 1 + use std::thread::Builder;
   |
 1 + use tar::Builder;
   |

error[E0425]: cannot find function `prepare_cargo_test` in this scope
  --> standalonex/src/bootstrap/src/core/build_steps/test_split/run_cargo_test.rs:16:9
   |
16 |         prepare_cargo_test(cargo, libtest_args, crates, primary_crate, compiler, target, builder);
   |         ^^^^^^^^^^^^^^^^^^ not found in this scope
   |
note: function `crate::core::build_steps::test_split::prepare_cargo_test::prepare_cargo_test` exists but is inaccessible
  --> standalonex/src/bootstrap/src/core/build_steps/test_split/prepare_cargo_test.rs:2:1
   |
 2 | / fn prepare_cargo_test(
 3 | |     cargo: impl Into<BootstrapCommand>,
 4 | |     libtest_args: &[&str],
 5 | |     crates: &[String],
...  |
75 | |     cargo
76 | | }
   | |_^ not accessible

error[E0433]: failed to resolve: use of unresolved module or unlinked crate `helpers`
  --> standalonex/src/bootstrap/src/core/build_steps/test_split/run_cargo_test.rs:17:17
   |
17 |     let _time = helpers::timeit(builder);
   |                 ^^^^^^^ use of unresolved module or unlinked crate `helpers`
   |
   = help: if you wanted to use a crate named `helpers`, use `cargo add helpers` to add it to your `Cargo.toml`
help: consider importing this module
   |
 1 + use crate::utils::helpers;
   |

error[E0433]: failed to resolve: use of undeclared type `Kind`
  --> standalonex/src/bootstrap/src/core/build_steps/test_split/run_cargo_test.rs:19:34
   |
19 |         builder.msg_sysroot_tool(Kind::Test, compiler.stage, what, compiler.host, target)
   |                                  ^^^^ use of undeclared type `Kind`
   |
help: consider importing this enum through its public re-export
   |
 1 + use crate::Kind;
   |

error[E0425]: cannot find function `add_flags_and_try_run_tests` in this scope
  --> standalonex/src/bootstrap/src/core/build_steps/test_split/run_cargo_test.rs:32:5
   |
32 |     add_flags_and_try_run_tests(builder, &mut cargo)
   |     ^^^^^^^^^^^^^^^^^^^^^^^^^^^ not found in this scope
   |
help: consider importing this function
   |
 1 + use crate::utils::render_tests::add_flags_and_try_run_tests;
   |

error[E0405]: cannot find trait `Step` in this scope
 --> standalonex/src/bootstrap/src/core/build_steps/test_split/run_make_support.rs:6:6
  |
6 | impl Step for RunMakeSupport {
  |      ^^^^ not found in this scope
  |
help: consider importing one of these traits
  |
1 + use crate::builder::Step;
  |
1 + use std::range::Step;
  |

error[E0412]: cannot find type `PathBuf` in this scope
 --> standalonex/src/bootstrap/src/core/build_steps/test_split/run_make_support.rs:7:19
  |
7 |     type Output = PathBuf;
  |                   ^^^^^^^ not found in this scope
  |
help: consider importing one of these structs
  |
1 + use crate::PathBuf;
  |
1 + use std::path::PathBuf;
  |

error[E0412]: cannot find type `ShouldRun` in this scope
  --> standalonex/src/bootstrap/src/core/build_steps/test_split/run_make_support.rs:10:24
   |
10 |     fn should_run(run: ShouldRun<'_>) -> ShouldRun<'_> {
   |                        ^^^^^^^^^ not found in this scope
   |
help: consider importing this struct
   |
 1 + use crate::builder::ShouldRun;
   |

error[E0412]: cannot find type `ShouldRun` in this scope
  --> standalonex/src/bootstrap/src/core/build_steps/test_split/run_make_support.rs:10:42
   |
10 |     fn should_run(run: ShouldRun<'_>) -> ShouldRun<'_> {
   |                                          ^^^^^^^^^ not found in this scope
   |
help: consider importing this struct
   |
 1 + use crate::builder::ShouldRun;
   |

error[E0412]: cannot find type `RunConfig` in this scope
  --> standalonex/src/bootstrap/src/core/build_steps/test_split/run_make_support.rs:14:22
   |
14 |     fn make_run(run: RunConfig<'_>) {
   |                      ^^^^^^^^^ not found in this scope
   |
help: consider importing this struct
   |
 1 + use crate::builder::RunConfig;
   |

error[E0412]: cannot find type `Builder` in this scope
  --> standalonex/src/bootstrap/src/core/build_steps/test_split/run_make_support.rs:27:28
   |
27 |     fn run(self, builder: &Builder<'_>) -> PathBuf {
   |                            ^^^^^^^ not found in this scope
   |
help: consider importing one of these structs
   |
 1 + use crate::Builder;
   |
 1 + use std::thread::Builder;
   |
 1 + use tar::Builder;
   |

error[E0412]: cannot find type `PathBuf` in this scope
  --> standalonex/src/bootstrap/src/core/build_steps/test_split/run_make_support.rs:27:44
   |
27 |     fn run(self, builder: &Builder<'_>) -> PathBuf {
   |                                            ^^^^^^^ not found in this scope
   |
help: consider importing one of these structs
   |
 1 + use crate::PathBuf;
   |
 1 + use std::path::PathBuf;
   |

error[E0433]: failed to resolve: use of unresolved module or unlinked crate `compile`
  --> standalonex/src/bootstrap/src/core/build_steps/test_split/run_make_support.rs:28:24
   |
28 |         builder.ensure(compile::Std::new(self.common.compiler, self.common.target));
   |                        ^^^^^^^ use of unresolved module or unlinked crate `compile`
   |
   = help: if you wanted to use a crate named `compile`, use `cargo add compile` to add it to your `Cargo.toml`
help: consider importing one of these structs
   |
 1 + use crate::clean::Std;
   |
 1 + use crate::core::build_steps::compile_modules::std::Std;
   |
 1 + use crate::core::types::Std;
   |
 1 + use crate::dist::Std;
   |
   = and 2 other candidates
help: if you import `Std`, refer to it directly
   |
28 -         builder.ensure(compile::Std::new(self.common.compiler, self.common.target));
28 +         builder.ensure(Std::new(self.common.compiler, self.common.target));
   |

error[E0433]: failed to resolve: use of unresolved module or unlinked crate `tool`
  --> standalonex/src/bootstrap/src/core/build_steps/test_split/run_make_support.rs:30:21
   |
30 |         let cargo = tool::prepare_tool_cargo(
   |                     ^^^^ use of unresolved module or unlinked crate `tool`
   |
help: a builtin type with a similar name exists
   |
30 -         let cargo = tool::prepare_tool_cargo(
30 +         let cargo = bool::prepare_tool_cargo(
   |
help: there is a crate or module with a similar name
   |
30 -         let cargo = tool::prepare_tool_cargo(
30 +         let cargo = toml::prepare_tool_cargo(
   |
help: consider importing this module through its public re-export
   |
 1 + use crate::tool;
   |

error[E0433]: failed to resolve: use of undeclared type `Mode`
  --> standalonex/src/bootstrap/src/core/build_steps/test_split/run_make_support.rs:33:13
   |
33 |             Mode::ToolStd,
   |             ^^^^ use of undeclared type `Mode`
   |
help: consider importing one of these enums
   |
 1 + use crate::Mode;
   |
 1 + use xz2::stream::Mode;
   |

error[E0433]: failed to resolve: use of undeclared type `Kind`
  --> standalonex/src/bootstrap/src/core/build_steps/test_split/run_make_support.rs:35:13
   |
35 |             Kind::Build,
   |             ^^^^ use of undeclared type `Kind`
   |
help: consider importing this enum through its public re-export
   |
 1 + use crate::Kind;
   |

error[E0433]: failed to resolve: use of undeclared type `SourceType`
  --> standalonex/src/bootstrap/src/core/build_steps/test_split/run_make_support.rs:37:13
   |
37 |             SourceType::InTree,
   |             ^^^^^^^^^^ use of undeclared type `SourceType`
   |
help: consider importing this enum
   |
 1 + use crate::tool::SourceType;
   |

error[E0433]: failed to resolve: use of undeclared type `Mode`
  --> standalonex/src/bootstrap/src/core/build_steps/test_split/run_make_support.rs:46:65
   |
46 |         let cargo_out = builder.cargo_out(self.common.compiler, Mode::ToolStd, self.common.target).join(lib_name);
   |                                                                 ^^^^ use of undeclared type `Mode`
   |
help: consider importing one of these enums
   |
 1 + use crate::Mode;
   |
 1 + use xz2::stream::Mode;
   |

error[E0405]: cannot find trait `Step` in this scope
 --> standalonex/src/bootstrap/src/core/build_steps/test_split/run_make.rs:6:6
  |
6 | impl Step for RunMake {
  |      ^^^^ not found in this scope
  |
help: consider importing one of these traits
  |
1 + use crate::builder::Step;
  |
1 + use std::range::Step;
  |

error[E0412]: cannot find type `ShouldRun` in this scope
  --> standalonex/src/bootstrap/src/core/build_steps/test_split/run_make.rs:11:24
   |
11 |     fn should_run(run: ShouldRun<'_>) -> ShouldRun<'_> {
   |                        ^^^^^^^^^ not found in this scope
   |
help: consider importing this struct
   |
 1 + use crate::builder::ShouldRun;
   |

error[E0412]: cannot find type `ShouldRun` in this scope
  --> standalonex/src/bootstrap/src/core/build_steps/test_split/run_make.rs:11:42
   |
11 |     fn should_run(run: ShouldRun<'_>) -> ShouldRun<'_> {
   |                                          ^^^^^^^^^ not found in this scope
   |
help: consider importing this struct
   |
 1 + use crate::builder::ShouldRun;
   |

error[E0412]: cannot find type `RunConfig` in this scope
  --> standalonex/src/bootstrap/src/core/build_steps/test_split/run_make.rs:15:22
   |
15 |     fn make_run(run: RunConfig<'_>) {
   |                      ^^^^^^^^^ not found in this scope
   |
help: consider importing this struct
   |
 1 + use crate::builder::RunConfig;
   |

error[E0422]: cannot find struct, variant or union type `RunMakeSupport` in this scope
  --> standalonex/src/bootstrap/src/core/build_steps/test_split/run_make.rs:17:28
   |
17 |         run.builder.ensure(RunMakeSupport {
   |                            ^^^^^^^^^^^^^^ not found in this scope
   |
help: consider importing one of these structs
   |
 1 + use crate::core::build_steps::test_split::run_make_support::RunMakeSupport;
   |
 1 + use crate::doc::RunMakeSupport;
   |

error[E0412]: cannot find type `Builder` in this scope
  --> standalonex/src/bootstrap/src/core/build_steps/test_split/run_make.rs:35:28
   |
35 |     fn run(self, builder: &Builder<'_>) {
   |                            ^^^^^^^ not found in this scope
   |
help: consider importing one of these structs
   |
 1 + use crate::Builder;
   |
 1 + use std::thread::Builder;
   |
 1 + use tar::Builder;
   |

error[E0422]: cannot find struct, variant or union type `Compiletest` in this scope
  --> standalonex/src/bootstrap/src/core/build_steps/test_split/run_make.rs:36:24
   |
36 |         builder.ensure(Compiletest {
   |                        ^^^^^^^^^^^ not found in this scope
   |
note: struct `crate::core::build_steps::test_split::compiletest::Compiletest` exists but is inaccessible
  --> standalonex/src/bootstrap/src/core/build_steps/test_split/compiletest.rs:2:1
   |
 2 | struct Compiletest {
   | ^^^^^^^^^^^^^^^^^^ not accessible
help: consider importing one of these items
   |
 1 + use crate::clippy::Compiletest;
   |
 1 + use crate::doc::Compiletest;
   |
 1 + use crate::tool::Compiletest;
   |
 1 + use crate::tool::Tool::Compiletest;
   |
   = and 1 other candidate

error[E0405]: cannot find trait `Step` in this scope
 --> standalonex/src/bootstrap/src/core/build_steps/test_split/rust_analyzer.rs:6:6
  |
6 | impl Step for RustAnalyzer {
  |      ^^^^ not found in this scope
  |
help: consider importing one of these traits
  |
1 + use crate::builder::Step;
  |
1 + use std::range::Step;
  |

error[E0412]: cannot find type `ShouldRun` in this scope
  --> standalonex/src/bootstrap/src/core/build_steps/test_split/rust_analyzer.rs:11:24
   |
11 |     fn should_run(run: ShouldRun<'_>) -> ShouldRun<'_> {
   |                        ^^^^^^^^^ not found in this scope
   |
help: consider importing this struct
   |
 1 + use crate::builder::ShouldRun;
   |

error[E0412]: cannot find type `ShouldRun` in this scope
  --> standalonex/src/bootstrap/src/core/build_steps/test_split/rust_analyzer.rs:11:42
   |
11 |     fn should_run(run: ShouldRun<'_>) -> ShouldRun<'_> {
   |                                          ^^^^^^^^^ not found in this scope
   |
help: consider importing this struct
   |
 1 + use crate::builder::ShouldRun;
   |

error[E0412]: cannot find type `RunConfig` in this scope
  --> standalonex/src/bootstrap/src/core/build_steps/test_split/rust_analyzer.rs:15:22
   |
15 |     fn make_run(run: RunConfig<'_>) {
   |                      ^^^^^^^^^ not found in this scope
   |
help: consider importing this struct
   |
 1 + use crate::builder::RunConfig;
   |

error[E0412]: cannot find type `Builder` in this scope
  --> standalonex/src/bootstrap/src/core/build_steps/test_split/rust_analyzer.rs:28:28
   |
28 |     fn run(self, builder: &Builder<'_>) {
   |                            ^^^^^^^ not found in this scope
   |
help: consider importing one of these structs
   |
 1 + use crate::Builder;
   |
 1 + use std::thread::Builder;
   |
 1 + use tar::Builder;
   |

error[E0433]: failed to resolve: use of unresolved module or unlinked crate `compile`
  --> standalonex/src/bootstrap/src/core/build_steps/test_split/rust_analyzer.rs:35:24
   |
35 |         builder.ensure(compile::Rustc::new(compiler, host));
   |                        ^^^^^^^ use of unresolved module or unlinked crate `compile`
   |
   = help: if you wanted to use a crate named `compile`, use `cargo add compile` to add it to your `Cargo.toml`
help: consider importing one of these structs
   |
 1 + use crate::clean::Rustc;
   |
 1 + use crate::core::build_steps::compile_modules::rustc::Rustc;
   |
 1 + use crate::core::types::Rustc;
   |
 1 + use crate::dist::Rustc;
   |
   = and 2 other candidates
help: if you import `Rustc`, refer to it directly
   |
35 -         builder.ensure(compile::Rustc::new(compiler, host));
35 +         builder.ensure(Rustc::new(compiler, host));
   |

error[E0433]: failed to resolve: use of unresolved module or unlinked crate `tool`
  --> standalonex/src/bootstrap/src/core/build_steps/test_split/rust_analyzer.rs:41:25
   |
41 |         let mut cargo = tool::prepare_tool_cargo(
   |                         ^^^^ use of unresolved module or unlinked crate `tool`
   |
help: a builtin type with a similar name exists
   |
41 -         let mut cargo = tool::prepare_tool_cargo(
41 +         let mut cargo = bool::prepare_tool_cargo(
   |
help: there is a crate or module with a similar name
   |
41 -         let mut cargo = tool::prepare_tool_cargo(
41 +         let mut cargo = toml::prepare_tool_cargo(
   |
help: consider importing this module through its public re-export
   |
 1 + use crate::tool;
   |

error[E0433]: failed to resolve: use of undeclared type `Mode`
  --> standalonex/src/bootstrap/src/core/build_steps/test_split/rust_analyzer.rs:44:13
   |
44 |             Mode::ToolRustc,
   |             ^^^^ use of undeclared type `Mode`
   |
help: consider importing one of these enums
   |
 1 + use crate::Mode;
   |
 1 + use xz2::stream::Mode;
   |

error[E0433]: failed to resolve: use of undeclared type `Kind`
  --> standalonex/src/bootstrap/src/core/build_steps/test_split/rust_analyzer.rs:46:13
   |
46 |             Kind::Test,
   |             ^^^^ use of undeclared type `Kind`
   |
help: consider importing this enum through its public re-export
   |
 1 + use crate::Kind;
   |

error[E0433]: failed to resolve: use of undeclared type `SourceType`
  --> standalonex/src/bootstrap/src/core/build_steps/test_split/rust_analyzer.rs:48:13
   |
48 |             SourceType::InTree,
   |             ^^^^^^^^^^ use of undeclared type `SourceType`
   |
help: consider importing this enum
   |
 1 + use crate::tool::SourceType;
   |

error[E0433]: failed to resolve: use of unresolved module or unlinked crate `tool`
  --> standalonex/src/bootstrap/src/core/build_steps/test_split/rust_analyzer.rs:51:30
   |
51 |         cargo.allow_features(tool::RustAnalyzer::ALLOW_FEATURES);
   |                              ^^^^ use of unresolved module or unlinked crate `tool`
   |
help: there is a crate or module with a similar name
   |
51 -         cargo.allow_features(tool::RustAnalyzer::ALLOW_FEATURES);
51 +         cargo.allow_features(toml::RustAnalyzer::ALLOW_FEATURES);
   |
help: consider importing one of these structs
   |
 1 + use crate::check::RustAnalyzer;
   |
 1 + use crate::clippy::RustAnalyzer;
   |
 1 + use crate::dist::RustAnalyzer;
   |
 1 + use crate::install::RustAnalyzer;
   |
   = and 1 other candidate
help: if you import `RustAnalyzer`, refer to it directly
   |
51 -         cargo.allow_features(tool::RustAnalyzer::ALLOW_FEATURES);
51 +         cargo.allow_features(RustAnalyzer::ALLOW_FEATURES);
   |

error[E0425]: cannot find function `run_cargo_test` in this scope
  --> standalonex/src/bootstrap/src/core/build_steps/test_split/rust_analyzer.rs:63:9
   |
63 |         run_cargo_test(cargo, &[], &[], "rust-analyzer", "rust-analyzer", compiler, host, builder);
   |         ^^^^^^^^^^^^^^ not found in this scope
   |
note: function `crate::core::build_steps::test_split::run_cargo_test::run_cargo_test` exists but is inaccessible
  --> standalonex/src/bootstrap/src/core/build_steps/test_split/run_cargo_test.rs:5:1
   |
 5 | / fn run_cargo_test<'a>(
 6 | |     cargo: impl Into<BootstrapCommand>,
 7 | |     libtest_args: &[&str],
 8 | |     crates: &[String],
...  |
32 | |     add_flags_and_try_run_tests(builder, &mut cargo)
33 | | }
   | |_^ not accessible

error[E0405]: cannot find trait `Step` in this scope
 --> standalonex/src/bootstrap/src/core/build_steps/test_split/rust_installer.rs:4:6
  |
4 | impl Step for RustInstaller {
  |      ^^^^ not found in this scope
  |
help: consider importing one of these traits
  |
1 + use crate::builder::Step;
  |
1 + use std::range::Step;
  |

error[E0412]: cannot find type `Builder` in this scope
  --> standalonex/src/bootstrap/src/core/build_steps/test_split/rust_installer.rs:10:28
   |
10 |     fn run(self, builder: &Builder<'_>) {
   |                            ^^^^^^^ not found in this scope
   |
help: consider importing one of these structs
   |
 1 + use crate::Builder;
   |
 1 + use std::thread::Builder;
   |
 1 + use tar::Builder;
   |

error[E0433]: failed to resolve: use of unresolved module or unlinked crate `tool`
  --> standalonex/src/bootstrap/src/core/build_steps/test_split/rust_installer.rs:13:21
   |
13 |         let cargo = tool::prepare_tool_cargo(
   |                     ^^^^ use of unresolved module or unlinked crate `tool`
   |
help: a builtin type with a similar name exists
   |
13 -         let cargo = tool::prepare_tool_cargo(
13 +         let cargo = bool::prepare_tool_cargo(
   |
help: there is a crate or module with a similar name
   |
13 -         let cargo = tool::prepare_tool_cargo(
13 +         let cargo = toml::prepare_tool_cargo(
   |
help: consider importing this module through its public re-export
   |
 1 + use crate::tool;
   |

error[E0433]: failed to resolve: use of undeclared type `Mode`
  --> standalonex/src/bootstrap/src/core/build_steps/test_split/rust_installer.rs:16:13
   |
16 |             Mode::ToolBootstrap,
   |             ^^^^ use of undeclared type `Mode`
   |
help: consider importing one of these enums
   |
 1 + use crate::Mode;
   |
 1 + use xz2::stream::Mode;
   |

error[E0433]: failed to resolve: use of undeclared type `Kind`
  --> standalonex/src/bootstrap/src/core/build_steps/test_split/rust_installer.rs:18:13
   |
18 |             Kind::Test,
   |             ^^^^ use of undeclared type `Kind`
   |
help: consider importing this enum through its public re-export
   |
 1 + use crate::Kind;
   |

error[E0433]: failed to resolve: use of undeclared type `SourceType`
  --> standalonex/src/bootstrap/src/core/build_steps/test_split/rust_installer.rs:20:13
   |
20 |             SourceType::InTree,
   |             ^^^^^^^^^^ use of undeclared type `SourceType`
   |
help: consider importing this enum
   |
 1 + use crate::tool::SourceType;
   |

error[E0433]: failed to resolve: use of undeclared type `Kind`
  --> standalonex/src/bootstrap/src/core/build_steps/test_split/rust_installer.rs:25:13
   |
25 |             Kind::Test,
   |             ^^^^ use of undeclared type `Kind`
   |
help: consider importing this enum through its public re-export
   |
 1 + use crate::Kind;
   |

error[E0425]: cannot find function `run_cargo_test` in this scope
  --> standalonex/src/bootstrap/src/core/build_steps/test_split/rust_installer.rs:31:9
   |
31 |         run_cargo_test(cargo, &[], &[], "installer", None, compiler, bootstrap_host, builder);
   |         ^^^^^^^^^^^^^^ not found in this scope
   |
note: function `crate::core::build_steps::test_split::run_cargo_test::run_cargo_test` exists but is inaccessible
  --> standalonex/src/bootstrap/src/core/build_steps/test_split/run_cargo_test.rs:5:1
   |
 5 | / fn run_cargo_test<'a>(
 6 | |     cargo: impl Into<BootstrapCommand>,
 7 | |     libtest_args: &[&str],
 8 | |     crates: &[String],
...  |
32 | |     add_flags_and_try_run_tests(builder, &mut cargo)
33 | | }
   | |_^ not accessible

error[E0425]: cannot find function `command` in this scope
  --> standalonex/src/bootstrap/src/core/build_steps/test_split/rust_installer.rs:40:23
   |
40 |         let mut cmd = command(builder.src.join("src/tools/rust-installer/test.sh"));
   |                       ^^^^^^^ not found in this scope
   |
help: consider importing this function through its public re-export
   |
 1 + use crate::command;
   |

error[E0425]: cannot find function `testdir` in this scope
  --> standalonex/src/bootstrap/src/core/build_steps/test_split/rust_installer.rs:41:22
   |
41 |         let tmpdir = testdir(builder, compiler.host).join("rust-installer");
   |                      ^^^^^^^ not found in this scope
   |
note: function `crate::core::build_steps::test_split::testdir::testdir` exists but is inaccessible
  --> standalonex/src/bootstrap/src/core/build_steps/test_split/testdir.rs:1:1
   |
 1 | fn testdir(builder: &Builder<'_>, host: TargetSelection) -> PathBuf {
   | ^^^^^^^^^^^^^^^^^^^^^^^^^^^^^^^^^^^^^^^^^^^^^^^^^^^^^^^^^^^^^^^^^^^ not accessible

error[E0412]: cannot find type `ShouldRun` in this scope
  --> standalonex/src/bootstrap/src/core/build_steps/test_split/rust_installer.rs:52:24
   |
52 |     fn should_run(run: ShouldRun<'_>) -> ShouldRun<'_> {
   |                        ^^^^^^^^^ not found in this scope
   |
help: consider importing this struct
   |
 1 + use crate::builder::ShouldRun;
   |

error[E0412]: cannot find type `ShouldRun` in this scope
  --> standalonex/src/bootstrap/src/core/build_steps/test_split/rust_installer.rs:52:42
   |
52 |     fn should_run(run: ShouldRun<'_>) -> ShouldRun<'_> {
   |                                          ^^^^^^^^^ not found in this scope
   |
help: consider importing this struct
   |
 1 + use crate::builder::ShouldRun;
   |

error[E0412]: cannot find type `RunConfig` in this scope
  --> standalonex/src/bootstrap/src/core/build_steps/test_split/rust_installer.rs:56:22
   |
56 |     fn make_run(run: RunConfig<'_>) {
   |                      ^^^^^^^^^ not found in this scope
   |
help: consider importing this struct
   |
 1 + use crate::builder::RunConfig;
   |

error[E0405]: cannot find trait `Step` in this scope
 --> standalonex/src/bootstrap/src/core/build_steps/test_split/rustc_guide.rs:4:6
  |
4 | impl Step for RustcGuide {
  |      ^^^^ not found in this scope
  |
help: consider importing one of these traits
  |
1 + use crate::builder::Step;
  |
1 + use std::range::Step;
  |

error[E0412]: cannot find type `ShouldRun` in this scope
 --> standalonex/src/bootstrap/src/core/build_steps/test_split/rustc_guide.rs:9:24
  |
9 |     fn should_run(run: ShouldRun<'_>) -> ShouldRun<'_> {
  |                        ^^^^^^^^^ not found in this scope
  |
help: consider importing this struct
  |
1 + use crate::builder::ShouldRun;
  |

error[E0412]: cannot find type `ShouldRun` in this scope
 --> standalonex/src/bootstrap/src/core/build_steps/test_split/rustc_guide.rs:9:42
  |
9 |     fn should_run(run: ShouldRun<'_>) -> ShouldRun<'_> {
  |                                          ^^^^^^^^^ not found in this scope
  |
help: consider importing this struct
  |
1 + use crate::builder::ShouldRun;
  |

error[E0412]: cannot find type `RunConfig` in this scope
  --> standalonex/src/bootstrap/src/core/build_steps/test_split/rustc_guide.rs:13:22
   |
13 |     fn make_run(run: RunConfig<'_>) {
   |                      ^^^^^^^^^ not found in this scope
   |
help: consider importing this struct
   |
 1 + use crate::builder::RunConfig;
   |

error[E0412]: cannot find type `Builder` in this scope
  --> standalonex/src/bootstrap/src/core/build_steps/test_split/rustc_guide.rs:17:28
   |
17 |     fn run(self, builder: &Builder<'_>) {
   |                            ^^^^^^^ not found in this scope
   |
help: consider importing one of these structs
   |
 1 + use crate::Builder;
   |
 1 + use std::thread::Builder;
   |
 1 + use tar::Builder;
   |

error[E0433]: failed to resolve: use of undeclared type `Tool`
  --> standalonex/src/bootstrap/src/core/build_steps/test_split/rustc_guide.rs:22:49
   |
22 |         let mut rustbook_cmd = builder.tool_cmd(Tool::Rustbook).delay_failure();
   |                                                 ^^^^ use of undeclared type `Tool`
   |
help: a builtin type with a similar name exists
   |
22 -         let mut rustbook_cmd = builder.tool_cmd(Tool::Rustbook).delay_failure();
22 +         let mut rustbook_cmd = builder.tool_cmd(bool::Rustbook).delay_failure();
   |
help: consider importing one of these items
   |
 1 + use crate::tool::Tool;
   |
 1 + use cc::Tool;
   |

error[E0433]: failed to resolve: use of undeclared type `ToolState`
  --> standalonex/src/bootstrap/src/core/build_steps/test_split/rustc_guide.rs:25:44
   |
25 |             if rustbook_cmd.run(builder) { ToolState::TestPass } else { ToolState::TestFail };
   |                                            ^^^^^^^^^ use of undeclared type `ToolState`
   |
help: consider importing this enum
   |
 1 + use crate::toolstate::ToolState;
   |

error[E0433]: failed to resolve: use of undeclared type `ToolState`
  --> standalonex/src/bootstrap/src/core/build_steps/test_split/rustc_guide.rs:25:73
   |
25 |             if rustbook_cmd.run(builder) { ToolState::TestPass } else { ToolState::TestFail };
   |                                                                         ^^^^^^^^^ use of undeclared type `ToolState`
   |
help: consider importing this enum
   |
 1 + use crate::toolstate::ToolState;
   |

error[E0405]: cannot find trait `Step` in this scope
 --> standalonex/src/bootstrap/src/core/build_steps/test_split/rustdoc_gui.rs:6:6
  |
6 | impl Step for RustdocGUI {
  |      ^^^^ not found in this scope
  |
help: consider importing one of these traits
  |
1 + use crate::builder::Step;
  |
1 + use std::range::Step;
  |

error[E0412]: cannot find type `ShouldRun` in this scope
  --> standalonex/src/bootstrap/src/core/build_steps/test_split/rustdoc_gui.rs:11:24
   |
11 |     fn should_run(run: ShouldRun<'_>) -> ShouldRun<'_> {
   |                        ^^^^^^^^^ not found in this scope
   |
help: consider importing this struct
   |
 1 + use crate::builder::ShouldRun;
   |

error[E0412]: cannot find type `ShouldRun` in this scope
  --> standalonex/src/bootstrap/src/core/build_steps/test_split/rustdoc_gui.rs:11:42
   |
11 |     fn should_run(run: ShouldRun<'_>) -> ShouldRun<'_> {
   |                                          ^^^^^^^^^ not found in this scope
   |
help: consider importing this struct
   |
 1 + use crate::builder::ShouldRun;
   |

error[E0433]: failed to resolve: use of undeclared type `DocTests`
  --> standalonex/src/bootstrap/src/core/build_steps/test_split/rustdoc_gui.rs:16:41
   |
16 |                 && builder.doc_tests != DocTests::Only
   |                                         ^^^^^^^^ use of undeclared type `DocTests`
   |
help: consider importing this enum
   |
 1 + use crate::DocTests;
   |

error[E0425]: cannot find function `get_browser_ui_test_version` in this scope
  --> standalonex/src/bootstrap/src/core/build_steps/test_split/rustdoc_gui.rs:21:30
   |
21 |                     .map(|p| get_browser_ui_test_version(builder, p).is_some())
   |                              ^^^^^^^^^^^^^^^^^^^^^^^^^^^ not found in this scope
   |
note: function `crate::core::build_steps::test_split::get_browser_ui_test_version::get_browser_ui_test_version` exists but is inaccessible
  --> standalonex/src/bootstrap/src/core/build_steps/test_split/get_browser_ui_test_version.rs:1:1
   |
 1 | fn get_browser_ui_test_version(builder: &Builder<'_>, npm: &Path) -> Option<String> {
   | ^^^^^^^^^^^^^^^^^^^^^^^^^^^^^^^^^^^^^^^^^^^^^^^^^^^^^^^^^^^^^^^^^^^^^^^^^^^^^^^^^^^ not accessible

error[E0412]: cannot find type `RunConfig` in this scope
  --> standalonex/src/bootstrap/src/core/build_steps/test_split/rustdoc_gui.rs:26:22
   |
26 |     fn make_run(run: RunConfig<'_>) {
   |                      ^^^^^^^^^ not found in this scope
   |
help: consider importing this struct
   |
 1 + use crate::builder::RunConfig;
   |

error[E0412]: cannot find type `Builder` in this scope
  --> standalonex/src/bootstrap/src/core/build_steps/test_split/rustdoc_gui.rs:38:28
   |
38 |     fn run(self, builder: &Builder<'_>) {
   |                            ^^^^^^^ not found in this scope
   |
help: consider importing one of these structs
   |
 1 + use crate::Builder;
   |
 1 + use std::thread::Builder;
   |
 1 + use tar::Builder;
   |

error[E0433]: failed to resolve: use of unresolved module or unlinked crate `compile`
  --> standalonex/src/bootstrap/src/core/build_steps/test_split/rustdoc_gui.rs:39:24
   |
39 |         builder.ensure(compile::Std::new(self.common.compiler, self.common.target));
   |                        ^^^^^^^ use of unresolved module or unlinked crate `compile`
   |
   = help: if you wanted to use a crate named `compile`, use `cargo add compile` to add it to your `Cargo.toml`
help: consider importing one of these structs
   |
 1 + use crate::clean::Std;
   |
 1 + use crate::core::build_steps::compile_modules::std::Std;
   |
 1 + use crate::core::types::Std;
   |
 1 + use crate::dist::Std;
   |
   = and 2 other candidates
help: if you import `Std`, refer to it directly
   |
39 -         builder.ensure(compile::Std::new(self.common.compiler, self.common.target));
39 +         builder.ensure(Std::new(self.common.compiler, self.common.target));
   |

error[E0433]: failed to resolve: use of undeclared type `Tool`
  --> standalonex/src/bootstrap/src/core/build_steps/test_split/rustdoc_gui.rs:41:40
   |
41 |         let mut cmd = builder.tool_cmd(Tool::RustdocGUITest);
   |                                        ^^^^ use of undeclared type `Tool`
   |
help: a builtin type with a similar name exists
   |
41 -         let mut cmd = builder.tool_cmd(Tool::RustdocGUITest);
41 +         let mut cmd = builder.tool_cmd(bool::RustdocGUITest);
   |
help: consider importing one of these items
   |
 1 + use crate::tool::Tool;
   |
 1 + use cc::Tool;
   |

error[E0425]: cannot find function `add_rustdoc_cargo_linker_args` in this scope
  --> standalonex/src/bootstrap/src/core/build_steps/test_split/rustdoc_gui.rs:63:9
   |
63 |         add_rustdoc_cargo_linker_args(&mut cmd, builder, self.common.compiler.host, LldThreads::No);
   |         ^^^^^^^^^^^^^^^^^^^^^^^^^^^^^ not found in this scope
   |
help: consider importing this function
   |
 1 + use crate::utils::helpers::add_rustdoc_cargo_linker_args;
   |

error[E0433]: failed to resolve: use of undeclared type `LldThreads`
  --> standalonex/src/bootstrap/src/core/build_steps/test_split/rustdoc_gui.rs:63:85
   |
63 |         add_rustdoc_cargo_linker_args(&mut cmd, builder, self.common.compiler.host, LldThreads::No);
   |                                                                                     ^^^^^^^^^^ use of undeclared type `LldThreads`
   |
help: consider importing this enum
   |
 1 + use crate::utils::helpers::LldThreads;
   |

error[E0433]: failed to resolve: use of unresolved module or unlinked crate `helpers`
  --> standalonex/src/bootstrap/src/core/build_steps/test_split/rustdoc_gui.rs:66:30
   |
66 |             if let Some(p) = helpers::is_valid_test_suite_arg(p, "tests/rustdoc-gui", builder) {
   |                              ^^^^^^^ use of unresolved module or unlinked crate `helpers`
   |
   = help: if you wanted to use a crate named `helpers`, use `cargo add helpers` to add it to your `Cargo.toml`
help: consider importing this module
   |
 1 + use crate::utils::helpers;
   |

error[E0425]: cannot find value `p` in this scope
  --> standalonex/src/bootstrap/src/core/build_steps/test_split/rustdoc_gui.rs:66:63
   |
66 |             if let Some(p) = helpers::is_valid_test_suite_arg(p, "tests/rustdoc-gui", builder) {
   |                                                               ^ not found in this scope

error[E0433]: failed to resolve: use of unresolved module or unlinked crate `helpers`
  --> standalonex/src/bootstrap/src/core/build_steps/test_split/rustdoc_gui.rs:89:21
   |
89 |         let _time = helpers::timeit(builder);
   |                     ^^^^^^^ use of unresolved module or unlinked crate `helpers`
   |
   = help: if you wanted to use a crate named `helpers`, use `cargo add helpers` to add it to your `Cargo.toml`
help: consider importing this module
   |
 1 + use crate::utils::helpers;
   |

error[E0433]: failed to resolve: use of undeclared type `Kind`
  --> standalonex/src/bootstrap/src/core/build_steps/test_split/rustdoc_gui.rs:91:13
   |
91 |             Kind::Test,
   |             ^^^^ use of undeclared type `Kind`
   |
help: consider importing this enum through its public re-export
   |
 1 + use crate::Kind;
   |

error[E0425]: cannot find function `try_run_tests` in this scope
  --> standalonex/src/bootstrap/src/core/build_steps/test_split/rustdoc_gui.rs:97:9
   |
97 |         try_run_tests(builder, &mut cmd, true);
   |         ^^^^^^^^^^^^^ not found in this scope
   |
help: consider importing this function
   |
 1 + use crate::utils::render_tests::try_run_tests;
   |

error[E0405]: cannot find trait `Step` in this scope
 --> standalonex/src/bootstrap/src/core/build_steps/test_split/rustdoc_js_not_std.rs:6:6
  |
6 | impl Step for RustdocJSNotStd {
  |      ^^^^ not found in this scope
  |
help: consider importing one of these traits
  |
1 + use crate::builder::Step;
  |
1 + use std::range::Step;
  |

error[E0412]: cannot find type `ShouldRun` in this scope
  --> standalonex/src/bootstrap/src/core/build_steps/test_split/rustdoc_js_not_std.rs:11:24
   |
11 |     fn should_run(run: ShouldRun<'_>) -> ShouldRun<'_> {
   |                        ^^^^^^^^^ not found in this scope
   |
help: consider importing this struct
   |
 1 + use crate::builder::ShouldRun;
   |

error[E0412]: cannot find type `ShouldRun` in this scope
  --> standalonex/src/bootstrap/src/core/build_steps/test_split/rustdoc_js_not_std.rs:11:42
   |
11 |     fn should_run(run: ShouldRun<'_>) -> ShouldRun<'_> {
   |                                          ^^^^^^^^^ not found in this scope
   |
help: consider importing this struct
   |
 1 + use crate::builder::ShouldRun;
   |

error[E0412]: cannot find type `RunConfig` in this scope
  --> standalonex/src/bootstrap/src/core/build_steps/test_split/rustdoc_js_not_std.rs:16:22
   |
16 |     fn make_run(run: RunConfig<'_>) {
   |                      ^^^^^^^^^ not found in this scope
   |
help: consider importing this struct
   |
 1 + use crate::builder::RunConfig;
   |

error[E0412]: cannot find type `Builder` in this scope
  --> standalonex/src/bootstrap/src/core/build_steps/test_split/rustdoc_js_not_std.rs:28:28
   |
28 |     fn run(self, builder: &Builder<'_>) {
   |                            ^^^^^^^ not found in this scope
   |
help: consider importing one of these structs
   |
 1 + use crate::Builder;
   |
 1 + use std::thread::Builder;
   |
 1 + use tar::Builder;
   |

error[E0422]: cannot find struct, variant or union type `Compiletest` in this scope
  --> standalonex/src/bootstrap/src/core/build_steps/test_split/rustdoc_js_not_std.rs:29:24
   |
29 |         builder.ensure(Compiletest {
   |                        ^^^^^^^^^^^ not found in this scope
   |
note: struct `crate::core::build_steps::test_split::compiletest::Compiletest` exists but is inaccessible
  --> standalonex/src/bootstrap/src/core/build_steps/test_split/compiletest.rs:2:1
   |
 2 | struct Compiletest {
   | ^^^^^^^^^^^^^^^^^^ not accessible
help: consider importing one of these items
   |
 1 + use crate::clippy::Compiletest;
   |
 1 + use crate::doc::Compiletest;
   |
 1 + use crate::tool::Compiletest;
   |
 1 + use crate::tool::Tool::Compiletest;
   |
   = and 1 other candidate

error[E0405]: cannot find trait `Step` in this scope
 --> standalonex/src/bootstrap/src/core/build_steps/test_split/rustdoc_js_std.rs:6:6
  |
6 | impl Step for RustdocJSStd {
  |      ^^^^ not found in this scope
  |
help: consider importing one of these traits
  |
1 + use crate::builder::Step;
  |
1 + use std::range::Step;
  |

error[E0412]: cannot find type `ShouldRun` in this scope
  --> standalonex/src/bootstrap/src/core/build_steps/test_split/rustdoc_js_std.rs:11:24
   |
11 |     fn should_run(run: ShouldRun<'_>) -> ShouldRun<'_> {
   |                        ^^^^^^^^^ not found in this scope
   |
help: consider importing this struct
   |
 1 + use crate::builder::ShouldRun;
   |

error[E0412]: cannot find type `ShouldRun` in this scope
  --> standalonex/src/bootstrap/src/core/build_steps/test_split/rustdoc_js_std.rs:11:42
   |
11 |     fn should_run(run: ShouldRun<'_>) -> ShouldRun<'_> {
   |                                          ^^^^^^^^^ not found in this scope
   |
help: consider importing this struct
   |
 1 + use crate::builder::ShouldRun;
   |

error[E0412]: cannot find type `RunConfig` in this scope
  --> standalonex/src/bootstrap/src/core/build_steps/test_split/rustdoc_js_std.rs:16:22
   |
16 |     fn make_run(run: RunConfig<'_>) {
   |                      ^^^^^^^^^ not found in this scope
   |
help: consider importing this struct
   |
 1 + use crate::builder::RunConfig;
   |

error[E0412]: cannot find type `Builder` in this scope
  --> standalonex/src/bootstrap/src/core/build_steps/test_split/rustdoc_js_std.rs:28:28
   |
28 |     fn run(self, builder: &Builder<'_>) {
   |                            ^^^^^^^ not found in this scope
   |
help: consider importing one of these structs
   |
 1 + use crate::Builder;
   |
 1 + use std::thread::Builder;
   |
 1 + use tar::Builder;
   |

error[E0425]: cannot find function `command` in this scope
  --> standalonex/src/bootstrap/src/core/build_steps/test_split/rustdoc_js_std.rs:31:27
   |
31 |         let mut command = command(nodejs);
   |                           ^^^^^^^ not found in this scope
   |
help: consider importing this function through its public re-export
   |
 1 + use crate::command;
   |

error[E0433]: failed to resolve: use of unresolved module or unlinked crate `helpers`
  --> standalonex/src/bootstrap/src/core/build_steps/test_split/rustdoc_js_std.rs:43:30
   |
43 |             if let Some(p) = helpers::is_valid_test_suite_arg(path, "tests/rustdoc-js-std", builder)
   |                              ^^^^^^^ use of unresolved module or unlinked crate `helpers`
   |
   = help: if you wanted to use a crate named `helpers`, use `cargo add helpers` to add it to your `Cargo.toml`
help: consider importing this module
   |
 1 + use crate::utils::helpers;
   |

error[E0433]: failed to resolve: use of undeclared type `DocumentationFormat`
  --> standalonex/src/bootstrap/src/core/build_steps/test_split/rustdoc_js_std.rs:55:13
   |
55 |             DocumentationFormat::Html,
   |             ^^^^^^^^^^^^^^^^^^^ use of undeclared type `DocumentationFormat`
   |
help: consider importing this enum
   |
 1 + use crate::doc::DocumentationFormat;
   |

error[E0433]: failed to resolve: use of undeclared type `Kind`
  --> standalonex/src/bootstrap/src/core/build_steps/test_split/rustdoc_js_std.rs:58:13
   |
58 |             Kind::Test,
   |             ^^^^ use of undeclared type `Kind`
   |
help: consider importing this enum through its public re-export
   |
 1 + use crate::Kind;
   |

error[E0405]: cannot find trait `Step` in this scope
 --> standalonex/src/bootstrap/src/core/build_steps/test_split/rustdoc_theme.rs:6:6
  |
6 | impl Step for RustdocTheme {
  |      ^^^^ not found in this scope
  |
help: consider importing one of these traits
  |
1 + use crate::builder::Step;
  |
1 + use std::range::Step;
  |

error[E0412]: cannot find type `ShouldRun` in this scope
  --> standalonex/src/bootstrap/src/core/build_steps/test_split/rustdoc_theme.rs:11:24
   |
11 |     fn should_run(run: ShouldRun<'_>) -> ShouldRun<'_> {
   |                        ^^^^^^^^^ not found in this scope
   |
help: consider importing this struct
   |
 1 + use crate::builder::ShouldRun;
   |

error[E0412]: cannot find type `ShouldRun` in this scope
  --> standalonex/src/bootstrap/src/core/build_steps/test_split/rustdoc_theme.rs:11:42
   |
11 |     fn should_run(run: ShouldRun<'_>) -> ShouldRun<'_> {
   |                                          ^^^^^^^^^ not found in this scope
   |
help: consider importing this struct
   |
 1 + use crate::builder::ShouldRun;
   |

error[E0412]: cannot find type `RunConfig` in this scope
  --> standalonex/src/bootstrap/src/core/build_steps/test_split/rustdoc_theme.rs:15:22
   |
15 |     fn make_run(run: RunConfig<'_>) {
   |                      ^^^^^^^^^ not found in this scope
   |
help: consider importing this struct
   |
 1 + use crate::builder::RunConfig;
   |

error[E0412]: cannot find type `Builder` in this scope
  --> standalonex/src/bootstrap/src/core/build_steps/test_split/rustdoc_theme.rs:28:28
   |
28 |     fn run(self, builder: &Builder<'_>) {
   |                            ^^^^^^^ not found in this scope
   |
help: consider importing one of these structs
   |
 1 + use crate::Builder;
   |
 1 + use std::thread::Builder;
   |
 1 + use tar::Builder;
   |

error[E0433]: failed to resolve: use of undeclared type `Tool`
  --> standalonex/src/bootstrap/src/core/build_steps/test_split/rustdoc_theme.rs:30:40
   |
30 |         let mut cmd = builder.tool_cmd(Tool::RustdocTheme);
   |                                        ^^^^ use of undeclared type `Tool`
   |
help: a builtin type with a similar name exists
   |
30 -         let mut cmd = builder.tool_cmd(Tool::RustdocTheme);
30 +         let mut cmd = builder.tool_cmd(bool::RustdocTheme);
   |
help: consider importing one of these items
   |
 1 + use crate::tool::Tool;
   |
 1 + use cc::Tool;
   |

error[E0425]: cannot find function `linker_args` in this scope
  --> standalonex/src/bootstrap/src/core/build_steps/test_split/rustdoc_theme.rs:39:18
   |
39 |         cmd.args(linker_args(builder, self.common.compiler.host, LldThreads::No));
   |                  ^^^^^^^^^^^ not found in this scope
   |
help: consider importing this function
   |
 1 + use crate::utils::helpers::linker_args;
   |

error[E0433]: failed to resolve: use of undeclared type `LldThreads`
  --> standalonex/src/bootstrap/src/core/build_steps/test_split/rustdoc_theme.rs:39:66
   |
39 |         cmd.args(linker_args(builder, self.common.compiler.host, LldThreads::No));
   |                                                                  ^^^^^^^^^^ use of undeclared type `LldThreads`
   |
help: consider importing this enum
   |
 1 + use crate::utils::helpers::LldThreads;
   |

error[E0405]: cannot find trait `Step` in this scope
 --> standalonex/src/bootstrap/src/core/build_steps/test_split/rustfmt.rs:6:6
  |
6 | impl Step for Rustfmt {
  |      ^^^^ not found in this scope
  |
help: consider importing one of these traits
  |
1 + use crate::builder::Step;
  |
1 + use std::range::Step;
  |

error[E0412]: cannot find type `ShouldRun` in this scope
  --> standalonex/src/bootstrap/src/core/build_steps/test_split/rustfmt.rs:10:24
   |
10 |     fn should_run(run: ShouldRun<'_>) -> ShouldRun<'_> {
   |                        ^^^^^^^^^ not found in this scope
   |
help: consider importing this struct
   |
 1 + use crate::builder::ShouldRun;
   |

error[E0412]: cannot find type `ShouldRun` in this scope
  --> standalonex/src/bootstrap/src/core/build_steps/test_split/rustfmt.rs:10:42
   |
10 |     fn should_run(run: ShouldRun<'_>) -> ShouldRun<'_> {
   |                                          ^^^^^^^^^ not found in this scope
   |
help: consider importing this struct
   |
 1 + use crate::builder::ShouldRun;
   |

error[E0412]: cannot find type `RunConfig` in this scope
  --> standalonex/src/bootstrap/src/core/build_steps/test_split/rustfmt.rs:14:22
   |
14 |     fn make_run(run: RunConfig<'_>) {
   |                      ^^^^^^^^^ not found in this scope
   |
help: consider importing this struct
   |
 1 + use crate::builder::RunConfig;
   |

error[E0412]: cannot find type `Builder` in this scope
  --> standalonex/src/bootstrap/src/core/build_steps/test_split/rustfmt.rs:27:28
   |
27 |     fn run(self, builder: &Builder<'_>) {
   |                            ^^^^^^^ not found in this scope
   |
help: consider importing one of these structs
   |
 1 + use crate::Builder;
   |
 1 + use std::thread::Builder;
   |
 1 + use tar::Builder;
   |

error[E0433]: failed to resolve: use of unresolved module or unlinked crate `tool`
  --> standalonex/src/bootstrap/src/core/build_steps/test_split/rustfmt.rs:32:24
   |
32 |         builder.ensure(tool::Rustfmt { compiler, target: self.common.host, extra_features: Vec::new() });
   |                        ^^^^ use of unresolved module or unlinked crate `tool`
   |
help: a builtin type with a similar name exists
   |
32 -         builder.ensure(tool::Rustfmt { compiler, target: self.common.host, extra_features: Vec::new() });
32 +         builder.ensure(bool::Rustfmt { compiler, target: self.common.host, extra_features: Vec::new() });
   |
help: there is a crate or module with a similar name
   |
32 -         builder.ensure(tool::Rustfmt { compiler, target: self.common.host, extra_features: Vec::new() });
32 +         builder.ensure(toml::Rustfmt { compiler, target: self.common.host, extra_features: Vec::new() });
   |
help: consider importing this module through its public re-export
   |
 1 + use crate::tool;
   |

error[E0433]: failed to resolve: use of unresolved module or unlinked crate `tool`
  --> standalonex/src/bootstrap/src/core/build_steps/test_split/rustfmt.rs:34:25
   |
34 |         let mut cargo = tool::prepare_tool_cargo(
   |                         ^^^^ use of unresolved module or unlinked crate `tool`
   |
help: a builtin type with a similar name exists
   |
34 -         let mut cargo = tool::prepare_tool_cargo(
34 +         let mut cargo = bool::prepare_tool_cargo(
   |
help: there is a crate or module with a similar name
   |
34 -         let mut cargo = tool::prepare_tool_cargo(
34 +         let mut cargo = toml::prepare_tool_cargo(
   |
help: consider importing this module through its public re-export
   |
 1 + use crate::tool;
   |

error[E0433]: failed to resolve: use of undeclared type `Mode`
  --> standalonex/src/bootstrap/src/core/build_steps/test_split/rustfmt.rs:37:13
   |
37 |             Mode::ToolRustc,
   |             ^^^^ use of undeclared type `Mode`
   |
help: consider importing one of these enums
   |
 1 + use crate::Mode;
   |
 1 + use xz2::stream::Mode;
   |

error[E0433]: failed to resolve: use of undeclared type `Kind`
  --> standalonex/src/bootstrap/src/core/build_steps/test_split/rustfmt.rs:39:13
   |
39 |             Kind::Test,
   |             ^^^^ use of undeclared type `Kind`
   |
help: consider importing this enum through its public re-export
   |
 1 + use crate::Kind;
   |

error[E0433]: failed to resolve: use of undeclared type `SourceType`
  --> standalonex/src/bootstrap/src/core/build_steps/test_split/rustfmt.rs:41:13
   |
41 |             SourceType::InTree,
   |             ^^^^^^^^^^ use of undeclared type `SourceType`
   |
help: consider importing this enum
   |
 1 + use crate::tool::SourceType;
   |

error[E0425]: cannot find function `testdir` in this scope
  --> standalonex/src/bootstrap/src/core/build_steps/test_split/rustfmt.rs:45:19
   |
45 |         let dir = testdir(builder, compiler.host);
   |                   ^^^^^^^ not found in this scope
   |
note: function `crate::core::build_steps::test_split::testdir::testdir` exists but is inaccessible
  --> standalonex/src/bootstrap/src/core/build_steps/test_split/testdir.rs:1:1
   |
 1 | fn testdir(builder: &Builder<'_>, host: TargetSelection) -> PathBuf {
   | ^^^^^^^^^^^^^^^^^^^^^^^^^^^^^^^^^^^^^^^^^^^^^^^^^^^^^^^^^^^^^^^^^^^ not accessible

error[E0425]: cannot find function `run_cargo_test` in this scope
  --> standalonex/src/bootstrap/src/core/build_steps/test_split/rustfmt.rs:51:9
   |
51 |         run_cargo_test(cargo, &[], &[], "rustfmt", "rustfmt", compiler, host, builder);
   |         ^^^^^^^^^^^^^^ not found in this scope
   |
note: function `crate::core::build_steps::test_split::run_cargo_test::run_cargo_test` exists but is inaccessible
  --> standalonex/src/bootstrap/src/core/build_steps/test_split/run_cargo_test.rs:5:1
   |
 5 | / fn run_cargo_test<'a>(
 6 | |     cargo: impl Into<BootstrapCommand>,
 7 | |     libtest_args: &[&str],
 8 | |     crates: &[String],
...  |
32 | |     add_flags_and_try_run_tests(builder, &mut cargo)
33 | | }
   | |_^ not accessible

error[E0412]: cannot find type `PathBuf` in this scope
 --> standalonex/src/bootstrap/src/core/build_steps/test_split/test_float_parse.rs:4:11
  |
4 |     path: PathBuf,
  |           ^^^^^^^ not found in this scope
  |
help: consider importing one of these structs
  |
1 + use crate::PathBuf;
  |
1 + use std::path::PathBuf;
  |

error[E0405]: cannot find trait `Step` in this scope
 --> standalonex/src/bootstrap/src/core/build_steps/test_split/test_float_parse.rs:7:6
  |
7 | impl Step for TestFloatParse {
  |      ^^^^ not found in this scope
  |
help: consider importing one of these traits
  |
1 + use crate::builder::Step;
  |
1 + use std::range::Step;
  |

error[E0412]: cannot find type `ShouldRun` in this scope
  --> standalonex/src/bootstrap/src/core/build_steps/test_split/test_float_parse.rs:12:24
   |
12 |     fn should_run(run: ShouldRun<'_>) -> ShouldRun<'_> {
   |                        ^^^^^^^^^ not found in this scope
   |
help: consider importing this struct
   |
 1 + use crate::builder::ShouldRun;
   |

error[E0412]: cannot find type `ShouldRun` in this scope
  --> standalonex/src/bootstrap/src/core/build_steps/test_split/test_float_parse.rs:12:42
   |
12 |     fn should_run(run: ShouldRun<'_>) -> ShouldRun<'_> {
   |                                          ^^^^^^^^^ not found in this scope
   |
help: consider importing this struct
   |
 1 + use crate::builder::ShouldRun;
   |

error[E0412]: cannot find type `RunConfig` in this scope
  --> standalonex/src/bootstrap/src/core/build_steps/test_split/test_float_parse.rs:16:22
   |
16 |     fn make_run(run: RunConfig<'_>) {
   |                      ^^^^^^^^^ not found in this scope
   |
help: consider importing this struct
   |
 1 + use crate::builder::RunConfig;
   |

error[E0412]: cannot find type `Builder` in this scope
  --> standalonex/src/bootstrap/src/core/build_steps/test_split/test_float_parse.rs:32:28
   |
32 |     fn run(self, builder: &Builder<'_>) {
   |                            ^^^^^^^ not found in this scope
   |
help: consider importing one of these structs
   |
 1 + use crate::Builder;
   |
 1 + use std::thread::Builder;
   |
 1 + use tar::Builder;
   |

error[E0433]: failed to resolve: use of unresolved module or unlinked crate `tool`
  --> standalonex/src/bootstrap/src/core/build_steps/test_split/test_float_parse.rs:44:24
   |
44 |         builder.ensure(tool::TestFloatParse { host: self.common.host });
   |                        ^^^^ use of unresolved module or unlinked crate `tool`
   |
help: a builtin type with a similar name exists
   |
44 -         builder.ensure(tool::TestFloatParse { host: self.common.host });
44 +         builder.ensure(bool::TestFloatParse { host: self.common.host });
   |
help: there is a crate or module with a similar name
   |
44 -         builder.ensure(tool::TestFloatParse { host: self.common.host });
44 +         builder.ensure(toml::TestFloatParse { host: self.common.host });
   |
help: consider importing this module through its public re-export
   |
 1 + use crate::tool;
   |

error[E0433]: failed to resolve: use of unresolved module or unlinked crate `tool`
  --> standalonex/src/bootstrap/src/core/build_steps/test_split/test_float_parse.rs:47:26
   |
47 |         let cargo_test = tool::prepare_tool_cargo(
   |                          ^^^^ use of unresolved module or unlinked crate `tool`
   |
help: a builtin type with a similar name exists
   |
47 -         let cargo_test = tool::prepare_tool_cargo(
47 +         let cargo_test = bool::prepare_tool_cargo(
   |
help: there is a crate or module with a similar name
   |
47 -         let cargo_test = tool::prepare_tool_cargo(
47 +         let cargo_test = toml::prepare_tool_cargo(
   |
help: consider importing this module through its public re-export
   |
 1 + use crate::tool;
   |

error[E0433]: failed to resolve: use of undeclared type `Mode`
  --> standalonex/src/bootstrap/src/core/build_steps/test_split/test_float_parse.rs:50:13
   |
50 |             Mode::ToolStd,
   |             ^^^^ use of undeclared type `Mode`
   |
help: consider importing one of these enums
   |
 1 + use crate::Mode;
   |
 1 + use xz2::stream::Mode;
   |

error[E0433]: failed to resolve: use of undeclared type `Kind`
  --> standalonex/src/bootstrap/src/core/build_steps/test_split/test_float_parse.rs:52:13
   |
52 |             Kind::Test,
   |             ^^^^ use of undeclared type `Kind`
   |
help: consider importing this enum through its public re-export
   |
 1 + use crate::Kind;
   |

error[E0433]: failed to resolve: use of undeclared type `SourceType`
  --> standalonex/src/bootstrap/src/core/build_steps/test_split/test_float_parse.rs:54:13
   |
54 |             SourceType::InTree,
   |             ^^^^^^^^^^ use of undeclared type `SourceType`
   |
help: consider importing this enum
   |
 1 + use crate::tool::SourceType;
   |

error[E0425]: cannot find function `run_cargo_test` in this scope
  --> standalonex/src/bootstrap/src/core/build_steps/test_split/test_float_parse.rs:58:9
   |
58 |         run_cargo_test(
   |         ^^^^^^^^^^^^^^ help: a local variable with a similar name exists: `cargo_test`
   |
note: function `crate::core::build_steps::test_split::run_cargo_test::run_cargo_test` exists but is inaccessible
  --> standalonex/src/bootstrap/src/core/build_steps/test_split/run_cargo_test.rs:5:1
   |
 5 | / fn run_cargo_test<'a>(
 6 | |     cargo: impl Into<BootstrapCommand>,
 7 | |     libtest_args: &[&str],
 8 | |     crates: &[String],
...  |
32 | |     add_flags_and_try_run_tests(builder, &mut cargo)
33 | | }
   | |_^ not accessible

error[E0433]: failed to resolve: use of unresolved module or unlinked crate `tool`
  --> standalonex/src/bootstrap/src/core/build_steps/test_split/test_float_parse.rs:70:29
   |
70 |         let mut cargo_run = tool::prepare_tool_cargo(
   |                             ^^^^ use of unresolved module or unlinked crate `tool`
   |
help: a builtin type with a similar name exists
   |
70 -         let mut cargo_run = tool::prepare_tool_cargo(
70 +         let mut cargo_run = bool::prepare_tool_cargo(
   |
help: there is a crate or module with a similar name
   |
70 -         let mut cargo_run = tool::prepare_tool_cargo(
70 +         let mut cargo_run = toml::prepare_tool_cargo(
   |
help: consider importing this module through its public re-export
   |
 1 + use crate::tool;
   |

error[E0433]: failed to resolve: use of undeclared type `Mode`
  --> standalonex/src/bootstrap/src/core/build_steps/test_split/test_float_parse.rs:73:13
   |
73 |             Mode::ToolStd,
   |             ^^^^ use of undeclared type `Mode`
   |
help: consider importing one of these enums
   |
 1 + use crate::Mode;
   |
 1 + use xz2::stream::Mode;
   |

error[E0433]: failed to resolve: use of undeclared type `Kind`
  --> standalonex/src/bootstrap/src/core/build_steps/test_split/test_float_parse.rs:75:13
   |
75 |             Kind::Run,
   |             ^^^^ use of undeclared type `Kind`
   |
help: consider importing this enum through its public re-export
   |
 1 + use crate::Kind;
   |

error[E0433]: failed to resolve: use of undeclared type `SourceType`
  --> standalonex/src/bootstrap/src/core/build_steps/test_split/test_float_parse.rs:77:13
   |
77 |             SourceType::InTree,
   |             ^^^^^^^^^^ use of undeclared type `SourceType`
   |
help: consider importing this enum
   |
 1 + use crate::tool::SourceType;
   |

error[E0405]: cannot find trait `Step` in this scope
 --> standalonex/src/bootstrap/src/core/build_steps/test_split/test_helpers.rs:6:6
  |
6 | impl Step for TestHelpers {
  |      ^^^^ not found in this scope
  |
help: consider importing one of these traits
  |
1 + use crate::builder::Step;
  |
1 + use std::range::Step;
  |

error[E0412]: cannot find type `ShouldRun` in this scope
 --> standalonex/src/bootstrap/src/core/build_steps/test_split/test_helpers.rs:9:24
  |
9 |     fn should_run(run: ShouldRun<'_>) -> ShouldRun<'_> {
  |                        ^^^^^^^^^ not found in this scope
  |
help: consider importing this struct
  |
1 + use crate::builder::ShouldRun;
  |

error[E0412]: cannot find type `ShouldRun` in this scope
 --> standalonex/src/bootstrap/src/core/build_steps/test_split/test_helpers.rs:9:42
  |
9 |     fn should_run(run: ShouldRun<'_>) -> ShouldRun<'_> {
  |                                          ^^^^^^^^^ not found in this scope
  |
help: consider importing this struct
  |
1 + use crate::builder::ShouldRun;
  |

error[E0412]: cannot find type `RunConfig` in this scope
  --> standalonex/src/bootstrap/src/core/build_steps/test_split/test_helpers.rs:13:22
   |
13 |     fn make_run(run: RunConfig<'_>) {
   |                      ^^^^^^^^^ not found in this scope
   |
help: consider importing this struct
   |
 1 + use crate::builder::RunConfig;
   |

error[E0412]: cannot find type `Builder` in this scope
  --> standalonex/src/bootstrap/src/core/build_steps/test_split/test_helpers.rs:27:28
   |
27 |     fn run(self, builder: &Builder<'_>) {
   |                            ^^^^^^^ not found in this scope
   |
help: consider importing one of these structs
   |
 1 + use crate::Builder;
   |
 1 + use std::thread::Builder;
   |
 1 + use tar::Builder;
   |

error[E0433]: failed to resolve: use of undeclared type `TargetSelection`
  --> standalonex/src/bootstrap/src/core/build_steps/test_split/test_helpers.rs:35:13
   |
35 |             TargetSelection::from_user("x86_64-unknown-linux-gnu")
   |             ^^^^^^^^^^^^^^^ use of undeclared type `TargetSelection`
   |
help: consider importing one of these structs
   |
 1 + use crate::TargetSelection;
   |
 1 + use bootstrap_config_utils::target_selection::TargetSelection;
   |

error[E0425]: cannot find function `up_to_date` in this scope
  --> standalonex/src/bootstrap/src/core/build_steps/test_split/test_helpers.rs:41:12
   |
41 |         if up_to_date(&src, &dst.join("librust_test_helpers.a")) {
   |            ^^^^^^^^^^ not found in this scope
   |
help: consider importing this function
   |
 1 + use crate::utils::helpers::up_to_date;
   |

error[E0433]: failed to resolve: use of undeclared type `Kind`
  --> standalonex/src/bootstrap/src/core/build_steps/test_split/test_helpers.rs:45:43
   |
45 |         let _guard = builder.msg_unstaged(Kind::Build, "test helpers", target);
   |                                           ^^^^ use of undeclared type `Kind`
   |
help: consider importing this enum through its public re-export
   |
 1 + use crate::Kind;
   |

error[E0412]: cannot find type `Builder` in this scope
 --> standalonex/src/bootstrap/src/core/build_steps/test_split/testdir.rs:1:22
  |
1 | fn testdir(builder: &Builder<'_>, host: TargetSelection) -> PathBuf {
  |                      ^^^^^^^ not found in this scope
  |
help: consider importing one of these structs
  |
1 + use crate::Builder;
  |
1 + use std::thread::Builder;
  |
1 + use tar::Builder;
  |

error[E0412]: cannot find type `TargetSelection` in this scope
 --> standalonex/src/bootstrap/src/core/build_steps/test_split/testdir.rs:1:41
  |
1 | fn testdir(builder: &Builder<'_>, host: TargetSelection) -> PathBuf {
  |                                         ^^^^^^^^^^^^^^^ not found in this scope
  |
help: consider importing one of these structs
  |
1 + use crate::TargetSelection;
  |
1 + use bootstrap_config_utils::target_selection::TargetSelection;
  |

error[E0412]: cannot find type `PathBuf` in this scope
 --> standalonex/src/bootstrap/src/core/build_steps/test_split/testdir.rs:1:61
  |
1 | fn testdir(builder: &Builder<'_>, host: TargetSelection) -> PathBuf {
  |                                                             ^^^^^^^ not found in this scope
  |
help: consider importing one of these structs
  |
1 + use crate::PathBuf;
  |
1 + use std::path::PathBuf;
  |

error[E0405]: cannot find trait `Step` in this scope
 --> standalonex/src/bootstrap/src/core/build_steps/test_split/tidy.rs:4:6
  |
4 | impl Step for Tidy {
  |      ^^^^ not found in this scope
  |
help: consider importing one of these traits
  |
1 + use crate::builder::Step;
  |
1 + use std::range::Step;
  |

error[E0412]: cannot find type `Builder` in this scope
  --> standalonex/src/bootstrap/src/core/build_steps/test_split/tidy.rs:17:28
   |
17 |     fn run(self, builder: &Builder<'_>) {
   |                            ^^^^^^^ not found in this scope
   |
help: consider importing one of these structs
   |
 1 + use crate::Builder;
   |
 1 + use std::thread::Builder;
   |
 1 + use tar::Builder;
   |

error[E0433]: failed to resolve: use of undeclared type `Tool`
  --> standalonex/src/bootstrap/src/core/build_steps/test_split/tidy.rs:18:40
   |
18 |         let mut cmd = builder.tool_cmd(Tool::Tidy);
   |                                        ^^^^ use of undeclared type `Tool`
   |
help: a builtin type with a similar name exists
   |
18 -         let mut cmd = builder.tool_cmd(Tool::Tidy);
18 +         let mut cmd = builder.tool_cmd(bool::Tidy);
   |
help: consider importing one of these items
   |
 1 + use crate::tool::Tool;
   |
 1 + use cc::Tool;
   |

error[E0433]: failed to resolve: use of undeclared type `OsStr`
  --> standalonex/src/bootstrap/src/core/build_steps/test_split/tidy.rs:37:34
   |
37 |         if args.any(|arg| arg == OsStr::new("--")) {
   |                                  ^^^^^ use of undeclared type `OsStr`
   |
help: consider importing one of these structs
   |
 1 + use std::ffi::OsStr;
   |
 1 + use clap::builder::OsStr;
   |

error[E0425]: cannot find function `get_completion` in this scope
  --> standalonex/src/bootstrap/src/core/build_steps/test_split/tidy.rs:66:19
   |
66 |         } else if get_completion(shells::Bash, &bash).is_some()
   |                   ^^^^^^^^^^^^^^ not found in this scope
   |
help: consider importing this function through its public re-export
   |
 1 + use crate::core::config::get_completion;
   |

error[E0433]: failed to resolve: use of unresolved module or unlinked crate `shells`
  --> standalonex/src/bootstrap/src/core/build_steps/test_split/tidy.rs:66:34
   |
66 |         } else if get_completion(shells::Bash, &bash).is_some()
   |                                  ^^^^^^ use of unresolved module or unlinked crate `shells`
   |
   = help: if you wanted to use a crate named `shells`, use `cargo add shells` to add it to your `Cargo.toml`
help: consider importing this module
   |
 1 + use clap_complete::shells;
   |

error[E0425]: cannot find function `get_completion` in this scope
  --> standalonex/src/bootstrap/src/core/build_steps/test_split/tidy.rs:67:16
   |
67 |             || get_completion(shells::Fish, &fish).is_some()
   |                ^^^^^^^^^^^^^^ not found in this scope
   |
help: consider importing this function through its public re-export
   |
 1 + use crate::core::config::get_completion;
   |

error[E0433]: failed to resolve: use of unresolved module or unlinked crate `shells`
  --> standalonex/src/bootstrap/src/core/build_steps/test_split/tidy.rs:67:31
   |
67 |             || get_completion(shells::Fish, &fish).is_some()
   |                               ^^^^^^ use of unresolved module or unlinked crate `shells`
   |
   = help: if you wanted to use a crate named `shells`, use `cargo add shells` to add it to your `Cargo.toml`
help: consider importing this module
   |
 1 + use clap_complete::shells;
   |

error[E0425]: cannot find function `get_completion` in this scope
  --> standalonex/src/bootstrap/src/core/build_steps/test_split/tidy.rs:68:16
   |
68 |             || get_completion(shells::PowerShell, &powershell).is_some()
   |                ^^^^^^^^^^^^^^ not found in this scope
   |
help: consider importing this function through its public re-export
   |
 1 + use crate::core::config::get_completion;
   |

error[E0433]: failed to resolve: use of unresolved module or unlinked crate `shells`
  --> standalonex/src/bootstrap/src/core/build_steps/test_split/tidy.rs:68:31
   |
68 |             || get_completion(shells::PowerShell, &powershell).is_some()
   |                               ^^^^^^ use of unresolved module or unlinked crate `shells`
   |
   = help: if you wanted to use a crate named `shells`, use `cargo add shells` to add it to your `Cargo.toml`
help: consider importing this module
   |
 1 + use clap_complete::shells;
   |

error[E0433]: failed to resolve: use of unresolved module or unlinked crate `shells`
  --> standalonex/src/bootstrap/src/core/build_steps/test_split/tidy.rs:69:45
   |
69 |             || crate::flags::get_completion(shells::Zsh, &zsh).is_some()
   |                                             ^^^^^^ use of unresolved module or unlinked crate `shells`
   |
   = help: if you wanted to use a crate named `shells`, use `cargo add shells` to add it to your `Cargo.toml`
help: consider importing this module
   |
 1 + use clap_complete::shells;
   |

error[E0412]: cannot find type `ShouldRun` in this scope
  --> standalonex/src/bootstrap/src/core/build_steps/test_split/tidy.rs:78:24
   |
78 |     fn should_run(run: ShouldRun<'_>) -> ShouldRun<'_> {
   |                        ^^^^^^^^^ not found in this scope
   |
help: consider importing this struct
   |
 1 + use crate::builder::ShouldRun;
   |

error[E0412]: cannot find type `ShouldRun` in this scope
  --> standalonex/src/bootstrap/src/core/build_steps/test_split/tidy.rs:78:42
   |
78 |     fn should_run(run: ShouldRun<'_>) -> ShouldRun<'_> {
   |                                          ^^^^^^^^^ not found in this scope
   |
help: consider importing this struct
   |
 1 + use crate::builder::ShouldRun;
   |

error[E0433]: failed to resolve: use of undeclared type `DocTests`
  --> standalonex/src/bootstrap/src/core/build_steps/test_split/tidy.rs:79:48
   |
79 |         let default = run.builder.doc_tests != DocTests::Only;
   |                                                ^^^^^^^^ use of undeclared type `DocTests`
   |
help: consider importing this enum
   |
 1 + use crate::DocTests;
   |

error[E0412]: cannot find type `RunConfig` in this scope
  --> standalonex/src/bootstrap/src/core/build_steps/test_split/tidy.rs:83:22
   |
83 |     fn make_run(run: RunConfig<'_>) {
   |                      ^^^^^^^^^ not found in this scope
   |
help: consider importing this struct
   |
 1 + use crate::builder::RunConfig;
   |

error[E0412]: cannot find type `Compiler` in this scope
 --> standalonex/src/bootstrap/src/core/build_steps/test_split/tier_check.rs:3:19
  |
3 |     pub compiler: Compiler,
  |                   ^^^^^^^^ not found in this scope
  |
help: consider importing this struct
  |
1 + use crate::Compiler;
  |

error[E0405]: cannot find trait `Step` in this scope
 --> standalonex/src/bootstrap/src/core/build_steps/test_split/tier_check.rs:6:6
  |
6 | impl Step for TierCheck {
  |      ^^^^ not found in this scope
  |
help: consider importing one of these traits
  |
1 + use crate::builder::Step;
  |
1 + use std::range::Step;
  |

error[E0412]: cannot find type `ShouldRun` in this scope
  --> standalonex/src/bootstrap/src/core/build_steps/test_split/tier_check.rs:11:24
   |
11 |     fn should_run(run: ShouldRun<'_>) -> ShouldRun<'_> {
   |                        ^^^^^^^^^ not found in this scope
   |
help: consider importing this struct
   |
 1 + use crate::builder::ShouldRun;
   |

error[E0412]: cannot find type `ShouldRun` in this scope
  --> standalonex/src/bootstrap/src/core/build_steps/test_split/tier_check.rs:11:42
   |
11 |     fn should_run(run: ShouldRun<'_>) -> ShouldRun<'_> {
   |                                          ^^^^^^^^^ not found in this scope
   |
help: consider importing this struct
   |
 1 + use crate::builder::ShouldRun;
   |

error[E0412]: cannot find type `RunConfig` in this scope
  --> standalonex/src/bootstrap/src/core/build_steps/test_split/tier_check.rs:15:22
   |
15 |     fn make_run(run: RunConfig<'_>) {
   |                      ^^^^^^^^^ not found in this scope
   |
help: consider importing this struct
   |
 1 + use crate::builder::RunConfig;
   |

error[E0412]: cannot find type `Builder` in this scope
  --> standalonex/src/bootstrap/src/core/build_steps/test_split/tier_check.rs:22:28
   |
22 |     fn run(self, builder: &Builder<'_>) {
   |                            ^^^^^^^ not found in this scope
   |
help: consider importing one of these structs
   |
 1 + use crate::Builder;
   |
 1 + use std::thread::Builder;
   |
 1 + use tar::Builder;
   |

error[E0433]: failed to resolve: use of unresolved module or unlinked crate `compile`
  --> standalonex/src/bootstrap/src/core/build_steps/test_split/tier_check.rs:23:24
   |
23 |         builder.ensure(compile::Std::new(self.compiler, self.compiler.host));
   |                        ^^^^^^^ use of unresolved module or unlinked crate `compile`
   |
   = help: if you wanted to use a crate named `compile`, use `cargo add compile` to add it to your `Cargo.toml`
help: consider importing one of these structs
   |
 1 + use crate::clean::Std;
   |
 1 + use crate::core::build_steps::compile_modules::std::Std;
   |
 1 + use crate::core::types::Std;
   |
 1 + use crate::dist::Std;
   |
   = and 2 other candidates
help: if you import `Std`, refer to it directly
   |
23 -         builder.ensure(compile::Std::new(self.compiler, self.compiler.host));
23 +         builder.ensure(Std::new(self.compiler, self.compiler.host));
   |

error[E0433]: failed to resolve: use of unresolved module or unlinked crate `tool`
  --> standalonex/src/bootstrap/src/core/build_steps/test_split/tier_check.rs:24:25
   |
24 |         let mut cargo = tool::prepare_tool_cargo(
   |                         ^^^^ use of unresolved module or unlinked crate `tool`
   |
help: a builtin type with a similar name exists
   |
24 -         let mut cargo = tool::prepare_tool_cargo(
24 +         let mut cargo = bool::prepare_tool_cargo(
   |
help: there is a crate or module with a similar name
   |
24 -         let mut cargo = tool::prepare_tool_cargo(
24 +         let mut cargo = toml::prepare_tool_cargo(
   |
help: consider importing this module through its public re-export
   |
 1 + use crate::tool;
   |

error[E0433]: failed to resolve: use of undeclared type `Mode`
  --> standalonex/src/bootstrap/src/core/build_steps/test_split/tier_check.rs:27:13
   |
27 |             Mode::ToolStd,
   |             ^^^^ use of undeclared type `Mode`
   |
help: consider importing one of these enums
   |
 1 + use crate::Mode;
   |
 1 + use xz2::stream::Mode;
   |

error[E0433]: failed to resolve: use of undeclared type `Kind`
  --> standalonex/src/bootstrap/src/core/build_steps/test_split/tier_check.rs:29:13
   |
29 |             Kind::Run,
   |             ^^^^ use of undeclared type `Kind`
   |
help: consider importing this enum through its public re-export
   |
 1 + use crate::Kind;
   |

error[E0433]: failed to resolve: use of undeclared type `SourceType`
  --> standalonex/src/bootstrap/src/core/build_steps/test_split/tier_check.rs:31:13
   |
31 |             SourceType::InTree,
   |             ^^^^^^^^^^ use of undeclared type `SourceType`
   |
help: consider importing this enum
   |
 1 + use crate::tool::SourceType;
   |

error[E0433]: failed to resolve: use of undeclared type `Kind`
  --> standalonex/src/bootstrap/src/core/build_steps/test_split/tier_check.rs:41:13
   |
41 |             Kind::Test,
   |             ^^^^ use of undeclared type `Kind`
   |
help: consider importing this enum through its public re-export
   |
 1 + use crate::Kind;
   |

error[E0433]: failed to resolve: use of undeclared type `BootstrapCommand`
  --> standalonex/src/bootstrap/src/core/build_steps/test_split/tier_check.rs:47:9
   |
47 |         BootstrapCommand::from(cargo).delay_failure().run(builder);
   |         ^^^^^^^^^^^^^^^^ use of undeclared type `BootstrapCommand`
   |
help: consider importing this struct through its public re-export
   |
 1 + use crate::BootstrapCommand;
   |

error[E0433]: failed to resolve: could not find `Std` in `compile`
  --> standalonex/src/bootstrap/src/core/build_steps/tool.rs:80:41
   |
80 |                 builder.ensure(compile::Std::new(compiler, compiler.host));
   |                                         ^^^ could not find `Std` in `compile`
   |
help: consider importing one of these structs
   |
 1 + use crate::clean::Std;
   |
 1 + use crate::core::build_steps::compile_modules::std::Std;
   |
 1 + use crate::core::types::Std;
   |
 1 + use crate::dist::Std;
   |
   = and 2 other candidates
help: if you import `Std`, refer to it directly
   |
80 -                 builder.ensure(compile::Std::new(compiler, compiler.host));
80 +                 builder.ensure(Std::new(compiler, compiler.host));
   |

error[E0433]: failed to resolve: could not find `Rustc` in `compile`
  --> standalonex/src/bootstrap/src/core/build_steps/tool.rs:81:41
   |
81 |                 builder.ensure(compile::Rustc::new(compiler, target));
   |                                         ^^^^^ could not find `Rustc` in `compile`
   |
help: consider importing one of these structs
   |
 1 + use crate::clean::Rustc;
   |
 1 + use crate::core::build_steps::compile_modules::rustc::Rustc;
   |
 1 + use crate::core::types::Rustc;
   |
 1 + use crate::dist::Rustc;
   |
   = and 2 other candidates
help: if you import `Rustc`, refer to it directly
   |
81 -                 builder.ensure(compile::Rustc::new(compiler, target));
81 +                 builder.ensure(Rustc::new(compiler, target));
   |

error[E0433]: failed to resolve: could not find `Std` in `compile`
  --> standalonex/src/bootstrap/src/core/build_steps/tool.rs:83:54
   |
83 |             Mode::ToolStd => builder.ensure(compile::Std::new(compiler, target)),
   |                                                      ^^^ could not find `Std` in `compile`
   |
help: consider importing one of these structs
   |
 1 + use crate::clean::Std;
   |
 1 + use crate::core::build_steps::compile_modules::std::Std;
   |
 1 + use crate::core::types::Std;
   |
 1 + use crate::dist::Std;
   |
   = and 2 other candidates
help: if you import `Std`, refer to it directly
   |
83 -             Mode::ToolStd => builder.ensure(compile::Std::new(compiler, target)),
83 +             Mode::ToolStd => builder.ensure(Std::new(compiler, target)),
   |

error[E0425]: cannot find function `stream_cargo` in module `compile`
   --> standalonex/src/bootstrap/src/core/build_steps/tool.rs:112:38
    |
112 |         let build_success = compile::stream_cargo(builder, cargo, vec![], &mut |_| {});
    |                                      ^^^^^^^^^^^^ not found in `compile`
    |
help: consider importing this function
    |
  1 + use crate::core::build_steps::compile_modules::stream_cargo::stream_cargo;
    |
help: if you import `stream_cargo`, refer to it directly
    |
112 -         let build_success = compile::stream_cargo(builder, cargo, vec![], &mut |_| {});
112 +         let build_success = stream_cargo(builder, cargo, vec![], &mut |_| {});
    |

error[E0433]: failed to resolve: could not find `Std` in `compile`
   --> standalonex/src/bootstrap/src/core/build_steps/tool.rs:628:33
    |
628 |         builder.ensure(compile::Std::new(build_compiler, target_compiler.host));
    |                                 ^^^ could not find `Std` in `compile`
    |
help: consider importing one of these structs
    |
  1 + use crate::clean::Std;
    |
  1 + use crate::core::build_steps::compile_modules::std::Std;
    |
  1 + use crate::core::types::Std;
    |
  1 + use crate::dist::Std;
    |
    = and 2 other candidates
help: if you import `Std`, refer to it directly
    |
628 -         builder.ensure(compile::Std::new(build_compiler, target_compiler.host));
628 +         builder.ensure(Std::new(build_compiler, target_compiler.host));
    |

error[E0433]: failed to resolve: could not find `Rustc` in `compile`
   --> standalonex/src/bootstrap/src/core/build_steps/tool.rs:629:33
    |
629 |         builder.ensure(compile::Rustc::new(build_compiler, target_compiler.host));
    |                                 ^^^^^ could not find `Rustc` in `compile`
    |
help: consider importing one of these structs
    |
  1 + use crate::clean::Rustc;
    |
  1 + use crate::core::build_steps::compile_modules::rustc::Rustc;
    |
  1 + use crate::core::types::Rustc;
    |
  1 + use crate::dist::Rustc;
    |
    = and 2 other candidates
help: if you import `Rustc`, refer to it directly
    |
629 -         builder.ensure(compile::Rustc::new(build_compiler, target_compiler.host));
629 +         builder.ensure(Rustc::new(build_compiler, target_compiler.host));
    |

error[E0433]: failed to resolve: could not find `Std` in `compile`
   --> standalonex/src/bootstrap/src/core/build_steps/tool.rs:876:37
    |
876 |             builder.ensure(compile::Std::new(self.compiler, self.compiler.host));
    |                                     ^^^ could not find `Std` in `compile`
    |
help: consider importing one of these structs
    |
  1 + use crate::clean::Std;
    |
  1 + use crate::core::build_steps::compile_modules::std::Std;
    |
  1 + use crate::core::types::Std;
    |
  1 + use crate::dist::Std;
    |
    = and 2 other candidates
help: if you import `Std`, refer to it directly
    |
876 -             builder.ensure(compile::Std::new(self.compiler, self.compiler.host));
876 +             builder.ensure(Std::new(self.compiler, self.compiler.host));
    |

error[E0433]: failed to resolve: could not find `Rustc` in `compile`
   --> standalonex/src/bootstrap/src/core/build_steps/tool.rs:877:37
    |
877 |             builder.ensure(compile::Rustc::new(self.compiler, self.target));
    |                                     ^^^^^ could not find `Rustc` in `compile`
    |
help: consider importing one of these structs
    |
  1 + use crate::clean::Rustc;
    |
  1 + use crate::core::build_steps::compile_modules::rustc::Rustc;
    |
  1 + use crate::core::types::Rustc;
    |
  1 + use crate::dist::Rustc;
    |
    = and 2 other candidates
help: if you import `Rustc`, refer to it directly
    |
877 -             builder.ensure(compile::Rustc::new(self.compiler, self.target));
877 +             builder.ensure(Rustc::new(self.compiler, self.target));
    |

error[E0433]: failed to resolve: could not find `Std` in `compile`
   --> standalonex/src/bootstrap/src/core/builder/cargo.rs:805:34
    |
805 |             self.ensure(compile::Std::new(compiler, compiler.host));
    |                                  ^^^ could not find `Std` in `compile`
    |
help: consider importing one of these structs
    |
  1 + use crate::clean::Std;
    |
  1 + use crate::core::build_steps::compile_modules::std::Std;
    |
  1 + use crate::core::types::Std;
    |
  1 + use crate::dist::Std;
    |
    = and 2 other candidates
help: if you import `Std`, refer to it directly
    |
805 -             self.ensure(compile::Std::new(compiler, compiler.host));
805 +             self.ensure(Std::new(compiler, compiler.host));
    |

error[E0433]: failed to resolve: could not find `Miri` in `test`
   --> standalonex/src/bootstrap/src/core/builder/cargo.rs:807:38
    |
807 |             let miri_sysroot = test::Miri::build_miri_sysroot(self, compiler, target);
    |                                      ^^^^ could not find `Miri` in `test`
    |
help: consider importing one of these structs
    |
  1 + use crate::check::Miri;
    |
  1 + use crate::clippy::Miri;
    |
  1 + use crate::core::build_steps::test_split::miri::Miri;
    |
  1 + use crate::dist::Miri;
    |
    = and 4 other candidates
help: if you import `Miri`, refer to it directly
    |
807 -             let miri_sysroot = test::Miri::build_miri_sysroot(self, compiler, target);
807 +             let miri_sysroot = Miri::build_miri_sysroot(self, compiler, target);
    |

error[E0412]: cannot find type `Std` in module `compile`
   --> standalonex/src/bootstrap/src/core/builder/mod.rs:779:26
    |
779 |                 compile::Std,
    |                          ^^^ not found in `compile`
    |
help: consider importing one of these structs
    |
  1 + use crate::clean::Std;
    |
  1 + use crate::core::build_steps::compile_modules::std::Std;
    |
  1 + use crate::core::types::Std;
    |
  1 + use crate::dist::Std;
    |
    = and 2 other candidates
help: if you import `Std`, refer to it directly
    |
779 -                 compile::Std,
779 +                 Std,
    |

error[E0412]: cannot find type `Rustc` in module `compile`
   --> standalonex/src/bootstrap/src/core/builder/mod.rs:780:26
    |
780 |                 compile::Rustc,
    |                          ^^^^^ not found in `compile`
    |
help: consider importing one of these structs
    |
  1 + use crate::clean::Rustc;
    |
  1 + use crate::core::build_steps::compile_modules::rustc::Rustc;
    |
  1 + use crate::core::types::Rustc;
    |
  1 + use crate::dist::Rustc;
    |
    = and 2 other candidates
help: if you import `Rustc`, refer to it directly
    |
780 -                 compile::Rustc,
780 +                 Rustc,
    |

error[E0412]: cannot find type `Assemble` in module `compile`
   --> standalonex/src/bootstrap/src/core/builder/mod.rs:781:26
    |
781 |                 compile::Assemble,
    |                          ^^^^^^^^ not found in `compile`
    |
help: consider importing this struct
    |
  1 + use crate::core::build_steps::compile_modules::assemble::Assemble;
    |
help: if you import `Assemble`, refer to it directly
    |
781 -                 compile::Assemble,
781 +                 Assemble,
    |

error[E0412]: cannot find type `CodegenBackend` in module `compile`
   --> standalonex/src/bootstrap/src/core/builder/mod.rs:782:26
    |
782 |                 compile::CodegenBackend,
    |                          ^^^^^^^^^^^^^^ not found in `compile`
    |
help: consider importing one of these structs
    |
  1 + use crate::check::CodegenBackend;
    |
  1 + use crate::core::build_steps::compile_modules::codegen_backend::CodegenBackend;
    |
  1 + use crate::dist::CodegenBackend;
    |
help: if you import `CodegenBackend`, refer to it directly
    |
782 -                 compile::CodegenBackend,
782 +                 CodegenBackend,
    |

error[E0412]: cannot find type `StartupObjects` in module `compile`
   --> standalonex/src/bootstrap/src/core/builder/mod.rs:783:26
    |
783 |                 compile::StartupObjects,
    |                          ^^^^^^^^^^^^^^ not found in `compile`
    |
help: consider importing this struct
    |
  1 + use crate::core::build_steps::compile_modules::startup_objects::StartupObjects;
    |
help: if you import `StartupObjects`, refer to it directly
    |
783 -                 compile::StartupObjects,
783 +                 StartupObjects,
    |

error[E0412]: cannot find type `Std` in module `clippy`
   --> standalonex/src/bootstrap/src/core/builder/mod.rs:818:25
    |
818 |                 clippy::Std,
    |                         ^^^ not found in `clippy`
    |
help: consider importing one of these structs
    |
  1 + use crate::clean::Std;
    |
  1 + use crate::core::build_steps::compile_modules::std::Std;
    |
  1 + use crate::core::types::Std;
    |
  1 + use crate::dist::Std;
    |
    = and 2 other candidates
help: if you import `Std`, refer to it directly
    |
818 -                 clippy::Std,
818 +                 Std,
    |

error[E0412]: cannot find type `Rustc` in module `clippy`
   --> standalonex/src/bootstrap/src/core/builder/mod.rs:819:25
    |
819 |                 clippy::Rustc,
    |                         ^^^^^ not found in `clippy`
    |
help: consider importing one of these structs
    |
  1 + use crate::clean::Rustc;
    |
  1 + use crate::core::build_steps::compile_modules::rustc::Rustc;
    |
  1 + use crate::core::types::Rustc;
    |
  1 + use crate::dist::Rustc;
    |
    = and 2 other candidates
help: if you import `Rustc`, refer to it directly
    |
819 -                 clippy::Rustc,
819 +                 Rustc,
    |

error[E0412]: cannot find type `Std` in module `check`
   --> standalonex/src/bootstrap/src/core/builder/mod.rs:847:24
    |
847 |                 check::Std,
    |                        ^^^ not found in `check`
    |
help: consider importing one of these structs
    |
  1 + use crate::clean::Std;
    |
  1 + use crate::core::build_steps::compile_modules::std::Std;
    |
  1 + use crate::core::types::Std;
    |
  1 + use crate::dist::Std;
    |
    = and 2 other candidates
help: if you import `Std`, refer to it directly
    |
847 -                 check::Std,
847 +                 Std,
    |

error[E0412]: cannot find type `Rustc` in module `check`
   --> standalonex/src/bootstrap/src/core/builder/mod.rs:848:24
    |
848 |                 check::Rustc,
    |                        ^^^^^ not found in `check`
    |
help: consider importing one of these structs
    |
  1 + use crate::clean::Rustc;
    |
  1 + use crate::core::build_steps::compile_modules::rustc::Rustc;
    |
  1 + use crate::core::types::Rustc;
    |
  1 + use crate::dist::Rustc;
    |
    = and 2 other candidates
help: if you import `Rustc`, refer to it directly
    |
848 -                 check::Rustc,
848 +                 Rustc,
    |

error[E0412]: cannot find type `Tidy` in module `test`
   --> standalonex/src/bootstrap/src/core/builder/mod.rs:863:23
    |
863 |                 test::Tidy,
    |                       ^^^^ not found in `test`
    |
help: consider importing one of these structs
    |
  1 + use crate::clippy::Tidy;
    |
  1 + use crate::core::build_steps::test_split::tidy::Tidy;
    |
  1 + use crate::doc::Tidy;
    |
  1 + use crate::tool::Tidy;
    |
help: if you import `Tidy`, refer to it directly
    |
863 -                 test::Tidy,
863 +                 Tidy,
    |

error[E0412]: cannot find type `Ui` in module `test`
   --> standalonex/src/bootstrap/src/core/builder/mod.rs:864:23
    |
864 |                 test::Ui,
    |                       ^^ not found in `test`

error[E0412]: cannot find type `Crashes` in module `test`
   --> standalonex/src/bootstrap/src/core/builder/mod.rs:865:23
    |
865 |                 test::Crashes,
    |                       ^^^^^^^ not found in `test`

error[E0412]: cannot find type `Coverage` in module `test`
   --> standalonex/src/bootstrap/src/core/builder/mod.rs:866:23
    |
866 |                 test::Coverage,
    |                       ^^^^^^^^ not found in `test`
    |
help: consider importing this struct
    |
  1 + use crate::core::build_steps::test_split::coverage::Coverage;
    |
help: if you import `Coverage`, refer to it directly
    |
866 -                 test::Coverage,
866 +                 Coverage,
    |

error[E0412]: cannot find type `CoverageMap` in module `test`
   --> standalonex/src/bootstrap/src/core/builder/mod.rs:867:23
    |
867 |                 test::CoverageMap,
    |                       ^^^^^^^^^^^ not found in `test`

error[E0412]: cannot find type `CoverageRun` in module `test`
   --> standalonex/src/bootstrap/src/core/builder/mod.rs:868:23
    |
868 |                 test::CoverageRun,
    |                       ^^^^^^^^^^^ not found in `test`

error[E0412]: cannot find type `MirOpt` in module `test`
   --> standalonex/src/bootstrap/src/core/builder/mod.rs:869:23
    |
869 |                 test::MirOpt,
    |                       ^^^^^^ not found in `test`
    |
help: consider importing this struct
    |
  1 + use crate::core::build_steps::test_split::mir_opt::MirOpt;
    |
help: if you import `MirOpt`, refer to it directly
    |
869 -                 test::MirOpt,
869 +                 MirOpt,
    |

error[E0412]: cannot find type `Codegen` in module `test`
   --> standalonex/src/bootstrap/src/core/builder/mod.rs:870:23
    |
870 |                 test::Codegen,
    |                       ^^^^^^^ not found in `test`
    |
help: there is an enum variant `crate::Mode::Codegen`; try using the variant's enum
    |
870 -                 test::Codegen,
870 +                 crate::Mode,
    |

error[E0412]: cannot find type `CodegenUnits` in module `test`
   --> standalonex/src/bootstrap/src/core/builder/mod.rs:871:23
    |
871 |                 test::CodegenUnits,
    |                       ^^^^^^^^^^^^ not found in `test`

error[E0412]: cannot find type `Assembly` in module `test`
   --> standalonex/src/bootstrap/src/core/builder/mod.rs:872:23
    |
872 |                 test::Assembly,
    |                       ^^^^^^^^ not found in `test`

error[E0412]: cannot find type `Incremental` in module `test`
   --> standalonex/src/bootstrap/src/core/builder/mod.rs:873:23
    |
873 |                 test::Incremental,
    |                       ^^^^^^^^^^^ not found in `test`

error[E0412]: cannot find type `Debuginfo` in module `test`
   --> standalonex/src/bootstrap/src/core/builder/mod.rs:874:23
    |
874 |                 test::Debuginfo,
    |                       ^^^^^^^^^ not found in `test`

error[E0412]: cannot find type `UiFullDeps` in module `test`
   --> standalonex/src/bootstrap/src/core/builder/mod.rs:875:23
    |
875 |                 test::UiFullDeps,
    |                       ^^^^^^^^^^ not found in `test`

error[E0412]: cannot find type `CodegenCranelift` in module `test`
   --> standalonex/src/bootstrap/src/core/builder/mod.rs:876:23
    |
876 |                 test::CodegenCranelift,
    |                       ^^^^^^^^^^^^^^^^ not found in `test`
    |
help: consider importing this struct
    |
  1 + use crate::core::build_steps::test_split::codegen_cranelift::CodegenCranelift;
    |
help: if you import `CodegenCranelift`, refer to it directly
    |
876 -                 test::CodegenCranelift,
876 +                 CodegenCranelift,
    |

error[E0412]: cannot find type `CodegenGCC` in module `test`
   --> standalonex/src/bootstrap/src/core/builder/mod.rs:877:23
    |
877 |                 test::CodegenGCC,
    |                       ^^^^^^^^^^ not found in `test`
    |
help: consider importing this struct
    |
  1 + use crate::core::build_steps::test_split::codegen_gcc::CodegenGCC;
    |
help: if you import `CodegenGCC`, refer to it directly
    |
877 -                 test::CodegenGCC,
877 +                 CodegenGCC,
    |

error[E0412]: cannot find type `Rustdoc` in module `test`
   --> standalonex/src/bootstrap/src/core/builder/mod.rs:878:23
    |
878 |                 test::Rustdoc,
    |                       ^^^^^^^ not found in `test`
    |
help: consider importing one of these structs
    |
  1 + use crate::check::Rustdoc;
    |
  1 + use crate::clippy::Rustdoc;
    |
  1 + use crate::doc::Rustdoc;
    |
  1 + use crate::tool::Rustdoc;
    |
help: if you import `Rustdoc`, refer to it directly
    |
878 -                 test::Rustdoc,
878 +                 Rustdoc,
    |

error[E0412]: cannot find type `CoverageRunRustdoc` in module `test`
   --> standalonex/src/bootstrap/src/core/builder/mod.rs:879:23
    |
879 |                 test::CoverageRunRustdoc,
    |                       ^^^^^^^^^^^^^^^^^^ not found in `test`

error[E0412]: cannot find type `Pretty` in module `test`
   --> standalonex/src/bootstrap/src/core/builder/mod.rs:880:23
    |
880 |                 test::Pretty,
    |                       ^^^^^^ not found in `test`

error[E0412]: cannot find type `Crate` in module `test`
   --> standalonex/src/bootstrap/src/core/builder/mod.rs:881:23
    |
881 |                 test::Crate,
    |                       ^^^^^ not found in `test`
    |
help: consider importing this struct
    |
  1 + use crate::Crate;
    |
help: if you import `Crate`, refer to it directly
    |
881 -                 test::Crate,
881 +                 Crate,
    |

error[E0412]: cannot find type `CrateLibrustc` in module `test`
   --> standalonex/src/bootstrap/src/core/builder/mod.rs:882:23
    |
882 |                 test::CrateLibrustc,
    |                       ^^^^^^^^^^^^^ not found in `test`
    |
help: consider importing this struct
    |
  1 + use crate::core::build_steps::test_split::crate_librustc::CrateLibrustc;
    |
help: if you import `CrateLibrustc`, refer to it directly
    |
882 -                 test::CrateLibrustc,
882 +                 CrateLibrustc,
    |

error[E0412]: cannot find type `CrateRustdoc` in module `test`
   --> standalonex/src/bootstrap/src/core/builder/mod.rs:883:23
    |
883 |                 test::CrateRustdoc,
    |                       ^^^^^^^^^^^^ not found in `test`
    |
help: consider importing this struct
    |
  1 + use crate::core::build_steps::test_split::crate_rustdoc::CrateRustdoc;
    |
help: if you import `CrateRustdoc`, refer to it directly
    |
883 -                 test::CrateRustdoc,
883 +                 CrateRustdoc,
    |

error[E0412]: cannot find type `CrateRustdocJsonTypes` in module `test`
   --> standalonex/src/bootstrap/src/core/builder/mod.rs:884:23
    |
884 |                 test::CrateRustdocJsonTypes,
    |                       ^^^^^^^^^^^^^^^^^^^^^ not found in `test`
    |
help: consider importing this struct
    |
  1 + use crate::core::build_steps::test_split::crate_rustdoc_json_types::CrateRustdocJsonTypes;
    |
help: if you import `CrateRustdocJsonTypes`, refer to it directly
    |
884 -                 test::CrateRustdocJsonTypes,
884 +                 CrateRustdocJsonTypes,
    |

error[E0412]: cannot find type `CrateBootstrap` in module `test`
   --> standalonex/src/bootstrap/src/core/builder/mod.rs:885:23
    |
885 |                 test::CrateBootstrap,
    |                       ^^^^^^^^^^^^^^ not found in `test`
    |
help: consider importing this struct
    |
  1 + use crate::core::build_steps::test_split::crate_bootstrap::CrateBootstrap;
    |
help: if you import `CrateBootstrap`, refer to it directly
    |
885 -                 test::CrateBootstrap,
885 +                 CrateBootstrap,
    |

error[E0412]: cannot find type `Linkcheck` in module `test`
   --> standalonex/src/bootstrap/src/core/builder/mod.rs:886:23
    |
886 |                 test::Linkcheck,
    |                       ^^^^^^^^^ not found in `test`
    |
help: consider importing this struct
    |
  1 + use crate::core::build_steps::test_split::linkcheck::Linkcheck;
    |
help: if you import `Linkcheck`, refer to it directly
    |
886 -                 test::Linkcheck,
886 +                 Linkcheck,
    |

error[E0412]: cannot find type `TierCheck` in module `test`
   --> standalonex/src/bootstrap/src/core/builder/mod.rs:887:23
    |
887 |                 test::TierCheck,
    |                       ^^^^^^^^^ not found in `test`
    |
help: consider importing this struct
    |
  1 + use crate::core::build_steps::test_split::tier_check::TierCheck;
    |
help: if you import `TierCheck`, refer to it directly
    |
887 -                 test::TierCheck,
887 +                 TierCheck,
    |

error[E0412]: cannot find type `Cargotest` in module `test`
   --> standalonex/src/bootstrap/src/core/builder/mod.rs:888:23
    |
888 |                 test::Cargotest,
    |                       ^^^^^^^^^ not found in `test`
    |
help: consider importing this struct
    |
  1 + use crate::core::build_steps::test_split::cargotest::Cargotest;
    |
help: if you import `Cargotest`, refer to it directly
    |
888 -                 test::Cargotest,
888 +                 Cargotest,
    |

error[E0412]: cannot find type `Cargo` in module `test`
   --> standalonex/src/bootstrap/src/core/builder/mod.rs:889:23
    |
889 |                 test::Cargo,
    |                       ^^^^^ not found in `test`
    |
help: consider importing one of these structs
    |
  1 + use crate::builder::Cargo;
    |
  1 + use crate::core::build_steps::test_split::cargo::Cargo;
    |
  1 + use crate::dist::Cargo;
    |
  1 + use crate::doc::Cargo;
    |
    = and 2 other candidates
help: if you import `Cargo`, refer to it directly
    |
889 -                 test::Cargo,
889 +                 Cargo,
    |

error[E0412]: cannot find type `RustAnalyzer` in module `test`
   --> standalonex/src/bootstrap/src/core/builder/mod.rs:890:23
    |
890 |                 test::RustAnalyzer,
    |                       ^^^^^^^^^^^^ not found in `test`
    |
help: consider importing one of these structs
    |
  1 + use crate::check::RustAnalyzer;
    |
  1 + use crate::clippy::RustAnalyzer;
    |
  1 + use crate::core::build_steps::test_split::rust_analyzer::RustAnalyzer;
    |
  1 + use crate::dist::RustAnalyzer;
    |
    = and 2 other candidates
help: if you import `RustAnalyzer`, refer to it directly
    |
890 -                 test::RustAnalyzer,
890 +                 RustAnalyzer,
    |

error[E0412]: cannot find type `ErrorIndex` in module `test`
   --> standalonex/src/bootstrap/src/core/builder/mod.rs:891:23
    |
891 |                 test::ErrorIndex,
    |                       ^^^^^^^^^^ not found in `test`
    |
help: consider importing one of these structs
    |
  1 + use crate::core::build_steps::test_split::error_index::ErrorIndex;
    |
  1 + use crate::doc::ErrorIndex;
    |
  1 + use crate::tool::ErrorIndex;
    |
help: if you import `ErrorIndex`, refer to it directly
    |
891 -                 test::ErrorIndex,
891 +                 ErrorIndex,
    |

error[E0412]: cannot find type `Distcheck` in module `test`
   --> standalonex/src/bootstrap/src/core/builder/mod.rs:892:23
    |
892 |                 test::Distcheck,
    |                       ^^^^^^^^^ not found in `test`
    |
help: consider importing this struct
    |
  1 + use crate::core::build_steps::test_split::distcheck::Distcheck;
    |
help: if you import `Distcheck`, refer to it directly
    |
892 -                 test::Distcheck,
892 +                 Distcheck,
    |

error[E0412]: cannot find type `Nomicon` in module `test`
   --> standalonex/src/bootstrap/src/core/builder/mod.rs:893:23
    |
893 |                 test::Nomicon,
    |                       ^^^^^^^ not found in `test`
    |
help: consider importing this struct
    |
  1 + use crate::doc::Nomicon;
    |
help: if you import `Nomicon`, refer to it directly
    |
893 -                 test::Nomicon,
893 +                 Nomicon,
    |

error[E0412]: cannot find type `Reference` in module `test`
   --> standalonex/src/bootstrap/src/core/builder/mod.rs:894:23
    |
894 |                 test::Reference,
    |                       ^^^^^^^^^ not found in `test`
    |
help: consider importing this struct
    |
  1 + use crate::doc::Reference;
    |
help: if you import `Reference`, refer to it directly
    |
894 -                 test::Reference,
894 +                 Reference,
    |

error[E0412]: cannot find type `RustdocBook` in module `test`
   --> standalonex/src/bootstrap/src/core/builder/mod.rs:895:23
    |
895 |                 test::RustdocBook,
    |                       ^^^^^^^^^^^ not found in `test`
    |
help: consider importing this struct
    |
  1 + use crate::doc::RustdocBook;
    |
help: if you import `RustdocBook`, refer to it directly
    |
895 -                 test::RustdocBook,
895 +                 RustdocBook,
    |

error[E0412]: cannot find type `RustByExample` in module `test`
   --> standalonex/src/bootstrap/src/core/builder/mod.rs:896:23
    |
896 |                 test::RustByExample,
    |                       ^^^^^^^^^^^^^ not found in `test`
    |
help: consider importing this struct
    |
  1 + use crate::doc::RustByExample;
    |
help: if you import `RustByExample`, refer to it directly
    |
896 -                 test::RustByExample,
896 +                 RustByExample,
    |

error[E0412]: cannot find type `TheBook` in module `test`
   --> standalonex/src/bootstrap/src/core/builder/mod.rs:897:23
    |
897 |                 test::TheBook,
    |                       ^^^^^^^ not found in `test`
    |
help: consider importing this struct
    |
  1 + use crate::doc::TheBook;
    |
help: if you import `TheBook`, refer to it directly
    |
897 -                 test::TheBook,
897 +                 TheBook,
    |

error[E0412]: cannot find type `UnstableBook` in module `test`
   --> standalonex/src/bootstrap/src/core/builder/mod.rs:898:23
    |
898 |                 test::UnstableBook,
    |                       ^^^^^^^^^^^^ not found in `test`
    |
help: consider importing this struct
    |
  1 + use crate::doc::UnstableBook;
    |
help: if you import `UnstableBook`, refer to it directly
    |
898 -                 test::UnstableBook,
898 +                 UnstableBook,
    |

error[E0412]: cannot find type `RustcBook` in module `test`
   --> standalonex/src/bootstrap/src/core/builder/mod.rs:899:23
    |
899 |                 test::RustcBook,
    |                       ^^^^^^^^^ not found in `test`
    |
help: consider importing this struct
    |
  1 + use crate::doc::RustcBook;
    |
help: if you import `RustcBook`, refer to it directly
    |
899 -                 test::RustcBook,
899 +                 RustcBook,
    |

error[E0412]: cannot find type `LintDocs` in module `test`
   --> standalonex/src/bootstrap/src/core/builder/mod.rs:900:23
    |
900 |                 test::LintDocs,
    |                       ^^^^^^^^ not found in `test`
    |
help: consider importing one of these structs
    |
  1 + use crate::clippy::LintDocs;
    |
  1 + use crate::core::build_steps::test_split::lint_docs::LintDocs;
    |
  1 + use crate::tool::LintDocs;
    |
help: if you import `LintDocs`, refer to it directly
    |
900 -                 test::LintDocs,
900 +                 LintDocs,
    |

error[E0412]: cannot find type `RustcGuide` in module `test`
   --> standalonex/src/bootstrap/src/core/builder/mod.rs:901:23
    |
901 |                 test::RustcGuide,
    |                       ^^^^^^^^^^ not found in `test`
    |
help: consider importing this struct
    |
  1 + use crate::core::build_steps::test_split::rustc_guide::RustcGuide;
    |
help: if you import `RustcGuide`, refer to it directly
    |
901 -                 test::RustcGuide,
901 +                 RustcGuide,
    |

error[E0412]: cannot find type `EmbeddedBook` in module `test`
   --> standalonex/src/bootstrap/src/core/builder/mod.rs:902:23
    |
902 |                 test::EmbeddedBook,
    |                       ^^^^^^^^^^^^ not found in `test`
    |
help: consider importing this struct
    |
  1 + use crate::doc::EmbeddedBook;
    |
help: if you import `EmbeddedBook`, refer to it directly
    |
902 -                 test::EmbeddedBook,
902 +                 EmbeddedBook,
    |

error[E0412]: cannot find type `EditionGuide` in module `test`
   --> standalonex/src/bootstrap/src/core/builder/mod.rs:903:23
    |
903 |                 test::EditionGuide,
    |                       ^^^^^^^^^^^^ not found in `test`
    |
help: consider importing this struct
    |
  1 + use crate::doc::EditionGuide;
    |
help: if you import `EditionGuide`, refer to it directly
    |
903 -                 test::EditionGuide,
903 +                 EditionGuide,
    |

error[E0412]: cannot find type `Rustfmt` in module `test`
   --> standalonex/src/bootstrap/src/core/builder/mod.rs:904:23
    |
904 |                 test::Rustfmt,
    |                       ^^^^^^^ not found in `test`
    |
help: consider importing one of these structs
    |
  1 + use crate::check::Rustfmt;
    |
  1 + use crate::clippy::Rustfmt;
    |
  1 + use crate::core::build_steps::test_split::rustfmt::Rustfmt;
    |
  1 + use crate::dist::Rustfmt;
    |
    = and 3 other candidates
help: if you import `Rustfmt`, refer to it directly
    |
904 -                 test::Rustfmt,
904 +                 Rustfmt,
    |

error[E0412]: cannot find type `Miri` in module `test`
   --> standalonex/src/bootstrap/src/core/builder/mod.rs:905:23
    |
905 |                 test::Miri,
    |                       ^^^^ not found in `test`
    |
help: consider importing one of these structs
    |
  1 + use crate::check::Miri;
    |
  1 + use crate::clippy::Miri;
    |
  1 + use crate::core::build_steps::test_split::miri::Miri;
    |
  1 + use crate::dist::Miri;
    |
    = and 4 other candidates
help: if you import `Miri`, refer to it directly
    |
905 -                 test::Miri,
905 +                 Miri,
    |

error[E0412]: cannot find type `CargoMiri` in module `test`
   --> standalonex/src/bootstrap/src/core/builder/mod.rs:906:23
    |
906 |                 test::CargoMiri,
    |                       ^^^^^^^^^ not found in `test`
    |
help: consider importing one of these structs
    |
  1 + use crate::check::CargoMiri;
    |
  1 + use crate::clippy::CargoMiri;
    |
  1 + use crate::core::build_steps::test_split::cargo_miri::CargoMiri;
    |
  1 + use crate::tool::CargoMiri;
    |
help: if you import `CargoMiri`, refer to it directly
    |
906 -                 test::CargoMiri,
906 +                 CargoMiri,
    |

error[E0412]: cannot find type `Clippy` in module `test`
   --> standalonex/src/bootstrap/src/core/builder/mod.rs:907:23
    |
907 |                 test::Clippy,
    |                       ^^^^^^ not found in `test`
    |
help: consider importing one of these structs
    |
  1 + use crate::check::Clippy;
    |
  1 + use crate::clippy::Clippy;
    |
  1 + use crate::core::build_steps::test_split::clippy::Clippy;
    |
  1 + use crate::dist::Clippy;
    |
    = and 3 other candidates
help: if you import `Clippy`, refer to it directly
    |
907 -                 test::Clippy,
907 +                 Clippy,
    |

error[E0412]: cannot find type `CompiletestTest` in module `test`
   --> standalonex/src/bootstrap/src/core/builder/mod.rs:908:23
    |
908 |                 test::CompiletestTest,
    |                       ^^^^^^^^^^^^^^^ not found in `test`
    |
help: consider importing this struct
    |
  1 + use crate::core::build_steps::test_split::compiletest_test::CompiletestTest;
    |
help: if you import `CompiletestTest`, refer to it directly
    |
908 -                 test::CompiletestTest,
908 +                 CompiletestTest,
    |

error[E0412]: cannot find type `CrateRunMakeSupport` in module `test`
   --> standalonex/src/bootstrap/src/core/builder/mod.rs:909:23
    |
909 |                 test::CrateRunMakeSupport,
    |                       ^^^^^^^^^^^^^^^^^^^ not found in `test`
    |
help: consider importing this struct
    |
  1 + use crate::core::build_steps::test_split::crate_run_make_support::CrateRunMakeSupport;
    |
help: if you import `CrateRunMakeSupport`, refer to it directly
    |
909 -                 test::CrateRunMakeSupport,
909 +                 CrateRunMakeSupport,
    |

error[E0412]: cannot find type `CrateBuildHelper` in module `test`
   --> standalonex/src/bootstrap/src/core/builder/mod.rs:910:23
    |
910 |                 test::CrateBuildHelper,
    |                       ^^^^^^^^^^^^^^^^ not found in `test`
    |
help: consider importing this struct
    |
  1 + use crate::core::build_steps::test_split::crate_build_helper::CrateBuildHelper;
    |
help: if you import `CrateBuildHelper`, refer to it directly
    |
910 -                 test::CrateBuildHelper,
910 +                 CrateBuildHelper,
    |

error[E0412]: cannot find type `RustdocJSStd` in module `test`
   --> standalonex/src/bootstrap/src/core/builder/mod.rs:911:23
    |
911 |                 test::RustdocJSStd,
    |                       ^^^^^^^^^^^^ not found in `test`
    |
help: consider importing this struct
    |
  1 + use crate::core::build_steps::test_split::rustdoc_js_std::RustdocJSStd;
    |
help: if you import `RustdocJSStd`, refer to it directly
    |
911 -                 test::RustdocJSStd,
911 +                 RustdocJSStd,
    |

error[E0412]: cannot find type `RustdocJSNotStd` in module `test`
   --> standalonex/src/bootstrap/src/core/builder/mod.rs:912:23
    |
912 |                 test::RustdocJSNotStd,
    |                       ^^^^^^^^^^^^^^^ not found in `test`
    |
help: consider importing this struct
    |
  1 + use crate::core::build_steps::test_split::rustdoc_js_not_std::RustdocJSNotStd;
    |
help: if you import `RustdocJSNotStd`, refer to it directly
    |
912 -                 test::RustdocJSNotStd,
912 +                 RustdocJSNotStd,
    |

error[E0412]: cannot find type `RustdocGUI` in module `test`
   --> standalonex/src/bootstrap/src/core/builder/mod.rs:913:23
    |
913 |                 test::RustdocGUI,
    |                       ^^^^^^^^^^ not found in `test`
    |
help: consider importing this struct
    |
  1 + use crate::core::build_steps::test_split::rustdoc_gui::RustdocGUI;
    |
help: if you import `RustdocGUI`, refer to it directly
    |
913 -                 test::RustdocGUI,
913 +                 RustdocGUI,
    |

error[E0412]: cannot find type `RustdocTheme` in module `test`
   --> standalonex/src/bootstrap/src/core/builder/mod.rs:914:23
    |
914 |                 test::RustdocTheme,
    |                       ^^^^^^^^^^^^ not found in `test`
    |
help: consider importing one of these structs
    |
  1 + use crate::core::build_steps::test_split::rustdoc_theme::RustdocTheme;
    |
  1 + use crate::tool::RustdocTheme;
    |
help: if you import `RustdocTheme`, refer to it directly
    |
914 -                 test::RustdocTheme,
914 +                 RustdocTheme,
    |

error[E0412]: cannot find type `RustdocUi` in module `test`
   --> standalonex/src/bootstrap/src/core/builder/mod.rs:915:23
    |
915 |                 test::RustdocUi,
    |                       ^^^^^^^^^ not found in `test`

error[E0412]: cannot find type `RustdocJson` in module `test`
   --> standalonex/src/bootstrap/src/core/builder/mod.rs:916:23
    |
916 |                 test::RustdocJson,
    |                       ^^^^^^^^^^^ not found in `test`

error[E0412]: cannot find type `HtmlCheck` in module `test`
   --> standalonex/src/bootstrap/src/core/builder/mod.rs:917:23
    |
917 |                 test::HtmlCheck,
    |                       ^^^^^^^^^ not found in `test`
    |
help: consider importing this struct
    |
  1 + use crate::core::build_steps::test_split::html_check::HtmlCheck;
    |
help: if you import `HtmlCheck`, refer to it directly
    |
917 -                 test::HtmlCheck,
917 +                 HtmlCheck,
    |

error[E0412]: cannot find type `RustInstaller` in module `test`
   --> standalonex/src/bootstrap/src/core/builder/mod.rs:918:23
    |
918 |                 test::RustInstaller,
    |                       ^^^^^^^^^^^^^ not found in `test`
    |
help: consider importing one of these structs
    |
  1 + use crate::clippy::RustInstaller;
    |
  1 + use crate::core::build_steps::test_split::rust_installer::RustInstaller;
    |
  1 + use crate::tool::RustInstaller;
    |
help: if you import `RustInstaller`, refer to it directly
    |
918 -                 test::RustInstaller,
918 +                 RustInstaller,
    |

error[E0412]: cannot find type `TestFloatParse` in module `test`
   --> standalonex/src/bootstrap/src/core/builder/mod.rs:919:23
    |
919 |                 test::TestFloatParse,
    |                       ^^^^^^^^^^^^^^ not found in `test`
    |
help: consider importing one of these structs
    |
  1 + use crate::check::TestFloatParse;
    |
  1 + use crate::clippy::TestFloatParse;
    |
  1 + use crate::core::build_steps::test_split::test_float_parse::TestFloatParse;
    |
  1 + use crate::tool::TestFloatParse;
    |
help: if you import `TestFloatParse`, refer to it directly
    |
919 -                 test::TestFloatParse,
919 +                 TestFloatParse,
    |

error[E0412]: cannot find type `Bootstrap` in module `test`
   --> standalonex/src/bootstrap/src/core/builder/mod.rs:921:23
    |
921 |                 test::Bootstrap,
    |                       ^^^^^^^^^ not found in `test`
    |
help: consider importing one of these structs
    |
  1 + use crate::check::Bootstrap;
    |
  1 + use crate::clippy::Bootstrap;
    |
  1 + use crate::core::build_steps::test_split::bootstrap::Bootstrap;
    |
  1 + use crate::dist::Bootstrap;
    |
    = and 1 other candidate
help: if you import `Bootstrap`, refer to it directly
    |
921 -                 test::Bootstrap,
921 +                 Bootstrap,
    |

error[E0412]: cannot find type `RunMake` in module `test`
   --> standalonex/src/bootstrap/src/core/builder/mod.rs:923:23
    |
923 |                 test::RunMake,
    |                       ^^^^^^^ not found in `test`
    |
help: consider importing this struct
    |
  1 + use crate::core::build_steps::test_split::run_make::RunMake;
    |
help: if you import `RunMake`, refer to it directly
    |
923 -                 test::RunMake,
923 +                 RunMake,
    |

error[E0412]: cannot find type `Crate` in module `test`
   --> standalonex/src/bootstrap/src/core/builder/mod.rs:925:43
    |
925 |             Kind::Miri => describe!(test::Crate),
    |                                           ^^^^^ not found in `test`
    |
help: consider importing this struct
    |
  1 + use crate::Crate;
    |
help: if you import `Crate`, refer to it directly
    |
925 -             Kind::Miri => describe!(test::Crate),
925 +             Kind::Miri => describe!(Crate),
    |

error[E0412]: cannot find type `Crate` in module `test`
   --> standalonex/src/bootstrap/src/core/builder/mod.rs:926:44
    |
926 |             Kind::Bench => describe!(test::Crate, test::CrateLibrustc),
    |                                            ^^^^^ not found in `test`
    |
help: consider importing this struct
    |
  1 + use crate::Crate;
    |
help: if you import `Crate`, refer to it directly
    |
926 -             Kind::Bench => describe!(test::Crate, test::CrateLibrustc),
926 +             Kind::Bench => describe!(Crate, test::CrateLibrustc),
    |

error[E0412]: cannot find type `CrateLibrustc` in module `test`
   --> standalonex/src/bootstrap/src/core/builder/mod.rs:926:57
    |
926 |             Kind::Bench => describe!(test::Crate, test::CrateLibrustc),
    |                                                         ^^^^^^^^^^^^^ not found in `test`
    |
help: consider importing this struct
    |
  1 + use crate::core::build_steps::test_split::crate_librustc::CrateLibrustc;
    |
help: if you import `CrateLibrustc`, refer to it directly
    |
926 -             Kind::Bench => describe!(test::Crate, test::CrateLibrustc),
926 +             Kind::Bench => describe!(test::Crate, CrateLibrustc),
    |

error[E0422]: cannot find struct, variant or union type `Assemble` in module `compile`
    --> standalonex/src/bootstrap/src/core/builder/mod.rs:1134:30
     |
1134 |         self.ensure(compile::Assemble { target_compiler: Compiler { stage, host } })
     |                              ^^^^^^^^ not found in `compile`
     |
help: consider importing this struct
     |
   1 + use crate::core::build_steps::compile_modules::assemble::Assemble;
     |
help: if you import `Assemble`, refer to it directly
     |
1134 -         self.ensure(compile::Assemble { target_compiler: Compiler { stage, host } })
1134 +         self.ensure(Assemble { target_compiler: Compiler { stage, host } })
     |

error[E0433]: failed to resolve: could not find `Sysroot` in `compile`
    --> standalonex/src/bootstrap/src/core/builder/mod.rs:1164:30
     |
1164 |         self.ensure(compile::Sysroot::new(compiler))
     |                              ^^^^^^^ could not find `Sysroot` in `compile`
     |
help: consider importing this struct
     |
   1 + use crate::core::build_steps::compile_modules::sysroot::Sysroot;
     |
help: if you import `Sysroot`, refer to it directly
     |
1164 -         self.ensure(compile::Sysroot::new(compiler))
1164 +         self.ensure(Sysroot::new(compiler))
     |

error[E0412]: cannot find type `TargetSelection` in this scope
  --> standalonex/src/bootstrap/src/core/config/config_base.rs:29:32
   |
29 |     pub target_config: HashMap<TargetSelection, Target>,
   |                                ^^^^^^^^^^^^^^^ not found in this scope
   |
help: consider importing one of these structs
   |
 1 + use crate::TargetSelection;
   |
 1 + use bootstrap_config_utils::target_selection::TargetSelection;
   |

error[E0412]: cannot find type `Target` in this scope
  --> standalonex/src/bootstrap/src/core/config/config_base.rs:29:49
   |
29 |     pub target_config: HashMap<TargetSelection, Target>,
   |                                                 ^^^^^^ not found in this scope
   |
note: struct `crate::core::metadata::Target` exists but is inaccessible
  --> standalonex/src/bootstrap/src/core/metadata.rs:37:1
   |
37 | struct Target {
   | ^^^^^^^^^^^^^ not accessible
help: consider importing this struct through its public re-export
   |
 1 + use crate::Target;
   |

error[E0412]: cannot find type `Color` in this scope
  --> standalonex/src/bootstrap/src/core/config/config_base.rs:42:16
   |
42 |     pub color: Color,
   |                ^^^^^ not found in this scope
   |
help: consider importing one of these enums
   |
 1 + use crate::core::config::Color;
   |
 1 + use crate::flags::Color;
   |
 1 + use clap::builder::styling::Color;
   |
 1 + use termcolor::Color;
   |

error[E0412]: cannot find type `DryRun` in this scope
  --> standalonex/src/bootstrap/src/core/config/config_base.rs:70:18
   |
70 |     pub dry_run: DryRun,
   |                  ^^^^^^ not found in this scope
   |
help: consider importing one of these enums
   |
 1 + use crate::DryRun;
   |
 1 + use bootstrap_config_utils::dry_run::DryRun;
   |

error[E0412]: cannot find type `LldMode` in this scope
   --> standalonex/src/bootstrap/src/core/config/config_base.rs:115:19
    |
115 |     pub lld_mode: LldMode,
    |                   ^^^^^^^ not found in this scope
    |
help: consider importing this enum through its public re-export
    |
  1 + use crate::LldMode;
    |

error[E0412]: cannot find type `RustOptimize` in this scope
   --> standalonex/src/bootstrap/src/core/config/config_base.rs:126:24
    |
126 |     pub rust_optimize: RustOptimize,
    |                        ^^^^^^^^^^^^ not found in this scope
    |
help: consider importing this enum through its public re-export
    |
  1 + use crate::core::config::RustOptimize;
    |

error[E0412]: cannot find type `DebuginfoLevel` in this scope
   --> standalonex/src/bootstrap/src/core/config/config_base.rs:136:37
    |
136 |     pub rust_debuginfo_level_rustc: DebuginfoLevel,
    |                                     ^^^^^^^^^^^^^^ not found in this scope
    |
help: consider importing this enum through its public re-export
    |
  1 + use crate::core::config::DebuginfoLevel;
    |

error[E0412]: cannot find type `DebuginfoLevel` in this scope
   --> standalonex/src/bootstrap/src/core/config/config_base.rs:137:35
    |
137 |     pub rust_debuginfo_level_std: DebuginfoLevel,
    |                                   ^^^^^^^^^^^^^^ not found in this scope
    |
help: consider importing this enum through its public re-export
    |
  1 + use crate::core::config::DebuginfoLevel;
    |

error[E0412]: cannot find type `DebuginfoLevel` in this scope
   --> standalonex/src/bootstrap/src/core/config/config_base.rs:138:37
    |
138 |     pub rust_debuginfo_level_tools: DebuginfoLevel,
    |                                     ^^^^^^^^^^^^^^ not found in this scope
    |
help: consider importing this enum through its public re-export
    |
  1 + use crate::core::config::DebuginfoLevel;
    |

error[E0412]: cannot find type `DebuginfoLevel` in this scope
   --> standalonex/src/bootstrap/src/core/config/config_base.rs:139:37
    |
139 |     pub rust_debuginfo_level_tests: DebuginfoLevel,
    |                                     ^^^^^^^^^^^^^^ not found in this scope
    |
help: consider importing this enum through its public re-export
    |
  1 + use crate::core::config::DebuginfoLevel;
    |

error[E0412]: cannot find type `RustcLto` in this scope
   --> standalonex/src/bootstrap/src/core/config/config_base.rs:155:19
    |
155 |     pub rust_lto: RustcLto,
    |                   ^^^^^^^^ not found in this scope
    |
help: consider importing this enum through its public re-export
    |
  1 + use crate::core::config::RustcLto;
    |

error[E0412]: cannot find type `LlvmLibunwind` in this scope
   --> standalonex/src/bootstrap/src/core/config/config_base.rs:160:40
    |
160 |     pub llvm_libunwind_default: Option<LlvmLibunwind>,
    |                                        ^^^^^^^^^^^^^ not found in this scope
    |
help: consider importing this enum through its public re-export
    |
  1 + use crate::LlvmLibunwind;
    |

error[E0412]: cannot find type `TargetSelection` in this scope
   --> standalonex/src/bootstrap/src/core/config/config_base.rs:165:16
    |
165 |     pub build: TargetSelection,
    |                ^^^^^^^^^^^^^^^ not found in this scope
    |
help: consider importing one of these structs
    |
  1 + use crate::TargetSelection;
    |
  1 + use bootstrap_config_utils::target_selection::TargetSelection;
    |

error[E0412]: cannot find type `TargetSelection` in this scope
   --> standalonex/src/bootstrap/src/core/config/config_base.rs:166:20
    |
166 |     pub hosts: Vec<TargetSelection>,
    |                    ^^^^^^^^^^^^^^^ not found in this scope
    |
help: consider importing one of these structs
    |
  1 + use crate::TargetSelection;
    |
  1 + use bootstrap_config_utils::target_selection::TargetSelection;
    |

error[E0412]: cannot find type `TargetSelection` in this scope
   --> standalonex/src/bootstrap/src/core/config/config_base.rs:167:22
    |
167 |     pub targets: Vec<TargetSelection>,
    |                      ^^^^^^^^^^^^^^^ not found in this scope
    |
help: consider importing one of these structs
    |
  1 + use crate::TargetSelection;
    |
  1 + use bootstrap_config_utils::target_selection::TargetSelection;
    |

error[E0433]: failed to resolve: use of unresolved module or unlinked crate `channel`
   --> standalonex/src/bootstrap/src/core/config/config_base.rs:212:20
    |
212 |     pub rust_info: channel::GitInfo,
    |                    ^^^^^^^ use of unresolved module or unlinked crate `channel`
    |
    = help: if you wanted to use a crate named `channel`, use `cargo add channel` to add it to your `Cargo.toml`
help: consider importing this module
    |
  1 + use crate::utils::channel;
    |

error[E0433]: failed to resolve: use of unresolved module or unlinked crate `channel`
   --> standalonex/src/bootstrap/src/core/config/config_base.rs:214:21
    |
214 |     pub cargo_info: channel::GitInfo,
    |                     ^^^^^^^ use of unresolved module or unlinked crate `channel`
    |
    = help: if you wanted to use a crate named `channel`, use `cargo add channel` to add it to your `Cargo.toml`
help: consider importing this module
    |
  1 + use crate::utils::channel;
    |

error[E0433]: failed to resolve: use of unresolved module or unlinked crate `channel`
   --> standalonex/src/bootstrap/src/core/config/config_base.rs:215:29
    |
215 |     pub rust_analyzer_info: channel::GitInfo,
    |                             ^^^^^^^ use of unresolved module or unlinked crate `channel`
    |
    = help: if you wanted to use a crate named `channel`, use `cargo add channel` to add it to your `Cargo.toml`
help: consider importing this module
    |
  1 + use crate::utils::channel;
    |

error[E0433]: failed to resolve: use of unresolved module or unlinked crate `channel`
   --> standalonex/src/bootstrap/src/core/config/config_base.rs:216:22
    |
216 |     pub clippy_info: channel::GitInfo,
    |                      ^^^^^^^ use of unresolved module or unlinked crate `channel`
    |
    = help: if you wanted to use a crate named `channel`, use `cargo add channel` to add it to your `Cargo.toml`
help: consider importing this module
    |
  1 + use crate::utils::channel;
    |

error[E0433]: failed to resolve: use of unresolved module or unlinked crate `channel`
   --> standalonex/src/bootstrap/src/core/config/config_base.rs:217:20
    |
217 |     pub miri_info: channel::GitInfo,
    |                    ^^^^^^^ use of unresolved module or unlinked crate `channel`
    |
    = help: if you wanted to use a crate named `channel`, use `cargo add channel` to add it to your `Cargo.toml`
help: consider importing this module
    |
  1 + use crate::utils::channel;
    |

error[E0433]: failed to resolve: use of unresolved module or unlinked crate `channel`
   --> standalonex/src/bootstrap/src/core/config/config_base.rs:218:23
    |
218 |     pub rustfmt_info: channel::GitInfo,
    |                       ^^^^^^^ use of unresolved module or unlinked crate `channel`
    |
    = help: if you wanted to use a crate named `channel`, use `cargo add channel` to add it to your `Cargo.toml`
help: consider importing this module
    |
  1 + use crate::utils::channel;
    |

error[E0433]: failed to resolve: use of unresolved module or unlinked crate `channel`
   --> standalonex/src/bootstrap/src/core/config/config_base.rs:219:22
    |
219 |     pub enzyme_info: channel::GitInfo,
    |                      ^^^^^^^ use of unresolved module or unlinked crate `channel`
    |
    = help: if you wanted to use a crate named `channel`, use `cargo add channel` to add it to your `Cargo.toml`
help: consider importing this module
    |
  1 + use crate::utils::channel;
    |

error[E0433]: failed to resolve: use of unresolved module or unlinked crate `channel`
   --> standalonex/src/bootstrap/src/core/config/config_base.rs:220:28
    |
220 |     pub in_tree_llvm_info: channel::GitInfo,
    |                            ^^^^^^^ use of unresolved module or unlinked crate `channel`
    |
    = help: if you wanted to use a crate named `channel`, use `cargo add channel` to add it to your `Cargo.toml`
help: consider importing this module
    |
  1 + use crate::utils::channel;
    |

error[E0433]: failed to resolve: use of unresolved module or unlinked crate `channel`
   --> standalonex/src/bootstrap/src/core/config/config_base.rs:221:27
    |
221 |     pub in_tree_gcc_info: channel::GitInfo,
    |                           ^^^^^^^ use of unresolved module or unlinked crate `channel`
    |
    = help: if you wanted to use a crate named `channel`, use `cargo add channel` to add it to your `Cargo.toml`
help: consider importing this module
    |
  1 + use crate::utils::channel;
    |

error[E0412]: cannot find type `RustfmtState` in this scope
   --> standalonex/src/bootstrap/src/core/config/config_base.rs:229:30
    |
229 |     initial_rustfmt: RefCell<RustfmtState>,
    |                              ^^^^^^^^^^^^ not found in this scope
    |
help: consider importing this enum through its public re-export
    |
  1 + use crate::core::config::RustfmtState;
    |

error[E0412]: cannot find type `CiConfig` in this scope
   --> standalonex/src/bootstrap/src/core/config/config_base.rs:233:13
    |
233 |     pub ci: CiConfig,
    |             ^^^^^^^^ not found in this scope
    |
help: consider importing this struct through its public re-export
    |
  1 + use crate::core::config::CiConfig;
    |

error[E0412]: cannot find type `TomlConfig` in this scope
 --> standalonex/src/bootstrap/src/core/config/config_part2.rs:5:26
  |
5 |     current_config_toml: TomlConfig,
  |                          ^^^^^^^^^^ not found in this scope
  |
help: consider importing this struct through its public re-export
  |
1 + use crate::core::config::TomlConfig;
  |

error[E0412]: cannot find type `TomlConfig` in this scope
 --> standalonex/src/bootstrap/src/core/config/config_part2.rs:6:21
  |
6 |     ci_config_toml: TomlConfig,
  |                     ^^^^^^^^^^ not found in this scope
  |
help: consider importing this struct through its public re-export
  |
1 + use crate::core::config::TomlConfig;
  |

error[E0422]: cannot find struct, variant or union type `Rust` in this scope
  --> standalonex/src/bootstrap/src/core/config/config_part2.rs:48:9
   |
48 |     let Rust {
   |         ^^^^ not found in this scope
   |
help: consider importing one of these items
   |
 1 + use crate::core::config::Rust;
   |
 1 + use crate::utils::tarball::OverlayKind::Rust;
   |

error[E0412]: cannot find type `TomlConfig` in this scope
 --> standalonex/src/bootstrap/src/core/config/config_part3.rs:6:26
  |
6 |     current_config_toml: TomlConfig,
  |                          ^^^^^^^^^^ not found in this scope
  |
help: consider importing this struct through its public re-export
  |
1 + use crate::core::config::TomlConfig;
  |

error[E0412]: cannot find type `TomlConfig` in this scope
 --> standalonex/src/bootstrap/src/core/config/config_part3.rs:7:21
  |
7 |     ci_config_toml: TomlConfig,
  |                     ^^^^^^^^^^ not found in this scope
  |
help: consider importing this struct through its public re-export
  |
1 + use crate::core::config::TomlConfig;
  |

error[E0422]: cannot find struct, variant or union type `Llvm` in this scope
  --> standalonex/src/bootstrap/src/core/config/config_part3.rs:49:9
   |
49 |     let Llvm {
   |         ^^^^ not found in this scope
   |
help: consider importing one of these items
   |
 1 + use crate::GitRepo::Llvm;
   |
 1 + use crate::core::config::Llvm;
   |
 1 + use crate::llvm::Llvm;
   |
 1 + use crate::tool::LibcxxVersion::Llvm;
   |
   = and 1 other candidate

error[E0412]: cannot find type `Config` in this scope
 --> standalonex/src/bootstrap/src/core/config/config_part4.rs:4:6
  |
4 | impl Config {
  |      ^^^^^^ not found in this scope
  |
help: consider importing one of these structs
  |
1 + use crate::Config;
  |
1 + use cmake::Config;
  |

error[E0412]: cannot find type `Flags` in this scope
  --> standalonex/src/bootstrap/src/core/config/config_part4.rs:10:20
   |
10 |         mut flags: Flags,
   |                    ^^^^^ not found in this scope
   |
help: consider importing this struct through its public re-export
   |
 1 + use crate::Flags;
   |

error[E0412]: cannot find type `TomlConfig` in this scope
  --> standalonex/src/bootstrap/src/core/config/config_part4.rs:11:44
   |
11 |         get_toml: impl Fn(&Path) -> Result<TomlConfig, toml::de::Error>,
   |                                            ^^^^^^^^^^ not found in this scope
   |
help: consider importing this struct through its public re-export
   |
 1 + use crate::core::config::TomlConfig;
   |

error[E0412]: cannot find type `Config` in this scope
  --> standalonex/src/bootstrap/src/core/config/config_part4.rs:12:10
   |
12 |     ) -> Config {
   |          ^^^^^^ not found in this scope
   |
help: consider importing one of these structs
   |
 1 + use crate::Config;
   |
 1 + use cmake::Config;
   |

error[E0433]: failed to resolve: use of undeclared type `Config`
  --> standalonex/src/bootstrap/src/core/config/config_part4.rs:13:26
   |
13 |         let mut config = Config::default_opts();
   |                          ^^^^^^ use of undeclared type `Config`
   |
help: consider importing one of these structs
   |
 1 + use crate::Config;
   |
 1 + use cmake::Config;
   |

error[E0433]: failed to resolve: use of undeclared type `DryRun`
  --> standalonex/src/bootstrap/src/core/config/config_part4.rs:24:45
   |
24 |         config.dry_run = if flags.dry_run { DryRun::UserSelected } else { DryRun::Disabled };
   |                                             ^^^^^^ use of undeclared type `DryRun`
   |
help: consider importing one of these enums
   |
 1 + use crate::DryRun;
   |
 1 + use bootstrap_config_utils::dry_run::DryRun;
   |

error[E0433]: failed to resolve: use of undeclared type `DryRun`
  --> standalonex/src/bootstrap/src/core/config/config_part4.rs:24:75
   |
24 |         config.dry_run = if flags.dry_run { DryRun::UserSelected } else { DryRun::Disabled };
   |                                                                           ^^^^^^ use of undeclared type `DryRun`
   |
help: consider importing one of these enums
   |
 1 + use crate::DryRun;
   |
 1 + use bootstrap_config_utils::dry_run::DryRun;
   |

error[E0425]: cannot find value `build_src_from_toml` in this scope
  --> standalonex/src/bootstrap/src/core/config/config_part4.rs:39:35
   |
39 |         } else if let Some(src) = build_src_from_toml {
   |                                   ^^^^^^^^^^^^^^^^^^^ not found in this scope

error[E0423]: expected value, found crate `toml`
  --> standalonex/src/bootstrap/src/core/config/config_part4.rs:58:14
   |
58 |             &toml.stage0_path.expect("stage0_path must be set"),
   |              ^^^^
   |
help: use the path separator to refer to an item
   |
58 -             &toml.stage0_path.expect("stage0_path must be set"),
58 +             &toml::stage0_path.expect("stage0_path must be set"),
   |

error[E0433]: failed to resolve: use of unresolved module or unlinked crate `fs`
  --> standalonex/src/bootstrap/src/core/config/config_part4.rs:73:31
   |
73 |         let file_content = t!(fs::read_to_string(&config.ci.channel_file));
   |                               ^^ use of unresolved module or unlinked crate `fs`
   |
   = help: if you wanted to use a crate named `fs`, use `cargo add fs` to add it to your `Cargo.toml`
help: consider importing one of these modules
   |
 1 + use crate::fs;
   |
 1 + use std::fs;
   |

error[E0433]: failed to resolve: use of unresolved module or unlinked crate `get_toml`
  --> standalonex/src/bootstrap/src/core/config/config_part4.rs:84:13
   |
84 |             get_toml::get_toml(&toml_path).unwrap_or_else(|e| {
   |             ^^^^^^^^ use of unresolved module or unlinked crate `get_toml`
   |
   = help: if you wanted to use a crate named `get_toml`, use `cargo add get_toml` to add it to your `Cargo.toml`
help: consider importing this module
   |
 1 + use bootstrap_config_utils::get_toml;
   |

error[E0433]: failed to resolve: use of undeclared type `TomlConfig`
  --> standalonex/src/bootstrap/src/core/config/config_part4.rs:90:13
   |
90 |             TomlConfig::default()
   |             ^^^^^^^^^^ use of undeclared type `TomlConfig`
   |
help: consider importing this struct through its public re-export
   |
 1 + use crate::core::config::TomlConfig;
   |

error[E0433]: failed to resolve: use of undeclared type `ReplaceOpt`
   --> standalonex/src/bootstrap/src/core/config/config_part4.rs:125:39
    |
125 |             toml.merge(included_toml, ReplaceOpt::IgnoreDuplicate);
    |                                       ^^^^^^^^^^ use of undeclared type `ReplaceOpt`
    |
note: enum `crate::core::config::replaceop::ReplaceOpt` exists but is inaccessible
   --> standalonex/src/bootstrap/src/core/config/replaceop.rs:3:1
    |
  3 | enum ReplaceOpt {
    | ^^^^^^^^^^^^^^^ not accessible
help: consider importing this enum
    |
  1 + use config_core::ReplaceOpt;
    |

error[E0433]: failed to resolve: use of undeclared type `TomlConfig`
   --> standalonex/src/bootstrap/src/core/config/config_part4.rs:128:33
    |
128 |         let mut override_toml = TomlConfig::default();
    |                                 ^^^^^^^^^^ use of undeclared type `TomlConfig`
    |
help: consider importing this struct through its public re-export
    |
  1 + use crate::core::config::TomlConfig;
    |

error[E0412]: cannot find type `TomlConfig` in this scope
   --> standalonex/src/bootstrap/src/core/config/config_part4.rs:130:42
    |
130 | pub fn get_table(option: &str) -> Result<TomlConfig, toml::de::Error> {
    |                                          ^^^^^^^^^^ not found in this scope
    |
help: consider importing this struct through its public re-export
    |
  1 + use crate::core::config::TomlConfig;
    |

error[E0433]: failed to resolve: use of undeclared type `TomlConfig`
   --> standalonex/src/bootstrap/src/core/config/config_part4.rs:131:70
    |
131 |                 toml::from_str(option).and_then(|table: toml::Value| TomlConfig::deserialize(table))
    |                                                                      ^^^^^^^^^^ use of undeclared type `TomlConfig`
    |
help: consider importing this struct through its public re-export
    |
  1 + use crate::core::config::TomlConfig;
    |

error[E0433]: failed to resolve: use of undeclared type `ReplaceOpt`
   --> standalonex/src/bootstrap/src/core/config/config_part4.rs:136:44
    |
136 |                     override_toml.merge(v, ReplaceOpt::ErrorOnDuplicate);
    |                                            ^^^^^^^^^^ use of undeclared type `ReplaceOpt`
    |
note: enum `crate::core::config::replaceop::ReplaceOpt` exists but is inaccessible
   --> standalonex/src/bootstrap/src/core/config/replaceop.rs:3:1
    |
  3 | enum ReplaceOpt {
    | ^^^^^^^^^^^^^^^ not accessible
help: consider importing this enum
    |
  1 + use config_core::ReplaceOpt;
    |

error[E0433]: failed to resolve: use of undeclared type `ReplaceOpt`
   --> standalonex/src/bootstrap/src/core/config/config_part4.rs:147:52
    |
147 | ...                   override_toml.merge(v, ReplaceOpt::ErrorOnDuplicate);
    |                                              ^^^^^^^^^^ use of undeclared type `ReplaceOpt`
    |
note: enum `crate::core::config::replaceop::ReplaceOpt` exists but is inaccessible
   --> standalonex/src/bootstrap/src/core/config/replaceop.rs:3:1
    |
  3 | enum ReplaceOpt {
    | ^^^^^^^^^^^^^^^ not accessible
help: consider importing this enum
    |
  1 + use config_core::ReplaceOpt;
    |

error[E0433]: failed to resolve: use of undeclared type `ReplaceOpt`
   --> standalonex/src/bootstrap/src/core/config/config_part4.rs:157:35
    |
157 |         toml.merge(override_toml, ReplaceOpt::Override);
    |                                   ^^^^^^^^^^ use of undeclared type `ReplaceOpt`
    |
note: enum `crate::core::config::replaceop::ReplaceOpt` exists but is inaccessible
   --> standalonex/src/bootstrap/src/core/config/replaceop.rs:3:1
    |
  3 | enum ReplaceOpt {
    | ^^^^^^^^^^^^^^^ not accessible
help: consider importing this enum
    |
  1 + use config_core::ReplaceOpt;
    |

error[E0422]: cannot find struct, variant or union type `Ci` in this scope
   --> standalonex/src/bootstrap/src/core/config/config_part4.rs:161:13
    |
161 |         let Ci {
    |             ^^ not found in this scope
    |
help: consider importing this struct through its public re-export
    |
  1 + use crate::core::config::Ci;
    |

error[E0422]: cannot find struct, variant or union type `Build` in this scope
   --> standalonex/src/bootstrap/src/core/config/config_part4.rs:188:13
    |
188 |         let Build {
    |             ^^^^^ not found in this scope
    |
help: consider importing one of these items
    |
  1 + use crate::Build;
    |
  1 + use crate::Kind::Build;
    |
  1 + use crate::core::config::Build;
    |
  1 + use crate::core::config::Subcommand::Build;
    |
    = and 1 other candidate

error[E0433]: failed to resolve: use of undeclared type `TargetSelection`
   --> standalonex/src/bootstrap/src/core/config/config_part4.rs:243:28
    |
243 |             config.build = TargetSelection::from_user(&file_build);
    |                            ^^^^^^^^^^^^^^^ use of undeclared type `TargetSelection`
    |
help: consider importing one of these structs
    |
  1 + use crate::TargetSelection;
    |
  1 + use bootstrap_config_utils::target_selection::TargetSelection;
    |

error[E0425]: cannot find function `exe` in this scope
   --> standalonex/src/bootstrap/src/core/config/config_part4.rs:274:23
    |
274 |                 .join(exe("rustc", config.build))
    |                       ^^^ not found in this scope
    |
help: consider importing one of these functions
    |
  1 + use crate::utils::helpers::exe;
    |
  1 + use crate::utils::shared_helpers::exe;
    |

error[E0425]: cannot find function `exe` in this scope
   --> standalonex/src/bootstrap/src/core/config/config_part4.rs:289:23
    |
289 |                 .join(exe("cargo", config.build))
    |                       ^^^ not found in this scope
    |
help: consider importing one of these functions
    |
  1 + use crate::utils::helpers::exe;
    |
  1 + use crate::utils::shared_helpers::exe;
    |

error[E0433]: failed to resolve: use of unresolved module or unlinked crate `fs`
   --> standalonex/src/bootstrap/src/core/config/config_part4.rs:295:16
    |
295 |             t!(fs::create_dir_all(&dir));
    |                ^^ use of unresolved module or unlinked crate `fs`
    |
    = help: if you wanted to use a crate named `fs`, use `cargo add fs` to add it to your `Cargo.toml`
help: consider importing one of these modules
    |
  1 + use crate::fs;
    |
  1 + use std::fs;
    |

error[E0531]: cannot find tuple struct or tuple variant `TargetSelectionList` in this scope
   --> standalonex/src/bootstrap/src/core/config/config_part4.rs:299:36
    |
299 |         config.hosts = if let Some(TargetSelectionList(arg_host)) = flags.host {
    |                                    ^^^^^^^^^^^^^^^^^^^ not found in this scope
    |
note: tuple struct `crate::core::config::target_selection::TargetSelectionList` exists but is inaccessible
   --> standalonex/src/bootstrap/src/core/config/target_selection.rs:14:1
    |
 14 | pub struct TargetSelectionList(Vec<TargetSelection>);
    | ^^^^^^^^^^^^^^^^^^^^^^^^^^^^^^^^^^^^^^^^^^^^^^^^^^^^^ not accessible

error[E0433]: failed to resolve: use of undeclared type `TargetSelection`
   --> standalonex/src/bootstrap/src/core/config/config_part4.rs:302:38
    |
302 |             file_host.iter().map(|h| TargetSelection::from_user(h)).collect()
    |                                      ^^^^^^^^^^^^^^^ use of undeclared type `TargetSelection`
    |
help: consider importing one of these structs
    |
  1 + use crate::TargetSelection;
    |
  1 + use bootstrap_config_utils::target_selection::TargetSelection;
    |

error[E0531]: cannot find tuple struct or tuple variant `TargetSelectionList` in this scope
   --> standalonex/src/bootstrap/src/core/config/config_part4.rs:306:38
    |
306 |         config.targets = if let Some(TargetSelectionList(arg_target)) = flags.target {
    |                                      ^^^^^^^^^^^^^^^^^^^ not found in this scope
    |
note: tuple struct `crate::core::config::target_selection::TargetSelectionList` exists but is inaccessible
   --> standalonex/src/bootstrap/src/core/config/target_selection.rs:14:1
    |
 14 | pub struct TargetSelectionList(Vec<TargetSelection>);
    | ^^^^^^^^^^^^^^^^^^^^^^^^^^^^^^^^^^^^^^^^^^^^^^^^^^^^^ not accessible

error[E0433]: failed to resolve: use of undeclared type `TargetSelection`
   --> standalonex/src/bootstrap/src/core/config/config_part4.rs:309:40
    |
309 |             file_target.iter().map(|h| TargetSelection::from_user(h)).collect()
    |                                        ^^^^^^^^^^^^^^^ use of undeclared type `TargetSelection`
    |
help: consider importing one of these structs
    |
  1 + use crate::TargetSelection;
    |
  1 + use bootstrap_config_utils::target_selection::TargetSelection;
    |

error[E0422]: cannot find struct, variant or union type `Install` in this scope
   --> standalonex/src/bootstrap/src/core/config/config_part4.rs:351:17
    |
351 |             let Install { prefix, sysconfdir, docdir, bindir, libdir, mandir, datadir } = install;
    |                 ^^^^^^^ not found in this scope
    |
help: consider importing one of these items
    |
  1 + use crate::Kind::Install;
    |
  1 + use crate::core::config::Install;
    |
  1 + use bootstrap_config_utils::install_config::Install;
    |

error[E0433]: failed to resolve: use of undeclared type `GitInfo`
   --> standalonex/src/bootstrap/src/core/config/config_part4.rs:401:28
    |
401 |         config.rust_info = GitInfo::new(config.omit_git_hash, &config.src); // config.src is still the overall source root
    |                            ^^^^^^^ use of undeclared type `GitInfo`
    |
help: consider importing this enum through its public re-export
    |
  1 + use crate::GitInfo;
    |

error[E0433]: failed to resolve: use of undeclared type `GitInfo`
   --> standalonex/src/bootstrap/src/core/config/config_part4.rs:402:29
    |
402 |         config.cargo_info = GitInfo::new(config.omit_git_hash, &config.ci.tools_dir.join("cargo"));
    |                             ^^^^^^^ use of undeclared type `GitInfo`
    |
help: consider importing this enum through its public re-export
    |
  1 + use crate::GitInfo;
    |

error[E0433]: failed to resolve: use of undeclared type `GitInfo`
   --> standalonex/src/bootstrap/src/core/config/config_part4.rs:404:13
    |
404 |             GitInfo::new(config.omit_git_hash, &config.ci.tools_dir.join("rust-analyzer"));
    |             ^^^^^^^ use of undeclared type `GitInfo`
    |
help: consider importing this enum through its public re-export
    |
  1 + use crate::GitInfo;
    |

error[E0433]: failed to resolve: use of undeclared type `GitInfo`
   --> standalonex/src/bootstrap/src/core/config/config_part4.rs:406:13
    |
406 |             GitInfo::new(config.omit_git_hash, &config.ci.tools_dir.join("clippy"));
    |             ^^^^^^^ use of undeclared type `GitInfo`
    |
help: consider importing this enum through its public re-export
    |
  1 + use crate::GitInfo;
    |

error[E0433]: failed to resolve: use of undeclared type `GitInfo`
   --> standalonex/src/bootstrap/src/core/config/config_part4.rs:407:28
    |
407 |         config.miri_info = GitInfo::new(config.omit_git_hash, &config.ci.tools_dir.join("miri"));
    |                            ^^^^^^^ use of undeclared type `GitInfo`
    |
help: consider importing this enum through its public re-export
    |
  1 + use crate::GitInfo;
    |

error[E0433]: failed to resolve: use of undeclared type `GitInfo`
   --> standalonex/src/bootstrap/src/core/config/config_part4.rs:409:13
    |
409 |             GitInfo::new(config.omit_git_hash, &config.ci.tools_dir.join("rustfmt"));
    |             ^^^^^^^ use of undeclared type `GitInfo`
    |
help: consider importing this enum through its public re-export
    |
  1 + use crate::GitInfo;
    |

error[E0433]: failed to resolve: use of undeclared type `GitInfo`
   --> standalonex/src/bootstrap/src/core/config/config_part4.rs:411:13
    |
411 |             GitInfo::new(config.omit_git_hash, &config.ci.tools_dir.join("enzyme"));
    |             ^^^^^^^ use of undeclared type `GitInfo`
    |
help: consider importing this enum through its public re-export
    |
  1 + use crate::GitInfo;
    |

error[E0433]: failed to resolve: use of undeclared type `GitInfo`
   --> standalonex/src/bootstrap/src/core/config/config_part4.rs:412:36
    |
412 |         config.in_tree_llvm_info = GitInfo::new(false, &config.ci.llvm_project_dir);
    |                                    ^^^^^^^ use of undeclared type `GitInfo`
    |
help: consider importing this enum through its public re-export
    |
  1 + use crate::GitInfo;
    |

error[E0433]: failed to resolve: use of undeclared type `GitInfo`
   --> standalonex/src/bootstrap/src/core/config/config_part4.rs:413:35
    |
413 |         config.in_tree_gcc_info = GitInfo::new(false, &config.ci.gcc_dir);
    |                                   ^^^^^^^ use of undeclared type `GitInfo`
    |
help: consider importing this enum through its public re-export
    |
  1 + use crate::GitInfo;
    |

error[E0422]: cannot find struct, variant or union type `Rust` in this scope
   --> standalonex/src/bootstrap/src/core/config/config_part4.rs:416:17
    |
416 |             let Rust {
    |                 ^^^^ not found in this scope
    |
help: consider importing one of these items
    |
  1 + use crate::core::config::Rust;
    |
  1 + use crate::utils::tarball::OverlayKind::Rust;
    |

error[E0433]: failed to resolve: use of undeclared type `Warnings`
   --> standalonex/src/bootstrap/src/core/config/config_part4.rs:527:17
    |
527 |                 Warnings::Deny => Some(true),
    |                 ^^^^^^^^ use of undeclared type `Warnings`
    |
help: consider importing one of these enums
    |
  1 + use crate::core::config::Warnings;
    |
  1 + use crate::core::config::warnings::Warnings;
    |

error[E0433]: failed to resolve: use of undeclared type `Warnings`
   --> standalonex/src/bootstrap/src/core/config/config_part4.rs:528:17
    |
528 |                 Warnings::Warn => Some(false),
    |                 ^^^^^^^^ use of undeclared type `Warnings`
    |
help: consider importing one of these enums
    |
  1 + use crate::core::config::Warnings;
    |
  1 + use crate::core::config::warnings::Warnings;
    |

error[E0433]: failed to resolve: use of undeclared type `Warnings`
   --> standalonex/src/bootstrap/src/core/config/config_part4.rs:529:17
    |
529 |                 Warnings::Default => deny_warnings,
    |                 ^^^^^^^^ use of undeclared type `Warnings`
    |
help: consider importing one of these enums
    |
  1 + use crate::core::config::Warnings;
    |
  1 + use crate::core::config::warnings::Warnings;
    |

error[E0425]: cannot find value `CODEGEN_BACKEND_PREFIX` in this scope
   --> standalonex/src/bootstrap/src/core/config/config_part4.rs:544:59
    |
544 |                     if let Some(backend) = s.strip_prefix(CODEGEN_BACKEND_PREFIX) {
    |                                                           ^^^^^^^^^^^^^^^^^^^^^^ not found in this scope
    |
help: consider importing one of these constants
    |
  1 + use crate::compile::CODEGEN_BACKEND_PREFIX;
    |
  1 + use crate::core::build_steps::compile_modules::codegen_backend::CODEGEN_BACKEND_PREFIX;
    |

error[E0425]: cannot find value `CODEGEN_BACKEND_PREFIX` in this scope
   --> standalonex/src/bootstrap/src/core/config/config_part4.rs:549:83
    |
549 | ...                   Codegen backends are mostly defined without the '{CODEGEN_BACKEND_PREFIX}' prefix. \
    |                                                                         ^^^^^^^^^^^^^^^^^^^^^^ not found in this scope
    |
help: consider importing one of these constants
    |
  1 + use crate::compile::CODEGEN_BACKEND_PREFIX;
    |
  1 + use crate::core::build_steps::compile_modules::codegen_backend::CODEGEN_BACKEND_PREFIX;
    |

error[E0433]: failed to resolve: use of undeclared type `RustcLto`
   --> standalonex/src/bootstrap/src/core/config/config_part4.rs:563:44
    |
563 |                 lto.as_deref().map(|value| RustcLto::from_str(value).unwrap()).unwrap_or_default();
    |                                            ^^^^^^^^ use of undeclared type `RustcLto`
    |
help: consider importing this enum through its public re-export
    |
  1 + use crate::core::config::RustcLto;
    |

error[E0422]: cannot find struct, variant or union type `Llvm` in this scope
   --> standalonex/src/bootstrap/src/core/config/config_part4.rs:593:17
    |
593 |             let Llvm {
    |                 ^^^^ not found in this scope
    |
help: consider importing one of these items
    |
  1 + use crate::GitRepo::Llvm;
    |
  1 + use crate::core::config::Llvm;
    |
  1 + use crate::llvm::Llvm;
    |
  1 + use crate::tool::LibcxxVersion::Llvm;
    |
    = and 1 other candidate

error[E0433]: failed to resolve: use of undeclared type `StringOrBool`
   --> standalonex/src/bootstrap/src/core/config/config_part4.rs:626:22
    |
626 |                 Some(StringOrBool::String(ref s)) => config.ccache = Some(s.to_string()),
    |                      ^^^^^^^^^^^^ use of undeclared type `StringOrBool`
    |
help: consider importing this enum through its public re-export
    |
  1 + use crate::core::config::StringOrBool;
    |

error[E0433]: failed to resolve: use of undeclared type `StringOrBool`
   --> standalonex/src/bootstrap/src/core/config/config_part4.rs:627:22
    |
627 |                 Some(StringOrBool::Bool(true)) => {
    |                      ^^^^^^^^^^^^ use of undeclared type `StringOrBool`
    |
help: consider importing this enum through its public re-export
    |
  1 + use crate::core::config::StringOrBool;
    |

error[E0433]: failed to resolve: use of undeclared type `StringOrBool`
   --> standalonex/src/bootstrap/src/core/config/config_part4.rs:630:22
    |
630 |                 Some(StringOrBool::Bool(false)) | None => {}
    |                      ^^^^^^^^^^^^ use of undeclared type `StringOrBool`
    |
help: consider importing this enum through its public re-export
    |
  1 + use crate::core::config::StringOrBool;
    |

error[E0433]: failed to resolve: use of undeclared type `Target`
   --> standalonex/src/bootstrap/src/core/config/config_part4.rs:715:34
    |
715 |                 let mut target = Target::from_triple(&triple);
    |                                  ^^^^^^ use of undeclared type `Target`
    |
note: struct `crate::core::metadata::Target` exists but is inaccessible
   --> standalonex/src/bootstrap/src/core/metadata.rs:37:1
    |
 37 | struct Target {
    | ^^^^^^^^^^^^^ not accessible
help: consider importing this struct through its public re-export
    |
  1 + use crate::Target;
    |

error[E0425]: cannot find value `CODEGEN_BACKEND_PREFIX` in this scope
   --> standalonex/src/bootstrap/src/core/config/config_part4.rs:762:63
    |
762 |                         if let Some(backend) = s.strip_prefix(CODEGEN_BACKEND_PREFIX) {
    |                                                               ^^^^^^^^^^^^^^^^^^^^^^ not found in this scope
    |
help: consider importing one of these constants
    |
  1 + use crate::compile::CODEGEN_BACKEND_PREFIX;
    |
  1 + use crate::core::build_steps::compile_modules::codegen_backend::CODEGEN_BACKEND_PREFIX;
    |

error[E0425]: cannot find value `CODEGEN_BACKEND_PREFIX` in this scope
   --> standalonex/src/bootstrap/src/core/config/config_part4.rs:767:87
    |
767 | ...                   Codegen backends are mostly defined without the '{CODEGEN_BACKEND_PREFIX}' prefix. \
    |                                                                         ^^^^^^^^^^^^^^^^^^^^^^ not found in this scope
    |
help: consider importing one of these constants
    |
  1 + use crate::compile::CODEGEN_BACKEND_PREFIX;
    |
  1 + use crate::core::build_steps::compile_modules::codegen_backend::CODEGEN_BACKEND_PREFIX;
    |

error[E0433]: failed to resolve: use of undeclared type `TargetSelection`
   --> standalonex/src/bootstrap/src/core/config/config_part4.rs:782:45
    |
782 |                 config.target_config.insert(TargetSelection::from_user(&triple), target);
    |                                             ^^^^^^^^^^^^^^^ use of undeclared type `TargetSelection`
    |
help: consider importing one of these structs
    |
  1 + use crate::TargetSelection;
    |
  1 + use bootstrap_config_utils::target_selection::TargetSelection;
    |

error[E0433]: failed to resolve: use of undeclared type `Target`
   --> standalonex/src/bootstrap/src/core/config/config_part4.rs:792:36
    |
792 |                 .or_insert_with(|| Target::from_triple(triple));
    |                                    ^^^^^^ use of undeclared type `Target`
    |
note: struct `crate::core::metadata::Target` exists but is inaccessible
   --> standalonex/src/bootstrap/src/core/metadata.rs:37:1
    |
 37 | struct Target {
    | ^^^^^^^^^^^^^ not accessible
help: consider importing this struct through its public re-export
    |
  1 + use crate::Target;
    |

error[E0425]: cannot find function `exe` in this scope
   --> standalonex/src/bootstrap/src/core/config/config_part4.rs:796:62
    |
796 |             build_target.llvm_config = Some(ci_llvm_bin.join(exe("llvm-config", config.build)));
    |                                                              ^^^ not found in this scope
    |
help: consider importing one of these functions
    |
  1 + use crate::utils::helpers::exe;
    |
  1 + use crate::utils::shared_helpers::exe;
    |

error[E0425]: cannot find function `exe` in this scope
   --> standalonex/src/bootstrap/src/core/config/config_part4.rs:797:65
    |
797 |             build_target.llvm_filecheck = Some(ci_llvm_bin.join(exe("FileCheck", config.build)));
    |                                                                 ^^^ not found in this scope
    |
help: consider importing one of these functions
    |
  1 + use crate::utils::helpers::exe;
    |
  1 + use crate::utils::shared_helpers::exe;
    |

error[E0422]: cannot find struct, variant or union type `Dist` in this scope
   --> standalonex/src/bootstrap/src/core/config/config_part4.rs:801:17
    |
801 |             let Dist {
    |                 ^^^^ not found in this scope
    |
note: variant `crate::core::download::DownloadSource::Dist` exists but is inaccessible
   --> standalonex/src/bootstrap/src/core/download.rs:418:5
    |
418 |     Dist,
    |     ^^^^ not accessible
help: consider importing one of these items
    |
  1 + use crate::Kind::Dist;
    |
  1 + use crate::core::config::Dist;
    |
  1 + use crate::core::config::Subcommand::Dist;
    |
  1 + use crate::setup::Profile::Dist;
    |

error[E0433]: failed to resolve: use of undeclared type `RustfmtState`
   --> standalonex/src/bootstrap/src/core/config/config_part4.rs:825:17
    |
825 |                 RustfmtState::SystemToolchain(r)
    |                 ^^^^^^^^^^^^ use of undeclared type `RustfmtState`
    |
help: consider importing this enum through its public re-export
    |
  1 + use crate::core::config::RustfmtState;
    |

error[E0433]: failed to resolve: use of undeclared type `RustfmtState`
   --> standalonex/src/bootstrap/src/core/config/config_part4.rs:827:17
    |
827 |                 RustfmtState::Unavailable
    |                 ^^^^^^^^^^^^ use of undeclared type `RustfmtState`
    |
help: consider importing this enum through its public re-export
    |
  1 + use crate::core::config::RustfmtState;
    |

error[E0433]: failed to resolve: use of undeclared type `RustOptimize`
   --> standalonex/src/bootstrap/src/core/config/config_part4.rs:838:51
    |
838 |         config.rust_optimize = optimize.unwrap_or(RustOptimize::Bool(true));
    |                                                   ^^^^^^^^^^^^ use of undeclared type `RustOptimize`
    |
help: consider importing this enum through its public re-export
    |
  1 + use crate::core::config::RustOptimize;
    |

error[E0433]: failed to resolve: use of undeclared type `LldMode`
   --> standalonex/src/bootstrap/src/core/config/config_part4.rs:868:38
    |
868 |         if matches!(config.lld_mode, LldMode::SelfContained)
    |                                      ^^^^^^^ use of undeclared type `LldMode`
    |
help: consider importing this enum through its public re-export
    |
  1 + use crate::LldMode;
    |

error[E0433]: failed to resolve: use of undeclared type `DebuginfoLevel`
   --> standalonex/src/bootstrap/src/core/config/config_part4.rs:891:17
    |
891 |                 DebuginfoLevel::Limited
    |                 ^^^^^^^^^^^^^^ use of undeclared type `DebuginfoLevel`
    |
help: consider importing this enum through its public re-export
    |
  1 + use crate::core::config::DebuginfoLevel;
    |

error[E0433]: failed to resolve: use of undeclared type `DebuginfoLevel`
   --> standalonex/src/bootstrap/src/core/config/config_part4.rs:893:17
    |
893 |                 DebuginfoLevel::None
    |                 ^^^^^^^^^^^^^^ use of undeclared type `DebuginfoLevel`
    |
help: consider importing this enum through its public re-export
    |
  1 + use crate::core::config::DebuginfoLevel;
    |

error[E0433]: failed to resolve: use of undeclared type `DebuginfoLevel`
   --> standalonex/src/bootstrap/src/core/config/config_part4.rs:899:77
    |
899 |         config.rust_debuginfo_level_tests = debuginfo_level_tests.unwrap_or(DebuginfoLevel::None);
    |                                                                             ^^^^^^^^^^^^^^ use of undeclared type `DebuginfoLevel`
    |
help: consider importing this enum through its public re-export
    |
  1 + use crate::core::config::DebuginfoLevel;
    |

error[E0433]: failed to resolve: use of unresolved module or unlinked crate `helpers`
    --> standalonex/src/bootstrap/src/core/config/config_part4.rs:1003:23
     |
1003 |         let mut git = helpers::git(Some(&self.src));
     |                       ^^^^^^^ use of unresolved module or unlinked crate `helpers`
     |
     = help: if you wanted to use a crate named `helpers`, use `cargo add helpers` to add it to your `Cargo.toml`
help: consider importing this module
     |
   1 + use crate::utils::helpers;
     |

error[E0425]: cannot find function `output` in this scope
    --> standalonex/src/bootstrap/src/core/config/config_part4.rs:1005:9
     |
1005 |         output(git.as_command_mut())
     |         ^^^^^^ not found in this scope
     |
help: consider importing this function
     |
   1 + use crate::utils::helpers::output;
     |

error[E0433]: failed to resolve: use of unresolved module or unlinked crate `fs`
    --> standalonex/src/bootstrap/src/core/config/config_part4.rs:1020:27
     |
1020 |             let channel = fs::read_to_string(&self.ci.channel_file);
     |                           ^^ use of unresolved module or unlinked crate `fs`
     |
     = help: if you wanted to use a crate named `fs`, use `cargo add fs` to add it to your `Cargo.toml`
help: consider importing one of these modules
     |
   1 + use crate::fs;
     |
   1 + use std::fs;
     |

error[E0433]: failed to resolve: use of unresolved module or unlinked crate `fs`
    --> standalonex/src/bootstrap/src/core/config/config_part4.rs:1021:27
     |
1021 |             let version = fs::read_to_string(&self.ci.version_file);
     |                           ^^ use of unresolved module or unlinked crate `fs`
     |
     = help: if you wanted to use a crate named `fs`, use `cargo add fs` to add it to your `Cargo.toml`
help: consider importing one of these modules
     |
   1 + use crate::fs;
     |
   1 + use std::fs;
     |

error[E0433]: failed to resolve: use of undeclared type `CiEnv`
    --> standalonex/src/bootstrap/src/core/config/config_part4.rs:1142:28
     |
1142 |                         if CiEnv::is_ci() {
     |                            ^^^^^ use of undeclared type `CiEnv`
     |
help: consider importing this enum
     |
   1 + use build_helper::ci::CiEnv;
     |

error[E0433]: failed to resolve: use of unresolved module or unlinked crate `get_builder_toml`
    --> standalonex/src/bootstrap/src/core/config/config_part4.rs:1151:52
     |
1151 |                         let ci_config_toml = match get_builder_toml::get_builder_toml(self, "ci-rustc") {
     |                                                    ^^^^^^^^^^^^^^^^ use of unresolved module or unlinked crate `get_builder_toml`
     |
     = help: if you wanted to use a crate named `get_builder_toml`, use `cargo add get_builder_toml` to add it to your `Cargo.toml`
help: consider importing this module
     |
   1 + use bootstrap_config_utils::get_builder_toml;
     |

error[E0433]: failed to resolve: use of unresolved module or unlinked crate `get_toml`
    --> standalonex/src/bootstrap/src/core/config/config_part4.rs:1164:51
     |
1164 |                         let current_config_toml = get_toml::get_toml(config_path).unwrap();
     |                                                   ^^^^^^^^ use of unresolved module or unlinked crate `get_toml`
     |
     = help: if you wanted to use a crate named `get_toml`, use `cargo add get_toml` to add it to your `Cargo.toml`
help: consider importing this module
     |
   1 + use bootstrap_config_utils::get_toml;
     |

error[E0425]: cannot find function `check_incompatible_options_for_ci_rustc` in this scope
    --> standalonex/src/bootstrap/src/core/config/config_part4.rs:1168:35
     |
1168 |                         let res = check_incompatible_options_for_ci_rustc(
     |                                   ^^^^^^^^^^^^^^^^^^^^^^^^^^^^^^^^^^^^^^^ not found in this scope
     |
help: consider importing this function through its public re-export
     |
   1 + use crate::core::config::check_incompatible_options_for_ci_rustc;
     |

error[E0433]: failed to resolve: use of undeclared type `RustfmtState`
    --> standalonex/src/bootstrap/src/core/config/config_part4.rs:1194:13
     |
1194 |             RustfmtState::SystemToolchain(p) | RustfmtState::Downloaded(p) => Some(p.clone()),
     |             ^^^^^^^^^^^^ use of undeclared type `RustfmtState`
     |
help: consider importing this enum through its public re-export
     |
   1 + use crate::core::config::RustfmtState;
     |

error[E0433]: failed to resolve: use of undeclared type `RustfmtState`
    --> standalonex/src/bootstrap/src/core/config/config_part4.rs:1194:48
     |
1194 |             RustfmtState::SystemToolchain(p) | RustfmtState::Downloaded(p) => Some(p.clone()),
     |                                                ^^^^^^^^^^^^ use of undeclared type `RustfmtState`
     |
help: consider importing this enum through its public re-export
     |
   1 + use crate::core::config::RustfmtState;
     |

error[E0433]: failed to resolve: use of undeclared type `RustfmtState`
    --> standalonex/src/bootstrap/src/core/config/config_part4.rs:1195:13
     |
1195 |             RustfmtState::Unavailable => None,
     |             ^^^^^^^^^^^^ use of undeclared type `RustfmtState`
     |
help: consider importing this enum through its public re-export
     |
   1 + use crate::core::config::RustfmtState;
     |

error[E0433]: failed to resolve: use of undeclared type `RustfmtState`
    --> standalonex/src/bootstrap/src/core/config/config_part4.rs:1196:17
     |
1196 |             r @ RustfmtState::LazyEvaluated => {
     |                 ^^^^^^^^^^^^ use of undeclared type `RustfmtState`
     |
help: consider importing this enum through its public re-export
     |
   1 + use crate::core::config::RustfmtState;
     |

error[E0433]: failed to resolve: use of undeclared type `RustfmtState`
    --> standalonex/src/bootstrap/src/core/config/config_part4.rs:1202:21
     |
1202 |                     RustfmtState::Downloaded(p.clone())
     |                     ^^^^^^^^^^^^ use of undeclared type `RustfmtState`
     |
help: consider importing this enum through its public re-export
     |
   1 + use crate::core::config::RustfmtState;
     |

error[E0433]: failed to resolve: use of undeclared type `RustfmtState`
    --> standalonex/src/bootstrap/src/core/config/config_part4.rs:1204:21
     |
1204 |                     RustfmtState::Unavailable
     |                     ^^^^^^^^^^^^ use of undeclared type `RustfmtState`
     |
help: consider importing this enum through its public re-export
     |
   1 + use crate::core::config::RustfmtState;
     |

error[E0412]: cannot find type `TargetSelection` in this scope
    --> standalonex/src/bootstrap/src/core/config/config_part4.rs:1218:46
     |
1218 |     pub fn sanitizers_enabled(&self, target: TargetSelection) -> bool {
     |                                              ^^^^^^^^^^^^^^^ not found in this scope
     |
help: consider importing one of these structs
     |
   1 + use crate::TargetSelection;
     |
   1 + use bootstrap_config_utils::target_selection::TargetSelection;
     |

error[E0412]: cannot find type `TargetSelection` in this scope
    --> standalonex/src/bootstrap/src/core/config/config_part4.rs:1222:57
     |
1222 |     pub fn needs_sanitizer_runtime_built(&self, target: TargetSelection) -> bool {
     |                                                         ^^^^^^^^^^^^^^^ not found in this scope
     |
help: consider importing one of these structs
     |
   1 + use crate::TargetSelection;
     |
   1 + use bootstrap_config_utils::target_selection::TargetSelection;
     |

error[E0412]: cannot find type `TargetSelection` in this scope
    --> standalonex/src/bootstrap/src/core/config/config_part4.rs:1233:41
     |
1233 |     pub fn profiler_path(&self, target: TargetSelection) -> Option<&str> {
     |                                         ^^^^^^^^^^^^^^^ not found in this scope
     |
help: consider importing one of these structs
     |
   1 + use crate::TargetSelection;
     |
   1 + use bootstrap_config_utils::target_selection::TargetSelection;
     |

error[E0433]: failed to resolve: use of undeclared type `StringOrBool`
    --> standalonex/src/bootstrap/src/core/config/config_part4.rs:1235:13
     |
1235 |             StringOrBool::String(s) => Some(s),
     |             ^^^^^^^^^^^^ use of undeclared type `StringOrBool`
     |
help: consider importing this enum through its public re-export
     |
   1 + use crate::core::config::StringOrBool;
     |

error[E0433]: failed to resolve: use of undeclared type `StringOrBool`
    --> standalonex/src/bootstrap/src/core/config/config_part4.rs:1236:13
     |
1236 |             StringOrBool::Bool(_) => None,
     |             ^^^^^^^^^^^^ use of undeclared type `StringOrBool`
     |
help: consider importing this enum through its public re-export
     |
   1 + use crate::core::config::StringOrBool;
     |

error[E0412]: cannot find type `TargetSelection` in this scope
    --> standalonex/src/bootstrap/src/core/config/config_part4.rs:1240:44
     |
1240 |     pub fn profiler_enabled(&self, target: TargetSelection) -> bool {
     |                                            ^^^^^^^^^^^^^^^ not found in this scope
     |
help: consider importing one of these structs
     |
   1 + use crate::TargetSelection;
     |
   1 + use bootstrap_config_utils::target_selection::TargetSelection;
     |

error[E0433]: failed to resolve: use of undeclared type `StringOrBool`
    --> standalonex/src/bootstrap/src/core/config/config_part4.rs:1244:18
     |
1244 |             .map(StringOrBool::is_string_or_true)
     |                  ^^^^^^^^^^^^ use of undeclared type `StringOrBool`
     |
help: consider importing this enum through its public re-export
     |
   1 + use crate::core::config::StringOrBool;
     |

error[E0412]: cannot find type `TargetSelection` in this scope
    --> standalonex/src/bootstrap/src/core/config/config_part4.rs:1253:41
     |
1253 |     pub fn rpath_enabled(&self, target: TargetSelection) -> bool {
     |                                         ^^^^^^^^^^^^^^^ not found in this scope
     |
help: consider importing one of these structs
     |
   1 + use crate::TargetSelection;
     |
   1 + use bootstrap_config_utils::target_selection::TargetSelection;
     |

error[E0412]: cannot find type `TargetSelection` in this scope
    --> standalonex/src/bootstrap/src/core/config/config_part4.rs:1257:40
     |
1257 |     pub fn llvm_enabled(&self, target: TargetSelection) -> bool {
     |                                        ^^^^^^^^^^^^^^^ not found in this scope
     |
help: consider importing one of these structs
     |
   1 + use crate::TargetSelection;
     |
   1 + use bootstrap_config_utils::target_selection::TargetSelection;
     |

error[E0412]: cannot find type `TargetSelection` in this scope
    --> standalonex/src/bootstrap/src/core/config/config_part4.rs:1261:42
     |
1261 |     pub fn llvm_libunwind(&self, target: TargetSelection) -> LlvmLibunwind {
     |                                          ^^^^^^^^^^^^^^^ not found in this scope
     |
help: consider importing one of these structs
     |
   1 + use crate::TargetSelection;
     |
   1 + use bootstrap_config_utils::target_selection::TargetSelection;
     |

error[E0412]: cannot find type `LlvmLibunwind` in this scope
    --> standalonex/src/bootstrap/src/core/config/config_part4.rs:1261:62
     |
1261 |     pub fn llvm_libunwind(&self, target: TargetSelection) -> LlvmLibunwind {
     |                                                              ^^^^^^^^^^^^^ not found in this scope
     |
help: consider importing this enum through its public re-export
     |
   1 + use crate::LlvmLibunwind;
     |

error[E0433]: failed to resolve: use of undeclared type `LlvmLibunwind`
    --> standalonex/src/bootstrap/src/core/config/config_part4.rs:1267:17
     |
1267 |                 LlvmLibunwind::InTree
     |                 ^^^^^^^^^^^^^ use of undeclared type `LlvmLibunwind`
     |
help: consider importing this enum through its public re-export
     |
   1 + use crate::LlvmLibunwind;
     |

error[E0433]: failed to resolve: use of undeclared type `LlvmLibunwind`
    --> standalonex/src/bootstrap/src/core/config/config_part4.rs:1269:17
     |
1269 |                 LlvmLibunwind::No
     |                 ^^^^^^^^^^^^^ use of undeclared type `LlvmLibunwind`
     |
help: consider importing this enum through its public re-export
     |
   1 + use crate::LlvmLibunwind;
     |

error[E0412]: cannot find type `TargetSelection` in this scope
    --> standalonex/src/bootstrap/src/core/config/config_part4.rs:1273:43
     |
1273 |     pub fn split_debuginfo(&self, target: TargetSelection) -> SplitDebuginfo {
     |                                           ^^^^^^^^^^^^^^^ not found in this scope
     |
help: consider importing one of these structs
     |
   1 + use crate::TargetSelection;
     |
   1 + use bootstrap_config_utils::target_selection::TargetSelection;
     |

error[E0412]: cannot find type `SplitDebuginfo` in this scope
    --> standalonex/src/bootstrap/src/core/config/config_part4.rs:1273:63
     |
1273 |     pub fn split_debuginfo(&self, target: TargetSelection) -> SplitDebuginfo {
     |                                                               ^^^^^^^^^^^^^^ not found in this scope
     |
help: consider importing this enum through its public re-export
     |
   1 + use crate::core::config::SplitDebuginfo;
     |

error[E0433]: failed to resolve: use of undeclared type `SplitDebuginfo`
    --> standalonex/src/bootstrap/src/core/config/config_part4.rs:1277:32
     |
1277 |             .unwrap_or_else(|| SplitDebuginfo::default_for_platform(target))
     |                                ^^^^^^^^^^^^^^ use of undeclared type `SplitDebuginfo`
     |
help: consider importing this enum through its public re-export
     |
   1 + use crate::core::config::SplitDebuginfo;
     |

error[E0412]: cannot find type `TargetSelection` in this scope
    --> standalonex/src/bootstrap/src/core/config/config_part4.rs:1287:44
     |
1287 |     pub fn codegen_backends(&self, target: TargetSelection) -> &[String] {
     |                                            ^^^^^^^^^^^^^^^ not found in this scope
     |
help: consider importing one of these structs
     |
   1 + use crate::TargetSelection;
     |
   1 + use bootstrap_config_utils::target_selection::TargetSelection;
     |

error[E0412]: cannot find type `TargetSelection` in this scope
    --> standalonex/src/bootstrap/src/core/config/config_part4.rs:1294:51
     |
1294 |     pub fn default_codegen_backend(&self, target: TargetSelection) -> Option<String> {
     |                                                   ^^^^^^^^^^^^^^^ not found in this scope
     |
help: consider importing one of these structs
     |
   1 + use crate::TargetSelection;
     |
   1 + use bootstrap_config_utils::target_selection::TargetSelection;
     |

error[E0412]: cannot find type `GitConfig` in this scope
    --> standalonex/src/bootstrap/src/core/config/config_part4.rs:1298:33
     |
1298 |     pub fn git_config(&self) -> GitConfig<'_> {
     |                                 ^^^^^^^^^ not found in this scope
     |
help: consider importing this struct
     |
   1 + use build_helper::git::GitConfig;
     |

error[E0422]: cannot find struct, variant or union type `GitConfig` in this scope
    --> standalonex/src/bootstrap/src/core/config/config_part4.rs:1299:9
     |
1299 |         GitConfig {
     |         ^^^^^^^^^ not found in this scope
     |
help: consider importing this struct
     |
   1 + use build_helper::git::GitConfig;
     |

error[E0433]: failed to resolve: use of undeclared type `GitInfo`
    --> standalonex/src/bootstrap/src/core/config/config_part4.rs:1324:13
     |
1324 |         if !GitInfo::new(false, &absolute_path).is_managed_git_subrepository()
     |             ^^^^^^^ use of undeclared type `GitInfo`
     |
help: consider importing this enum through its public re-export
     |
   1 + use crate::GitInfo;
     |

error[E0433]: failed to resolve: use of unresolved module or unlinked crate `helpers`
    --> standalonex/src/bootstrap/src/core/config/config_part4.rs:1325:17
     |
1325 |             && !helpers::dir_is_empty(&absolute_path)
     |                 ^^^^^^^ use of unresolved module or unlinked crate `helpers`
     |
     = help: if you wanted to use a crate named `helpers`, use `cargo add helpers` to add it to your `Cargo.toml`
help: consider importing this module
     |
   1 + use crate::utils::helpers;
     |

error[E0433]: failed to resolve: use of unresolved module or unlinked crate `helpers`
    --> standalonex/src/bootstrap/src/core/config/config_part4.rs:1337:27
     |
1337 |             let mut cmd = helpers::git(Some(&absolute_path));
     |                           ^^^^^^^ use of unresolved module or unlinked crate `helpers`
     |
     = help: if you wanted to use a crate named `helpers`, use `cargo add helpers` to add it to your `Cargo.toml`
help: consider importing this module
     |
   1 + use crate::utils::helpers;
     |

error[E0425]: cannot find function `output` in this scope
    --> standalonex/src/bootstrap/src/core/config/config_part4.rs:1343:32
     |
1343 |         let checked_out_hash = output(submodule_git().args(["rev-parse", "HEAD"]).as_command_mut());
     |                                ^^^^^^ not found in this scope
     |
help: consider importing this function
     |
   1 + use crate::utils::helpers::output;
     |

error[E0425]: cannot find function `output` in this scope
    --> standalonex/src/bootstrap/src/core/config/config_part4.rs:1346:24
     |
1346 |         let recorded = output(
     |                        ^^^^^^ not found in this scope
     |
help: consider importing this function
     |
   1 + use crate::utils::helpers::output;
     |

error[E0433]: failed to resolve: use of unresolved module or unlinked crate `helpers`
    --> standalonex/src/bootstrap/src/core/config/config_part4.rs:1347:13
     |
1347 |             helpers::git(Some(&self.src))
     |             ^^^^^^^ use of unresolved module or unlinked crate `helpers`
     |
     = help: if you wanted to use a crate named `helpers`, use `cargo add helpers` to add it to your `Cargo.toml`
help: consider importing this module
     |
   1 + use crate::utils::helpers;
     |

error[E0433]: failed to resolve: use of unresolved module or unlinked crate `helpers`
    --> standalonex/src/bootstrap/src/core/config/config_part4.rs:1366:13
     |
1366 |             helpers::git(Some(&self.src))
     |             ^^^^^^^ use of unresolved module or unlinked crate `helpers`
     |
     = help: if you wanted to use a crate named `helpers`, use `cargo add helpers` to add it to your `Cargo.toml`
help: consider importing this module
     |
   1 + use crate::utils::helpers;
     |

error[E0425]: cannot find function `output_result` in this scope
    --> standalonex/src/bootstrap/src/core/config/config_part4.rs:1376:34
     |
1376 |             let current_branch = output_result(
     |                                  ^^^^^^^^^^^^^ not found in this scope
     |
help: consider importing this function
     |
   1 + use build_helper::git::output_result;
     |

error[E0433]: failed to resolve: use of unresolved module or unlinked crate `helpers`
    --> standalonex/src/bootstrap/src/core/config/config_part4.rs:1377:17
     |
1377 |                 helpers::git(Some(&self.src))
     |                 ^^^^^^^ use of unresolved module or unlinked crate `helpers`
     |
     = help: if you wanted to use a crate named `helpers`, use `cargo add helpers` to add it to your `Cargo.toml`
help: consider importing this module
     |
   1 + use crate::utils::helpers;
     |

error[E0433]: failed to resolve: use of unresolved module or unlinked crate `helpers`
    --> standalonex/src/bootstrap/src/core/config/config_part4.rs:1385:27
     |
1385 |             let mut git = helpers::git(Some(&self.src)).allow_failure();
     |                           ^^^^^^^ use of unresolved module or unlinked crate `helpers`
     |
     = help: if you wanted to use a crate named `helpers`, use `cargo add helpers` to add it to your `Cargo.toml`
help: consider importing this module
     |
   1 + use crate::utils::helpers;
     |

error[E0425]: cannot find function `output` in this scope
    --> standalonex/src/bootstrap/src/core/config/config_part4.rs:1435:29
     |
1435 |         let stage0_output = output(Command::new(program_path).arg("--version"));
     |                             ^^^^^^ not found in this scope
     |
help: consider importing this function
     |
   1 + use crate::utils::helpers::output;
     |

error[E0433]: failed to resolve: use of unresolved module or unlinked crate `fs`
    --> standalonex/src/bootstrap/src/core/config/config_part4.rs:1450:13
     |
1450 |             fs::read_to_string(self.src.join("src/version")).unwrap().trim(),
     |             ^^ use of unresolved module or unlinked crate `fs`
     |
     = help: if you wanted to use a crate named `fs`, use `cargo add fs` to add it to your `Cargo.toml`
help: consider importing one of these modules
     |
   1 + use crate::fs;
     |
   1 + use std::fs;
     |

error[E0412]: cannot find type `StringOrBool` in this scope
    --> standalonex/src/bootstrap/src/core/config/config_part4.rs:1468:32
     |
1468 |         download_rustc: Option<StringOrBool>,
     |                                ^^^^^^^^^^^^ not found in this scope
     |
help: consider importing this enum through its public re-export
     |
   1 + use crate::core::config::StringOrBool;
     |

error[E0425]: cannot find function `is_download_ci_available` in this scope
    --> standalonex/src/bootstrap/src/core/config/config_part4.rs:1471:13
     |
1471 |         if !is_download_ci_available(&self.build.triple, llvm_assertions) {
     |             ^^^^^^^^^^^^^^^^^^^^^^^^ not found in this scope
     |
help: consider importing this function
     |
   1 + use crate::core::download::is_download_ci_available;
     |

error[E0433]: failed to resolve: use of undeclared type `StringOrBool`
    --> standalonex/src/bootstrap/src/core/config/config_part4.rs:1478:18
     |
1478 |             Some(StringOrBool::Bool(false)) => return None,
     |                  ^^^^^^^^^^^^ use of undeclared type `StringOrBool`
     |
help: consider importing this enum through its public re-export
     |
   1 + use crate::core::config::StringOrBool;
     |

error[E0433]: failed to resolve: use of undeclared type `StringOrBool`
    --> standalonex/src/bootstrap/src/core/config/config_part4.rs:1479:18
     |
1479 |             Some(StringOrBool::Bool(true)) => false,
     |                  ^^^^^^^^^^^^ use of undeclared type `StringOrBool`
     |
help: consider importing this enum through its public re-export
     |
   1 + use crate::core::config::StringOrBool;
     |

error[E0433]: failed to resolve: use of undeclared type `StringOrBool`
    --> standalonex/src/bootstrap/src/core/config/config_part4.rs:1480:18
     |
1480 |             Some(StringOrBool::String(s)) if s == "if-unchanged" => {
     |                  ^^^^^^^^^^^^ use of undeclared type `StringOrBool`
     |
help: consider importing this enum through its public re-export
     |
   1 + use crate::core::config::StringOrBool;
     |

error[E0433]: failed to resolve: use of undeclared type `StringOrBool`
    --> standalonex/src/bootstrap/src/core/config/config_part4.rs:1490:18
     |
1490 |             Some(StringOrBool::String(other)) => {
     |                  ^^^^^^^^^^^^ use of undeclared type `StringOrBool`
     |
help: consider importing this enum through its public re-export
     |
   1 + use crate::core::config::StringOrBool;
     |

error[E0425]: cannot find value `RUSTC_IF_UNCHANGED_ALLOWED_PATHS` in this scope
    --> standalonex/src/bootstrap/src/core/config/config_part4.rs:1496:33
     |
1496 |         let mut allowed_paths = RUSTC_IF_UNCHANGED_ALLOWED_PATHS.to_vec();
     |                                 ^^^^^^^^^^^^^^^^^^^^^^^^^^^^^^^^ not found in this scope

error[E0433]: failed to resolve: use of undeclared type `CiEnv`
    --> standalonex/src/bootstrap/src/core/config/config_part4.rs:1502:13
     |
1502 |         if !CiEnv::is_ci() {
     |             ^^^^^ use of undeclared type `CiEnv`
     |
help: consider importing this enum
     |
   1 + use build_helper::ci::CiEnv;
     |

error[E0433]: failed to resolve: use of unresolved module or unlinked crate `channel`
    --> standalonex/src/bootstrap/src/core/config/config_part4.rs:1523:13
     |
1523 |             channel::read_commit_info_file(&self.src)
     |             ^^^^^^^ use of unresolved module or unlinked crate `channel`
     |
     = help: if you wanted to use a crate named `channel`, use `cargo add channel` to add it to your `Cargo.toml`
help: consider importing this module
     |
   1 + use crate::utils::channel;
     |

error[E0433]: failed to resolve: use of undeclared type `CiEnv`
    --> standalonex/src/bootstrap/src/core/config/config_part4.rs:1528:12
     |
1528 |         if CiEnv::is_ci() && {
     |            ^^^^^ use of undeclared type `CiEnv`
     |
help: consider importing this enum
     |
   1 + use build_helper::ci::CiEnv;
     |

error[E0425]: cannot find function `output` in this scope
    --> standalonex/src/bootstrap/src/core/config/config_part4.rs:1530:17
     |
1530 |                 output(helpers::git(Some(&self.src)).arg("rev-parse").arg("HEAD").as_command_mut());
     |                 ^^^^^^ not found in this scope
     |
help: consider importing this function
     |
   1 + use crate::utils::helpers::output;
     |

error[E0433]: failed to resolve: use of unresolved module or unlinked crate `helpers`
    --> standalonex/src/bootstrap/src/core/config/config_part4.rs:1530:24
     |
1530 |                 output(helpers::git(Some(&self.src)).arg("rev-parse").arg("HEAD").as_command_mut());
     |                        ^^^^^^^ use of unresolved module or unlinked crate `helpers`
     |
     = help: if you wanted to use a crate named `helpers`, use `cargo add helpers` to add it to your `Cargo.toml`
help: consider importing this module
     |
   1 + use crate::utils::helpers;
     |

error[E0412]: cannot find type `StringOrBool` in this scope
    --> standalonex/src/bootstrap/src/core/config/config_part4.rs:1546:34
     |
1546 |         download_ci_llvm: Option<StringOrBool>,
     |                                  ^^^^^^^^^^^^ not found in this scope
     |
help: consider importing this enum through its public re-export
     |
   1 + use crate::core::config::StringOrBool;
     |

error[E0433]: failed to resolve: use of undeclared type `StringOrBool`
    --> standalonex/src/bootstrap/src/core/config/config_part4.rs:1549:59
     |
1549 |         let download_ci_llvm = download_ci_llvm.unwrap_or(StringOrBool::Bool(true));
     |                                                           ^^^^^^^^^^^^ use of undeclared type `StringOrBool`
     |
help: consider importing this enum through its public re-export
     |
   1 + use crate::core::config::StringOrBool;
     |

error[E0433]: failed to resolve: use of undeclared type `StringOrBool`
    --> standalonex/src/bootstrap/src/core/config/config_part4.rs:1572:13
     |
1572 |             StringOrBool::Bool(b) => {
     |             ^^^^^^^^^^^^ use of undeclared type `StringOrBool`
     |
help: consider importing this enum through its public re-export
     |
   1 + use crate::core::config::StringOrBool;
     |

error[E0433]: failed to resolve: use of undeclared type `StringOrBool`
    --> standalonex/src/bootstrap/src/core/config/config_part4.rs:1582:13
     |
1582 |             StringOrBool::String(s) if s == "if-unchanged" => if_unchanged(),
     |             ^^^^^^^^^^^^ use of undeclared type `StringOrBool`
     |
help: consider importing this enum through its public re-export
     |
   1 + use crate::core::config::StringOrBool;
     |

error[E0433]: failed to resolve: use of undeclared type `StringOrBool`
    --> standalonex/src/bootstrap/src/core/config/config_part4.rs:1583:13
     |
1583 |             StringOrBool::String(other) => {
     |             ^^^^^^^^^^^^ use of undeclared type `StringOrBool`
     |
help: consider importing this enum through its public re-export
     |
   1 + use crate::core::config::StringOrBool;
     |

error[E0425]: cannot find function `get_closest_merge_commit` in this scope
    --> standalonex/src/bootstrap/src/core/config/config_part4.rs:1604:22
     |
1604 |         let commit = get_closest_merge_commit(Some(&self.src), &self.git_config(), &[]).unwrap();
     |                      ^^^^^^^^^^^^^^^^^^^^^^^^ not found in this scope
     |
help: consider importing this function
     |
   1 + use build_helper::git::get_closest_merge_commit;
     |

error[E0433]: failed to resolve: use of unresolved module or unlinked crate `helpers`
    --> standalonex/src/bootstrap/src/core/config/config_part4.rs:1614:23
     |
1614 |         let mut git = helpers::git(Some(&self.src));
     |                       ^^^^^^^ use of unresolved module or unlinked crate `helpers`
     |
     = help: if you wanted to use a crate named `helpers`, use `cargo add helpers` to add it to your `Cargo.toml`
help: consider importing this module
     |
   1 + use crate::utils::helpers;
     |

error[E0412]: cannot find type `RustOptimize` in this scope
 --> standalonex/src/bootstrap/src/core/config/config_part6.rs:4:18
  |
4 |     type Value = RustOptimize;
  |                  ^^^^^^^^^^^^ not found in this scope
  |
help: consider importing this enum through its public re-export
  |
1 + use crate::core::config::RustOptimize;
  |

error[E0433]: failed to resolve: use of undeclared type `RustOptimize`
  --> standalonex/src/bootstrap/src/core/config/config_part6.rs:15:16
   |
15 |             Ok(RustOptimize::String(value.to_string()))
   |                ^^^^^^^^^^^^ use of undeclared type `RustOptimize`
   |
help: consider importing this enum through its public re-export
   |
 1 + use crate::core::config::RustOptimize;
   |

error[E0433]: failed to resolve: use of undeclared type `RustOptimize`
  --> standalonex/src/bootstrap/src/core/config/config_part6.rs:26:16
   |
26 |             Ok(RustOptimize::Int(value as u8))
   |                ^^^^^^^^^^^^ use of undeclared type `RustOptimize`
   |
help: consider importing this enum through its public re-export
   |
 1 + use crate::core::config::RustOptimize;
   |

error[E0433]: failed to resolve: use of undeclared type `RustOptimize`
  --> standalonex/src/bootstrap/src/core/config/config_part6.rs:36:12
   |
36 |         Ok(RustOptimize::Bool(value))
   |            ^^^^^^^^^^^^ use of undeclared type `RustOptimize`
   |
help: consider importing this enum through its public re-export
   |
 1 + use crate::core::config::RustOptimize;
   |

error[E0412]: cannot find type `RustOptimize` in this scope
  --> standalonex/src/bootstrap/src/core/config/config_part6.rs:46:6
   |
46 | impl RustOptimize {
   |      ^^^^^^^^^^^^ not found in this scope
   |
help: consider importing this enum through its public re-export
   |
 1 + use crate::core::config::RustOptimize;
   |

error[E0433]: failed to resolve: use of undeclared type `RustOptimize`
  --> standalonex/src/bootstrap/src/core/config/config_part6.rs:49:13
   |
49 |             RustOptimize::Bool(true) | RustOptimize::String(_) => true,
   |             ^^^^^^^^^^^^ use of undeclared type `RustOptimize`
   |
help: consider importing this enum through its public re-export
   |
 1 + use crate::core::config::RustOptimize;
   |

error[E0433]: failed to resolve: use of undeclared type `RustOptimize`
  --> standalonex/src/bootstrap/src/core/config/config_part6.rs:49:40
   |
49 |             RustOptimize::Bool(true) | RustOptimize::String(_) => true,
   |                                        ^^^^^^^^^^^^ use of undeclared type `RustOptimize`
   |
help: consider importing this enum through its public re-export
   |
 1 + use crate::core::config::RustOptimize;
   |

error[E0433]: failed to resolve: use of undeclared type `RustOptimize`
  --> standalonex/src/bootstrap/src/core/config/config_part6.rs:50:13
   |
50 |             RustOptimize::Int(i) => *i > 0,
   |             ^^^^^^^^^^^^ use of undeclared type `RustOptimize`
   |
help: consider importing this enum through its public re-export
   |
 1 + use crate::core::config::RustOptimize;
   |

error[E0433]: failed to resolve: use of undeclared type `RustOptimize`
  --> standalonex/src/bootstrap/src/core/config/config_part6.rs:51:13
   |
51 |             RustOptimize::Bool(false) => false,
   |             ^^^^^^^^^^^^ use of undeclared type `RustOptimize`
   |
help: consider importing this enum through its public re-export
   |
 1 + use crate::core::config::RustOptimize;
   |

error[E0433]: failed to resolve: use of undeclared type `RustOptimize`
  --> standalonex/src/bootstrap/src/core/config/config_part6.rs:57:13
   |
57 |             RustOptimize::String(s) => Some(s.clone()),
   |             ^^^^^^^^^^^^ use of undeclared type `RustOptimize`
   |
help: consider importing this enum through its public re-export
   |
 1 + use crate::core::config::RustOptimize;
   |

error[E0433]: failed to resolve: use of undeclared type `RustOptimize`
  --> standalonex/src/bootstrap/src/core/config/config_part6.rs:58:13
   |
58 |             RustOptimize::Int(i) => Some(i.to_string()),
   |             ^^^^^^^^^^^^ use of undeclared type `RustOptimize`
   |
help: consider importing this enum through its public re-export
   |
 1 + use crate::core::config::RustOptimize;
   |

error[E0433]: failed to resolve: use of undeclared type `RustOptimize`
  --> standalonex/src/bootstrap/src/core/config/config_part6.rs:59:13
   |
59 |             RustOptimize::Bool(_) => None,
   |             ^^^^^^^^^^^^ use of undeclared type `RustOptimize`
   |
help: consider importing this enum through its public re-export
   |
 1 + use crate::core::config::RustOptimize;
   |

error[E0412]: cannot find type `Subcommand` in this scope
  --> standalonex/src/bootstrap/src/core/config/flags.rs:41:14
   |
41 |     pub cmd: Subcommand,
   |              ^^^^^^^^^^ not found in this scope
   |
help: consider importing one of these items
   |
 6 + use crate::Subcommand;
   |
 6 + use crate::core::config::Subcommand;
   |
 6 + use clap::Subcommand;
   |

error[E0412]: cannot find type `StringOrBool` in this scope
  --> standalonex/src/bootstrap/src/core/config/llvm.rs:14:24
   |
14 |         ccache: Option<StringOrBool> = "ccache",
   |                        ^^^^^^^^^^^^ not found in this scope
   |
help: consider importing this enum through its public re-export
   |
 1 + use crate::core::config::StringOrBool;
   |

error[E0412]: cannot find type `StringOrBool` in this scope
  --> standalonex/src/bootstrap/src/core/config/llvm.rs:34:34
   |
34 |         download_ci_llvm: Option<StringOrBool> = "download-ci-llvm",
   |                                  ^^^^^^^^^^^^ not found in this scope
   |
help: consider importing this enum through its public re-export
   |
 1 + use crate::core::config::StringOrBool;
   |

error[E0412]: cannot find type `RustOptimize` in this scope
 --> standalonex/src/bootstrap/src/core/config/rust.rs:7:26
  |
7 |         optimize: Option<RustOptimize> = "optimize",
  |                          ^^^^^^^^^^^^ not found in this scope
  |
help: consider importing this enum through its public re-export
  |
1 + use crate::core::config::RustOptimize;
  |

error[E0412]: cannot find type `DebuginfoLevel` in this scope
  --> standalonex/src/bootstrap/src/core/config/rust.rs:17:33
   |
17 |         debuginfo_level: Option<DebuginfoLevel> = "debuginfo-level",
   |                                 ^^^^^^^^^^^^^^ not found in this scope
   |
help: consider importing this enum through its public re-export
   |
 1 + use crate::core::config::DebuginfoLevel;
   |

error[E0412]: cannot find type `DebuginfoLevel` in this scope
  --> standalonex/src/bootstrap/src/core/config/rust.rs:18:39
   |
18 |         debuginfo_level_rustc: Option<DebuginfoLevel> = "debuginfo-level-rustc",
   |                                       ^^^^^^^^^^^^^^ not found in this scope
   |
help: consider importing this enum through its public re-export
   |
 1 + use crate::core::config::DebuginfoLevel;
   |

error[E0412]: cannot find type `DebuginfoLevel` in this scope
  --> standalonex/src/bootstrap/src/core/config/rust.rs:19:37
   |
19 |         debuginfo_level_std: Option<DebuginfoLevel> = "debuginfo-level-std",
   |                                     ^^^^^^^^^^^^^^ not found in this scope
   |
help: consider importing this enum through its public re-export
   |
 1 + use crate::core::config::DebuginfoLevel;
   |

error[E0412]: cannot find type `DebuginfoLevel` in this scope
  --> standalonex/src/bootstrap/src/core/config/rust.rs:20:39
   |
20 |         debuginfo_level_tools: Option<DebuginfoLevel> = "debuginfo-level-tools",
   |                                       ^^^^^^^^^^^^^^ not found in this scope
   |
help: consider importing this enum through its public re-export
   |
 1 + use crate::core::config::DebuginfoLevel;
   |

error[E0412]: cannot find type `DebuginfoLevel` in this scope
  --> standalonex/src/bootstrap/src/core/config/rust.rs:21:39
   |
21 |         debuginfo_level_tests: Option<DebuginfoLevel> = "debuginfo-level-tests",
   |                                       ^^^^^^^^^^^^^^ not found in this scope
   |
help: consider importing this enum through its public re-export
   |
 1 + use crate::core::config::DebuginfoLevel;
   |

error[E0412]: cannot find type `LldMode` in this scope
  --> standalonex/src/bootstrap/src/core/config/rust.rs:42:26
   |
42 |         lld_mode: Option<LldMode> = "use-lld",
   |                          ^^^^^^^ not found in this scope
   |
help: consider importing this enum through its public re-export
   |
 1 + use crate::LldMode;
   |

error[E0412]: cannot find type `StringOrBool` in this scope
  --> standalonex/src/bootstrap/src/core/config/rust.rs:58:32
   |
58 |         download_rustc: Option<StringOrBool> = "download-rustc",
   |                                ^^^^^^^^^^^^ not found in this scope
   |
help: consider importing this enum through its public re-export
   |
 1 + use crate::core::config::StringOrBool;
   |

error[E0412]: cannot find type `TargetSelection` in this scope
  --> standalonex/src/bootstrap/src/core/config/splitdebuginfo.rs:26:37
   |
26 | pub fn default_for_platform(target: TargetSelection) -> Self {
   |                                     ^^^^^^^^^^^^^^^ not found in this scope
   |
help: consider importing one of these structs
   |
 1 + use crate::TargetSelection;
   |
 1 + use bootstrap_config_utils::target_selection::TargetSelection;
   |

error[E0412]: cannot find type `QaTool` in this scope
 --> standalonex/src/bootstrap/src/core/config/subcommand.rs:8:8
  |
8 |     Qa(QaTool),
  |        ^^^^^^ not found in this scope

error[E0412]: cannot find type `BuildTool` in this scope
 --> standalonex/src/bootstrap/src/core/config/subcommand.rs:9:11
  |
9 |     Build(BuildTool),
  |           ^^^^^^^^^ not found in this scope

error[E0412]: cannot find type `DistTool` in this scope
  --> standalonex/src/bootstrap/src/core/config/subcommand.rs:10:10
   |
10 |     Dist(DistTool),
   |          ^^^^^^^^ not found in this scope

error[E0412]: cannot find type `MiscTool` in this scope
  --> standalonex/src/bootstrap/src/core/config/subcommand.rs:11:10
   |
11 |     Misc(MiscTool),
   |          ^^^^^^^^ not found in this scope

error[E0412]: cannot find type `Kind` in this scope
  --> standalonex/src/bootstrap/src/core/config/subcommand.rs:15:27
   |
15 |     pub fn kind(&self) -> Kind {
   |                           ^^^^ not found in this scope
   |
help: consider importing this enum through its public re-export
   |
 1 + use crate::Kind;
   |

error[E0433]: failed to resolve: use of undeclared type `Kind`
  --> standalonex/src/bootstrap/src/core/config/subcommand.rs:18:41
   |
18 |                 QaTool::Bench { .. } => Kind::Bench,
   |                                         ^^^^ use of undeclared type `Kind`
   |
help: consider importing this enum through its public re-export
   |
 1 + use crate::Kind;
   |

error[E0433]: failed to resolve: use of undeclared type `Kind`
  --> standalonex/src/bootstrap/src/core/config/subcommand.rs:19:41
   |
19 |                 QaTool::Check { .. } => Kind::Check,
   |                                         ^^^^ use of undeclared type `Kind`
   |
help: consider importing this enum through its public re-export
   |
 1 + use crate::Kind;
   |

error[E0433]: failed to resolve: use of undeclared type `Kind`
  --> standalonex/src/bootstrap/src/core/config/subcommand.rs:20:42
   |
20 |                 QaTool::Clippy { .. } => Kind::Clippy,
   |                                          ^^^^ use of undeclared type `Kind`
   |
help: consider importing this enum through its public re-export
   |
 1 + use crate::Kind;
   |

error[E0433]: failed to resolve: use of undeclared type `Kind`
  --> standalonex/src/bootstrap/src/core/config/subcommand.rs:21:39
   |
21 |                 QaTool::Fix { .. } => Kind::Fix,
   |                                       ^^^^ use of undeclared type `Kind`
   |
help: consider importing this enum through its public re-export
   |
 1 + use crate::Kind;
   |

error[E0433]: failed to resolve: use of undeclared type `Kind`
  --> standalonex/src/bootstrap/src/core/config/subcommand.rs:22:42
   |
22 |                 QaTool::Format { .. } => Kind::Format,
   |                                          ^^^^ use of undeclared type `Kind`
   |
help: consider importing this enum through its public re-export
   |
 1 + use crate::Kind;
   |

error[E0433]: failed to resolve: use of undeclared type `Kind`
  --> standalonex/src/bootstrap/src/core/config/subcommand.rs:23:40
   |
23 |                 QaTool::Test { .. } => Kind::Test,
   |                                        ^^^^ use of undeclared type `Kind`
   |
help: consider importing this enum through its public re-export
   |
 1 + use crate::Kind;
   |

error[E0433]: failed to resolve: use of undeclared type `Kind`
  --> standalonex/src/bootstrap/src/core/config/subcommand.rs:24:40
   |
24 |                 QaTool::Miri { .. } => Kind::Miri,
   |                                        ^^^^ use of undeclared type `Kind`
   |
help: consider importing this enum through its public re-export
   |
 1 + use crate::Kind;
   |

error[E0433]: failed to resolve: use of undeclared type `Kind`
  --> standalonex/src/bootstrap/src/core/config/subcommand.rs:25:43
   |
25 |                 QaTool::Suggest { .. } => Kind::Suggest,
   |                                           ^^^^ use of undeclared type `Kind`
   |
help: consider importing this enum through its public re-export
   |
 1 + use crate::Kind;
   |

error[E0433]: failed to resolve: use of undeclared type `Kind`
  --> standalonex/src/bootstrap/src/core/config/subcommand.rs:26:40
   |
26 |                 QaTool::Perf { .. } => Kind::Perf,
   |                                        ^^^^ use of undeclared type `Kind`
   |
help: consider importing this enum through its public re-export
   |
 1 + use crate::Kind;
   |

error[E0433]: failed to resolve: use of undeclared type `Kind`
  --> standalonex/src/bootstrap/src/core/config/subcommand.rs:29:44
   |
29 |                 BuildTool::Build { .. } => Kind::Build,
   |                                            ^^^^ use of undeclared type `Kind`
   |
help: consider importing this enum through its public re-export
   |
 1 + use crate::Kind;
   |

error[E0433]: failed to resolve: use of undeclared type `Kind`
  --> standalonex/src/bootstrap/src/core/config/subcommand.rs:30:42
   |
30 |                 BuildTool::Doc { .. } => Kind::Doc,
   |                                          ^^^^ use of undeclared type `Kind`
   |
help: consider importing this enum through its public re-export
   |
 1 + use crate::Kind;
   |

error[E0433]: failed to resolve: use of undeclared type `Kind`
  --> standalonex/src/bootstrap/src/core/config/subcommand.rs:33:42
   |
33 |                 DistTool::Dist { .. } => Kind::Dist,
   |                                          ^^^^ use of undeclared type `Kind`
   |
help: consider importing this enum through its public re-export
   |
 1 + use crate::Kind;
   |

error[E0433]: failed to resolve: use of undeclared type `Kind`
  --> standalonex/src/bootstrap/src/core/config/subcommand.rs:34:45
   |
34 |                 DistTool::Install { .. } => Kind::Install,
   |                                             ^^^^ use of undeclared type `Kind`
   |
help: consider importing this enum through its public re-export
   |
 1 + use crate::Kind;
   |

error[E0433]: failed to resolve: use of undeclared type `Kind`
  --> standalonex/src/bootstrap/src/core/config/subcommand.rs:37:43
   |
37 |                 MiscTool::Clean { .. } => Kind::Clean,
   |                                           ^^^^ use of undeclared type `Kind`
   |
help: consider importing this enum through its public re-export
   |
 1 + use crate::Kind;
   |

error[E0433]: failed to resolve: use of undeclared type `Kind`
  --> standalonex/src/bootstrap/src/core/config/subcommand.rs:38:41
   |
38 |                 MiscTool::Run { .. } => Kind::Run,
   |                                         ^^^^ use of undeclared type `Kind`
   |
help: consider importing this enum through its public re-export
   |
 1 + use crate::Kind;
   |

error[E0433]: failed to resolve: use of undeclared type `Kind`
  --> standalonex/src/bootstrap/src/core/config/subcommand.rs:39:43
   |
39 |                 MiscTool::Setup { .. } => Kind::Setup,
   |                                           ^^^^ use of undeclared type `Kind`
   |
help: consider importing this enum through its public re-export
   |
 1 + use crate::Kind;
   |

error[E0433]: failed to resolve: use of undeclared type `Kind`
  --> standalonex/src/bootstrap/src/core/config/subcommand.rs:40:44
   |
40 |                 MiscTool::Vendor { .. } => Kind::Vendor,
   |                                            ^^^^ use of undeclared type `Kind`
   |
help: consider importing this enum through its public re-export
   |
 1 + use crate::Kind;
   |

error[E0412]: cannot find type `DocTests` in this scope
  --> standalonex/src/bootstrap/src/core/config/subcommand.rs:63:32
   |
63 |     pub fn doc_tests(&self) -> DocTests {
   |                                ^^^^^^^^ not found in this scope
   |
help: consider importing this enum
   |
 1 + use crate::DocTests;
   |

error[E0433]: failed to resolve: use of undeclared type `DocTests`
  --> standalonex/src/bootstrap/src/core/config/subcommand.rs:67:21
   |
67 |                     DocTests::Only
   |                     ^^^^^^^^ use of undeclared type `DocTests`
   |
help: consider importing this enum
   |
 1 + use crate::DocTests;
   |

error[E0433]: failed to resolve: use of undeclared type `DocTests`
  --> standalonex/src/bootstrap/src/core/config/subcommand.rs:69:21
   |
69 |                     DocTests::No
   |                     ^^^^^^^^ use of undeclared type `DocTests`
   |
help: consider importing this enum
   |
 1 + use crate::DocTests;
   |

error[E0433]: failed to resolve: use of undeclared type `DocTests`
  --> standalonex/src/bootstrap/src/core/config/subcommand.rs:71:21
   |
71 |                     DocTests::Yes
   |                     ^^^^^^^^ use of undeclared type `DocTests`
   |
help: consider importing this enum
   |
 1 + use crate::DocTests;
   |

error[E0433]: failed to resolve: use of undeclared type `DocTests`
  --> standalonex/src/bootstrap/src/core/config/subcommand.rs:74:18
   |
74 |             _ => DocTests::Yes,
   |                  ^^^^^^^^ use of undeclared type `DocTests`
   |
help: consider importing this enum
   |
 1 + use crate::DocTests;
   |

error[E0433]: failed to resolve: use of undeclared type `Flags`
   --> standalonex/src/bootstrap/src/core/config/subcommand.rs:166:19
    |
166 |     let mut cmd = Flags::command();
    |                   ^^^^^ use of undeclared type `Flags`
    |
help: consider importing this struct through its public re-export
    |
  1 + use crate::Flags;
    |

error[E0412]: cannot find type `Interned` in this scope
 --> standalonex/src/bootstrap/src/core/config/target_selection.rs:7:17
  |
7 |     pub triple: Interned<String>,
  |                 ^^^^^^^^ not found in this scope
  |
help: consider importing this struct
  |
1 + use crate::utils::cache::Interned;
  |

error[E0412]: cannot find type `Interned` in this scope
 --> standalonex/src/bootstrap/src/core/config/target_selection.rs:8:18
  |
8 |     file: Option<Interned<String>>,
  |                  ^^^^^^^^ not found in this scope
  |
help: consider importing this struct
  |
1 + use crate::utils::cache::Interned;
  |

error[E0425]: cannot find value `INTERNER` in this scope
  --> standalonex/src/bootstrap/src/core/config/target_selection.rs:38:22
   |
38 |         let triple = INTERNER.intern_str(triple);
   |                      ^^^^^^^^ not found in this scope
   |
help: consider importing this static
   |
 1 + use crate::utils::cache::INTERNER;
   |

error[E0425]: cannot find value `INTERNER` in this scope
  --> standalonex/src/bootstrap/src/core/config/target_selection.rs:39:33
   |
39 |         let file = file.map(|f| INTERNER.intern_str(f));
   |                                 ^^^^^^^^ not found in this scope
   |
help: consider importing this static
   |
 1 + use crate::utils::cache::INTERNER;
   |

error[E0425]: cannot find value `INTERNER` in this scope
  --> standalonex/src/bootstrap/src/core/config/target_selection.rs:46:21
   |
46 |             triple: INTERNER.intern_str(triple),
   |                     ^^^^^^^^ not found in this scope
   |
help: consider importing this static
   |
 1 + use crate::utils::cache::INTERNER;
   |

error[E0425]: cannot find value `INTERNER` in this scope
  --> standalonex/src/bootstrap/src/core/config/target_selection.rs:47:24
   |
47 |             file: Some(INTERNER.intern_str(file)),
   |                        ^^^^^^^^ not found in this scope
   |
help: consider importing this static
   |
 1 + use crate::utils::cache::INTERNER;
   |

error[E0412]: cannot find type `LlvmLibunwind` in this scope
   --> standalonex/src/bootstrap/src/core/config/target_selection.rs:129:32
    |
129 |     pub llvm_libunwind: Option<LlvmLibunwind>,
    |                                ^^^^^^^^^^^^^ not found in this scope
    |
help: consider importing this enum through its public re-export
    |
  1 + use crate::LlvmLibunwind;
    |

error[E0412]: cannot find type `SplitDebuginfo` in this scope
   --> standalonex/src/bootstrap/src/core/config/target_selection.rs:136:33
    |
136 |     pub split_debuginfo: Option<SplitDebuginfo>,
    |                                 ^^^^^^^^^^^^^^ not found in this scope
    |
help: consider importing this enum through its public re-export
    |
  1 + use crate::core::config::SplitDebuginfo;
    |

error[E0412]: cannot find type `StringOrBool` in this scope
   --> standalonex/src/bootstrap/src/core/config/target_selection.rs:138:26
    |
138 |     pub profiler: Option<StringOrBool>,
    |                          ^^^^^^^^^^^^ not found in this scope
    |
help: consider importing this enum through its public re-export
    |
  1 + use crate::core::config::StringOrBool;
    |

error[E0412]: cannot find type `Target` in this scope
  --> standalonex/src/bootstrap/src/core/config/target.rs:2:6
   |
 2 | impl Target {
   |      ^^^^^^ not found in this scope
   |
note: struct `crate::core::metadata::Target` exists but is inaccessible
  --> standalonex/src/bootstrap/src/core/metadata.rs:37:1
   |
37 | struct Target {
   | ^^^^^^^^^^^^^ not accessible
help: consider importing this struct through its public re-export
   |
 1 + use crate::Target;
   |

error[E0412]: cannot find type `ChangeIdWrapper` in this scope
  --> standalonex/src/bootstrap/src/core/config/tomlconfig.rs:20:16
   |
20 |     change_id: ChangeIdWrapper,
   |                ^^^^^^^^^^^^^^^ not found in this scope
   |
help: consider importing this struct through its public re-export
   |
 1 + use crate::core::config::ChangeIdWrapper;
   |

error[E0412]: cannot find type `Build` in this scope
  --> standalonex/src/bootstrap/src/core/config/tomlconfig.rs:21:19
   |
21 |     build: Option<Build>,
   |                   ^^^^^ not found in this scope
   |
help: consider importing one of these structs
   |
 1 + use crate::Build;
   |
 1 + use crate::core::config::Build;
   |
 1 + use cc::Build;
   |

error[E0412]: cannot find type `Install` in this scope
  --> standalonex/src/bootstrap/src/core/config/tomlconfig.rs:22:21
   |
22 |     install: Option<Install>,
   |                     ^^^^^^^ not found in this scope
   |
help: consider importing one of these structs
   |
 1 + use crate::core::config::Install;
   |
 1 + use bootstrap_config_utils::install_config::Install;
   |

error[E0412]: cannot find type `Llvm` in this scope
  --> standalonex/src/bootstrap/src/core/config/tomlconfig.rs:23:18
   |
23 |     llvm: Option<Llvm>,
   |                  ^^^^ not found in this scope
   |
help: consider importing one of these structs
   |
 1 + use crate::core::config::Llvm;
   |
 1 + use crate::llvm::Llvm;
   |

error[E0412]: cannot find type `Rust` in this scope
  --> standalonex/src/bootstrap/src/core/config/tomlconfig.rs:24:18
   |
24 |     rust: Option<Rust>,
   |                  ^^^^ not found in this scope
   |
help: consider importing this struct through its public re-export
   |
 1 + use crate::core::config::Rust;
   |

error[E0412]: cannot find type `TomlTarget` in this scope
  --> standalonex/src/bootstrap/src/core/config/tomlconfig.rs:25:36
   |
25 |     target: Option<HashMap<String, TomlTarget>>,
   |                                    ^^^^^^^^^^ not found in this scope
   |
help: consider importing this struct through its public re-export
   |
 1 + use crate::core::config::TomlTarget;
   |

error[E0412]: cannot find type `Dist` in this scope
  --> standalonex/src/bootstrap/src/core/config/tomlconfig.rs:26:18
   |
26 |     dist: Option<Dist>,
   |                  ^^^^ not found in this scope
   |
help: consider importing this struct through its public re-export
   |
 1 + use crate::core::config::Dist;
   |

error[E0412]: cannot find type `Ci` in this scope
  --> standalonex/src/bootstrap/src/core/config/tomlconfig.rs:27:16
   |
27 |     ci: Option<Ci>,
   |                ^^ not found in this scope
   |
help: consider importing this struct through its public re-export
   |
 1 + use crate::core::config::Ci;
   |

error[E0412]: cannot find type `StringOrBool` in this scope
  --> standalonex/src/bootstrap/src/core/config/tomltarget.rs:19:26
   |
19 |         profiler: Option<StringOrBool> = "profiler",
   |                          ^^^^^^^^^^^^ not found in this scope
   |
help: consider importing this enum through its public re-export
   |
 1 + use crate::core::config::StringOrBool;
   |

error[E0412]: cannot find type `GitConfig` in this scope
   --> standalonex/src/bootstrap/src/lib.rs:308:21
    |
308 |     git_config() -> GitConfig<'_>,
    |                     ^^^^^^^^^
    |
   ::: standalonex/src/bootstrap/src/core/config/config_base.rs:15:1
    |
 15 | pub struct Config {
    | ----------------- similarly named struct `Config` defined here
    |
help: a struct with a similar name exists
    |
308 -     git_config() -> GitConfig<'_>,
308 +     git_config() -> Config<'_>,
    |
help: consider importing this struct
    |
  1 + use build_helper::git::GitConfig;
    |

error[E0425]: cannot find function `output` in this scope
   --> standalonex/src/bootstrap/src/lib.rs:354:13
    |
354 |             output(
    |             ^^^^^^ not found in this scope
    |
help: consider importing this function
    |
  1 + use crate::utils::helpers::output;
    |

error[E0425]: cannot find function `output` in this scope
   --> standalonex/src/bootstrap/src/lib.rs:368:13
    |
368 |             output(Command::new(&config.initial_rustc).arg("--print").arg("sysroot"))
    |             ^^^^^^ not found in this scope
    |
help: consider importing this function
    |
  1 + use crate::utils::helpers::output;
    |

error[E0425]: cannot find function `output` in this scope
   --> standalonex/src/bootstrap/src/lib.rs:464:13
    |
464 |             output(Command::new(&build.initial_rustc).arg("--version").arg("--verbose"));
    |             ^^^^^^ not found in this scope
    |
help: consider importing this function
    |
  1 + use crate::utils::helpers::output;
    |

error[E0425]: cannot find function `symlink_dir` in this scope
   --> standalonex/src/bootstrap/src/lib.rs:519:13
    |
519 |             symlink_dir(&build.config, &build_triple, &host),
    |             ^^^^^^^^^^^ not found in this scope
    |
help: consider importing this function
    |
  1 + use crate::utils::helpers::symlink_dir;
    |

error[E0425]: cannot find function `dir_is_empty` in this scope
   --> standalonex/src/bootstrap/src/lib.rs:542:12
    |
542 |         if dir_is_empty(&absolute_path) {
    |            ^^^^^^^^^^^^ not found in this scope
    |
help: consider importing this function
    |
  1 + use crate::utils::helpers::dir_is_empty;
    |

error[E0433]: failed to resolve: use of unresolved module or unlinked crate `helpers`
   --> standalonex/src/bootstrap/src/lib.rs:575:22
    |
575 |         let output = helpers::git(Some(&self.src))
    |                      ^^^^^^^ use of unresolved module or unlinked crate `helpers`
    |
help: to make use of source file standalonex/src/bootstrap/src/helpers.rs, use `mod helpers` in this file to declare the module
    |
  1 + mod helpers;
    |
help: consider importing this module
    |
  1 + use crate::utils::helpers;
    |

error[E0425]: cannot find function `mtime` in this scope
   --> standalonex/src/bootstrap/src/lib.rs:670:12
    |
670 |         if mtime(&stamp) < mtime(input) {
    |            ^^^^^ not found in this scope
    |
help: consider importing this function
    |
  1 + use crate::utils::helpers::mtime;
    |

error[E0425]: cannot find function `mtime` in this scope
   --> standalonex/src/bootstrap/src/lib.rs:670:28
    |
670 |         if mtime(&stamp) < mtime(input) {
    |                            ^^^^^ not found in this scope
    |
help: consider importing this function
    |
  1 + use crate::utils::helpers::mtime;
    |

error[E0425]: cannot find function `output` in this scope
   --> standalonex/src/bootstrap/src/lib.rs:864:31
    |
864 |             let llvm_bindir = output(Command::new(s).arg("--bindir"));
    |                               ^^^^^^ not found in this scope
    |
help: consider importing this function
    |
  1 + use crate::utils::helpers::output;
    |

error[E0425]: cannot find function `exe` in this scope
   --> standalonex/src/bootstrap/src/lib.rs:878:64
    |
878 |             let filecheck = Path::new(llvm_bindir.trim()).join(exe("FileCheck", target));
    |                                                                ^^^ not found in this scope
    |
help: consider importing one of these functions
    |
  1 + use crate::utils::helpers::exe;
    |
  1 + use crate::utils::shared_helpers::exe;
    |

error[E0425]: cannot find function `exe` in this scope
   --> standalonex/src/bootstrap/src/lib.rs:886:69
    |
886 |                     Path::new(llvm_libdir.trim()).join("llvm").join(exe("FileCheck", target));
    |                                                                     ^^^ not found in this scope
    |
help: consider importing one of these functions
    |
  1 + use crate::utils::helpers::exe;
    |
  1 + use crate::utils::shared_helpers::exe;
    |

error[E0425]: cannot find function `exe` in this scope
   --> standalonex/src/bootstrap/src/lib.rs:911:35
    |
911 |             base.join("bin").join(exe("FileCheck", target))
    |                                   ^^^ not found in this scope
    |
help: consider importing one of these functions
    |
  1 + use crate::utils::helpers::exe;
    |
  1 + use crate::utils::shared_helpers::exe;
    |

error[E0425]: cannot find function `libdir` in this scope
   --> standalonex/src/bootstrap/src/lib.rs:935:44
    |
935 |         self.rustc_snapshot_sysroot().join(libdir(self.config.build))
    |                                            ^^^^^^ not found in this scope
    |
help: consider importing this function
    |
  1 + use crate::utils::helpers::libdir;
    |

error[E0425]: cannot find function `output` in this scope
   --> standalonex/src/bootstrap/src/lib.rs:944:13
    |
944 |             output(&mut rustc).trim().into()
    |             ^^^^^^ not found in this scope
    |
help: consider importing this function
    |
  1 + use crate::utils::helpers::output;
    |

error[E0433]: failed to resolve: use of unresolved module or unlinked crate `helpers`
    --> standalonex/src/bootstrap/src/lib.rs:1324:16
     |
1324 |             && helpers::use_host_linker(target)
     |                ^^^^^^^ use of unresolved module or unlinked crate `helpers`
     |
help: to make use of source file standalonex/src/bootstrap/src/helpers.rs, use `mod helpers` in this file to declare the module
     |
   1 + mod helpers;
     |
help: consider importing this module
     |
   1 + use crate::utils::helpers;
     |

error[E0433]: failed to resolve: use of unresolved module or unlinked crate `helpers`
    --> standalonex/src/bootstrap/src/lib.rs:1560:13
     |
1560 |             helpers::extract_beta_rev(&version)
     |             ^^^^^^^ use of unresolved module or unlinked crate `helpers`
     |
help: to make use of source file standalonex/src/bootstrap/src/helpers.rs, use `mod helpers` in this file to declare the module
     |
   1 + mod helpers;
     |
help: consider importing this module
     |
   1 + use crate::utils::helpers;
     |

error[E0433]: failed to resolve: use of unresolved module or unlinked crate `helpers`
    --> standalonex/src/bootstrap/src/lib.rs:1574:13
     |
1574 |             helpers::git(Some(&self.src))
     |             ^^^^^^^ use of unresolved module or unlinked crate `helpers`
     |
help: to make use of source file standalonex/src/bootstrap/src/helpers.rs, use `mod helpers` in this file to declare the module
     |
   1 + mod helpers;
     |
help: consider importing this module
     |
   1 + use crate::utils::helpers;
     |

error[E0425]: cannot find function `set_file_times` in this scope
    --> standalonex/src/bootstrap/src/lib.rs:1788:16
     |
1788 |             t!(set_file_times(dst, file_times));
     |                ^^^^^^^^^^^^^^
     |
help: a local variable with a similar name exists
     |
1788 -             t!(set_file_times(dst, file_times));
1788 +             t!(file_times(dst, file_times));
     |
help: consider importing this function
     |
   1 + use crate::utils::helpers::set_file_times;
     |

error[E0433]: failed to resolve: use of unresolved module or unlinked crate `helpers`
    --> standalonex/src/bootstrap/src/lib.rs:2006:16
     |
2006 |     let diff = helpers::git(Some(dir))
     |                ^^^^^^^ use of unresolved module or unlinked crate `helpers`
     |
help: to make use of source file standalonex/src/bootstrap/src/helpers.rs, use `mod helpers` in this file to declare the module
     |
   1 + mod helpers;
     |
help: consider importing this module
     |
   1 + use crate::utils::helpers;
     |

error[E0433]: failed to resolve: use of unresolved module or unlinked crate `helpers`
    --> standalonex/src/bootstrap/src/lib.rs:2013:18
     |
2013 |     let status = helpers::git(Some(dir))
     |                  ^^^^^^^ use of unresolved module or unlinked crate `helpers`
     |
help: to make use of source file standalonex/src/bootstrap/src/helpers.rs, use `mod helpers` in this file to declare the module
     |
   1 + mod helpers;
     |
help: consider importing this module
     |
   1 + use crate::utils::helpers;
     |

warning: unused imports: `ColorChoice`, `StandardStream`, and `WriteColor`
  --> standalonex/src/bootstrap/src/lib.rs:33:17
   |
33 | use termcolor::{ColorChoice, StandardStream, WriteColor};
   |                 ^^^^^^^^^^^  ^^^^^^^^^^^^^^  ^^^^^^^^^^
   |
   = note: `#[warn(unused_imports)]` (part of `#[warn(unused)]`) on by default

warning: unused import: `std::borrow::Cow`
 --> standalonex/src/bootstrap/src/core/build_steps/compile.rs:6:5
  |
6 | use std::borrow::Cow;
  |     ^^^^^^^^^^^^^^^^

warning: unused import: `std::collections::HashSet`
 --> standalonex/src/bootstrap/src/core/build_steps/compile.rs:7:5
  |
7 | use std::collections::HashSet;
  |     ^^^^^^^^^^^^^^^^^^^^^^^^^

warning: unused import: `std::ffi::OsStr`
 --> standalonex/src/bootstrap/src/core/build_steps/compile.rs:8:5
  |
8 | use std::ffi::OsStr;
  |     ^^^^^^^^^^^^^^^

warning: unused import: `std::io::BufReader`
 --> standalonex/src/bootstrap/src/core/build_steps/compile.rs:9:5
  |
9 | use std::io::BufReader;
  |     ^^^^^^^^^^^^^^^^^^

warning: unused import: `std::io::prelude::*`
  --> standalonex/src/bootstrap/src/core/build_steps/compile.rs:10:5
   |
10 | use std::io::prelude::*;
   |     ^^^^^^^^^^^^^^^^^^^

warning: unused imports: `PathBuf` and `Path`
  --> standalonex/src/bootstrap/src/core/build_steps/compile.rs:11:17
   |
11 | use std::path::{Path, PathBuf};
   |                 ^^^^  ^^^^^^^

warning: unused import: `std::process::Stdio`
  --> standalonex/src/bootstrap/src/core/build_steps/compile.rs:12:5
   |
12 | use std::process::Stdio;
   |     ^^^^^^^^^^^^^^^^^^^

warning: unused imports: `env` and `fs`
  --> standalonex/src/bootstrap/src/core/build_steps/compile.rs:13:11
   |
13 | use std::{env, fs, str};
   |           ^^^  ^^

warning: unused import: `serde_derive::Deserialize`
  --> standalonex/src/bootstrap/src/core/build_steps/compile.rs:15:5
   |
15 | use serde_derive::Deserialize;
   |     ^^^^^^^^^^^^^^^^^^^^^^^^^

warning: unused import: `crate::core::build_steps::tool::SourceType`
  --> standalonex/src/bootstrap/src/core/build_steps/compile.rs:17:5
   |
17 | use crate::core::build_steps::tool::SourceType;
   |     ^^^^^^^^^^^^^^^^^^^^^^^^^^^^^^^^^^^^^^^^^^

warning: unused imports: `dist` and `llvm`
  --> standalonex/src/bootstrap/src/core/build_steps/compile.rs:18:32
   |
18 | use crate::core::build_steps::{dist, llvm};
   |                                ^^^^  ^^^^

warning: unused import: `crate::core::builder`
  --> standalonex/src/bootstrap/src/core/build_steps/compile.rs:19:5
   |
19 | use crate::core::builder;
   |     ^^^^^^^^^^^^^^^^^^^^

warning: unused imports: `Builder`, `Cargo`, `Kind`, `PathSet`, `RunConfig`, `ShouldRun`, `Step`, `TaskPath`, and `crate_description`
  --> standalonex/src/bootstrap/src/core/build_steps/compile.rs:21:5
   |
21 |     Builder, Cargo, Kind, PathSet, RunConfig, ShouldRun, Step, TaskPath, crate_description,
   |     ^^^^^^^  ^^^^^  ^^^^  ^^^^^^^  ^^^^^^^^^  ^^^^^^^^^  ^^^^  ^^^^^^^^  ^^^^^^^^^^^^^^^^^

warning: unused imports: `DebuginfoLevel`, `LlvmLibunwind`, `RustcLto`, and `TargetSelection`
  --> standalonex/src/bootstrap/src/core/build_steps/compile.rs:23:27
   |
23 | use crate::core::config::{DebuginfoLevel, LlvmLibunwind, RustcLto, TargetSelection};
   |                           ^^^^^^^^^^^^^^  ^^^^^^^^^^^^^  ^^^^^^^^  ^^^^^^^^^^^^^^^

warning: unused import: `crate::utils::exec::command`
  --> standalonex/src/bootstrap/src/core/build_steps/compile.rs:24:5
   |
24 | use crate::utils::exec::command;
   |     ^^^^^^^^^^^^^^^^^^^^^^^^^^^

warning: unused imports: `exe`, `get_clang_cl_resource_dir`, `is_debug_info`, `is_dylib`, `symlink_dir`, `t`, and `up_to_date`
  --> standalonex/src/bootstrap/src/core/build_steps/compile.rs:26:5
   |
26 |     exe, get_clang_cl_resource_dir, is_debug_info, is_dylib, symlink_dir, t, up_to_date,
   |     ^^^  ^^^^^^^^^^^^^^^^^^^^^^^^^  ^^^^^^^^^^^^^  ^^^^^^^^  ^^^^^^^^^^^  ^  ^^^^^^^^^^

warning: unused imports: `CLang`, `Compiler`, `DependencyType`, `GitRepo`, `LLVM_TOOLS`, and `Mode`
  --> standalonex/src/bootstrap/src/core/build_steps/compile.rs:28:13
   |
28 | use crate::{CLang, Compiler, DependencyType, GitRepo, LLVM_TOOLS, Mode};
   |             ^^^^^  ^^^^^^^^  ^^^^^^^^^^^^^^  ^^^^^^^  ^^^^^^^^^^  ^^^^

warning: unused import: `crate::prelude::*`
 --> standalonex/src/bootstrap/src/core/build_steps/run.rs:1:5
  |
1 | use crate::prelude::*;
  |     ^^^^^^^^^^^^^^^^^

warning: unused doc comment
  --> standalonex/src/bootstrap/src/core/build_steps/test.rs:81:1
   |
81 | / /// Special-handling is needed for `run-make`, so don't use `default_test` for defining `RunMake`
82 | | /// tests.
   | |_---------^
   |   |
   |   rustdoc does not generate documentation for macro invocations
   |
   = help: to document an item produced by a macro, the macro must produce the documentation as part of its expansion
   = note: `#[warn(unused_doc_comments)]` (part of `#[warn(unused)]`) on by default

warning: unused doc comment
  --> standalonex/src/bootstrap/src/core/build_steps/test.rs:85:1
   |
85 | / /// Coverage tests are a bit more complicated than other test suites, because
86 | | /// we want to run the same set of test files in multiple different modes,
87 | | /// in a way that's convenient and flexible when invoked manually.
88 | | ///
...  |
97 | | /// (Each individual mode also has its own step that will run the tests in
98 | | /// just that mode.)
   | |_-------------------^
   |   |
   |   rustdoc does not generate documentation for macro invocations
   |
   = help: to document an item produced by a macro, the macro must produce the documentation as part of its expansion

warning: unused import: `super::test_split::*`
 --> standalonex/src/bootstrap/src/core/build_steps/test.rs:1:5
  |
1 | use super::test_split::*;
  |     ^^^^^^^^^^^^^^^^^^^^

warning: unused import: `crate::prelude::*`
 --> standalonex/src/bootstrap/src/core/build_steps/test.rs:2:5
  |
2 | use crate::prelude::*;
  |     ^^^^^^^^^^^^^^^^^

warning: unused imports: `OsStr` and `OsString`
 --> standalonex/src/bootstrap/src/core/build_steps/test.rs:8:16
  |
8 | use std::ffi::{OsStr, OsString};
  |                ^^^^^  ^^^^^^^^

warning: unused imports: `PathBuf` and `Path`
 --> standalonex/src/bootstrap/src/core/build_steps/test.rs:9:17
  |
9 | use std::path::{Path, PathBuf};
  |                 ^^^^  ^^^^^^^

warning: unused imports: `env`, `fs`, and `iter`
  --> standalonex/src/bootstrap/src/core/build_steps/test.rs:10:11
   |
10 | use std::{env, fs, iter};
   |           ^^^  ^^  ^^^^

warning: unused import: `clap_complete::shells`
  --> standalonex/src/bootstrap/src/core/build_steps/test.rs:12:5
   |
12 | use clap_complete::shells;
   |     ^^^^^^^^^^^^^^^^^^^^^

warning: unused import: `crate::core::build_steps::doc::DocumentationFormat`
  --> standalonex/src/bootstrap/src/core/build_steps/test.rs:14:5
   |
14 | use crate::core::build_steps::doc::DocumentationFormat;
   |     ^^^^^^^^^^^^^^^^^^^^^^^^^^^^^^^^^^^^^^^^^^^^^^^^^^

warning: unused import: `crate::core::build_steps::synthetic_targets::MirOptPanicAbortSyntheticTarget`
  --> standalonex/src/bootstrap/src/core/build_steps/test.rs:15:5
   |
15 | use crate::core::build_steps::synthetic_targets::MirOptPanicAbortSyntheticTarget;
   |     ^^^^^^^^^^^^^^^^^^^^^^^^^^^^^^^^^^^^^^^^^^^^^^^^^^^^^^^^^^^^^^^^^^^^^^^^^^^^

warning: unused imports: `SourceType`, `Tool`, and `self`
  --> standalonex/src/bootstrap/src/core/build_steps/test.rs:16:38
   |
16 | use crate::core::build_steps::tool::{self, SourceType, Tool};
   |                                      ^^^^  ^^^^^^^^^^  ^^^^

warning: unused import: `crate::core::build_steps::toolstate::ToolState`
  --> standalonex/src/bootstrap/src/core/build_steps/test.rs:17:5
   |
17 | use crate::core::build_steps::toolstate::ToolState;
   |     ^^^^^^^^^^^^^^^^^^^^^^^^^^^^^^^^^^^^^^^^^^^^^^

warning: unused imports: `compile`, `dist`, and `llvm`
  --> standalonex/src/bootstrap/src/core/build_steps/test.rs:18:32
   |
18 | use crate::core::build_steps::{compile, dist, llvm};
   |                                ^^^^^^^  ^^^^  ^^^^

warning: unused imports: `Alias`, `Builder`, `Compiler`, `Kind`, `RunConfig`, `ShouldRun`, `Step`, `crate_description`, and `self`
  --> standalonex/src/bootstrap/src/core/build_steps/test.rs:20:5
   |
20 |     self, Alias, Builder, Compiler, Kind, RunConfig, ShouldRun, Step, crate_description,
   |     ^^^^  ^^^^^  ^^^^^^^  ^^^^^^^^  ^^^^  ^^^^^^^^^  ^^^^^^^^^  ^^^^  ^^^^^^^^^^^^^^^^^

warning: unused import: `crate::core::config::TargetSelection`
  --> standalonex/src/bootstrap/src/core/build_steps/test.rs:22:5
   |
22 | use crate::core::config::TargetSelection;
   |     ^^^^^^^^^^^^^^^^^^^^^^^^^^^^^^^^^^^^

warning: unused import: `crate::core::config::flags::get_completion`
  --> standalonex/src/bootstrap/src/core/build_steps/test.rs:23:5
   |
23 | use crate::core::config::flags::get_completion;
   |     ^^^^^^^^^^^^^^^^^^^^^^^^^^^^^^^^^^^^^^^^^^

warning: unused import: `crate::Subcommand`
  --> standalonex/src/bootstrap/src/core/build_steps/test.rs:24:5
   |
24 | use crate::Subcommand;
   |     ^^^^^^^^^^^^^^^^^

warning: unused imports: `BootstrapCommand` and `command`
  --> standalonex/src/bootstrap/src/core/build_steps/test.rs:25:26
   |
25 | use crate::utils::exec::{BootstrapCommand, command};
   |                          ^^^^^^^^^^^^^^^^  ^^^^^^^

warning: unused imports: `LldThreads`, `add_link_lib_path`, `add_rustdoc_cargo_linker_args`, `dylib_path_var`, `dylib_path`, `linker_args`, `linker_flags`, `self`, `t`, `target_supports_cranelift_backend`, and `up_to_date`
  --> standalonex/src/bootstrap/src/core/build_steps/test.rs:27:5
   |
27 |     self, LldThreads, add_link_lib_path, add_rustdoc_cargo_linker_args, dylib_path, dylib_path_var,
   |     ^^^^  ^^^^^^^^^^  ^^^^^^^^^^^^^^^^^  ^^^^^^^^^^^^^^^^^^^^^^^^^^^^^  ^^^^^^^^^^  ^^^^^^^^^^^^^^
28 |     linker_args, linker_flags, t, target_supports_cranelift_backend, up_to_date,
   |     ^^^^^^^^^^^  ^^^^^^^^^^^^  ^  ^^^^^^^^^^^^^^^^^^^^^^^^^^^^^^^^^  ^^^^^^^^^^

warning: unused imports: `add_flags_and_try_run_tests` and `try_run_tests`
  --> standalonex/src/bootstrap/src/core/build_steps/test.rs:30:34
   |
30 | use crate::utils::render_tests::{add_flags_and_try_run_tests, try_run_tests};
   |                                  ^^^^^^^^^^^^^^^^^^^^^^^^^^^  ^^^^^^^^^^^^^

warning: unused imports: `CLang`, `DocTests`, `GitRepo`, `Mode`, and `envify`
  --> standalonex/src/bootstrap/src/core/build_steps/test.rs:31:13
   |
31 | use crate::{CLang, DocTests, GitRepo, Mode, envify};
   |             ^^^^^  ^^^^^^^^  ^^^^^^^  ^^^^  ^^^^^^

warning: unused import: `test_definitions_macro::test_definitions`
  --> standalonex/src/bootstrap/src/core/build_steps/test.rs:32:5
   |
32 | use test_definitions_macro::test_definitions;
   |     ^^^^^^^^^^^^^^^^^^^^^^^^^^^^^^^^^^^^^^^^

warning: unused import: `crate::prelude::*`
 --> standalonex/src/bootstrap/src/core/config/mod.rs:1:5
  |
1 | use crate::prelude::*;
  |     ^^^^^^^^^^^^^^^^^

warning: unused import: `std::process::Command`
 --> standalonex/src/bootstrap/src/core/config/config_base.rs:2:5
  |
2 | use std::process::Command;
  |     ^^^^^^^^^^^^^^^^^^^^^

warning: unused import: `std::env`
 --> standalonex/src/bootstrap/src/core/config/config_base.rs:3:5
  |
3 | use std::env;
  |     ^^^^^^^^

warning: unused imports: `Context` and `Result`
 --> standalonex/src/bootstrap/src/core/config/config_base.rs:4:14
  |
4 | use anyhow::{Context, Result};
  |              ^^^^^^^  ^^^^^^

warning: unused import: `crate::prelude::*`
 --> standalonex/src/bootstrap/src/core/config/config_part2.rs:1:5
  |
1 | use crate::prelude::*;
  |     ^^^^^^^^^^^^^^^^^

warning: unused import: `crate::prelude::*`
 --> standalonex/src/bootstrap/src/core/config/config_part3.rs:1:5
  |
1 | use crate::prelude::*;
  |     ^^^^^^^^^^^^^^^^^

warning: unused import: `Path`
 --> standalonex/src/bootstrap/src/core/config/flags.rs:6:17
  |
6 | use std::path::{Path, PathBuf};
  |                 ^^^^

warning: unused import: `CommandFactory`
 --> standalonex/src/bootstrap/src/core/config/flags.rs:8:12
  |
8 | use clap::{CommandFactory, Parser, ValueEnum};
  |            ^^^^^^^^^^^^^^

warning: unused import: `crate::core::build_steps::setup::Profile`
  --> standalonex/src/bootstrap/src/core/config/flags.rs:10:5
   |
10 | use crate::core::build_steps::setup::Profile;
   |     ^^^^^^^^^^^^^^^^^^^^^^^^^^^^^^^^^^^^^^^^

warning: unused import: `DocTests`
  --> standalonex/src/bootstrap/src/core/config/flags.rs:13:20
   |
13 | use crate::{Build, DocTests};
   |                    ^^^^^^^^

warning: unused import: `crate::prelude::*`
  --> standalonex/src/bootstrap/src/core/config/lld_mode.rs:15:5
   |
15 | use crate::prelude::*;
   |     ^^^^^^^^^^^^^^^^^

warning: unused import: `crate::prelude::*`
 --> standalonex/src/bootstrap/src/core/config/splitdebuginfo.rs:1:5
  |
1 | use crate::prelude::*;
  |     ^^^^^^^^^^^^^^^^^

warning: unused import: `crate::core::config::subcommand::Subcommand`
  --> standalonex/src/bootstrap/src/core/config/mod.rs:37:9
   |
37 | pub use crate::core::config::subcommand::Subcommand;
   |         ^^^^^^^^^^^^^^^^^^^^^^^^^^^^^^^^^^^^^^^^^^^

warning: unused import: `crate::prelude::*`
 --> standalonex/src/bootstrap/src/core/config/target.rs:1:5
  |
1 | use crate::prelude::*;
  |     ^^^^^^^^^^^^^^^^^

warning: unused import: `build::*`
  --> standalonex/src/bootstrap/src/core/config/mod.rs:46:10
   |
46 | pub use  build::*;
   |          ^^^^^^^^

warning: glob import doesn't reexport anything with visibility `pub` because no imported item is public enough
  --> standalonex/src/bootstrap/src/core/config/mod.rs:47:10
   |
47 | pub use  changeid::*;
   |          ^^^^^^^^^^^
   |
note: the most public imported item is `pub(crate)`
  --> standalonex/src/bootstrap/src/core/config/mod.rs:47:10
   |
47 | pub use  changeid::*;
   |          ^^^^^^^^^^^
   = help: reduce the glob import's visibility or increase visibility of imported items

warning: unused import: `changeid::*`
  --> standalonex/src/bootstrap/src/core/config/mod.rs:47:10
   |
47 | pub use  changeid::*;
   |          ^^^^^^^^^^^

warning: unused import: `ci::*`
  --> standalonex/src/bootstrap/src/core/config/mod.rs:48:10
   |
48 | pub use  ci::*;
   |          ^^^^^

warning: unused import: `ciconfig::*`
  --> standalonex/src/bootstrap/src/core/config/mod.rs:49:10
   |
49 | pub use  ciconfig::*;
   |          ^^^^^^^^^^^

warning: unused import: `color::*`
  --> standalonex/src/bootstrap/src/core/config/mod.rs:50:10
   |
50 | pub use  color::*;
   |          ^^^^^^^^

warning: unused import: `config_ci::*`
  --> standalonex/src/bootstrap/src/core/config/mod.rs:52:10
   |
52 | pub use  config_ci::*;
   |          ^^^^^^^^^^^^

warning: unused import: `config_part2::*`
  --> standalonex/src/bootstrap/src/core/config/mod.rs:53:10
   |
53 | pub use  config_part2::*;
   |          ^^^^^^^^^^^^^^^

warning: glob import doesn't reexport anything with visibility `pub` because no imported item is public enough
  --> standalonex/src/bootstrap/src/core/config/mod.rs:54:10
   |
54 | pub use  config_part3::*;
   |          ^^^^^^^^^^^^^^^
   |
note: the most public imported item is `pub(crate)`
  --> standalonex/src/bootstrap/src/core/config/mod.rs:54:10
   |
54 | pub use  config_part3::*;
   |          ^^^^^^^^^^^^^^^
   = help: reduce the glob import's visibility or increase visibility of imported items

warning: unused import: `config_part4::*`
  --> standalonex/src/bootstrap/src/core/config/mod.rs:55:10
   |
55 | pub use  config_part4::*;
   |          ^^^^^^^^^^^^^^^

warning: unused import: `config_part6::*`
  --> standalonex/src/bootstrap/src/core/config/mod.rs:57:10
   |
57 | pub use  config_part6::*;
   |          ^^^^^^^^^^^^^^^

warning: unused import: `config_part7::*`
  --> standalonex/src/bootstrap/src/core/config/mod.rs:58:10
   |
58 | pub use  config_part7::*;
   |          ^^^^^^^^^^^^^^^

warning: unused import: `config_toml::*`
  --> standalonex/src/bootstrap/src/core/config/mod.rs:59:10
   |
59 | pub use  config_toml::*;
   |          ^^^^^^^^^^^^^^

warning: unused import: `config_types::*`
  --> standalonex/src/bootstrap/src/core/config/mod.rs:60:10
   |
60 | pub use  config_types::*;
   |          ^^^^^^^^^^^^^^^

warning: unused import: `config_utils::*`
  --> standalonex/src/bootstrap/src/core/config/mod.rs:61:10
   |
61 | pub use  config_utils::*;
   |          ^^^^^^^^^^^^^^^

warning: unused import: `dist::*`
  --> standalonex/src/bootstrap/src/core/config/mod.rs:63:10
   |
63 | pub use  dist::*;
   |          ^^^^^^^

warning: unused import: `flags::*`
  --> standalonex/src/bootstrap/src/core/config/mod.rs:65:10
   |
65 | pub use  flags::*;
   |          ^^^^^^^^

warning: unused import: `install::*`
  --> standalonex/src/bootstrap/src/core/config/mod.rs:66:10
   |
66 | pub use  install::*;
   |          ^^^^^^^^^^

warning: unused import: `llvm::*`
  --> standalonex/src/bootstrap/src/core/config/mod.rs:67:10
   |
67 | pub use  llvm::*;
   |          ^^^^^^^

warning: unused import: `merge::*`
  --> standalonex/src/bootstrap/src/core/config/mod.rs:69:10
   |
69 | pub use  merge::*;
   |          ^^^^^^^^

warning: unused import: `replaceop::*`
  --> standalonex/src/bootstrap/src/core/config/mod.rs:70:10
   |
70 | pub use  replaceop::*;
   |          ^^^^^^^^^^^^

warning: unused import: `rust::*`
  --> standalonex/src/bootstrap/src/core/config/mod.rs:71:10
   |
71 | pub use  rust::*;
   |          ^^^^^^^

warning: unused import: `rust_optimize::*`
  --> standalonex/src/bootstrap/src/core/config/mod.rs:72:10
   |
72 | pub use  rust_optimize::*;
   |          ^^^^^^^^^^^^^^^^

warning: unused import: `rustfmt::*`
  --> standalonex/src/bootstrap/src/core/config/mod.rs:74:10
   |
74 | pub use  rustfmt::*;
   |          ^^^^^^^^^^

warning: unused import: `string_or_int::*`
  --> standalonex/src/bootstrap/src/core/config/mod.rs:76:10
   |
76 | pub use  string_or_int::*;
   |          ^^^^^^^^^^^^^^^^

warning: unused import: `stringorbool::*`
  --> standalonex/src/bootstrap/src/core/config/mod.rs:77:10
   |
77 | pub use  stringorbool::*;
   |          ^^^^^^^^^^^^^^^

warning: unused import: `subcommand::*`
  --> standalonex/src/bootstrap/src/core/config/mod.rs:78:10
   |
78 | pub use  subcommand::*;
   |          ^^^^^^^^^^^^^

warning: unused import: `target_selection::*`
  --> standalonex/src/bootstrap/src/core/config/mod.rs:79:10
   |
79 | pub use  target_selection::*;
   |          ^^^^^^^^^^^^^^^^^^^

warning: unused import: `target::*`
  --> standalonex/src/bootstrap/src/core/config/mod.rs:80:10
   |
80 | pub use  target::*;
   |          ^^^^^^^^^

warning: glob import doesn't reexport anything with visibility `pub` because no imported item is public enough
  --> standalonex/src/bootstrap/src/core/config/mod.rs:81:10
   |
81 | pub use  tomlconfig::*;
   |          ^^^^^^^^^^^^^
   |
note: the most public imported item is `pub(crate)`
  --> standalonex/src/bootstrap/src/core/config/mod.rs:81:10
   |
81 | pub use  tomlconfig::*;
   |          ^^^^^^^^^^^^^
   = help: reduce the glob import's visibility or increase visibility of imported items

warning: unused import: `tomlconfig::*`
  --> standalonex/src/bootstrap/src/core/config/mod.rs:81:10
   |
81 | pub use  tomlconfig::*;
   |          ^^^^^^^^^^^^^

warning: unused import: `tomltarget::*`
  --> standalonex/src/bootstrap/src/core/config/mod.rs:82:10
   |
82 | pub use  tomltarget::*;
   |          ^^^^^^^^^^^^^

warning: unused import: `warnings::*`
  --> standalonex/src/bootstrap/src/core/config/mod.rs:83:10
   |
83 | pub use  warnings::*;
   |          ^^^^^^^^^^^

warning: unused import: `PathBuf`
 --> standalonex/src/bootstrap/src/core/nix_steps/nix_build.rs:1:23
  |
1 | use std::path::{Path, PathBuf};
  |                       ^^^^^^^

warning: unused macro definition: `forward`
  --> standalonex/src/bootstrap/src/lib.rs:64:14
   |
64 | macro_rules! forward {
   |              ^^^^^^^
   |
   = note: `#[warn(unused_macros)]` (part of `#[warn(unused)]`) on by default

warning: unused import: `forward`
  --> standalonex/src/bootstrap/src/lib.rs:73:16
   |
73 | pub(crate) use forward;
   |                ^^^^^^^

error[E0782]: expected a type, found a trait
  --> standalonex/src/bootstrap/src/core/config/config_base.rs:68:14
   |
68 |     pub cmd: Subcommand,
   |              ^^^^^^^^^^
   |
help: you might be missing a type parameter
   |
15 ~ pub struct Config<T: Subcommand> {
16 |     pub change_id: Option<usize>,
...
67 |     pub jobs: Option<u32>,
68 ~     pub cmd: T,
   |

error[E0046]: not all trait items implemented, missing: `default_config`
   --> standalonex/src/bootstrap/src/core/types.rs:141:1
    |
  8 |     fn default_config(builder: &Builder<'_>) -> Self;
    |     ------------------------------------------------- `default_config` from trait
...
141 | impl RustcTaskConfig for CompileRustcConfig {}
    | ^^^^^^^^^^^^^^^^^^^^^^^^^^^^^^^^^^^^^^^^^^^ missing `default_config` in implementation

error[E0046]: not all trait items implemented, missing: `default_config`
   --> standalonex/src/bootstrap/src/core/types.rs:148:1
    |
  8 |     fn default_config(builder: &Builder<'_>) -> Self;
    |     ------------------------------------------------- `default_config` from trait
...
148 | impl RustcTaskConfig for DistRustcConfig {}
    | ^^^^^^^^^^^^^^^^^^^^^^^^^^^^^^^^^^^^^^^^ missing `default_config` in implementation

error[E0046]: not all trait items implemented, missing: `default_config`
   --> standalonex/src/bootstrap/src/core/types.rs:156:1
    |
  8 |     fn default_config(builder: &Builder<'_>) -> Self;
    |     ------------------------------------------------- `default_config` from trait
...
156 | impl RustcTaskConfig for DocRustcConfig {}
    | ^^^^^^^^^^^^^^^^^^^^^^^^^^^^^^^^^^^^^^^ missing `default_config` in implementation

error[E0107]: enum takes 2 generic arguments but 1 generic argument was supplied
 --> standalonex/src/bootstrap/src/core/nix_steps/nix_build.rs:5:43
  |
5 | pub fn run_nix_build(flake_dir: &Path) -> Result<()> {
  |                                           ^^^^^^ -- supplied 1 generic argument
  |                                           |
  |                                           expected 2 generic arguments
  |
help: add missing generic argument
  |
5 | pub fn run_nix_build(flake_dir: &Path) -> Result<(), E> {
  |                                                    +++

error[E0433]: failed to resolve: use of undeclared type `CheckConfig`
   --> standalonex/src/bootstrap/src/core/build_steps/check.rs:150:41
    |
150 |         Rustc { target, crates, config: CheckConfig::new(override_build_kind) }
    |                                         ^^^^^^^^^^^ use of undeclared type `CheckConfig`

error[E0433]: failed to resolve: use of unresolved module or unlinked crate `common_test_fields`
 --> standalonex/src/bootstrap/src/core/build_steps/test_split/cargo_miri.rs:5:17
  |
5 |     pub common: common_test_fields::CommonTestFields,
  |                 ^^^^^^^^^^^^^^^^^^ use of unresolved module or unlinked crate `common_test_fields`
  |
  = help: if you wanted to use a crate named `common_test_fields`, use `cargo add common_test_fields` to add it to your `Cargo.toml`

error[E0433]: failed to resolve: use of unresolved module or unlinked crate `common_test_fields`
  --> standalonex/src/bootstrap/src/core/build_steps/test_split/cargo_miri.rs:19:21
   |
19 |             common: common_test_fields::CommonTestFields {
   |                     ^^^^^^^^^^^^^^^^^^ use of unresolved module or unlinked crate `common_test_fields`
   |
   = help: if you wanted to use a crate named `common_test_fields`, use `cargo add common_test_fields` to add it to your `Cargo.toml`

error[E0433]: failed to resolve: use of unresolved module or unlinked crate `common_test_fields`
 --> standalonex/src/bootstrap/src/core/build_steps/test_split/cargo.rs:3:17
  |
3 |     pub common: common_test_fields::CommonTestFields,
  |                 ^^^^^^^^^^^^^^^^^^ use of unresolved module or unlinked crate `common_test_fields`
  |
  = help: if you wanted to use a crate named `common_test_fields`, use `cargo add common_test_fields` to add it to your `Cargo.toml`

error[E0433]: failed to resolve: use of unresolved module or unlinked crate `common_test_fields`
  --> standalonex/src/bootstrap/src/core/build_steps/test_split/cargo.rs:17:21
   |
17 |             common: common_test_fields::CommonTestFields {
   |                     ^^^^^^^^^^^^^^^^^^ use of unresolved module or unlinked crate `common_test_fields`
   |
   = help: if you wanted to use a crate named `common_test_fields`, use `cargo add common_test_fields` to add it to your `Cargo.toml`

error[E0433]: failed to resolve: use of unresolved module or unlinked crate `common_test_fields`
 --> standalonex/src/bootstrap/src/core/build_steps/test_split/cargotest.rs:3:17
  |
3 |     pub common: common_test_fields::CommonTestFields,
  |                 ^^^^^^^^^^^^^^^^^^ use of unresolved module or unlinked crate `common_test_fields`
  |
  = help: if you wanted to use a crate named `common_test_fields`, use `cargo add common_test_fields` to add it to your `Cargo.toml`

error[E0433]: failed to resolve: use of unresolved module or unlinked crate `common_test_fields`
  --> standalonex/src/bootstrap/src/core/build_steps/test_split/cargotest.rs:17:21
   |
17 |             common: common_test_fields::CommonTestFields {
   |                     ^^^^^^^^^^^^^^^^^^ use of unresolved module or unlinked crate `common_test_fields`
   |
   = help: if you wanted to use a crate named `common_test_fields`, use `cargo add common_test_fields` to add it to your `Cargo.toml`

error[E0433]: failed to resolve: use of unresolved module or unlinked crate `common_test_fields`
 --> standalonex/src/bootstrap/src/core/build_steps/test_split/clippy.rs:3:17
  |
3 |     pub common: common_test_fields::CommonTestFields,
  |                 ^^^^^^^^^^^^^^^^^^ use of unresolved module or unlinked crate `common_test_fields`
  |
  = help: if you wanted to use a crate named `common_test_fields`, use `cargo add common_test_fields` to add it to your `Cargo.toml`

error[E0433]: failed to resolve: use of unresolved module or unlinked crate `common_test_fields`
  --> standalonex/src/bootstrap/src/core/build_steps/test_split/clippy.rs:18:21
   |
18 |             common: common_test_fields::CommonTestFields {
   |                     ^^^^^^^^^^^^^^^^^^ use of unresolved module or unlinked crate `common_test_fields`
   |
   = help: if you wanted to use a crate named `common_test_fields`, use `cargo add common_test_fields` to add it to your `Cargo.toml`

error[E0433]: failed to resolve: use of unresolved module or unlinked crate `common_test_fields`
 --> standalonex/src/bootstrap/src/core/build_steps/test_split/codegen_cranelift.rs:3:17
  |
3 |     pub common: common_test_fields::CommonTestFields,
  |                 ^^^^^^^^^^^^^^^^^^ use of unresolved module or unlinked crate `common_test_fields`
  |
  = help: if you wanted to use a crate named `common_test_fields`, use `cargo add common_test_fields` to add it to your `Cargo.toml`

error[E0433]: failed to resolve: use of unresolved module or unlinked crate `common_test_fields`
  --> standalonex/src/bootstrap/src/core/build_steps/test_split/codegen_cranelift.rs:45:21
   |
45 |             common: common_test_fields::CommonTestFields {
   |                     ^^^^^^^^^^^^^^^^^^ use of unresolved module or unlinked crate `common_test_fields`
   |
   = help: if you wanted to use a crate named `common_test_fields`, use `cargo add common_test_fields` to add it to your `Cargo.toml`

error[E0433]: failed to resolve: use of unresolved module or unlinked crate `compile`
  --> standalonex/src/bootstrap/src/core/build_steps/test_split/codegen_cranelift.rs:80:13
   |
80 |             compile::rustc_cargo_env(builder, &mut cargo, target, compiler.stage);
   |             ^^^^^^^ use of unresolved module or unlinked crate `compile`
   |
   = help: if you wanted to use a crate named `compile`, use `cargo add compile` to add it to your `Cargo.toml`

error[E0433]: failed to resolve: use of unresolved module or unlinked crate `common_test_fields`
 --> standalonex/src/bootstrap/src/core/build_steps/test_split/codegen_gcc.rs:3:17
  |
3 |     pub common: common_test_fields::CommonTestFields,
  |                 ^^^^^^^^^^^^^^^^^^ use of unresolved module or unlinked crate `common_test_fields`
  |
  = help: if you wanted to use a crate named `common_test_fields`, use `cargo add common_test_fields` to add it to your `Cargo.toml`

error[E0433]: failed to resolve: use of unresolved module or unlinked crate `common_test_fields`
  --> standalonex/src/bootstrap/src/core/build_steps/test_split/codegen_gcc.rs:48:21
   |
48 |             common: common_test_fields::CommonTestFields {
   |                     ^^^^^^^^^^^^^^^^^^ use of unresolved module or unlinked crate `common_test_fields`
   |
   = help: if you wanted to use a crate named `common_test_fields`, use `cargo add common_test_fields` to add it to your `Cargo.toml`

error[E0433]: failed to resolve: use of unresolved module or unlinked crate `compile`
  --> standalonex/src/bootstrap/src/core/build_steps/test_split/codegen_gcc.rs:86:13
   |
86 |             compile::rustc_cargo_env(builder, &mut cargo, target, compiler.stage);
   |             ^^^^^^^ use of unresolved module or unlinked crate `compile`
   |
   = help: if you wanted to use a crate named `compile`, use `cargo add compile` to add it to your `Cargo.toml`

error[E0433]: failed to resolve: use of unresolved module or unlinked crate `common_test_fields`
 --> standalonex/src/bootstrap/src/core/build_steps/test_split/compiletest_test.rs:3:17
  |
3 |     pub common: common_test_fields::CommonTestFields,
  |                 ^^^^^^^^^^^^^^^^^^ use of unresolved module or unlinked crate `common_test_fields`
  |
  = help: if you wanted to use a crate named `common_test_fields`, use `cargo add common_test_fields` to add it to your `Cargo.toml`

error[E0433]: failed to resolve: use of unresolved module or unlinked crate `common_test_fields`
  --> standalonex/src/bootstrap/src/core/build_steps/test_split/compiletest_test.rs:16:21
   |
16 |             common: common_test_fields::CommonTestFields {
   |                     ^^^^^^^^^^^^^^^^^^ use of unresolved module or unlinked crate `common_test_fields`
   |
   = help: if you wanted to use a crate named `common_test_fields`, use `cargo add common_test_fields` to add it to your `Cargo.toml`

error[E0433]: failed to resolve: use of unresolved module or unlinked crate `common_test_fields`
 --> standalonex/src/bootstrap/src/core/build_steps/test_split/coverage.rs:3:17
  |
3 |     pub common: common_test_fields::CommonTestFields,
  |                 ^^^^^^^^^^^^^^^^^^ use of unresolved module or unlinked crate `common_test_fields`
  |
  = help: if you wanted to use a crate named `common_test_fields`, use `cargo add common_test_fields` to add it to your `Cargo.toml`

error[E0433]: failed to resolve: use of unresolved module or unlinked crate `common_test_fields`
  --> standalonex/src/bootstrap/src/core/build_steps/test_split/coverage.rs:52:21
   |
52 |             common: common_test_fields::CommonTestFields {
   |                     ^^^^^^^^^^^^^^^^^^ use of unresolved module or unlinked crate `common_test_fields`
   |
   = help: if you wanted to use a crate named `common_test_fields`, use `cargo add common_test_fields` to add it to your `Cargo.toml`

error[E0433]: failed to resolve: use of undeclared type `CoverageMap`
  --> standalonex/src/bootstrap/src/core/build_steps/test_split/coverage.rs:63:85
   |
63 |         Self::run_coverage_tests(builder, self.common.compiler, self.common.target, CoverageMap::MODE);
   |                                                                                     ^^^^^^^^^^^
   |                                                                                     |
   |                                                                                     use of undeclared type `CoverageMap`
   |                                                                                     help: a struct with a similar name exists: `Coverage`

error[E0433]: failed to resolve: use of undeclared type `CoverageRun`
  --> standalonex/src/bootstrap/src/core/build_steps/test_split/coverage.rs:64:85
   |
64 |         Self::run_coverage_tests(builder, self.common.compiler, self.common.target, CoverageRun::MODE);
   |                                                                                     ^^^^^^^^^^^
   |                                                                                     |
   |                                                                                     use of undeclared type `CoverageRun`
   |                                                                                     help: a struct with a similar name exists: `Coverage`

error[E0433]: failed to resolve: use of unresolved module or unlinked crate `common_test_fields`
 --> standalonex/src/bootstrap/src/core/build_steps/test_split/crate_build_helper.rs:3:17
  |
3 |     pub common: common_test_fields::CommonTestFields,
  |                 ^^^^^^^^^^^^^^^^^^ use of unresolved module or unlinked crate `common_test_fields`
  |
  = help: if you wanted to use a crate named `common_test_fields`, use `cargo add common_test_fields` to add it to your `Cargo.toml`

error[E0433]: failed to resolve: use of unresolved module or unlinked crate `common_test_fields`
  --> standalonex/src/bootstrap/src/core/build_steps/test_split/crate_build_helper.rs:17:21
   |
17 |             common: common_test_fields::CommonTestFields {
   |                     ^^^^^^^^^^^^^^^^^^ use of unresolved module or unlinked crate `common_test_fields`
   |
   = help: if you wanted to use a crate named `common_test_fields`, use `cargo add common_test_fields` to add it to your `Cargo.toml`

error[E0433]: failed to resolve: use of unresolved module or unlinked crate `common_test_fields`
 --> standalonex/src/bootstrap/src/core/build_steps/test_split/crate_run_make_support.rs:3:17
  |
3 |     pub common: common_test_fields::CommonTestFields,
  |                 ^^^^^^^^^^^^^^^^^^ use of unresolved module or unlinked crate `common_test_fields`
  |
  = help: if you wanted to use a crate named `common_test_fields`, use `cargo add common_test_fields` to add it to your `Cargo.toml`

error[E0433]: failed to resolve: use of unresolved module or unlinked crate `common_test_fields`
  --> standalonex/src/bootstrap/src/core/build_steps/test_split/crate_run_make_support.rs:17:21
   |
17 |             common: common_test_fields::CommonTestFields {
   |                     ^^^^^^^^^^^^^^^^^^ use of unresolved module or unlinked crate `common_test_fields`
   |
   = help: if you wanted to use a crate named `common_test_fields`, use `cargo add common_test_fields` to add it to your `Cargo.toml`

error[E0433]: failed to resolve: use of unresolved module or unlinked crate `common_test_fields`
 --> standalonex/src/bootstrap/src/core/build_steps/test_split/error_index.rs:3:17
  |
3 |     pub common: common_test_fields::CommonTestFields,
  |                 ^^^^^^^^^^^^^^^^^^ use of unresolved module or unlinked crate `common_test_fields`
  |
  = help: if you wanted to use a crate named `common_test_fields`, use `cargo add common_test_fields` to add it to your `Cargo.toml`

error[E0433]: failed to resolve: use of unresolved module or unlinked crate `common_test_fields`
  --> standalonex/src/bootstrap/src/core/build_steps/test_split/error_index.rs:22:21
   |
22 |             common: common_test_fields::CommonTestFields {
   |                     ^^^^^^^^^^^^^^^^^^ use of unresolved module or unlinked crate `common_test_fields`
   |
   = help: if you wanted to use a crate named `common_test_fields`, use `cargo add common_test_fields` to add it to your `Cargo.toml`

error[E0433]: failed to resolve: use of unresolved module or unlinked crate `common_test_fields`
 --> standalonex/src/bootstrap/src/core/build_steps/test_split/lint_docs.rs:3:17
  |
3 |     pub common: common_test_fields::CommonTestFields,
  |                 ^^^^^^^^^^^^^^^^^^ use of unresolved module or unlinked crate `common_test_fields`
  |
  = help: if you wanted to use a crate named `common_test_fields`, use `cargo add common_test_fields` to add it to your `Cargo.toml`

error[E0433]: failed to resolve: use of unresolved module or unlinked crate `common_test_fields`
  --> standalonex/src/bootstrap/src/core/build_steps/test_split/lint_docs.rs:18:21
   |
18 |             common: common_test_fields::CommonTestFields {
   |                     ^^^^^^^^^^^^^^^^^^ use of unresolved module or unlinked crate `common_test_fields`
   |
   = help: if you wanted to use a crate named `common_test_fields`, use `cargo add common_test_fields` to add it to your `Cargo.toml`

error[E0433]: failed to resolve: use of unresolved module or unlinked crate `common_test_fields`
 --> standalonex/src/bootstrap/src/core/build_steps/test_split/mir_opt.rs:3:17
  |
3 |     pub common: common_test_fields::CommonTestFields,
  |                 ^^^^^^^^^^^^^^^^^^ use of unresolved module or unlinked crate `common_test_fields`
  |
  = help: if you wanted to use a crate named `common_test_fields`, use `cargo add common_test_fields` to add it to your `Cargo.toml`

error[E0433]: failed to resolve: use of unresolved module or unlinked crate `common_test_fields`
  --> standalonex/src/bootstrap/src/core/build_steps/test_split/mir_opt.rs:18:21
   |
18 |             common: common_test_fields::CommonTestFields {
   |                     ^^^^^^^^^^^^^^^^^^ use of unresolved module or unlinked crate `common_test_fields`
   |
   = help: if you wanted to use a crate named `common_test_fields`, use `cargo add common_test_fields` to add it to your `Cargo.toml`

error[E0433]: failed to resolve: use of unresolved module or unlinked crate `common_test_fields`
 --> standalonex/src/bootstrap/src/core/build_steps/test_split/miri.rs:3:17
  |
3 |     pub common: common_test_fields::CommonTestFields,
  |                 ^^^^^^^^^^^^^^^^^^ use of unresolved module or unlinked crate `common_test_fields`
  |
  = help: if you wanted to use a crate named `common_test_fields`, use `cargo add common_test_fields` to add it to your `Cargo.toml`

error[E0433]: failed to resolve: use of unresolved module or unlinked crate `common_test_fields`
  --> standalonex/src/bootstrap/src/core/build_steps/test_split/miri.rs:60:21
   |
60 |             common: common_test_fields::CommonTestFields {
   |                     ^^^^^^^^^^^^^^^^^^ use of unresolved module or unlinked crate `common_test_fields`
   |
   = help: if you wanted to use a crate named `common_test_fields`, use `cargo add common_test_fields` to add it to your `Cargo.toml`

error[E0433]: failed to resolve: use of unresolved module or unlinked crate `common_test_fields`
 --> standalonex/src/bootstrap/src/core/build_steps/test_split/run_make_support.rs:3:17
  |
3 |     pub common: common_test_fields::CommonTestFields,
  |                 ^^^^^^^^^^^^^^^^^^ use of unresolved module or unlinked crate `common_test_fields`
  |
  = help: if you wanted to use a crate named `common_test_fields`, use `cargo add common_test_fields` to add it to your `Cargo.toml`

error[E0433]: failed to resolve: use of unresolved module or unlinked crate `common_test_fields`
  --> standalonex/src/bootstrap/src/core/build_steps/test_split/run_make_support.rs:17:21
   |
17 |             common: common_test_fields::CommonTestFields {
   |                     ^^^^^^^^^^^^^^^^^^ use of unresolved module or unlinked crate `common_test_fields`
   |
   = help: if you wanted to use a crate named `common_test_fields`, use `cargo add common_test_fields` to add it to your `Cargo.toml`

error[E0433]: failed to resolve: use of unresolved module or unlinked crate `common_test_fields`
 --> standalonex/src/bootstrap/src/core/build_steps/test_split/run_make.rs:3:17
  |
3 |     pub common: common_test_fields::CommonTestFields,
  |                 ^^^^^^^^^^^^^^^^^^ use of unresolved module or unlinked crate `common_test_fields`
  |
  = help: if you wanted to use a crate named `common_test_fields`, use `cargo add common_test_fields` to add it to your `Cargo.toml`

error[E0433]: failed to resolve: use of unresolved module or unlinked crate `common_test_fields`
  --> standalonex/src/bootstrap/src/core/build_steps/test_split/run_make.rs:18:21
   |
18 |             common: common_test_fields::CommonTestFields {
   |                     ^^^^^^^^^^^^^^^^^^ use of unresolved module or unlinked crate `common_test_fields`
   |
   = help: if you wanted to use a crate named `common_test_fields`, use `cargo add common_test_fields` to add it to your `Cargo.toml`

error[E0433]: failed to resolve: use of unresolved module or unlinked crate `common_test_fields`
  --> standalonex/src/bootstrap/src/core/build_steps/test_split/run_make.rs:26:21
   |
26 |             common: common_test_fields::CommonTestFields {
   |                     ^^^^^^^^^^^^^^^^^^ use of unresolved module or unlinked crate `common_test_fields`
   |
   = help: if you wanted to use a crate named `common_test_fields`, use `cargo add common_test_fields` to add it to your `Cargo.toml`

error[E0433]: failed to resolve: use of unresolved module or unlinked crate `common_test_fields`
 --> standalonex/src/bootstrap/src/core/build_steps/test_split/rust_analyzer.rs:3:17
  |
3 |     pub common: common_test_fields::CommonTestFields,
  |                 ^^^^^^^^^^^^^^^^^^ use of unresolved module or unlinked crate `common_test_fields`
  |
  = help: if you wanted to use a crate named `common_test_fields`, use `cargo add common_test_fields` to add it to your `Cargo.toml`

error[E0433]: failed to resolve: use of unresolved module or unlinked crate `common_test_fields`
  --> standalonex/src/bootstrap/src/core/build_steps/test_split/rust_analyzer.rs:18:21
   |
18 |             common: common_test_fields::CommonTestFields {
   |                     ^^^^^^^^^^^^^^^^^^ use of unresolved module or unlinked crate `common_test_fields`
   |
   = help: if you wanted to use a crate named `common_test_fields`, use `cargo add common_test_fields` to add it to your `Cargo.toml`

error[E0433]: failed to resolve: use of unresolved module or unlinked crate `common_test_fields`
 --> standalonex/src/bootstrap/src/core/build_steps/test_split/rustdoc_gui.rs:3:17
  |
3 |     pub common: common_test_fields::CommonTestFields,
  |                 ^^^^^^^^^^^^^^^^^^ use of unresolved module or unlinked crate `common_test_fields`
  |
  = help: if you wanted to use a crate named `common_test_fields`, use `cargo add common_test_fields` to add it to your `Cargo.toml`

error[E0433]: failed to resolve: use of unresolved module or unlinked crate `common_test_fields`
  --> standalonex/src/bootstrap/src/core/build_steps/test_split/rustdoc_gui.rs:29:21
   |
29 |             common: common_test_fields::CommonTestFields {
   |                     ^^^^^^^^^^^^^^^^^^ use of unresolved module or unlinked crate `common_test_fields`
   |
   = help: if you wanted to use a crate named `common_test_fields`, use `cargo add common_test_fields` to add it to your `Cargo.toml`

error[E0433]: failed to resolve: use of unresolved module or unlinked crate `common_test_fields`
 --> standalonex/src/bootstrap/src/core/build_steps/test_split/rustdoc_js_not_std.rs:3:17
  |
3 |     pub common: common_test_fields::CommonTestFields,
  |                 ^^^^^^^^^^^^^^^^^^ use of unresolved module or unlinked crate `common_test_fields`
  |
  = help: if you wanted to use a crate named `common_test_fields`, use `cargo add common_test_fields` to add it to your `Cargo.toml`

error[E0433]: failed to resolve: use of unresolved module or unlinked crate `common_test_fields`
  --> standalonex/src/bootstrap/src/core/build_steps/test_split/rustdoc_js_not_std.rs:19:21
   |
19 |             common: common_test_fields::CommonTestFields {
   |                     ^^^^^^^^^^^^^^^^^^ use of unresolved module or unlinked crate `common_test_fields`
   |
   = help: if you wanted to use a crate named `common_test_fields`, use `cargo add common_test_fields` to add it to your `Cargo.toml`

error[E0433]: failed to resolve: use of unresolved module or unlinked crate `common_test_fields`
 --> standalonex/src/bootstrap/src/core/build_steps/test_split/rustdoc_js_std.rs:3:17
  |
3 |     pub common: common_test_fields::CommonTestFields,
  |                 ^^^^^^^^^^^^^^^^^^ use of unresolved module or unlinked crate `common_test_fields`
  |
  = help: if you wanted to use a crate named `common_test_fields`, use `cargo add common_test_fields` to add it to your `Cargo.toml`

error[E0433]: failed to resolve: use of unresolved module or unlinked crate `common_test_fields`
  --> standalonex/src/bootstrap/src/core/build_steps/test_split/rustdoc_js_std.rs:19:21
   |
19 |             common: common_test_fields::CommonTestFields {
   |                     ^^^^^^^^^^^^^^^^^^ use of unresolved module or unlinked crate `common_test_fields`
   |
   = help: if you wanted to use a crate named `common_test_fields`, use `cargo add common_test_fields` to add it to your `Cargo.toml`

error[E0433]: failed to resolve: use of unresolved module or unlinked crate `common_test_fields`
 --> standalonex/src/bootstrap/src/core/build_steps/test_split/rustdoc_theme.rs:3:17
  |
3 |     pub common: common_test_fields::CommonTestFields,
  |                 ^^^^^^^^^^^^^^^^^^ use of unresolved module or unlinked crate `common_test_fields`
  |
  = help: if you wanted to use a crate named `common_test_fields`, use `cargo add common_test_fields` to add it to your `Cargo.toml`

error[E0433]: failed to resolve: use of unresolved module or unlinked crate `common_test_fields`
  --> standalonex/src/bootstrap/src/core/build_steps/test_split/rustdoc_theme.rs:19:21
   |
19 |             common: common_test_fields::CommonTestFields {
   |                     ^^^^^^^^^^^^^^^^^^ use of unresolved module or unlinked crate `common_test_fields`
   |
   = help: if you wanted to use a crate named `common_test_fields`, use `cargo add common_test_fields` to add it to your `Cargo.toml`

error[E0433]: failed to resolve: use of unresolved module or unlinked crate `common_test_fields`
 --> standalonex/src/bootstrap/src/core/build_steps/test_split/rustfmt.rs:3:17
  |
3 |     pub common: common_test_fields::CommonTestFields,
  |                 ^^^^^^^^^^^^^^^^^^ use of unresolved module or unlinked crate `common_test_fields`
  |
  = help: if you wanted to use a crate named `common_test_fields`, use `cargo add common_test_fields` to add it to your `Cargo.toml`

error[E0433]: failed to resolve: use of unresolved module or unlinked crate `common_test_fields`
  --> standalonex/src/bootstrap/src/core/build_steps/test_split/rustfmt.rs:17:21
   |
17 |             common: common_test_fields::CommonTestFields {
   |                     ^^^^^^^^^^^^^^^^^^ use of unresolved module or unlinked crate `common_test_fields`
   |
   = help: if you wanted to use a crate named `common_test_fields`, use `cargo add common_test_fields` to add it to your `Cargo.toml`

error[E0433]: failed to resolve: use of unresolved module or unlinked crate `common_test_fields`
 --> standalonex/src/bootstrap/src/core/build_steps/test_split/test_float_parse.rs:3:17
  |
3 |     pub common: common_test_fields::CommonTestFields,
  |                 ^^^^^^^^^^^^^^^^^^ use of unresolved module or unlinked crate `common_test_fields`
  |
  = help: if you wanted to use a crate named `common_test_fields`, use `cargo add common_test_fields` to add it to your `Cargo.toml`

error[E0433]: failed to resolve: use of unresolved module or unlinked crate `common_test_fields`
  --> standalonex/src/bootstrap/src/core/build_steps/test_split/test_float_parse.rs:22:25
   |
22 |                 common: common_test_fields::CommonTestFields {
   |                         ^^^^^^^^^^^^^^^^^^ use of unresolved module or unlinked crate `common_test_fields`
   |
   = help: if you wanted to use a crate named `common_test_fields`, use `cargo add common_test_fields` to add it to your `Cargo.toml`

error[E0433]: failed to resolve: use of unresolved module or unlinked crate `common_test_fields`
 --> standalonex/src/bootstrap/src/core/build_steps/test_split/test_helpers.rs:3:17
  |
3 |     pub common: common_test_fields::CommonTestFields,
  |                 ^^^^^^^^^^^^^^^^^^ use of unresolved module or unlinked crate `common_test_fields`
  |
  = help: if you wanted to use a crate named `common_test_fields`, use `cargo add common_test_fields` to add it to your `Cargo.toml`

error[E0433]: failed to resolve: use of unresolved module or unlinked crate `common_test_fields`
  --> standalonex/src/bootstrap/src/core/build_steps/test_split/test_helpers.rs:16:21
   |
16 |             common: common_test_fields::CommonTestFields {
   |                     ^^^^^^^^^^^^^^^^^^ use of unresolved module or unlinked crate `common_test_fields`
   |
   = help: if you wanted to use a crate named `common_test_fields`, use `cargo add common_test_fields` to add it to your `Cargo.toml`

error[E0433]: failed to resolve: use of undeclared type `QaTool`
  --> standalonex/src/bootstrap/src/core/config/subcommand.rs:18:17
   |
18 |                 QaTool::Bench { .. } => Kind::Bench,
   |                 ^^^^^^ use of undeclared type `QaTool`

error[E0433]: failed to resolve: use of undeclared type `QaTool`
  --> standalonex/src/bootstrap/src/core/config/subcommand.rs:19:17
   |
19 |                 QaTool::Check { .. } => Kind::Check,
   |                 ^^^^^^ use of undeclared type `QaTool`

error[E0433]: failed to resolve: use of undeclared type `QaTool`
  --> standalonex/src/bootstrap/src/core/config/subcommand.rs:20:17
   |
20 |                 QaTool::Clippy { .. } => Kind::Clippy,
   |                 ^^^^^^ use of undeclared type `QaTool`

error[E0433]: failed to resolve: use of undeclared type `QaTool`
  --> standalonex/src/bootstrap/src/core/config/subcommand.rs:21:17
   |
21 |                 QaTool::Fix { .. } => Kind::Fix,
   |                 ^^^^^^ use of undeclared type `QaTool`

error[E0433]: failed to resolve: use of undeclared type `QaTool`
  --> standalonex/src/bootstrap/src/core/config/subcommand.rs:22:17
   |
22 |                 QaTool::Format { .. } => Kind::Format,
   |                 ^^^^^^ use of undeclared type `QaTool`

error[E0433]: failed to resolve: use of undeclared type `QaTool`
  --> standalonex/src/bootstrap/src/core/config/subcommand.rs:23:17
   |
23 |                 QaTool::Test { .. } => Kind::Test,
   |                 ^^^^^^ use of undeclared type `QaTool`

error[E0433]: failed to resolve: use of undeclared type `QaTool`
  --> standalonex/src/bootstrap/src/core/config/subcommand.rs:24:17
   |
24 |                 QaTool::Miri { .. } => Kind::Miri,
   |                 ^^^^^^ use of undeclared type `QaTool`

error[E0433]: failed to resolve: use of undeclared type `QaTool`
  --> standalonex/src/bootstrap/src/core/config/subcommand.rs:25:17
   |
25 |                 QaTool::Suggest { .. } => Kind::Suggest,
   |                 ^^^^^^ use of undeclared type `QaTool`

error[E0433]: failed to resolve: use of undeclared type `QaTool`
  --> standalonex/src/bootstrap/src/core/config/subcommand.rs:26:17
   |
26 |                 QaTool::Perf { .. } => Kind::Perf,
   |                 ^^^^^^ use of undeclared type `QaTool`

error[E0433]: failed to resolve: use of undeclared type `BuildTool`
  --> standalonex/src/bootstrap/src/core/config/subcommand.rs:29:17
   |
29 |                 BuildTool::Build { .. } => Kind::Build,
   |                 ^^^^^^^^^ use of undeclared type `BuildTool`

error[E0433]: failed to resolve: use of undeclared type `BuildTool`
  --> standalonex/src/bootstrap/src/core/config/subcommand.rs:30:17
   |
30 |                 BuildTool::Doc { .. } => Kind::Doc,
   |                 ^^^^^^^^^ use of undeclared type `BuildTool`

error[E0433]: failed to resolve: use of undeclared type `DistTool`
  --> standalonex/src/bootstrap/src/core/config/subcommand.rs:33:17
   |
33 |                 DistTool::Dist { .. } => Kind::Dist,
   |                 ^^^^^^^^ use of undeclared type `DistTool`

error[E0433]: failed to resolve: use of undeclared type `DistTool`
  --> standalonex/src/bootstrap/src/core/config/subcommand.rs:34:17
   |
34 |                 DistTool::Install { .. } => Kind::Install,
   |                 ^^^^^^^^ use of undeclared type `DistTool`

error[E0433]: failed to resolve: use of undeclared type `MiscTool`
  --> standalonex/src/bootstrap/src/core/config/subcommand.rs:37:17
   |
37 |                 MiscTool::Clean { .. } => Kind::Clean,
   |                 ^^^^^^^^ use of undeclared type `MiscTool`

error[E0433]: failed to resolve: use of undeclared type `MiscTool`
  --> standalonex/src/bootstrap/src/core/config/subcommand.rs:38:17
   |
38 |                 MiscTool::Run { .. } => Kind::Run,
   |                 ^^^^^^^^ use of undeclared type `MiscTool`

error[E0433]: failed to resolve: use of undeclared type `MiscTool`
  --> standalonex/src/bootstrap/src/core/config/subcommand.rs:39:17
   |
39 |                 MiscTool::Setup { .. } => Kind::Setup,
   |                 ^^^^^^^^ use of undeclared type `MiscTool`

error[E0433]: failed to resolve: use of undeclared type `MiscTool`
  --> standalonex/src/bootstrap/src/core/config/subcommand.rs:40:17
   |
40 |                 MiscTool::Vendor { .. } => Kind::Vendor,
   |                 ^^^^^^^^ use of undeclared type `MiscTool`

error[E0433]: failed to resolve: use of undeclared type `QaTool`
  --> standalonex/src/bootstrap/src/core/config/subcommand.rs:47:28
   |
47 |             Subcommand::Qa(QaTool::Test { ref compiletest_rustc_args, .. }) => {
   |                            ^^^^^^ use of undeclared type `QaTool`

error[E0433]: failed to resolve: use of undeclared type `QaTool`
  --> standalonex/src/bootstrap/src/core/config/subcommand.rs:56:28
   |
56 |             Subcommand::Qa(QaTool::Test { no_fail_fast, .. }) | Subcommand::Qa(QaTool::Miri { no_fail_fast, .. }) => {
   |                            ^^^^^^ use of undeclared type `QaTool`

error[E0433]: failed to resolve: use of undeclared type `QaTool`
  --> standalonex/src/bootstrap/src/core/config/subcommand.rs:56:80
   |
56 |             Subcommand::Qa(QaTool::Test { no_fail_fast, .. }) | Subcommand::Qa(QaTool::Miri { no_fail_fast, .. }) => {
   |                                                                                ^^^^^^ use of undeclared type `QaTool`

error[E0433]: failed to resolve: use of undeclared type `QaTool`
  --> standalonex/src/bootstrap/src/core/config/subcommand.rs:65:28
   |
65 |             Subcommand::Qa(QaTool::Test { doc, no_doc, .. }) | Subcommand::Qa(QaTool::Miri { no_doc, doc, .. }) => {
   |                            ^^^^^^ use of undeclared type `QaTool`

error[E0433]: failed to resolve: use of undeclared type `QaTool`
  --> standalonex/src/bootstrap/src/core/config/subcommand.rs:65:79
   |
65 |             Subcommand::Qa(QaTool::Test { doc, no_doc, .. }) | Subcommand::Qa(QaTool::Miri { no_doc, doc, .. }) => {
   |                                                                               ^^^^^^ use of undeclared type `QaTool`

error[E0433]: failed to resolve: use of undeclared type `QaTool`
  --> standalonex/src/bootstrap/src/core/config/subcommand.rs:80:28
   |
80 |             Subcommand::Qa(QaTool::Test { bless, .. }) => *bless,
   |                            ^^^^^^ use of undeclared type `QaTool`

error[E0433]: failed to resolve: use of undeclared type `QaTool`
  --> standalonex/src/bootstrap/src/core/config/subcommand.rs:87:28
   |
87 |             Subcommand::Qa(QaTool::Test { ref extra_checks, .. }) => extra_checks.as_ref().map(String::as_str),
   |                            ^^^^^^ use of undeclared type `QaTool`

error[E0433]: failed to resolve: use of undeclared type `QaTool`
  --> standalonex/src/bootstrap/src/core/config/subcommand.rs:94:28
   |
94 |             Subcommand::Qa(QaTool::Test { only_modified, .. }) => *only_modified,
   |                            ^^^^^^ use of undeclared type `QaTool`

error[E0433]: failed to resolve: use of undeclared type `QaTool`
   --> standalonex/src/bootstrap/src/core/config/subcommand.rs:101:28
    |
101 |             Subcommand::Qa(QaTool::Test { force_rerun, .. }) => *force_rerun,
    |                            ^^^^^^ use of undeclared type `QaTool`

error[E0433]: failed to resolve: use of undeclared type `QaTool`
   --> standalonex/src/bootstrap/src/core/config/subcommand.rs:108:28
    |
108 |             Subcommand::Qa(QaTool::Test { rustfix_coverage, .. }) => *rustfix_coverage,
    |                            ^^^^^^ use of undeclared type `QaTool`

error[E0433]: failed to resolve: use of undeclared type `QaTool`
   --> standalonex/src/bootstrap/src/core/config/subcommand.rs:115:28
    |
115 |             Subcommand::Qa(QaTool::Test { ref compare_mode, .. }) => compare_mode.as_ref().map(|s| &s[..]),
    |                            ^^^^^^ use of undeclared type `QaTool`

error[E0433]: failed to resolve: use of undeclared type `QaTool`
   --> standalonex/src/bootstrap/src/core/config/subcommand.rs:122:28
    |
122 |             Subcommand::Qa(QaTool::Test { ref pass, .. }) => pass.as_ref().map(|s| &s[..]),
    |                            ^^^^^^ use of undeclared type `QaTool`

error[E0433]: failed to resolve: use of undeclared type `QaTool`
   --> standalonex/src/bootstrap/src/core/config/subcommand.rs:129:28
    |
129 |             Subcommand::Qa(QaTool::Test { ref run, .. }) => run.as_ref().map(|s| &s[..]),
    |                            ^^^^^^ use of undeclared type `QaTool`

error[E0433]: failed to resolve: use of undeclared type `BuildTool`
   --> standalonex/src/bootstrap/src/core/config/subcommand.rs:136:31
    |
136 |             Subcommand::Build(BuildTool::Doc { open, .. }) => *open,
    |                               ^^^^^^^^^ use of undeclared type `BuildTool`

error[E0433]: failed to resolve: use of undeclared type `BuildTool`
   --> standalonex/src/bootstrap/src/core/config/subcommand.rs:143:31
    |
143 |             Subcommand::Build(BuildTool::Doc { json, .. }) => *json,
    |                               ^^^^^^^^^ use of undeclared type `BuildTool`

error[E0433]: failed to resolve: use of undeclared type `MiscTool`
   --> standalonex/src/bootstrap/src/core/config/subcommand.rs:150:30
    |
150 |             Subcommand::Misc(MiscTool::Vendor { versioned_dirs, .. }) => *versioned_dirs,
    |                              ^^^^^^^^ use of undeclared type `MiscTool`

error[E0433]: failed to resolve: use of undeclared type `MiscTool`
   --> standalonex/src/bootstrap/src/core/config/subcommand.rs:157:30
    |
157 |             Subcommand::Misc(MiscTool::Vendor { sync, .. }) => sync.clone(),
    |                              ^^^^^^^^ use of undeclared type `MiscTool`

error[E0425]: cannot find function `rustc_should_run` in this scope
   --> standalonex/src/bootstrap/src/core/build_steps/check.rs:160:9
    |
160 |         rustc_should_run(run)
    |         ^^^^^^^^^^^^^^^^ not found in this scope

error[E0425]: cannot find function `rustc_should_run` in this scope
   --> standalonex/src/bootstrap/src/core/build_steps/clippy.rs:152:9
    |
152 |         rustc_should_run(run)
    |         ^^^^^^^^^^^^^^^^ not found in this scope

error[E0425]: cannot find function `copy_codegen_backends_to_sysroot` in this scope
   --> standalonex/src/bootstrap/src/core/build_steps/compile_modules/assemble.rs:233:9
    |
233 |         copy_codegen_backends_to_sysroot(builder, build_compiler, target_compiler);
    |         ^^^^^^^^^^^^^^^^^^^^^^^^^^^^^^^^ not found in this scope

Some errors have detailed explanations: E0046, E0107, E0405, E0412, E0422, E0423, E0425, E0433, E0531...
For more information about an error, try `rustc --explain E0046`.
warning: `bootstrap` (lib) generated 91 warnings
error: could not compile `bootstrap` (lib) due to 1500 previous errors; 91 warnings emitted
warning: build failed, waiting for other jobs to finish...
sh-5.2$ 
